board 192.168.137.145, ping RTT {'median': 5.0, 'min': 1.0, 'max': 83.0, 'n': 20}
[1/20] lat_00_David_r-2_g150.wav label=1 det=1 lat=155.0 text='Turn on the lights.'
[2/20] lat_01_David_r-2_g350.wav label=1 det=1 lat=47.3 text='What is the weather today?'
[3/20] lat_02_David_r0_g150.wav label=1 det=1 lat=205.2 text='Play some music.'
[4/20] lat_03_David_r0_g350.wav label=1 det=1 lat=242.8 text='He sent an alarm for seven.'
[5/20] lat_04_David_r2_g150.wav label=1 det=0 lat=None text=None
[6/20] lat_05_David_r2_g350.wav label=1 det=0 lat=None text=None
[7/20] lat_06_Zira_r-2_g150.wav label=1 det=1 lat=-55.5 text='What time is it?'
[8/20] lat_07_Zira_r-2_g350.wav label=1 det=1 lat=-6.0 text='Stop the music.'
[9/20] lat_08_Zira_r0_g150.wav label=1 det=1 lat=-96.2 text='Okay, go ahead and increase the volume.'
[10/20] lat_09_Zira_r0_g350.wav label=1 det=1 lat=3.7 text='Tell me a joke.'
[11/20] lat_10_Zira_r2_g150.wav label=1 det=1 lat=141.1 text='Turn on the light.'
[12/20] lat_11_Zira_r2_g350.wav label=1 det=0 lat=None text=None
[13/20] lat_12_David_r-2_g150.wav label=1 det=1 lat=-42.2 text='Play some music.'
[14/20] lat_13_David_r-2_g350.wav label=1 det=1 lat=173.4 text='Send an alarm for 7.'
[15/20] lat_14_David_r0_g150.wav label=1 det=1 lat=166.7 text='Call my mother.'
[16/20] lat_15_David_r0_g350.wav label=1 det=1 lat=171.4 text=''
[17/20] lat_16_David_r2_g150.wav label=1 det=1 lat=327.8 text='What time is it?'
[18/20] lat_17_David_r2_g350.wav label=1 det=1 lat=358.1 text='Stop the music.'
[19/20] lat_18_Zira_r-2_g150.wav label=1 det=1 lat=5.8 text='Increase the volume.'
[20/20] lat_19_Zira_r-2_g350.wav label=1 det=1 lat=-58.1 text='Tell me a joke.'
{
 "evidence": "DEVICE-ACOUSTIC (recordings replayed through PC speakers)",
 "positives": 20,
 "detected": 17,
 "tpr": 0.85,
 "negatives": 0,
 "false_accepts": 0,
 "false_accept_rate": null,
 "negative_audio_s": 0,
 "latency_ms": {
  "n": 17,
  "median": 141.1,
  "p95": 327.8,
  "min": -96.2,
  "max": 358.1
 },
 "decomposition_ms": {
  "device_detect_to_first_send_median": 19,
  "network_one_way_est": 2.5,
  "detection_delay_est_median": 119.6,
  "serial_detect_after_kw_median(biased +UART)": 940.5
 },
 "ping_rtt_ms": {
  "median": 5.0,
  "min": 1.0,
  "max": 83.0,
  "n": 20
 },
 "board_ip": "192.168.137.145",
 "transcripts_nonempty": 16,
 "status": {
  "windows_10s": 17,
  "minutes": 2.8,
  "cpu_core0": {
   "mean": 6.95,
   "p95": 9.8,
   "max": 9.8,
   "min": 4.1
  },
  "cpu_core1": {
   "mean": 8.19,
   "p95": 10.9,
   "max": 10.9,
   "min": 5.5
  },
  "cpu_sum_both_cores": {
   "mean": 15.14,
   "p95": 19.9,
   "max": 19.9
  },
  "pipeline_pct_one_core": {
   "mean": 7.73,
   "p95": 10.23,
   "max": 10.23,
   "min": 5.29
  },
  "model_ms": {
   "mean": 1.05,
   "p95": 1.4,
   "max": 1.4,
   "min": 0.0
  },
  "features_ms_per_30ms": {
   "mean": 1.47,
   "p95": 1.53,
   "max": 1.53,
   "min": 1.39
  },
  "paused_in_quiet_pct": {
   "mean": 50.29,
   "p95": 100.0,
   "max": 100.0,
   "min": 5.0
  },
  "mic_dbfs": {
   "mean": -36.65,
   "p95": -30.5,
   "max": -30.5,
   "min": -40.6
  },
  "ram_used_kb": {
   "mean": 229.47,
   "p95": 230.0,
   "max": 230.0,
   "min": 228.0
  },
  "ram_peak_since_boot_kb": 246.0,
  "heap_free_kb_min": 93.0,
  "wifi_ok_share": 0.824,
  "server_ok_share": 0.824,
  "detections_during": 17,
  "audio_lost_i2s": 0,
  "audio_lost_net": 0
 }
}
