22:58:20.385 [status] up 541s | mic -18.5 dBFS (peak -10.2) | score max 0.00 | detections 4 | inferences 333 (33.3/s; model 0.89 ms each, paused in quiet 0%; features 1.38 ms per 30 ms) | CPU core0  0.9% core1  8.4% (wake word pipeline 8.23% of one core) | RAM used 176 KB (peak 181 KB, 177 KB free) | wifi OK, server OK | audio lost since boot: i2s 0 net 133
22:58:30.414 [status] up 551s | mic -19.5 dBFS (peak  -9.3) | score max 0.00 | detections 4 | inferences 334 (33.4/s; model 0.89 ms each, paused in quiet 0%; features 1.38 ms per 30 ms) | CPU core0  0.8% core1  8.4% (wake word pipeline 8.24% of one core) | RAM used 176 KB (peak 181 KB, 177 KB free) | wifi OK, server OK | audio lost since boot: i2s 0 net 133
22:58:30.416 [tasks] % of one core (free stack): main@0=0.33(928) IDLE1@1=91.57(720) IDLE0@0=99.09(728) websocket_task@*=0.17(1076) audio_kws@1=8.38(736) tiT@*=0.12(1452) sys_evt@0=0.00(432) ipc0@0=0.00(272) esp_timer@0=0.01(1600) streamer@0=0.00(572) wifi@0=0.27(3148) ipc1@1=0.00(280) Tmr Svc@*=0.00(856)
22:58:39.732 I (561198) wifi:[ADDBA]RX DELBA, reason:37, delete tid:0, initiator:1(originator)
22:58:40.404 [status] up 561s | mic -18.6 dBFS (peak  -9.3) | score max 0.00 | detections 4 | inferences 333 (33.3/s; model 0.88 ms each, paused in quiet 0%; features 1.38 ms per 30 ms) | CPU core0  1.1% core1  8.4% (wake word pipeline 8.19% of one core) | RAM used 176 KB (peak 181 KB, 177 KB free) | wifi OK, server OK | audio lost since boot: i2s 0 net 133
22:58:50.403 [status] up 571s | mic -17.9 dBFS (peak  -9.0) | score max 0.01 | detections 4 | inferences 333 (33.3/s; model 0.88 ms each, paused in quiet 0%; features 1.39 ms per 30 ms) | CPU core0  0.8% core1  8.4% (wake word pipeline 8.22% of one core) | RAM used 176 KB (peak 181 KB, 177 KB free) | wifi OK, server OK | audio lost since boot: i2s 0 net 133
22:58:51.842 I (573300) wifi:[ADDBA]RX DELBA, reason:37, delete tid:0, initiator:1(originator)
22:59:00.413 [status] up 581s | mic -20.5 dBFS (peak  -8.3) | score max 0.01 | detections 4 | inferences 334 (33.4/s; model 0.88 ms each, paused in quiet 0%; features 1.38 ms per 30 ms) | CPU core0  0.9% core1  8.4% (wake word pipeline 8.24% of one core) | RAM used 176 KB (peak 181 KB, 177 KB free) | wifi OK, server OK | audio lost since boot: i2s 0 net 133
22:59:10.426 [status] up 591s | mic -17.0 dBFS (peak  -9.5) | score max 0.05 | detections 4 | inferences 333 (33.3/s; model 0.91 ms each, paused in quiet 0%; features 1.39 ms per 30 ms) | CPU core0  1.1% core1  8.6% (wake word pipeline 8.36% of one core) | RAM used 176 KB (peak 181 KB, 177 KB free) | wifi OK, server OK | audio lost since boot: i2s 0 net 133
22:59:20.422 [status] up 601s | mic -16.9 dBFS (peak -10.7) | score max 0.00 | detections 4 | inferences 333 (33.3/s; model 0.87 ms each, paused in quiet 0%; features 1.38 ms per 30 ms) | CPU core0  0.8% core1  8.4% (wake word pipeline 8.17% of one core) | RAM used 176 KB (peak 181 KB, 177 KB free) | wifi OK, server OK | audio lost since boot: i2s 0 net 133
22:59:30.461 [status] up 611s | mic -17.2 dBFS (peak -10.6) | score max 0.01 | detections 4 | inferences 334 (33.4/s; model 0.88 ms each, paused in quiet 0%; features 1.38 ms per 30 ms) | CPU core0  0.6% core1  8.4% (wake word pipeline 8.23% of one core) | RAM used 176 KB (peak 181 KB, 177 KB free) | wifi OK, server OK | audio lost since boot: i2s 0 net 133
22:59:30.461 [tasks] % of one core (free stack): main@0=0.34(928) IDLE1@1=91.57(720) IDLE0@0=99.11(728) websocket_task@*=0.18(1076) audio_kws@1=8.38(736) tiT@*=0.12(1452) streamer@0=0.00(572) ipc1@1=0.00(280) esp_timer@0=0.01(1600) Tmr Svc@*=0.00(856) wifi@0=0.29(3148) sys_evt@0=0.00(432) ipc0@0=0.00(272)
22:59:40.445 [status] up 621s | mic -18.4 dBFS (peak -11.0) | score max 0.01 | detections 4 | inferences 333 (33.3/s; model 0.88 ms each, paused in quiet 0%; features 1.38 ms per 30 ms) | CPU core0  1.1% core1  8.4% (wake word pipeline 8.22% of one core) | RAM used 176 KB (peak 181 KB, 177 KB free) | wifi OK, server OK | audio lost since boot: i2s 0 net 133
22:59:45.480 I (626951) wifi:[ADDBA]RX DELBA, reason:37, delete tid:0, initiator:1(originator)
22:59:50.453 [status] up 631s | mic -20.0 dBFS (peak -13.2) | score max 0.05 | detections 4 | inferences 334 (33.4/s; model 0.89 ms each, paused in quiet 0%; features 1.38 ms per 30 ms) | CPU core0  0.9% core1  8.4% (wake word pipeline 8.24% of one core) | RAM used 176 KB (peak 181 KB, 177 KB free) | wifi OK, server OK | audio lost since boot: i2s 0 net 133
23:00:00.460 [status] up 641s | mic -22.6 dBFS (peak -10.7) | score max 0.02 | detections 4 | inferences 275 (27.5/s; model 0.88 ms each, paused in quiet 17%; features 1.38 ms per 30 ms) | CPU core0  0.8% core1  7.9% (wake word pipeline 7.67% of one core) | RAM used 176 KB (peak 181 KB, 177 KB free) | wifi OK, server OK | audio lost since boot: i2s 0 net 133
00:10:05.103 [status] up 41s | mic -38.9 dBFS (peak -32.8) | score max 0.00 | detections 0 | inferences 222 (22.2/s; model 0.87 ms each, paused in quiet 38%; features 1.29 ms per 30 ms) | CPU core0  0.8% core1  7.4% (wake word pipeline 7.20% of one core) | RAM used 181 KB (peak 184 KB, 173 KB free) | wifi OK, server OK | audio lost since boot: i2s 0 net 0
00:10:12.268 I (48647) wifi:[ADDBA]RX DELBA, reason:37, delete tid:0, initiator:1(originator)
00:10:15.109 [status] up 51s | mic -39.1 dBFS (peak -33.2) | score max 0.00 | detections 0 | inferences 253 (25.3/s; model 0.88 ms each, paused in quiet 31%; features 1.26 ms per 30 ms) | CPU core0  0.9% core1  7.7% (wake word pipeline 7.52% of one core) | RAM used 181 KB (peak 184 KB, 173 KB free) | wifi OK, server OK | audio lost since boot: i2s 0 net 0
00:10:18.871 I (55248) wifi:[ADDBA]RX DELBA, reason:37, delete tid:0, initiator:1(originator)
00:10:25.127 [status] up 61s | mic -33.6 dBFS (peak -20.3) | score max 0.19 | detections 0 | inferences 342 (34.2/s; model 0.88 ms each, paused in quiet 0%; features 1.36 ms per 30 ms) | CPU core0  0.7% core1  8.5% (wake word pipeline 8.34% of one core) | RAM used 181 KB (peak 184 KB, 173 KB free) | wifi OK, server OK | audio lost since boot: i2s 0 net 0
00:10:35.154 [status] up 71s | mic -32.7 dBFS (peak -19.6) | score max 0.00 | detections 0 | inferences 333 (33.3/s; model 0.87 ms each, paused in quiet 0%; features 1.39 ms per 30 ms) | CPU core0  0.8% core1  8.4% (wake word pipeline 8.17% of one core) | RAM used 181 KB (peak 184 KB, 173 KB free) | wifi OK, server OK | audio lost since boot: i2s 0 net 0
00:10:35.155 [tasks] % of one core (free stack): main@0=0.32(928) IDLE1@1=92.27(720) IDLE0@0=99.15(728) audio_kws@1=7.67(832) tiT@*=0.12(1452) websocket_task@*=0.18(956) sys_evt@0=0.00(432) ipc0@0=0.00(272) esp_timer@0=0.01(1600) ipc1@1=0.00(280) wifi@0=0.25(3212) Tmr Svc@*=0.00(856) streamer@0=0.00(2440)
00:10:38.851 I (75229) wifi:[ADDBA]RX DELBA, reason:37, delete tid:0, initiator:1(originator)
00:10:45.142 [status] up 81s | mic -32.7 dBFS (peak -18.7) | score max 0.00 | detections 0 | inferences 334 (33.4/s; model 0.87 ms each, paused in quiet 0%; features 1.38 ms per 30 ms) | CPU core0  1.1% core1  8.4% (wake word pipeline 8.20% of one core) | RAM used 181 KB (peak 184 KB, 173 KB free) | wifi OK, server OK | audio lost since boot: i2s 0 net 0
00:10:55.148 [status] up 91s | mic -33.6 dBFS (peak -21.9) | score max 0.00 | detections 0 | inferences 333 (33.3/s; model 0.87 ms each, paused in quiet 0%; features 1.39 ms per 30 ms) | CPU core0  0.8% core1  8.4% (wake word pipeline 8.18% of one core) | RAM used 181 KB (peak 184 KB, 173 KB free) | wifi OK, server OK | audio lost since boot: i2s 0 net 0
00:10:57.735 I (94116) wifi:[ADDBA]RX DELBA, reason:37, delete tid:0, initiator:1(originator)
