01:03:57.495 ESP-ROM:esp32s3-20210327
01:03:57.496 Build:Mar 27 2021
01:03:57.496 rst:0x1 (POWERON),boot:0x8 (SPI_FAST_FLASH_BOOT)
01:03:57.496 SPIWP:0xee
01:03:57.496 mode:DIO, clock div:1
01:03:57.496 load:0x3fce2820,len:0x1668
01:03:57.496 load:0x403c8700,len:0xec0
01:03:57.496 load:0x403cb700,len:0x3178
01:03:57.496 entry 0x403c894c
01:03:57.496 I (24) boot: ESP-IDF v5.5.5 2nd stage bootloader
01:03:57.496 I (25) boot: compile time Sep 29 2026 00:37:58
01:03:57.496 I (25) boot: Multicore bootloader
01:03:57.497 I (25) boot: chip revision: v0.2
01:03:57.497 I (28) boot: efuse block revision: v1.4
01:03:57.497 I (31) qio_mode: Enabling default flash chip QIO
01:03:57.501 I (36) boot.esp32s3: Boot SPI Speed : 80MHz
01:03:57.501 I (40) boot.esp32s3: SPI Mode       : QIO
01:03:57.501 I (43) boot.esp32s3: SPI Flash Size : 4MB
01:03:57.501 I (47) boot: Enabling RNG early entropy source...
01:03:57.501 I (52) boot: Partition Table:
01:03:57.501 I (54) boot: ## Label            Usage          Type ST Offset   Length
01:03:57.501 I (60) boot:  0 nvs              WiFi data        01 02 00009000 00006000
01:03:57.501 I (67) boot:  1 phy_init         RF data          01 01 0000f000 00001000
01:03:57.501 I (73) boot:  2 factory          factory app      00 00 00010000 00177000
01:03:57.501 I (80) boot: End of partition table
01:03:57.501 I (83) esp_image: segment 0: paddr=00010020 vaddr=3c0d0020 size=35ae0h (219872) map
01:03:57.501 I (125) esp_image: segment 1: paddr=00045b08 vaddr=3fc95800 size=04c28h ( 19496) load
01:03:57.501 I (129) esp_image: segment 2: paddr=0004a738 vaddr=40378000 size=058e0h ( 22752) load
01:03:57.502 I (134) esp_image: segment 3: paddr=00050020 vaddr=42000020 size=cd594h (841108) map
01:03:57.502 I (266) esp_image: segment 4: paddr=0011d5bc vaddr=4037d8e0 size=07e18h ( 32280) load
01:03:57.502 I (273) esp_image: segment 5: paddr=001253dc vaddr=50000000 size=00020h (    32) load
01:03:57.502 I (279) boot: Loaded app from partition at offset 0x10000
01:03:57.502 I (279) boot: Disabling RNG early entropy source...
01:03:57.502 I (291) cpu_start: Multicore app
01:03:57.502 I (300) cpu_start: GPIO 44 and 43 are used as console UART I/O pins
01:03:57.502 I (300) cpu_start: Pro cpu start user code
01:03:57.502 I (300) cpu_start: cpu freq: 240000000 Hz
01:03:57.502 I (302) app_init: Application information:
01:03:57.502 I (306) app_init: Project name:     kws_s3
01:03:57.502 I (310) app_init: App version:      622cba9-dirty
01:03:57.502 I (314) app_init: Compile time:     Sep 29 2026 00:59:37
01:03:57.502 I (319) app_init: ELF file SHA256:  89f8bb56f...
01:03:57.502 I (324) app_init: ESP-IDF:          v5.5.5
01:03:57.502 I (327) efuse_init: Min chip rev:     v0.0
01:03:57.502 I (331) efuse_init: Max chip rev:     v0.99
01:03:57.502 I (335) efuse_init: Chip rev:         v0.2
01:03:57.502 I (339) heap_init: Initializing. RAM available for dynamic allocation:
01:03:57.503 I (345) heap_init: At 3FC9F9E8 len 00049D28 (295 KiB): RAM
01:03:57.503 I (350) heap_init: At 3FCE9710 len 00005724 (21 KiB): RAM
01:03:57.503 I (356) heap_init: At 600FE000 len 00001FE8 (7 KiB): RTCRAM
01:03:57.503 I (362) spi_flash: detected chip: boya
01:03:57.503 I (364) spi_flash: flash io: qio
01:03:57.503 W (367) spi_flash: Detected size(16384k) larger than the size in the binary image header(4096k). Using the size in the binary image header.
01:03:57.503 I (380) sleep_gpio: Configure to isolate all GPIO pins in sleep state
01:03:57.503 I (386) sleep_gpio: Enable automatic switching of GPIO sleep configuration
01:03:57.503 I (393) main_task: Started on CPU0
01:03:57.503 I (411) main_task: Calling app_main()
01:03:57.503 W (412) kws: RAM limit test: 163 KB reserved, the firmware has 202 KB (static data + heap) + 54 KB IRAM code = 256 KB to work with
01:03:57.503 
01:03:57.503 ==================== SIH KWS firmware ====================
01:03:57.503  chip      : esp32s3 rev v0.2, 2 cores, flash 4 MB
01:03:57.504  ESP-IDF   : v5.5.5
01:03:57.504  RAM       : 40 KB static data, 136 KB heap free (code in IRAM: 54 KB, counted in the SIH total)
01:03:57.504  model     : marvin.tflite (60896 bytes, stored in flash)
01:03:57.504 ===========================================================
01:03:57.504 
01:03:57.504 [heap] start of app_main            139348 B free (of 332852 B)
01:03:57.504 I (480) kws: model ready: wake word "marvin", threshold 0.60 (json), window 5, input 3x40 int8
01:03:57.504 I (486) kws: model RAM: tensor arena 25964 of 26624 bytes used; engine total 38 KB of heap
01:03:57.504 
01:03:57.504 ------------------------ SELF-TEST ------------------------
01:03:57.505  noise only (3 s)   : PASS - stayed quiet  (highest score 0.01, threshold 0.60)
01:03:57.505  wake word recording: skipped - no WAV file in the model folder (optional)
01:03:57.505 -----------------------------------------------------------
01:03:57.505 
01:03:57.505 [heap] model + features + self-test took  40720 B,  98628 B free
01:03:57.713 I (721) audio: I2S running: 16 kHz, 32-bit slots, left channel only, SCK=16 WS=15 SD=17, gain x1
01:03:58.587 I (1222) kws: microphones: left (L/R to GND) -20.4 dBFS, right (L/R to 3V3) -120.0 dBFS (not used), similarity 0.00 -> using left
01:03:58.587 [heap] I2S + ring + audio task      took  16932 B,  81696 B free
01:03:58.587 I (1234) kws: listening for "marvin" ...
01:03:58.588 I (1241) pp: pp rom version: e7ae62f
01:03:58.588 I (1243) net80211: net80211 rom version: e7ae62f
01:03:58.589 I (1247) wifi:wifi driver task: 3fcdbfa4, prio:23, stack:6656, core=0
01:03:58.589 I (1254) wifi:wifi firmware version: b9f67df
01:03:58.589 I (1257) wifi:wifi certification version: v7.0
01:03:58.589 I (1262) wifi:config NVS flash: disabled
01:03:58.589 I (1265) wifi:config nano formatting: disabled
01:03:58.590 I (1268) wifi:Init data frame dynamic rx buffer num: 16
01:03:58.590 I (1273) wifi:Init static rx mgmt buffer num: 5
01:03:58.591 I (1279) wifi:Init management short buffer num: 10
01:03:58.591 I (1282) wifi:Init dynamic tx buffer num: 16
01:03:58.591 I (1287) wifi:Init static tx FG buffer num: 2
01:03:58.591 I (1290) wifi:Init static rx buffer size: 1600
01:03:58.591 I (1295) wifi:Init static rx buffer num: 4
01:03:58.591 I (1298) wifi:Init dynamic rx buffer num: 16
01:03:58.591 I (1304) wifi_init: accept mbox: 6
01:03:58.591 I (1306) wifi_init: tcpip mbox: 32
01:03:58.591 I (1309) wifi_init: udp mbox: 6
01:03:58.591 I (1312) wifi_init: tcp mbox: 6
01:03:58.591 I (1315) wifi_init: tcp tx win: 5760
01:03:58.591 I (1318) wifi_init: tcp rx win: 5760
01:03:58.591 I (1320) wifi_init: tcp mss: 1440
01:03:58.591 I (1324) phy_init: phy_version 712,87e8c20e,Apr 13 2026,18:51:10
01:03:58.592 I (1359) wifi:mode : sta (e0:72:a1:d5:32:74)
01:03:58.592 I (1360) wifi:enable tsf
01:03:58.592 I (1363) wifi:Set ps type: 0, coexist: 0
01:03:58.592 
01:03:58.592 I (1366) wifi: connecting to "ARYA 9252" ...
01:03:58.592 [heap] Wi-Fi driver + netif         took  37892 B,  43804 B free
01:03:58.592 I (1418) wifi:state: init -> auth (0xb0)
01:03:58.592 W (1424) stream: cannot reach the server ws://192.168.137.1:3000/ws (is it running? same network?) - retrying every second
01:03:58.592 I (1429) wifi:state: auth -> assoc (0x0)
01:03:58.592 [heap] WebSocket client + streamer  took  13176 B,  30628 B free
01:03:58.592 I (1441) wifi:state: assoc -> run (0x10)
01:03:58.593 I (1517) wifi:connected with ARYA 9252, aid = 2, channel 1, BW20, bssid = 9a:5f:41:45:73:c9
01:03:58.593 I (1522) wifi:security: WPA2-PSK, phy: bgn, rssi: -16, cipher(pairwise:0x3, group:0x3), pmf:0
01:03:58.593 I (1531) wifi:pm start, type: 0
01:03:58.593 
01:03:58.593 I (1534) wifi:dp: 1, bi: 102400, li: 3, scale listen interval from 307200 us to 307200 us
01:03:58.593 I (1542) wifi:set rx beacon pti, rx_bcn_pti: 0, bcn_timeout: 25000, mt_pti: 0, mt_time: 10000
01:03:58.593 I (1599) wifi:AP's beacon interval = 102400 us, DTIM period = 3
01:03:59.651 I (2659) esp_netif_handlers: sta ip: 192.168.137.25, mask: 255.255.255.0, gw: 192.168.137.1
01:03:59.652 I (2664) wifi: connected, IP address 192.168.137.25
01:04:00.428 I (3448) stream: connected to the server ws://192.168.137.1:3000/ws
01:04:00.757 I (3777) wifi:[ADDBA]RX DELBA, reason:37, delete tid:0, initiator:1(originator)
01:04:02.954 I (5976) wifi:[ADDBA]RX DELBA, reason:37, delete tid:0, initiator:1(originator)
01:04:05.446 I (8466) wifi:[ADDBA]RX DELBA, reason:37, delete tid:0, initiator:1(originator)
01:04:08.203 I (11226) wifi:[ADDBA]RX DELBA, reason:37, delete tid:0, initiator:1(originator)
01:04:08.485 [status] up 11s | mic -37.3 dBFS (peak -26.9) | score max 0.01 | detections 0 | inferences 275 (27.5/s; model 0.96 ms each, paused in quiet 23%; features 1.34 ms per 30 ms) | CPU core0 -1.0% core1 -1.0% (wake word pipeline 8.04% of one core) | RAM used 173 KB (peak 176 KB; peak + IRAM code 230 KB of the 256 KB limit, 28 KB free) | wifi OK, server OK | audio lost since boot: i2s 0 net 0
01:04:08.486 [tasks] % of one core (free stack): main@0=-1.00(928) IDLE1@1=-1.00(720) IDLE0@0=-1.00(728) audio_kws@1=-1.00(740) websocket_task@*=-1.00(944) tiT@*=-1.00(1440) Tmr Svc@*=-1.00(856) streamer@0=-1.00(2444) sys_evt@0=-1.00(340) esp_timer@0=-1.00(1600) wifi@0=-1.00(3200) ipc0@0=-1.00(272) ipc1@1=-1.00(280)
01:04:13.548 I (16567) wifi:[ADDBA]RX DELBA, reason:37, delete tid:0, initiator:1(originator)
01:04:17.616 I (20632) wifi:[ADDBA]RX DELBA, reason:37, delete tid:0, initiator:1(originator)
01:04:18.471 [status] up 21s | mic -37.8 dBFS (peak -29.0) | score max 0.00 | detections 0 | inferences 309 (30.9/s; model 0.91 ms each, paused in quiet 12%; features 1.32 ms per 30 ms) | CPU core0  0.9% core1  8.3% (wake word pipeline 8.07% of one core) | RAM used 173 KB (peak 176 KB; peak + IRAM code 230 KB of the 256 KB limit, 28 KB free) | wifi OK, server OK | audio lost since boot: i2s 0 net 0
01:04:21.555 I (24573) wifi:[ADDBA]RX DELBA, reason:37, delete tid:0, initiator:1(originator)
01:04:24.231 I (27244) kws: >>> WAKE WORD "marvin" DETECTED  (score 0.68, t = 26.88 s)
01:04:24.232 I (27253) stream: first audio sent 6 ms after the detection
01:04:24.539 I (27555) wifi:[ADDBA]RX DELBA, reason:37, delete tid:0, initiator:1(originator)
01:04:25.133 I (28144) wake_word: score event: peak 0.99 over 930 ms -> detected
01:04:25.878 I (28889) stream: stream finished (silence): 1890 ms of audio sent (29 KB)
01:04:28.040 I (31009) wifi:[ADDBA]RX DELBA, reason:37, delete tid:0, initiator:1(originator)
01:04:28.040 I (31053) stream: server: {"type":"response","text":"Turn on the lights.","saved":"20260929_010424_021_e072a1d53274_marvin.wav"}
01:04:28.492 [status] up 31s | mic -35.9 dBFS (peak -24.1) | score max 0.99 | detections 1 | inferences 313 (31.3/s; model 0.99 ms each, paused in quiet 11%; features 1.37 ms per 30 ms) | CPU core0  4.0% core1  9.2% (wake word pipeline 8.54% of one core) | RAM used 173 KB (peak 187 KB; peak + IRAM code 241 KB of the 256 KB limit, 28 KB free) | wifi OK, server OK | audio lost since boot: i2s 0 net 0
01:04:29.316 I (32324) kws: >>> WAKE WORD "marvin" DETECTED  (score 0.65, t = 31.96 s)
01:04:29.317 I (32332) stream: first audio sent 6 ms after the detection
01:04:29.997 I (33012) wifi:[ADDBA]RX DELBA, reason:37, delete tid:0, initiator:1(originator)
01:04:30.259 I (33283) wake_word: score event: peak 1.00 over 960 ms -> detected
01:04:30.804 I (33829) stream: stream finished (silence): 1750 ms of audio sent (27 KB)
01:04:33.080 I (36089) stream: server: {"type":"response","text":"What is the weather today?","saved":"20260929_010429_095_e072a1d53274_marvin.wav"}
01:04:34.868 I (37800) wifi:[ADDBA]RX DELBA, reason:37, delete tid:0, initiator:1(originator)
01:04:34.868 I (37884) kws: >>> WAKE WORD "marvin" DETECTED  (score 0.61, t = 37.52 s)
01:04:34.868 I (37891) stream: first audio sent 5 ms after the detection
01:04:35.432 I (38444) wake_word: score event: peak 0.79 over 510 ms -> detected
01:04:36.366 I (39390) stream: stream finished (silence): 1750 ms of audio sent (27 KB)
01:04:38.519 [status] up 41s | mic -35.8 dBFS (peak -23.3) | score max 1.00 | detections 3 | inferences 307 (30.7/s; model 1.06 ms each, paused in quiet 13%; features 1.41 ms per 30 ms) | CPU core0  6.6% core1  9.8% (wake word pipeline 8.85% of one core) | RAM used 173 KB (peak 187 KB; peak + IRAM code 241 KB of the 256 KB limit, 28 KB free) | wifi OK, server OK | audio lost since boot: i2s 0 net 0
01:04:38.519 I (41515) stream: server: {"type":"response","text":"Play some music.","saved":"20260929_010434_657_e072a1d53274_marvin.wav"}
01:04:39.765 I (42784) kws: >>> WAKE WORD "marvin" DETECTED  (score 0.61, t = 42.42 s)
01:04:39.766 I (42792) stream: first audio sent 6 ms after the detection
01:04:40.827 I (43843) wake_word: score event: peak 1.00 over 990 ms -> detected
01:04:41.510 I (44530) stream: stream finished (silence): 1990 ms of audio sent (31 KB)
01:04:43.756 I (46681) wifi:[ADDBA]RX DELBA, reason:37, delete tid:0, initiator:1(originator)
01:04:43.756 I (46767) stream: server: {"type":"response","text":"Carmen, send an alarm for 7.","saved":"20260929_010439_554_e072a1d53274_marvin.wav"}
01:04:48.518 [status] up 51s | mic -34.9 dBFS (peak -21.1) | score max 1.00 | detections 4 | inferences 318 (31.8/s; model 0.99 ms each, paused in quiet 9%; features 1.38 ms per 30 ms) | CPU core0  4.1% core1  9.3% (wake word pipeline 8.59% of one core) | RAM used 173 KB (peak 187 KB; peak + IRAM code 241 KB of the 256 KB limit, 28 KB free) | wifi OK, server OK | audio lost since boot: i2s 0 net 0
01:04:50.182 I (53203) wake_word: score event: peak 0.60 over 450 ms -> not detected (below threshold or in cool-down)
01:04:54.288 I (57304) kws: >>> WAKE WORD "marvin" DETECTED  (score 0.74, t = 56.94 s)
01:04:54.288 I (57312) stream: first audio sent 6 ms after the detection
01:04:54.784 I (57807) wifi:[ADDBA]RX DELBA, reason:37, delete tid:0, initiator:1(originator)
01:04:55.000 I (58023) wake_word: score event: peak 0.95 over 690 ms -> detected
01:04:55.784 I (58809) stream: stream finished (silence): 1750 ms of audio sent (27 KB)
01:04:58.019 I (61028) stream: server: {"type":"response","text":"What time is it?","saved":"20260929_010454_075_e072a1d53274_marvin.wav"}
01:04:58.580 [status] up 61s | mic -35.5 dBFS (peak -23.0) | score max 0.95 | detections 5 | inferences 225 (22.5/s; model 1.01 ms each, paused in quiet 36%; features 1.36 ms per 30 ms) | CPU core0  3.7% core1  8.2% (wake word pipeline 7.66% of one core) | RAM used 173 KB (peak 187 KB; peak + IRAM code 241 KB of the 256 KB limit, 28 KB free) | wifi OK, server OK | audio lost since boot: i2s 0 net 0
01:04:58.581 I (61595) wifi:[ADDBA]RX DELBA, reason:37, delete tid:0, initiator:1(originator)
01:04:59.734 I (62744) kws: >>> WAKE WORD "marvin" DETECTED  (score 0.61, t = 62.38 s)
01:04:59.734 I (62752) stream: first audio sent 6 ms after the detection
01:05:00.184 I (63203) wake_word: score event: peak 0.61 over 420 ms -> detected
01:05:00.711 I (63731) wifi:[ADDBA]RX DELBA, reason:37, delete tid:0, initiator:1(originator)
01:05:01.226 I (64249) stream: stream finished (silence): 1750 ms of audio sent (27 KB)
01:05:03.520 I (66535) stream: server: {"type":"response","text":"Stop the music.","saved":"20260929_010459_514_e072a1d53274_marvin.wav"}
01:05:05.046 I (68052) wifi:[ADDBA]RX DELBA, reason:37, delete tid:0, initiator:1(originator)
01:05:05.046 I (68064) kws: >>> WAKE WORD "marvin" DETECTED  (score 0.60, t = 67.70 s)
01:05:05.046 I (68072) stream: first audio sent 5 ms after the detection
01:05:05.841 I (68864) wake_word: score event: peak 0.97 over 750 ms -> detected
01:05:06.726 I (69752) stream: stream finished (silence): 1930 ms of audio sent (30 KB)
01:05:08.540 [status] up 71s | mic -33.7 dBFS (peak -18.3) | score max 0.97 | detections 7 | inferences 304 (30.4/s; model 1.08 ms each, paused in quiet 14%; features 1.41 ms per 30 ms) | CPU core0  7.0% core1  9.9% (wake word pipeline 8.88% of one core) | RAM used 173 KB (peak 187 KB; peak + IRAM code 241 KB of the 256 KB limit, 28 KB free) | wifi OK, server OK | audio lost since boot: i2s 0 net 0
01:05:08.540 [tasks] % of one core (free stack): main@0=0.17(928) IDLE1@1=90.87(720) IDLE0@0=95.60(728) audio_kws@1=8.65(740) websocket_task@*=0.23(944) tiT@*=1.18(1408) ipc1@1=0.00(280) streamer@0=1.73(924) esp_timer@0=0.01(1600) Tmr Svc@*=0.00(856) wifi@0=1.57(3200) sys_evt@0=0.00(340) ipc0@0=0.00(272)
01:05:09.042 I (72053) stream: server: {"type":"response","text":"And increase the volume.","saved":"20260929_010504_834_e072a1d53274_marvin.wav"}
01:05:10.430 I (73444) kws: >>> WAKE WORD "marvin" DETECTED  (score 0.78, t = 73.08 s)
01:05:10.432 I (73451) stream: first audio sent 5 ms after the detection
01:05:11.268 I (74284) wake_word: score event: peak 0.99 over 810 ms -> detected
01:05:12.163 I (75189) stream: stream finished (silence): 1990 ms of audio sent (31 KB)
01:05:13.144 I (76166) wifi:[ADDBA]RX DELBA, reason:37, delete tid:0, initiator:1(originator)
01:05:14.382 I (77397) stream: server: {"type":"response","text":"Tell me a joke.","saved":"20260929_010510_215_e072a1d53274_marvin.wav"}
01:05:15.708 I (78724) kws: >>> WAKE WORD "marvin" DETECTED  (score 0.64, t = 78.36 s)
01:05:15.708 I (78732) stream: first audio sent 6 ms after the detection
01:05:16.548 I (79564) wake_word: score event: peak 0.95 over 780 ms -> detected
01:05:17.203 I (80229) stream: stream finished (silence): 1750 ms of audio sent (27 KB)
01:05:18.536 [status] up 81s | mic -34.3 dBFS (peak -19.5) | score max 0.99 | detections 9 | inferences 316 (31.6/s; model 1.08 ms each, paused in quiet 7%; features 1.47 ms per 30 ms) | CPU core0  7.4% core1 10.0% (wake word pipeline 9.06% of one core) | RAM used 173 KB (peak 187 KB; peak + IRAM code 241 KB of the 256 KB limit, 28 KB free) | wifi OK, server OK | audio lost since boot: i2s 0 net 0
01:05:19.007 I (82028) wifi:[ADDBA]RX DELBA, reason:37, delete tid:0, initiator:1(originator)
01:05:19.402 I (82416) stream: server: {"type":"response","text":"Turn on the lights.","saved":"20260929_010515_494_e072a1d53274_marvin.wav"}
01:05:21.010 I (84024) kws: >>> WAKE WORD "marvin" DETECTED  (score 0.63, t = 83.66 s)
01:05:21.011 I (84030) stream: first audio sent 4 ms after the detection
01:05:21.721 I (84623) wake_word: score event: peak 0.63 over 690 ms -> detected
01:05:21.722 I (84744) wifi:[ADDBA]RX DELBA, reason:37, delete tid:0, initiator:1(originator)
01:05:22.572 I (85589) stream: stream finished (silence): 1810 ms of audio sent (28 KB)
01:05:24.794 I (87806) stream: server: {"type":"response","text":"What is the weather today?","saved":"20260929_010520_796_e072a1d53274_marvin.wav"}
01:05:24.795 I (87816) wifi:[ADDBA]RX DELBA, reason:37, delete tid:0, initiator:1(originator)
01:05:26.232 I (89244) kws: >>> WAKE WORD "marvin" DETECTED  (score 0.62, t = 88.88 s)
01:05:26.232 I (89252) stream: first audio sent 5 ms after the detection
01:05:26.962 I (89984) wake_word: score event: peak 0.97 over 780 ms -> detected
01:05:27.734 I (90752) stream: stream finished (silence): 1750 ms of audio sent (27 KB)
01:05:28.232 I (91255) wifi:[ADDBA]RX DELBA, reason:37, delete tid:0, initiator:1(originator)
01:05:28.545 [status] up 91s | mic -35.6 dBFS (peak -23.3) | score max 0.97 | detections 11 | inferences 327 (32.7/s; model 1.05 ms each, paused in quiet 5%; features 1.45 ms per 30 ms) | CPU core0  6.9% core1 10.0% (wake word pipeline 9.06% of one core) | RAM used 173 KB (peak 187 KB; peak + IRAM code 241 KB of the 256 KB limit, 28 KB free) | wifi OK, server OK | audio lost since boot: i2s 0 net 0
01:05:29.874 I (92898) stream: server: {"type":"response","text":"Play some music.","saved":"20260929_010526_014_e072a1d53274_marvin.wav"}
01:05:31.215 I (94224) kws: >>> WAKE WORD "marvin" DETECTED  (score 0.74, t = 93.86 s)
01:05:31.216 I (94232) stream: first audio sent 6 ms after the detection
01:05:32.100 I (95046) wifi:[ADDBA]RX DELBA, reason:37, delete tid:0, initiator:1(originator)
01:05:32.100 I (95124) wake_word: score event: peak 1.00 over 900 ms -> detected
01:05:33.052 I (96071) stream: stream finished (silence): 2090 ms of audio sent (32 KB)
01:05:35.318 I (98335) stream: server: {"type":"response","text":"Send an alarm for 7.","saved":"20260929_010530_993_e072a1d53274_marvin.wav"}
01:05:37.110 I (100124) kws: >>> WAKE WORD "marvin" DETECTED  (score 0.64, t = 99.76 s)
01:05:37.111 I (100132) stream: first audio sent 6 ms after the detection
01:05:37.517 I (100544) wake_word: score event: peak 0.64 over 390 ms -> detected
01:05:37.827 I (100849) wifi:[ADDBA]RX DELBA, reason:37, delete tid:0, initiator:1(originator)
01:05:38.617 [status] up 101s | mic -34.2 dBFS (peak -21.1) | score max 1.00 | detections 13 | inferences 322 (32.2/s; model 1.06 ms each, paused in quiet 9%; features 1.41 ms per 30 ms) | CPU core0  7.0% core1 10.0% (wake word pipeline 9.00% of one core) | RAM used 173 KB (peak 187 KB; peak + IRAM code 241 KB of the 256 KB limit, 28 KB free) | wifi OK, server OK | audio lost since boot: i2s 0 net 0
01:05:38.617 I (101630) stream: stream finished (silence): 1750 ms of audio sent (27 KB)
01:05:40.841 I (103851) stream: server: {"type":"response","text":"Call my mother.","saved":"20260929_010536_895_e072a1d53274_marvin.wav"}
01:05:42.197 I (105034) wifi:[ADDBA]RX DELBA, reason:37, delete tid:0, initiator:1(originator)
01:05:42.197 I (105204) kws: >>> WAKE WORD "marvin" DETECTED  (score 0.62, t = 104.84 s)
01:05:42.197 I (105212) stream: first audio sent 6 ms after the detection
01:05:42.986 I (106004) wake_word: score event: peak 0.89 over 750 ms -> detected
01:05:43.728 I (106751) stream: stream finished (silence): 1790 ms of audio sent (27 KB)
01:05:44.654 I (107675) wifi:[ADDBA]RX DELBA, reason:37, delete tid:0, initiator:1(originator)
01:05:45.918 I (108930) stream: server: {"type":"response","text":"Open the door.","saved":"20260929_010541_976_e072a1d53274_marvin.wav"}
01:05:47.212 I (110184) kws: >>> WAKE WORD "marvin" DETECTED  (score 0.64, t = 109.82 s)
01:05:47.213 I (110192) stream: first audio sent 6 ms after the detection
01:05:47.213 I (110236) wifi:[ADDBA]RX DELBA, reason:37, delete tid:0, initiator:1(originator)
01:05:47.957 I (110984) wake_word: score event: peak 0.98 over 780 ms -> detected
01:05:48.664 [status] up 111s | mic -35.7 dBFS (peak -21.8) | score max 0.98 | detections 15 | inferences 326 (32.6/s; model 1.05 ms each, paused in quiet 8%; features 1.40 ms per 30 ms) | CPU core0  6.8% core1 10.0% (wake word pipeline 9.01% of one core) | RAM used 173 KB (peak 187 KB; peak + IRAM code 241 KB of the 256 KB limit, 28 KB free) | wifi OK, server OK | audio lost since boot: i2s 0 net 0
01:05:48.664 I (111690) stream: stream finished (silence): 1750 ms of audio sent (27 KB)
01:05:50.912 I (113935) stream: server: {"type":"response","text":"What time is it?","saved":"20260929_010546_953_e072a1d53274_marvin.wav"}
01:05:51.257 I (114282) wifi:[ADDBA]RX DELBA, reason:37, delete tid:0, initiator:1(originator)
01:05:52.268 I (115284) kws: >>> WAKE WORD "marvin" DETECTED  (score 0.69, t = 114.92 s)
01:05:52.269 I (115292) stream: first audio sent 6 ms after the detection
01:05:52.841 I (115864) wake_word: score event: peak 0.73 over 540 ms -> detected
01:05:53.763 I (116789) stream: stream finished (silence): 1750 ms of audio sent (27 KB)
01:05:55.952 I (118963) stream: server: {"type":"response","text":"Stop the music.","saved":"20260929_010552_052_e072a1d53274_marvin.wav"}
01:05:56.779 I (119801) wifi:[ADDBA]RX DELBA, reason:37, delete tid:0, initiator:1(originator)
01:05:57.537 I (120544) kws: >>> WAKE WORD "marvin" DETECTED  (score 0.70, t = 120.18 s)
01:05:57.537 I (120552) stream: first audio sent 6 ms after the detection
01:05:58.203 I (121224) wake_word: score event: peak 0.80 over 660 ms -> detected
01:05:58.563 [status] up 121s | mic -35.0 dBFS (peak -22.2) | score max 0.80 | detections 17 | inferences 295 (29.5/s; model 1.05 ms each, paused in quiet 14%; features 1.44 ms per 30 ms) | CPU core0  6.3% core1  9.5% (wake word pipeline 8.65% of one core) | RAM used 173 KB (peak 187 KB; peak + IRAM code 241 KB of the 256 KB limit, 28 KB free) | wifi OK, server OK | audio lost since boot: i2s 0 net 0
01:05:59.383 I (122411) stream: stream finished (silence): 2110 ms of audio sent (32 KB)
01:06:00.515 I (123537) wifi:[ADDBA]RX DELBA, reason:37, delete tid:0, initiator:1(originator)
01:06:01.645 I (124664) stream: server: {"type":"response","text":"Increase the volume.","saved":"20260929_010557_312_e072a1d53274_marvin.wav"}
01:06:03.111 I (126124) kws: >>> WAKE WORD "marvin" DETECTED  (score 0.63, t = 125.76 s)
01:06:03.111 I (126133) stream: first audio sent 6 ms after the detection
01:06:03.889 I (126904) wake_word: score event: peak 0.92 over 750 ms -> detected
01:06:05.010 I (128028) stream: stream finished (silence): 2150 ms of audio sent (33 KB)
01:06:05.387 I (128409) wifi:[ADDBA]RX DELBA, reason:37, delete tid:0, initiator:1(originator)
01:06:07.230 I (130248) stream: server: {"type":"response","text":"Tell me a joke.","saved":"20260929_010602_893_e072a1d53274_marvin.wav"}
01:06:08.603 [status] up 131s | mic -32.9 dBFS (peak -19.0) | score max 0.92 | detections 18 | inferences 319 (31.9/s; model 1.04 ms each, paused in quiet 7%; features 1.43 ms per 30 ms) | CPU core0  6.3% core1  9.8% (wake word pipeline 8.86% of one core) | RAM used 173 KB (peak 187 KB; peak + IRAM code 241 KB of the 256 KB limit, 28 KB free) | wifi OK, server OK | audio lost since boot: i2s 0 net 0
01:06:08.603 [tasks] % of one core (free stack): main@0=0.21(928) IDLE1@1=90.10(720) IDLE0@0=93.24(728) audio_kws@1=9.19(740) tiT@*=1.80(1408) websocket_task@*=0.29(944) ipc0@0=0.00(272) streamer@0=2.81(924) esp_timer@0=0.01(1600) ipc1@1=0.00(280) wifi@0=2.35(3200) Tmr Svc@*=0.00(856) sys_evt@0=0.00(340)
01:06:18.599 [status] up 141s | mic -37.3 dBFS (peak -30.1) | score max 0.00 | detections 18 | inferences 279 (27.9/s; model 0.91 ms each, paused in quiet 21%; features 1.32 ms per 30 ms) | CPU core0  0.7% core1  8.0% (wake word pipeline 7.78% of one core) | RAM used 173 KB (peak 187 KB; peak + IRAM code 241 KB of the 256 KB limit, 28 KB free) | wifi OK, server OK | audio lost since boot: i2s 0 net 0
