23:44:27.122 ESP-ROM:esp32s3-20210327
23:44:27.123 Build:Mar 27 2021
23:44:27.123 rst:0x1 (POWERON),boot:0x8 (SPI_FAST_FLASH_BOOT)
23:44:27.123 SPIWP:0xee
23:44:27.123 mode:DIO, clock div:1
23:44:27.123 load:0x3fce2820,len:0x1668
23:44:27.124 load:0x403c8700,len:0xec0
23:44:27.124 load:0x403cb700,len:0x3178
23:44:27.124 entry 0x403c894c
23:44:27.124 I (24) boot: ESP-IDF v5.5.5 2nd stage bootloader
23:44:27.124 I (25) boot: compile time Sep 29 2026 00:37:58
23:44:27.124 I (25) boot: Multicore bootloader
23:44:27.124 I (25) boot: chip revision: v0.2
23:44:27.124 I (28) boot: efuse block revision: v1.4
23:44:27.124 I (31) qio_mode: Enabling default flash chip QIO
23:44:27.124 I (36) boot.esp32s3: Boot SPI Speed : 80MHz
23:44:27.128 I (40) boot.esp32s3: SPI Mode       : QIO
23:44:27.128 I (43) boot.esp32s3: SPI Flash Size : 4MB
23:44:27.128 I (47) boot: Enabling RNG early entropy source...
23:44:27.128 I (52) boot: Partition Table:
23:44:27.128 I (54) boot: ## Label            Usage          Type ST Offset   Length
23:44:27.128 I (60) boot:  0 nvs              WiFi data        01 02 00009000 00006000
23:44:27.129 I (67) boot:  1 phy_init         RF data          01 01 0000f000 00001000
23:44:27.129 I (73) boot:  2 factory          factory app      00 00 00010000 00177000
23:44:27.129 I (80) boot: End of partition table
23:44:27.129 I (83) esp_image: segment 0: paddr=00010020 vaddr=3c0d0020 size=35c90h (220304) map
23:44:27.129 I (125) esp_image: segment 1: paddr=00045cb8 vaddr=3fc95800 size=04c38h ( 19512) load
23:44:27.129 I (129) esp_image: segment 2: paddr=0004a8f8 vaddr=40378000 size=05720h ( 22304) load
23:44:27.129 I (134) esp_image: segment 3: paddr=00050020 vaddr=42000020 size=ceaach (846508) map
23:44:27.129 I (267) esp_image: segment 4: paddr=0011ead4 vaddr=4037d720 size=07fd8h ( 32728) load
23:44:27.129 I (274) esp_image: segment 5: paddr=00126ab4 vaddr=50000000 size=00020h (    32) load
23:44:27.129 I (280) boot: Loaded app from partition at offset 0x10000
23:44:27.129 I (280) boot: Disabling RNG early entropy source...
23:44:27.129 I (292) cpu_start: Multicore app
23:44:27.129 I (301) cpu_start: GPIO 44 and 43 are used as console UART I/O pins
23:44:27.129 I (301) cpu_start: Pro cpu start user code
23:44:27.129 I (301) cpu_start: cpu freq: 240000000 Hz
23:44:27.129 I (303) app_init: Application information:
23:44:27.129 I (307) app_init: Project name:     kws_s3
23:44:27.129 I (311) app_init: App version:      3ae5f6f-dirty
23:44:27.129 I (315) app_init: Compile time:     Sep 29 2026 22:41:51
23:44:27.129 I (320) app_init: ELF file SHA256:  23dd44d01...
23:44:27.129 I (324) app_init: ESP-IDF:          v5.5.5
23:44:27.129 I (328) efuse_init: Min chip rev:     v0.0
23:44:27.129 I (332) efuse_init: Max chip rev:     v0.99
23:44:27.129 I (336) efuse_init: Chip rev:         v0.2
23:44:27.130 I (340) heap_init: Initializing. RAM available for dynamic allocation:
23:44:27.130 I (346) heap_init: At 3FCA0028 len 000496E8 (293 KiB): RAM
23:44:27.130 I (351) heap_init: At 3FCE9710 len 00005724 (21 KiB): RAM
23:44:27.130 I (356) heap_init: At 600FE000 len 00001FE8 (7 KiB): RTCRAM
23:44:27.130 I (363) spi_flash: detected chip: boya
23:44:27.130 I (365) spi_flash: flash io: qio
23:44:27.130 W (368) spi_flash: Detected size(16384k) larger than the size in the binary image header(4096k). Using the size in the binary image header.
23:44:27.130 I (381) sleep_gpio: Configure to isolate all GPIO pins in sleep state
23:44:27.130 I (387) sleep_gpio: Enable automatic switching of GPIO sleep configuration
23:44:27.130 I (394) main_task: Started on CPU0
23:44:27.130 I (412) main_task: Calling app_main()
23:44:27.130 W (413) kws: RAM limit test: 163 KB reserved, the firmware has 202 KB (static data + heap) + 54 KB IRAM code = 256 KB to work with
23:44:27.130 
23:44:27.130 ==================== SIH KWS firmware ====================
23:44:27.130  chip      : esp32s3 rev v0.2, 2 cores, flash 4 MB
23:44:27.130  ESP-IDF   : v5.5.5
23:44:27.130  RAM       : 42 KB static data, 134 KB heap free (code in IRAM: 54 KB, counted in the SIH total)
23:44:27.130  model     : marvin.tflite (60896 bytes, stored in flash)
23:44:27.130 ===========================================================
23:44:27.131 
23:44:27.131 [heap] start of app_main            137748 B free (of 331252 B)
23:44:27.131 I (481) kws: model ready: wake word "marvin", threshold 0.60 (json), window 5, input 3x40 int8
23:44:27.131 I (486) kws: model RAM: tensor arena 25964 of 26624 bytes used; engine total 38 KB of heap
23:44:27.131 
23:44:27.131 ------------------------ SELF-TEST ------------------------
23:44:27.131  noise only (3 s)   : PASS - stayed quiet  (highest score 0.01, threshold 0.60)
23:44:27.131  wake word recording: skipped - no WAV file in the model folder (optional)
23:44:27.131 -----------------------------------------------------------
23:44:27.131 
23:44:27.131 [heap] model + features + self-test took  40720 B,  97028 B free
23:44:27.337 I (721) audio: I2S running: 16 kHz, 32-bit slots, both channels, SCK=16 WS=15 SD=17, gain x1
23:44:28.314 I (1222) kws: microphones: left (L/R to GND) -18.7 dBFS, right (L/R to 3V3) -13.0 dBFS, similarity -0.02 -> using both (time-aligned, mixed by their noise)
23:44:28.314 [heap] I2S + ring + audio task      took  20772 B,  76256 B free
23:44:28.314 I (1238) kws: listening for "marvin" ...
23:44:28.314 I (1242) pp: pp rom version: e7ae62f
23:44:28.314 I (1246) net80211: net80211 rom version: e7ae62f
23:44:28.314 I (1250) wifi:wifi driver task: 3fcdd4e8, prio:23, stack:6656, core=0
23:44:28.314 I (1255) wifi:wifi firmware version: b9f67df
23:44:28.314 I (1260) wifi:wifi certification version: v7.0
23:44:28.314 I (1263) wifi:config NVS flash: disabled
23:44:28.314 I (1268) wifi:config nano formatting: disabled
23:44:28.314 I (1271) wifi:Init data frame dynamic rx buffer num: 16
23:44:28.314 I (1277) wifi:Init static rx mgmt buffer num: 5
23:44:28.314 I (1282) wifi:Init management short buffer num: 10
23:44:28.314 I (1285) wifi:Init dynamic tx buffer num: 16
23:44:28.314 I (1290) wifi:Init static tx FG buffer num: 2
23:44:28.314 I (1293) wifi:Init static rx buffer size: 1600
23:44:28.314 I (1299) wifi:Init static rx buffer num: 4
23:44:28.314 I (1302) wifi:Init dynamic rx buffer num: 16
23:44:28.314 I (1305) wifi_init: accept mbox: 6
23:44:28.314 I (1307) wifi_init: tcpip mbox: 32
23:44:28.314 I (1313) wifi_init: udp mbox: 6
23:44:28.314 I (1315) wifi_init: tcp mbox: 6
23:44:28.314 I (1318) wifi_init: tcp tx win: 5760
23:44:28.314 I (1321) wifi_init: tcp rx win: 5760
23:44:28.314 I (1324) wifi_init: tcp mss: 1440
23:44:28.314 I (1327) phy_init: phy_version 712,87e8c20e,Apr 13 2026,18:51:10
23:44:28.314 I (1359) wifi:mode : sta (e0:72:a1:d5:32:74)
23:44:28.314 I (1361) wifi:enable tsf
23:44:28.314 I (1364) wifi:Set ps type: 0, coexist: 0
23:44:28.314 
23:44:28.314 I (1366) wifi: connecting to "ARYA 9252" ...
23:44:28.314 [heap] Wi-Fi driver + netif         took  37896 B,  38360 B free
23:44:28.314 I (1421) wifi:state: init -> auth (0xb0)
23:44:28.314 [heap] WebSocket client + streamer  took  13640 B,  24720 B free
23:44:28.314 W (1428) stream: cannot reach the server ws://192.168.137.1:3000/ws (is it running? same network?) - retrying every second
23:44:28.314 I (1481) wifi:state: auth -> assoc (0x0)
23:44:28.315 I (1487) wifi:state: assoc -> run (0x10)
23:44:28.315 I (1644) wifi:connected with ARYA 9252, aid = 6, channel 1, BW20, bssid = 9a:5f:41:45:73:c9
23:44:28.315 I (1648) wifi:security: WPA2-PSK, phy: bgn, rssi: -24, cipher(pairwise:0x3, group:0x3), pmf:0
23:44:28.315 I (1657) wifi:pm start, type: 0
23:44:28.315 
23:44:28.315 I (1660) wifi:dp: 1, bi: 102400, li: 3, scale listen interval from 307200 us to 307200 us
23:44:28.315 I (1668) wifi:set rx beacon pti, rx_bcn_pti: 0, bcn_timeout: 25000, mt_pti: 0, mt_time: 10000
23:44:28.315 I (1699) wifi:AP's beacon interval = 102400 us, DTIM period = 3
23:44:29.403 I (2785) esp_netif_handlers: sta ip: 192.168.137.116, mask: 255.255.255.0, gw: 192.168.137.1
23:44:29.403 I (2790) wifi: connected, IP address 192.168.137.116
23:44:30.076 I (3464) stream: connected to the server ws://192.168.137.1:3000/ws
23:44:30.530 I (3915) wifi:[ADDBA]RX DELBA, reason:37, delete tid:0, initiator:1(originator)
23:44:38.143 [status] up 11s | mic -30.6 dBFS (peak -23.3) | score max 0.01 | detections 0 | inferences 53 (5.3/s; model 1.07 ms each, paused in quiet 84%; features 1.37 ms per 30 ms) | CPU core0 -1.0% core1 -1.0% (wake word pipeline 6.07% of one core) | RAM used 178 KB (peak 181 KB; peak + IRAM code 235 KB of the 256 KB limit, 23 KB free) | wifi OK, server OK | mics: mix left 99% right 1% (right noise +22.8 dB), right -39 us after left (talker 14 deg to the right), 12 estimates | audio lost since boot: i2s 0 net 0
23:44:38.144 W (11498) kws: the right microphone is 23 dB noisier than the left one (electrical, not sound), so it gets only 1% of the mix. Check its VDD/GND/SD wires and that its L/R pin is firmly on 3V3
23:44:38.144 [tasks] % of one core (free stack): main@0=-1.00(912) IDLE1@1=-1.00(816) IDLE0@0=-1.00(776) audio_kws@1=-1.00(832) websocket_task@*=-1.00(952) tiT@*=-1.00(1452) Tmr Svc@*=-1.00(856) streamer@0=-1.00(2432) sys_evt@0=-1.00(336) esp_timer@0=-1.00(1600) wifi@0=-1.00(3372) ipc0@0=-1.00(272) ipc1@1=-1.00(280)
23:44:40.041 I (13422) wake_word: score event: peak 0.48 over 300 ms -> not detected (below threshold or in cool-down)
23:44:45.727 I (19103) kws: >>> WAKE WORD "marvin" DETECTED  (score 0.64, t = 18.74 s)
23:44:45.727 I (19126) stream: first audio sent 20 ms after the detection
23:44:46.392 I (19788) wifi:[ADDBA]RX DELBA, reason:37, delete tid:0, initiator:1(originator)
23:44:46.639 I (20023) wake_word: score event: peak 1.00 over 870 ms -> detected
23:44:47.333 I (20656) stream: stream finished (silence): 1500 ms of audio sent (23 KB)
23:44:47.333 I (20714) stream: server: {"type":"response","text":null,"saved":"20260929_234445_522_e072a1d53274_marvin.wav"}
23:44:48.117 [status] up 21s | mic -29.3 dBFS (peak -18.1) | score max 1.00 | detections 1 | inferences 196 (19.6/s; model 1.00 ms each, paused in quiet 45%; features 1.32 ms per 30 ms) | CPU core0  3.1% core1  8.0% (wake word pipeline 7.51% of one core) | RAM used 179 KB (peak 197 KB; peak + IRAM code 251 KB of the 256 KB limit, 22 KB free) | wifi OK, server OK | mics: mix left 100% right 0% (right noise +24.5 dB), right -58 us after left (talker 21 deg to the right), 13 estimates | audio lost since boot: i2s 0 net 0
23:44:48.438 I (21835) wifi:[ADDBA]RX DELBA, reason:37, delete tid:0, initiator:1(originator)
23:44:51.638 I (25023) wake_word: score event: peak 0.27 over 150 ms -> not detected (below threshold or in cool-down)
23:44:57.060 I (30243) kws: >>> WAKE WORD "marvin" DETECTED  (score 0.71, t = 29.88 s)
23:44:57.060 I (30265) stream: first audio sent 20 ms after the detection
23:44:57.060 I (30436) wifi:[ADDBA]RX DELBA, reason:37, delete tid:0, initiator:1(originator)
23:44:57.061 I (30440) wifi:[ADDBA]RX DELBA, reason:37, delete tid:0, initiator:1(originator)
23:44:57.554 I (30943) wake_word: score event: peak 0.96 over 690 ms -> detected
23:44:58.112 [status] up 31s | mic -29.4 dBFS (peak -18.6) | score max 0.96 | detections 2 | inferences 193 (19.3/s; model 0.99 ms each, paused in quiet 46%; features 1.32 ms per 30 ms) | CPU core0  3.0% core1  7.9% (wake word pipeline 7.44% of one core) | RAM used 180 KB (peak 197 KB; peak + IRAM code 251 KB of the 256 KB limit, 17 KB free) | wifi OK, server OK | mics: mix left 99% right 1% (right noise +22.0 dB), right -58 us after left (talker 21 deg to the right), 13 estimates | audio lost since boot: i2s 0 net 0
23:44:58.413 I (31749) stream: stream finished (silence): 1500 ms of audio sent (23 KB)
23:44:58.413 I (31798) stream: server: {"type":"response","text":null,"saved":"20260929_234456_643_e072a1d53274_marvin.wav"}
23:44:59.505 I (32895) wifi:[ADDBA]RX DELBA, reason:37, delete tid:0, initiator:1(originator)
23:45:03.293 I (36523) kws: >>> WAKE WORD "marvin" DETECTED  (score 0.60, t = 36.16 s)
23:45:03.293 I (36545) stream: first audio sent 19 ms after the detection
23:45:03.293 I (36683) wifi:[ADDBA]RX DELBA, reason:37, delete tid:0, initiator:1(originator)
23:45:03.835 I (37223) wake_word: score event: peak 0.60 over 690 ms -> detected
23:45:04.681 I (38026) stream: stream finished (silence): 1500 ms of audio sent (23 KB)
23:45:04.681 I (38068) stream: server: {"type":"response","text":null,"saved":"20260929_234502_923_e072a1d53274_marvin.wav"}
23:45:05.463 I (38846) wifi:[ADDBA]RX DELBA, reason:37, delete tid:0, initiator:1(originator)
23:45:08.117 [status] up 41s | mic -30.0 dBFS (peak -18.7) | score max 0.60 | detections 3 | inferences 67 (6.7/s; model 1.14 ms each, paused in quiet 80%; features 1.36 ms per 30 ms) | CPU core0  4.0% core1  6.8% (wake word pipeline 6.24% of one core) | RAM used 179 KB (peak 197 KB; peak + IRAM code 251 KB of the 256 KB limit, 22 KB free) | wifi OK, server OK | mics: mix left 99% right 1% (right noise +22.8 dB), right -58 us after left (talker 21 deg to the right), 13 estimates | audio lost since boot: i2s 0 net 0
23:45:09.162 I (42543) wake_word: score event: peak 0.49 over 330 ms -> not detected (below threshold or in cool-down)
23:45:14.366 I (47743) kws: >>> WAKE WORD "marvin" DETECTED  (score 0.61, t = 47.38 s)
23:45:14.367 I (47765) stream: first audio sent 20 ms after the detection
23:45:15.007 I (48304) wake_word: score event: peak 0.69 over 780 ms -> detected
23:45:15.008 I (48396) wifi:[ADDBA]RX DELBA, reason:37, delete tid:0, initiator:1(originator)
23:45:15.960 I (49247) stream: stream finished (silence): 1500 ms of audio sent (23 KB)
23:45:15.960 I (49348) stream: server: {"type":"response","text":null,"saved":"20260929_234514_142_e072a1d53274_marvin.wav"}
23:45:18.135 [status] up 51s | mic -29.4 dBFS (peak -18.0) | score max 0.69 | detections 4 | inferences 135 (13.5/s; model 1.03 ms each, paused in quiet 62%; features 1.33 ms per 30 ms) | CPU core0  2.9% core1  7.3% (wake word pipeline 6.88% of one core) | RAM used 179 KB (peak 197 KB; peak + IRAM code 251 KB of the 256 KB limit, 22 KB free) | wifi OK, server OK | mics: mix left 99% right 1% (right noise +21.2 dB), right -58 us after left (talker 21 deg to the right), 13 estimates | audio lost since boot: i2s 0 net 0
23:45:20.393 I (53763) kws: >>> WAKE WORD "marvin" DETECTED  (score 0.66, t = 53.40 s)
23:45:20.394 I (53785) stream: first audio sent 20 ms after the detection
23:45:20.922 I (54243) wake_word: score event: peak 0.66 over 450 ms -> detected
23:45:20.922 I (54306) wifi:[ADDBA]RX DELBA, reason:37, delete tid:0, initiator:1(originator)
23:45:20.923 I (54309) wifi:[ADDBA]RX DELBA, reason:37, delete tid:0, initiator:1(originator)
23:45:21.904 I (55270) stream: stream finished (silence): 1500 ms of audio sent (23 KB)
23:45:21.905 I (55287) stream: server: {"type":"response","text":null,"saved":"20260929_234520_178_e072a1d53274_marvin.wav"}
23:45:23.875 I (57266) wifi:[ADDBA]RX DELBA, reason:37, delete tid:0, initiator:1(originator)
23:45:25.666 I (59043) kws: >>> WAKE WORD "marvin" DETECTED  (score 0.70, t = 58.68 s)
23:45:25.666 I (59065) stream: first audio sent 19 ms after the detection
23:45:26.251 I (59643) wake_word: score event: peak 0.98 over 600 ms -> detected
23:45:26.637 I (60032) wifi:[ADDBA]RX DELBA, reason:37, delete tid:0, initiator:1(originator)
23:45:27.316 I (60550) stream: stream finished (silence): 1500 ms of audio sent (23 KB)
23:45:27.316 I (60697) stream: server: {"type":"response","text":null,"saved":"20260929_234525_466_e072a1d53274_marvin.wav"}
23:45:28.149 [status] up 61s | mic -29.9 dBFS (peak -18.2) | score max 0.98 | detections 6 | inferences 131 (13.1/s; model 1.17 ms each, paused in quiet 63%; features 1.36 ms per 30 ms) | CPU core0  5.9% core1  7.9% (wake word pipeline 7.17% of one core) | RAM used 179 KB (peak 197 KB; peak + IRAM code 251 KB of the 256 KB limit, 22 KB free) | wifi OK, server OK | mics: mix left 99% right 1% (right noise +21.5 dB), right -58 us after left (talker 21 deg to the right), 13 estimates | audio lost since boot: i2s 0 net 0
23:45:31.259 I (64623) kws: >>> WAKE WORD "marvin" DETECTED  (score 0.69, t = 64.26 s)
23:45:31.260 I (64645) stream: first audio sent 20 ms after the detection
23:45:31.854 I (65243) wake_word: score event: peak 0.85 over 690 ms -> detected
23:45:32.827 I (65972) wifi:[ADDBA]RX DELBA, reason:37, delete tid:0, initiator:1(originator)
23:45:32.828 I (66130) stream: stream finished (silence): 1500 ms of audio sent (23 KB)
23:45:32.828 I (66220) stream: server: {"type":"response","text":null,"saved":"20260929_234531_033_e072a1d53274_marvin.wav"}
23:45:37.377 I (70743) kws: >>> WAKE WORD "marvin" DETECTED  (score 0.72, t = 70.38 s)
23:45:37.377 I (70765) stream: first audio sent 20 ms after the detection
23:45:37.813 I (71195) wifi:[ADDBA]RX DELBA, reason:37, delete tid:0, initiator:1(originator)
23:45:37.813 I (71199) wifi:[ADDBA]RX DELBA, reason:37, delete tid:0, initiator:1(originator)
23:45:38.176 I (71484) wake_word: score event: peak 0.94 over 720 ms -> detected
23:45:38.176 [status] up 71s | mic -29.2 dBFS (peak -18.5) | score max 0.94 | detections 8 | inferences 122 (12.2/s; model 1.09 ms each, paused in quiet 65%; features 1.34 ms per 30 ms) | CPU core0  4.1% core1  7.4% (wake word pipeline 6.85% of one core) | RAM used 186 KB (peak 197 KB; peak + IRAM code 251 KB of the 256 KB limit, 11 KB free) | wifi OK, server OK | mics: mix left 99% right 1% (right noise +19.3 dB), right -58 us after left (talker 21 deg to the right), 13 estimates | audio lost since boot: i2s 0 net 0
23:45:38.177 [tasks] % of one core (free stack): audio_kws@1=7.22(736) main@0=0.30(912) IDLE0@0=96.15(728) IDLE1@1=92.41(720) tiT@*=0.87(1420) websocket_task@*=0.25(952) streamer@0=1.58(912) ipc1@1=0.00(280) esp_timer@0=0.01(1600) Tmr Svc@*=0.00(856) wifi@0=1.20(3372) sys_evt@0=0.00(336) ipc0@0=0.00(272)
23:45:38.883 I (72250) stream: stream finished (silence): 1500 ms of audio sent (23 KB)
23:45:38.884 I (72266) stream: server: {"type":"response","text":null,"saved":"20260929_234537_226_e072a1d53274_marvin.wav"}
23:45:48.162 [status] up 81s | mic -30.1 dBFS (peak -18.3) | score max 0.05 | detections 8 | inferences 80 (8.0/s; model 0.98 ms each, paused in quiet 77%; features 1.35 ms per 30 ms) | CPU core0  2.0% core1  6.5% (wake word pipeline 6.17% of one core) | RAM used 179 KB (peak 197 KB; peak + IRAM code 251 KB of the 256 KB limit, 22 KB free) | wifi OK, server OK | mics: mix left 99% right 1% (right noise +21.5 dB), right -58 us after left (talker 21 deg to the right), 13 estimates | audio lost since boot: i2s 0 net 0
23:45:58.154 [status] up 91s | mic -30.8 dBFS (peak -27.0) | score max 0.00 | detections 8 | inferences 0 (0.0/s; model 0.00 ms each, paused in quiet 100%; features 1.35 ms per 30 ms) | CPU core0  1.0% core1  5.5% (wake word pipeline 5.25% of one core) | RAM used 179 KB (peak 197 KB; peak + IRAM code 251 KB of the 256 KB limit, 22 KB free) | wifi OK, server OK | mics: mix left 99% right 1% (right noise +22.5 dB), right -58 us after left (talker 21 deg to the right), 13 estimates | audio lost since boot: i2s 0 net 0
23:46:08.164 [status] up 101s | mic -30.6 dBFS (peak -23.2) | score max 0.00 | detections 8 | inferences 64 (6.4/s; model 0.89 ms each, paused in quiet 81%; features 1.32 ms per 30 ms) | CPU core0  1.0% core1  6.1% (wake word pipeline 5.85% of one core) | RAM used 179 KB (peak 197 KB; peak + IRAM code 251 KB of the 256 KB limit, 22 KB free) | wifi OK, server OK | mics: mix left 99% right 1% (right noise +20.6 dB), right -58 us after left (talker 21 deg to the right), 13 estimates | audio lost since boot: i2s 0 net 0
