22:53:13.843 ESP-ROM:esp32s3-20210327
22:53:13.843 Build:Mar 27 2021
22:53:13.843 rst:0x1 (POWERON),boot:0x8 (SPI_FAST_FLASH_BOOT)
22:53:13.843 SPIWP:0xee
22:53:13.843 mode:DIO, clock div:1
22:53:13.843 load:0x3fce2820,len:0x1668
22:53:13.843 load:0x403c8700,len:0xec0
22:53:13.843 load:0x403cb700,len:0x3178
22:53:13.843 entry 0x403c894c
22:53:13.843 I (24) boot: ESP-IDF v5.5.5 2nd stage bootloader
22:53:13.843 I (25) boot: compile time Sep 29 2026 00:37:58
22:53:13.843 I (25) boot: Multicore bootloader
22:53:13.843 I (25) boot: chip revision: v0.2
22:53:13.843 I (28) boot: efuse block revision: v1.4
22:53:13.844 I (31) qio_mode: Enabling default flash chip QIO
22:53:13.844 I (36) boot.esp32s3: Boot SPI Speed : 80MHz
22:53:13.845 I (40) boot.esp32s3: SPI Mode       : QIO
22:53:13.845 I (43) boot.esp32s3: SPI Flash Size : 4MB
22:53:13.845 I (47) boot: Enabling RNG early entropy source...
22:53:13.845 I (52) boot: Partition Table:
22:53:13.845 I (54) boot: ## Label            Usage          Type ST Offset   Length
22:53:13.845 I (60) boot:  0 nvs              WiFi data        01 02 00009000 00006000
22:53:13.845 I (67) boot:  1 phy_init         RF data          01 01 0000f000 00001000
22:53:13.845 I (73) boot:  2 factory          factory app      00 00 00010000 00177000
22:53:13.845 I (80) boot: End of partition table
22:53:13.845 I (83) esp_image: segment 0: paddr=00010020 vaddr=3c0d0020 size=35c70h (220272) map
22:53:13.845 I (125) esp_image: segment 1: paddr=00045c98 vaddr=3fc95800 size=04c38h ( 19512) load
22:53:13.845 I (129) esp_image: segment 2: paddr=0004a8d8 vaddr=40378000 size=05740h ( 22336) load
22:53:13.845 I (134) esp_image: segment 3: paddr=00050020 vaddr=42000020 size=ce420h (844832) map
22:53:13.845 I (267) esp_image: segment 4: paddr=0011e448 vaddr=4037d740 size=07fb8h ( 32696) load
22:53:13.845 I (274) esp_image: segment 5: paddr=00126408 vaddr=50000000 size=00020h (    32) load
22:53:13.845 I (280) boot: Loaded app from partition at offset 0x10000
22:53:13.845 I (280) boot: Disabling RNG early entropy source...
22:53:13.845 I (292) cpu_start: Multicore app
22:53:13.845 I (300) cpu_start: GPIO 44 and 43 are used as console UART I/O pins
22:53:13.845 I (301) cpu_start: Pro cpu start user code
22:53:13.845 I (301) cpu_start: cpu freq: 240000000 Hz
22:53:13.845 I (303) app_init: Application information:
22:53:13.845 I (307) app_init: Project name:     kws_s3
22:53:13.845 I (310) app_init: App version:      3ae5f6f-dirty
22:53:13.845 I (315) app_init: Compile time:     Sep 29 2026 22:41:51
22:53:13.845 I (320) app_init: ELF file SHA256:  c4ad258c2...
22:53:13.845 I (324) app_init: ESP-IDF:          v5.5.5
22:53:13.845 I (328) efuse_init: Min chip rev:     v0.0
22:53:13.845 I (332) efuse_init: Max chip rev:     v0.99
22:53:13.845 I (336) efuse_init: Chip rev:         v0.2
22:53:13.845 I (340) heap_init: Initializing. RAM available for dynamic allocation:
22:53:13.845 I (346) heap_init: At 3FCA0090 len 00049680 (293 KiB): RAM
22:53:13.845 I (351) heap_init: At 3FCE9710 len 00005724 (21 KiB): RAM
22:53:13.845 I (356) heap_init: At 600FE000 len 00001FE8 (7 KiB): RTCRAM
22:53:13.845 I (362) spi_flash: detected chip: boya
22:53:13.845 I (365) spi_flash: flash io: qio
22:53:13.845 W (368) spi_flash: Detected size(16384k) larger than the size in the binary image header(4096k). Using the size in the binary image header.
22:53:13.845 I (380) sleep_gpio: Configure to isolate all GPIO pins in sleep state
22:53:13.845 I (387) sleep_gpio: Enable automatic switching of GPIO sleep configuration
22:53:13.845 I (393) main_task: Started on CPU0
22:53:13.845 I (411) main_task: Calling app_main()
22:53:13.845 W (412) kws: RAM limit test: 163 KB reserved, the firmware has 202 KB (static data + heap) + 54 KB IRAM code = 256 KB to work with
22:53:13.845 
22:53:13.846 ==================== SIH KWS firmware ====================
22:53:13.846  chip      : esp32s3 rev v0.2, 2 cores, flash 4 MB
22:53:13.846  ESP-IDF   : v5.5.5
22:53:13.846  RAM       : 42 KB static data, 134 KB heap free (code in IRAM: 54 KB, counted in the SIH total)
22:53:13.846  model     : marvin.tflite (60896 bytes, stored in flash)
22:53:13.846 ===========================================================
22:53:13.846 
22:53:13.846 [heap] start of app_main            137644 B free (of 331148 B)
22:53:13.846 I (480) kws: model ready: wake word "marvin", threshold 0.60 (json), window 5, input 3x40 int8
22:53:13.846 I (485) kws: model RAM: tensor arena 25964 of 26624 bytes used; engine total 38 KB of heap
22:53:14.077 
22:53:14.077 ------------------------ SELF-TEST ------------------------
22:53:14.077  noise only (3 s)   : PASS - stayed quiet  (highest score 0.01, threshold 0.60)
22:53:14.077  wake word recording: skipped - no WAV file in the model folder (optional)
22:53:14.077 -----------------------------------------------------------
22:53:14.077 
22:53:14.077 [heap] model + features + self-test took  40720 B,  96924 B free
22:53:14.077 I (720) audio: I2S running: 16 kHz, 32-bit slots, both channels, SCK=16 WS=15 SD=17, gain x1
22:53:14.793 I (1222) kws: microphones: left (L/R to GND) -20.3 dBFS, right (L/R to 3V3) -11.3 dBFS, similarity -0.03 -> using both (time-aligned, mixed by their noise)
22:53:14.793 [heap] I2S + ring + audio task      took  20772 B,  76152 B free
22:53:14.794 I (1237) kws: listening for "marvin" ...
22:53:14.794 I (1242) pp: pp rom version: e7ae62f
22:53:14.794 I (1246) net80211: net80211 rom version: e7ae62f
22:53:14.794 I (1250) wifi:wifi driver task: 3fcdd558, prio:23, stack:6656, core=0
22:53:14.794 I (1255) wifi:wifi firmware version: b9f67df
22:53:14.794 I (1260) wifi:wifi certification version: v7.0
22:53:14.794 I (1263) wifi:config NVS flash: disabled
22:53:14.794 I (1268) wifi:config nano formatting: disabled
22:53:14.794 I (1271) wifi:Init data frame dynamic rx buffer num: 16
22:53:14.794 I (1276) wifi:Init static rx mgmt buffer num: 5
22:53:14.794 I (1282) wifi:Init management short buffer num: 10
22:53:14.794 I (1285) wifi:Init dynamic tx buffer num: 16
22:53:14.794 I (1290) wifi:Init static tx FG buffer num: 2
22:53:14.794 I (1293) wifi:Init static rx buffer size: 1600
22:53:14.794 I (1298) wifi:Init static rx buffer num: 4
22:53:14.794 I (1301) wifi:Init dynamic rx buffer num: 16
22:53:14.794 I (1305) wifi_init: accept mbox: 6
22:53:14.794 I (1307) wifi_init: tcpip mbox: 32
22:53:14.794 I (1312) wifi_init: udp mbox: 6
22:53:14.794 I (1315) wifi_init: tcp mbox: 6
22:53:14.794 I (1318) wifi_init: tcp tx win: 5760
22:53:14.794 I (1321) wifi_init: tcp rx win: 5760
22:53:14.794 I (1324) wifi_init: tcp mss: 1440
22:53:14.794 I (1327) phy_init: phy_version 712,87e8c20e,Apr 13 2026,18:51:10
22:53:14.794 I (1363) wifi:mode : sta (e0:72:a1:d5:32:74)
22:53:14.794 I (1364) wifi:enable tsf
22:53:14.794 I (1366) wifi:Set ps type: 0, coexist: 0
22:53:14.794 
22:53:14.794 I (1371) wifi: connecting to "ARYA 9252" ...
22:53:14.794 [heap] Wi-Fi driver + netif         took  37904 B,  38248 B free
22:53:14.794 W (1381) stream: cannot reach the server ws://192.168.137.1:3000/ws (is it running? same network?) - retrying every second
22:53:14.794 [heap] WebSocket client + streamer  took  12900 B,  25348 B free
22:53:14.794 I (1439) wifi:state: init -> auth (0xb0)
22:53:15.808 I (2442) wifi:state: auth -> init (0x200)
22:53:15.808 W (2445) wifi: cannot connect (reason 2). Check the name/password in menuconfig; the ESP32 needs a 2.4 GHz network (201 = network not found, 15/204 = wrong password)
22:53:18.157 I (4807) wifi:state: init -> auth (0xb0)
22:53:19.162 I (5808) wifi:state: auth -> init (0x200)
22:53:21.462 I (8104) wifi:state: init -> auth (0xb0)
22:53:22.469 I (9106) wifi:state: auth -> init (0x200)
22:53:24.891 [status] up 11s | mic -31.6 dBFS (peak -17.6) | score max 0.01 | detections 0 | inferences 53 (5.3/s; model 1.01 ms each, paused in quiet 84%; features 1.37 ms per 30 ms) | CPU core0 -1.0% core1 -1.0% (wake word pipeline 6.95% of one core) | RAM used 177 KB (peak 177 KB; peak + IRAM code 231 KBI (11463) wifi:state: init -> auth (0xb0)
22:53:24.891  of the 256 KB limit, 24 KB free) | wifi --, server -- | mics: mix left 100% right 0% (right noise +30.2 dB), right +94 us after left (talker 36 deg to the left), 1 estimates | audio lost since boot: i2s 0 net 0
22:53:24.891 W (11490) kws: the right microphone is 30 dB noisier than the left one (electrical, not sound), so it gets only 0% of the mix. Check its VDD/GND/SD wires and that its L/R pin is firmly on 3V3
22:53:24.892 [tasks] % of one core (free stack): main@0=-1.00(920) IDLE1@1=-1.00(824) IDLE0@0=-1.00(720) audio_kws@1=-1.00(832) tiT@*=-1.00(2172) websocket_task@*=-1.00(956) Tmr Svc@*=-1.00(848) streamer@0=-1.00(2436) sys_evt@0=-1.00(512) wifi@0=-1.00(3148) esp_timer@0=-1.00(1608) ipc0@0=-1.00(280) ipc1@1=-1.00(272)
22:53:25.837 I (12474) wifi:state: auth -> init (0x200)
22:53:28.262 I (14770) wifi:state: init -> auth (0xb0)
22:53:28.262 I (14795) wifi:state: auth -> assoc (0x0)
22:53:28.262 I (14801) wifi:state: assoc -> run (0x10)
22:53:28.262 I (14847) wifi:connected with ARYA 9252, aid = 9, channel 1, BW20, bssid = 9a:5f:41:45:73:c9
22:53:28.262 I (14852) wifi:security: WPA2-PSK, phy: bgn, rssi: -43, cipher(pairwise:0x3, group:0x3), pmf:0
22:53:28.262 I (14860) wifi:pm start, type: 0
22:53:28.262 
22:53:28.262 I (14863) wifi:dp: 1, bi: 102400, li: 3, scale listen interval from 307200 us to 307200 us
22:53:28.262 I (14871) wifi:set rx beacon pti, rx_bcn_pti: 0, bcn_timeout: 25000, mt_pti: 0, mt_time: 10000
22:53:28.262 I (14911) wifi:AP's beacon interval = 102400 us, DTIM period = 3
22:53:29.281 I (15915) esp_netif_handlers: sta ip: 192.168.137.116, mask: 255.255.255.0, gw: 192.168.137.1
22:53:29.282 I (15920) wifi: connected, IP address 192.168.137.116
22:53:30.004 I (16440) stream: connected to the server ws://192.168.137.1:3000/ws
22:53:30.004 I (16641) wifi:[ADDBA]RX DELBA, reason:37, delete tid:0, initiator:1(originator)
22:53:34.868 [status] up 21s | mic -31.7 dBFS (peak -26.3) | score max 0.00 | detections 0 | inferences 63 (6.3/s; model 0.93 ms each, paused in quiet 82%; features 1.33 ms per 30 ms) | CPU core0  1.5% core1  6.8% (wake word pipeline 6.50% of one core) | RAM used 178 KB (peak 182 KB; peak + IRAM code 236 KB of the 256 KB limit, 23 KB free) | wifi OK, server OK | mics: mix left 100% right 0% (right noise +30.3 dB), right +94 us after left (talker 36 deg to the left), 1 estimates | audio lost since boot: i2s 0 net 0
22:53:44.863 [status] up 31s | mic -31.7 dBFS (peak -24.8) | score max 0.00 | detections 0 | inferences 36 (3.6/s; model 0.89 ms each, paused in quiet 89%; features 1.31 ms per 30 ms) | CPU core0  0.6% core1  6.2% (wake word pipeline 5.99% of one core) | RAM used 178 KB (peak 182 KB; peak + IRAM code 236 KB of the 256 KB limit, 23 KB free) | wifi OK, server OK | mics: mix left 100% right 0% (right noise +30.7 dB), right +94 us after left (talker 36 deg to the left), 1 estimates | audio lost since boot: i2s 0 net 0
22:53:54.866 [status] up 41s | mic -31.9 dBFS (peak -27.2) | score max 0.00 | detections 0 | inferences 29 (2.9/s; model 0.94 ms each, paused in quiet 91%; features 1.35 ms per 30 ms) | CPU core0  0.7% core1  6.1% (wake word pipeline 5.93% of one core) | RAM used 178 KB (peak 182 KB; peak + IRAM code 236 KB of the 256 KB limit, 23 KB free) | wifi OK, server OK | mics: mix left 100% right 0% (right noise +31.2 dB), right +94 us after left (talker 36 deg to the left), 1 estimates | audio lost since boot: i2s 0 net 0
22:54:04.868 [status] up 51s | mic -31.7 dBFS (peak -26.2) | score max 0.00 | detections 0 | inferences 63 (6.3/s; model 0.90 ms each, paused in quiet 82%; features 1.31 ms per 30 ms) | CPU core0  0.6% core1  6.5% (wake word pipeline 6.24% of one core) | RAM used 178 KB (peak 182 KB; peak + IRAM code 236 KB of the 256 KB limit, 23 KB free) | wifi OK, server OK | mics: mix left 100% right 0% (right noise +29.7 dB), right +94 us after left (talker 36 deg to the left), 1 estimates | audio lost since boot: i2s 0 net 0
22:54:14.858 [status] up 61s | mic -31.9 dBFS (peak -26.1) | score max 0.00 | detections 0 | inferences 63 (6.3/s; model 0.92 ms each, paused in quiet 82%; features 1.32 ms per 30 ms) | CPU core0  0.7% core1  6.5% (wake word pipeline 6.26% of one core) | RAM used 178 KB (peak 182 KB; peak + IRAM code 236 KB of the 256 KB limit, 23 KB free) | wifi OK, server OK | mics: mix left 100% right 0% (right noise +29.8 dB), right +94 us after left (talker 36 deg to the left), 1 estimates | audio lost since boot: i2s 0 net 0
22:54:24.882 [status] up 71s | mic -31.3 dBFS (peak -25.1) | score max 0.01 | detections 0 | inferences 167 (16.7/s; model 0.93 ms each, paused in quiet 52%; features 1.30 ms per 30 ms) | CPU core0  0.7% core1  7.5% (wake word pipeline 7.29% of one core) | RAM used 178 KB (peak 182 KB; peak + IRAM code 236 KB of the 256 KB limit, 23 KB free) | wifi OK, server OK | mics: mix left 100% right 0% (right noise +30.2 dB), right +94 us after left (talker 36 deg to the left), 1 estimates | audio lost since boot: i2s 0 net 0
22:54:24.882 [tasks] % of one core (free stack): main@0=0.14(920) IDLE1@1=93.41(728) IDLE0@0=99.20(720) audio_kws@1=6.52(832) tiT@*=0.13(1452) websocket_task@*=0.19(956) ipc0@0=0.00(280) sys_evt@0=0.01(432) wifi@0=0.39(3148) ipc1@1=0.00(272) esp_timer@0=0.01(1608) Tmr Svc@*=0.00(848) streamer@0=0.00(2436)
22:54:34.871 [status] up 81s | mic -31.3 dBFS (peak -24.8) | score max 0.00 | detections 0 | inferences 75 (7.5/s; model 0.91 ms each, paused in quiet 78%; features 1.32 ms per 30 ms) | CPU core0  0.7% core1  6.6% (wake word pipeline 6.35% of one core) | RAM used 178 KB (peak 182 KB; peak + IRAM code 236 KB of the 256 KB limit, 23 KB free) | wifi OK, server OK | mics: mix left 100% right 0% (right noise +29.7 dB), right +94 us after left (talker 36 deg to the left), 1 estimates | audio lost since boot: i2s 0 net 0
22:54:38.268 I (84918) wifi:[ADDBA]RX DELBA, reason:37, delete tid:0, initiator:1(originator)
22:54:44.866 [status] up 91s | mic -31.1 dBFS (peak -23.7) | score max 0.00 | detections 0 | inferences 180 (18.0/s; model 0.92 ms each, paused in quiet 50%; features 1.26 ms per 30 ms) | CPU core0  0.7% core1  7.6% (wake word pipeline 7.39% of one core) | RAM used 178 KB (peak 182 KB; peak + IRAM code 236 KB of the 256 KB limit, 23 KB free) | wifi OK, server OK | mics: mix left 100% right 0% (right noise +29.6 dB), right +94 us after left (talker 36 deg to the left), 1 estimates | audio lost since boot: i2s 0 net 0
22:54:54.866 [status] up 101s | mic -30.6 dBFS (peak -19.0) | score max 0.00 | detections 0 | inferences 246 (24.6/s; model 0.92 ms each, paused in quiet 32%; features 1.27 ms per 30 ms) | CPU core0  0.7% core1  8.3% (wake word pipeline 8.05% of one core) | RAM used 178 KB (peak 182 KB; peak + IRAM code 236 KB of the 256 KB limit, 23 KB free) | wifi OK, server OK | mics: mix left 100% right 0% (right noise +27.0 dB), right +94 us after left (talker 36 deg to the left), 1 estimates | audio lost since boot: i2s 0 net 0
22:55:04.874 [status] up 111s | mic -28.1 dBFS (peak -15.5) | score max 0.02 | detections 0 | inferences 241 (24.1/s; model 0.93 ms each, paused in quiet 28%; features 1.38 ms per 30 ms) | CPU core0  0.7% core1  8.3% (wake word pipeline 8.02% of one core) | RAM used 178 KB (peak 182 KB; peak + IRAM code 236 KB of the 256 KB limit, 23 KB free) | wifi OK, server OK | mics: mix left 100% right 0% (right noise +25.2 dB), right +89 us after left (talker 34 deg to the left), 2 estimates | audio lost since boot: i2s 0 net 0
22:55:14.867 [status] up 121s | mic -27.3 dBFS (peak -13.9) | score max 0.00 | detections 0 | inferences 308 (30.8/s; model 0.92 ms each, paused in quiet 11%; features 1.32 ms per 30 ms) | CPU core0  1.1% core1  8.9% (wake word pipeline 8.64% of one core) | RAM used 178 KB (peak 182 KB; peak + IRAM code 236 KB of the 256 KB limit, 23 KB free) | wifi OK, server OK | mics: mix left 100% right 0% (right noise +25.9 dB), right +89 us after left (talker 34 deg to the left), 2 estimates | audio lost since boot: i2s 0 net 0
22:55:24.895 [status] up 131s | mic -25.7 dBFS (peak -12.4) | score max 0.00 | detections 0 | inferences 312 (31.2/s; model 0.92 ms each, paused in quiet 9%; features 1.35 ms per 30 ms) | CPU core0  0.8% core1  9.0% (wake word pipeline 8.73% of one core) | RAM used 178 KB (peak 182 KB; peak + IRAM code 236 KB of the 256 KB limit, 23 KB free) | wifi OK, server OK | mics: mix left 100% right 0% (right noise +29.9 dB), right +71 us after left (talker 26 deg to the left), 3 estimates | audio lost since boot: i2s 0 net 0
22:55:24.896 [tasks] % of one core (free stack): audio_kws@1=8.05(832) main@0=0.20(920) IDLE1@1=91.89(728) IDLE0@0=99.15(720) tiT@*=0.13(1452) websocket_task@*=0.19(956) ipc1@1=0.00(272) Tmr Svc@*=0.00(848) wifi@0=0.30(3148) streamer@0=0.00(2436) esp_timer@0=0.01(1608) ipc0@0=0.00(280) sys_evt@0=0.00(432)
22:55:34.885 [status] up 141s | mic -27.7 dBFS (peak -17.2) | score max 0.00 | detections 0 | inferences 333 (33.3/s; model 0.91 ms each, paused in quiet 0%; features 1.39 ms per 30 ms) | CPU core0  1.3% core1  9.2% (wake word pipeline 8.91% of one core) | RAM used 178 KB (peak 182 KB; peak + IRAM code 236 KB of the 256 KB limit, 23 KB free) | wifi OK, server OK | mics: mix left 100% right 0% (right noise +27.0 dB), right +71 us after left (talker 26 deg to the left), 3 estimates | audio lost since boot: i2s 0 net 0
22:55:44.883 [status] up 151s | mic -26.8 dBFS (peak -14.7) | score max 0.00 | detections 0 | inferences 327 (32.7/s; model 0.91 ms each, paused in quiet 5%; features 1.35 ms per 30 ms) | CPU core0  1.1% core1  9.1% (wake word pipeline 8.81% of one core) | RAM used 178 KB (peak 182 KB; peak + IRAM code 236 KB of the 256 KB limit, 23 KB free) | wifi OK, server OK | mics: mix left 100% right 0% (right noise +26.5 dB), right +71 us after left (talker 26 deg to the left), 3 estimates | audio lost since boot: i2s 0 net 0
22:55:54.875 [status] up 161s | mic -27.4 dBFS (peak -16.5) | score max 0.00 | detections 0 | inferences 322 (32.2/s; model 0.91 ms each, paused in quiet 6%; features 1.35 ms per 30 ms) | CPU core0  0.8% core1  9.0% (wake word pipeline 8.77% of one core) | RAM used 178 KB (peak 182 KB; peak + IRAM code 236 KB of the 256 KB limit, 23 KB free) | wifi OK, server OK | mics: mix left 100% right 0% (right noise +28.8 dB), right +71 us after left (talker 26 deg to the left), 3 estimates | audio lost since boot: i2s 0 net 0
22:56:04.877 [status] up 171s | mic -28.0 dBFS (peak -16.3) | score max 0.00 | detections 0 | inferences 300 (30.0/s; model 0.91 ms each, paused in quiet 12%; features 1.35 ms per 30 ms) | CPU core0  0.7% core1  8.8% (wake word pipeline 8.56% of one core) | RAM used 178 KB (peak 182 KB; peak + IRAM code 236 KB of the 256 KB limit, 23 KB free) | wifi OK, server OK | mics: mix left 100% right 0% (right noise +28.0 dB), right +71 us after left (talker 26 deg to the left), 3 estimates | audio lost since boot: i2s 0 net 0
22:56:14.887 [status] up 181s | mic -28.5 dBFS (peak -17.7) | score max 0.00 | detections 0 | inferences 333 (33.3/s; model 0.92 ms each, paused in quiet 1%; features 1.37 ms per 30 ms) | CPU core0  1.1% core1  9.2% (wake word pipeline 8.90% of one core) | RAM used 178 KB (peak 182 KB; peak + IRAM code 236 KB of the 256 KB limit, 23 KB free) | wifi OK, server OK | mics: mix left 100% right 0% (right noise +27.1 dB), right +71 us after left (talker 26 deg to the left), 3 estimates | audio lost since boot: i2s 0 net 0
22:56:24.914 [status] up 191s | mic -27.3 dBFS (peak -15.9) | score max 0.00 | detections 0 | inferences 310 (31.0/s; model 0.92 ms each, paused in quiet 11%; features 1.33 ms per 30 ms) | CPU core0  0.8% core1  8.9% (wake word pipeline 8.69% of one core) | RAM used 178 KB (peak 182 KB; peak + IRAM code 236 KB of the 256 KB limit, 23 KB free) | wifi OK, server OK | mics: mix left 100% right 0% (right noise +25.7 dB), right +71 us after left (talker 26 deg to the left), 3 estimates | audio lost since boot: i2s 0 net 0
22:56:24.914 [tasks] % of one core (free stack): main@0=0.37(920) IDLE1@1=90.97(728) IDLE0@0=99.04(720) audio_kws@1=8.98(832) tiT@*=0.14(1452) websocket_task@*=0.19(956) streamer@0=0.00(2436) ipc0@0=0.00(280) sys_evt@0=0.00(432) wifi@0=0.31(3148) esp_timer@0=0.01(1608) ipc1@1=0.00(272) Tmr Svc@*=0.00(848)
22:56:34.888 [status] up 201s | mic -27.7 dBFS (peak -15.7) | score max 0.00 | detections 0 | inferences 333 (33.3/s; model 0.92 ms each, paused in quiet 2%; features 1.36 ms per 30 ms) | CPU core0  1.3% core1  9.2% (wake word pipeline 8.89% of one core) | RAM used 178 KB (peak 182 KB; peak + IRAM code 236 KB of the 256 KB limit, 23 KB free) | wifi OK, server OK | mics: mix left 100% right 0% (right noise +27.4 dB), right +71 us after left (talker 26 deg to the left), 3 estimates | audio lost since boot: i2s 0 net 0
22:56:44.889 [status] up 211s | mic -27.2 dBFS (peak -15.5) | score max 0.00 | detections 0 | inferences 328 (32.8/s; model 0.92 ms each, paused in quiet 2%; features 1.39 ms per 30 ms) | CPU core0  0.8% core1  9.2% (wake word pipeline 8.88% of one core) | RAM used 178 KB (peak 182 KB; peak + IRAM code 236 KB of the 256 KB limit, 23 KB free) | wifi OK, server OK | mics: mix left 100% right 0% (right noise +27.7 dB), right +71 us after left (talker 26 deg to the left), 3 estimates | audio lost since boot: i2s 0 net 0
22:56:54.893 [status] up 221s | mic -27.2 dBFS (peak -16.0) | score max 0.00 | detections 0 | inferences 321 (32.1/s; model 0.92 ms each, paused in quiet 6%; features 1.35 ms per 30 ms) | CPU core0  1.1% core1  9.0% (wake word pipeline 8.78% of one core) | RAM used 178 KB (peak 182 KB; peak + IRAM code 236 KB of the 256 KB limit, 23 KB free) | wifi OK, server OK | mics: mix left 100% right 0% (right noise +29.0 dB), right +71 us after left (talker 26 deg to the left), 3 estimates | audio lost since boot: i2s 0 net 0
22:57:04.898 [status] up 231s | mic -27.8 dBFS (peak -15.3) | score max 0.00 | detections 0 | inferences 334 (33.4/s; model 0.92 ms each, paused in quiet 0%; features 1.39 ms per 30 ms) | CPU core0  0.8% core1  9.2% (wake word pipeline 8.93% of one core) | RAM used 178 KB (peak 183 KB; peak + IRAM code 237 KB of the 256 KB limit, 23 KB free) | wifi OK, server OK | mics: mix left 100% right 0% (right noise +28.5 dB), right +71 us after left (talker 26 deg to the left), 3 estimates | audio lost since boot: i2s 0 net 0
22:57:14.898 [status] up 241s | mic -26.2 dBFS (peak -13.6) | score max 0.00 | detections 0 | inferences 332 (33.3/s; model 0.92 ms each, paused in quiet 1%; features 1.38 ms per 30 ms) | CPU core0  0.8% core1  9.2% (wake word pipeline 8.92% of one core) | RAM used 178 KB (peak 183 KB; peak + IRAM code 237 KB of the 256 KB limit, 23 KB free) | wifi OK, server OK | mics: mix left 100% right 0% (right noise +28.4 dB), right +71 us after left (talker 26 deg to the left), 3 estimates | audio lost since boot: i2s 0 net 0
22:57:24.929 [status] up 251s | mic -27.3 dBFS (peak -15.4) | score max 0.00 | detections 0 | inferences 334 (33.4/s; model 0.92 ms each, paused in quiet 2%; features 1.35 ms per 30 ms) | CPU core0  0.7% core1  9.2% (wake word pipeline 8.90% of one core) | RAM used 178 KB (peak 183 KB; peak + IRAM code 237 KB of the 256 KB limit, 23 KB free) | wifi OK, server OK | mics: mix left 100% right 0% (right noise +26.8 dB), right +71 us after left (talker 26 deg to the left), 3 estimates | audio lost since boot: i2s 0 net 0
22:57:24.930 [tasks] % of one core (free stack): main@0=0.33(920) IDLE1@1=90.85(728) IDLE0@0=99.15(720) audio_kws@1=9.09(832) tiT@*=0.14(1452) websocket_task@*=0.19(956) sys_evt@0=0.00(432) ipc1@1=0.00(272) Tmr Svc@*=0.00(848) wifi@0=0.31(3148) esp_timer@0=0.01(1608) streamer@0=0.00(2436) ipc0@0=0.00(280)
22:57:34.903 [status] up 261s | mic -28.6 dBFS (peak -19.7) | score max 0.00 | detections 0 | inferences 330 (33.0/s; model 0.91 ms each, paused in quiet 5%; features 1.33 ms per 30 ms) | CPU core0  0.8% core1  9.1% (wake word pipeline 8.81% of one core) | RAM used 178 KB (peak 183 KB; peak + IRAM code 237 KB of the 256 KB limit, 23 KB free) | wifi OK, server OK | mics: mix left 100% right 0% (right noise +26.3 dB), right +71 us after left (talker 26 deg to the left), 3 estimates | audio lost since boot: i2s 0 net 0
22:57:44.902 [status] up 271s | mic -27.6 dBFS (peak -15.1) | score max 0.03 | detections 0 | inferences 326 (32.6/s; model 0.92 ms each, paused in quiet 6%; features 1.33 ms per 30 ms) | CPU core0  0.8% core1  9.1% (wake word pipeline 8.85% of one core) | RAM used 178 KB (peak 183 KB; peak + IRAM code 237 KB of the 256 KB limit, 23 KB free) | wifi OK, server OK | mics: mix left 100% right 0% (right noise +27.3 dB), right +71 us after left (talker 26 deg to the left), 3 estimates | audio lost since boot: i2s 0 net 0
22:57:54.903 [status] up 281s | mic -26.9 dBFS (peak -15.9) | score max 0.01 | detections 0 | inferences 333 (33.3/s; model 0.92 ms each, paused in quiet 5%; features 1.32 ms per 30 ms) | CPU core0  0.7% core1  9.2% (wake word pipeline 8.88% of one core) | RAM used 178 KB (peak 183 KB; peak + IRAM code 237 KB of the 256 KB limit, 23 KB free) | wifi OK, server OK | mics: mix left 100% right 0% (right noise +27.8 dB), right +71 us after left (talker 26 deg to the left), 3 estimates | audio lost since boot: i2s 0 net 0
22:58:04.899 [status] up 291s | mic -26.0 dBFS (peak -13.5) | score max 0.00 | detections 0 | inferences 333 (33.3/s; model 0.92 ms each, paused in quiet 0%; features 1.39 ms per 30 ms) | CPU core0  0.7% core1  9.2% (wake word pipeline 8.91% of one core) | RAM used 178 KB (peak 183 KB; peak + IRAM code 237 KB of the 256 KB limit, 21 KB free) | wifi OK, server OK | mics: mix left 100% right 0% (right noise +24.1 dB), right +71 us after left (talker 26 deg to the left), 3 estimates | audio lost since boot: i2s 0 net 0
22:58:14.913 [status] up 301s | mic -25.2 dBFS (peak -11.4) | score max 0.00 | detections 0 | inferences 318 (31.8/s; model 0.91 ms each, paused in quiet 8%; features 1.34 ms per 30 ms) | CPU core0  0.8% core1  9.0% (wake word pipeline 8.75% of one core) | RAM used 178 KB (peak 183 KB; peak + IRAM code 237 KB of the 256 KB limit, 23 KB free) | wifi OK, server OK | mics: mix left 100% right 0% (right noise +28.0 dB), right +71 us after left (talker 26 deg to the left), 3 estimates | audio lost since boot: i2s 0 net 0
22:58:24.936 [status] up 311s | mic -25.8 dBFS (peak -14.2) | score max 0.00 | detections 0 | inferences 333 (33.3/s; model 0.92 ms each, paused in quiet 0%; features 1.39 ms per 30 ms) | CPU core0  1.1% core1  9.2% (wake word pipeline 8.93% of one core) | RAM used 178 KB (peak 183 KB; peak + IRAM code 237 KB of the 256 KB limit, 23 KB free) | wifi OK, server OK | mics: mix left 100% right 0% (right noise +27.1 dB), right +71 us after left (talker 26 deg to the left), 3 estimates | audio lost since boot: i2s 0 net 0
22:58:24.937 [tasks] % of one core (free stack): main@0=0.22(920) IDLE1@1=90.88(728) IDLE0@0=99.20(720) audio_kws@1=9.06(832) tiT@*=0.14(1452) websocket_task@*=0.19(956) Tmr Svc@*=0.00(848) streamer@0=0.00(2436) ipc0@0=0.00(280) wifi@0=0.30(3148) esp_timer@0=0.01(1608) sys_evt@0=0.00(432) ipc1@1=0.00(272)
22:58:34.911 [status] up 321s | mic -23.9 dBFS (peak -11.7) | score max 0.02 | detections 0 | inferences 333 (33.3/s; model 0.93 ms each, paused in quiet 0%; features 1.40 ms per 30 ms) | CPU core0  0.8% core1  9.3% (wake word pipeline 8.99% of one core) | RAM used 178 KB (peak 183 KB; peak + IRAM code 237 KB of the 256 KB limit, 23 KB free) | wifi OK, server OK | mics: mix left 100% right 0% (right noise +28.2 dB), right +71 us after left (talker 26 deg to the left), 3 estimates | audio lost since boot: i2s 0 net 0
22:58:44.926 [status] up 331s | mic -23.2 dBFS (peak -13.2) | score max 0.04 | detections 0 | inferences 334 (33.4/s; model 0.92 ms each, paused in quiet 0%; features 1.39 ms per 30 ms) | CPU core0  0.7% core1  9.2% (wake word pipeline 8.95% of one core) | RAM used 178 KB (peak 183 KB; peak + IRAM code 237 KB of the 256 KB limit, 23 KB free) | wifi OK, server OK | mics: mix left 100% right 0% (right noise +27.0 dB), right +71 us after left (talker 26 deg to the left), 3 estimates | audio lost since boot: i2s 0 net 0
22:58:53.255 I (339903) wifi:[ADDBA]RX DELBA, reason:37, delete tid:0, initiator:1(originator)
22:58:54.920 [status] up 341s | mic -23.9 dBFS (peak -13.5) | score max 0.00 | detections 0 | inferences 333 (33.3/s; model 0.92 ms each, paused in quiet 0%; features 1.40 ms per 30 ms) | CPU core0  0.8% core1  9.2% (wake word pipeline 8.94% of one core) | RAM used 178 KB (peak 183 KB; peak + IRAM code 237 KB of the 256 KB limit, 23 KB free) | wifi OK, server OK | mics: mix left 100% right 0% (right noise +26.1 dB), right +71 us after left (talker 26 deg to the left), 3 estimates | audio lost since boot: i2s 0 net 0
22:59:04.930 [status] up 351s | mic -25.1 dBFS (peak -15.7) | score max 0.00 | detections 0 | inferences 333 (33.3/s; model 0.92 ms each, paused in quiet 0%; features 1.40 ms per 30 ms) | CPU core0  0.7% core1  9.2% (wake word pipeline 8.92% of one core) | RAM used 178 KB (peak 183 KB; peak + IRAM code 237 KB of the 256 KB limit, 23 KB free) | wifi OK, server OK | mics: mix left 100% right 0% (right noise +27.4 dB), right +71 us after left (talker 26 deg to the left), 3 estimates | audio lost since boot: i2s 0 net 0
22:59:14.918 [status] up 361s | mic -26.0 dBFS (peak -13.8) | score max 0.00 | detections 0 | inferences 313 (31.3/s; model 0.91 ms each, paused in quiet 10%; features 1.33 ms per 30 ms) | CPU core0  0.7% core1  9.0% (wake word pipeline 8.70% of one core) | RAM used 178 KB (peak 183 KB; peak + IRAM code 237 KB of the 256 KB limit, 23 KB free) | wifi OK, server OK | mics: mix left 100% right 0% (right noise +30.2 dB), right +71 us after left (talker 26 deg to the left), 3 estimates | audio lost since boot: i2s 0 net 0
22:59:24.949 [status] up 371s | mic -25.7 dBFS (peak -14.2) | score max 0.03 | detections 0 | inferences 333 (33.3/s; model 0.92 ms each, paused in quiet 0%; features 1.39 ms per 30 ms) | CPU core0  0.7% core1  9.2% (wake word pipeline 8.94% of one core) | RAM used 178 KB (peak 183 KB; peak + IRAM code 237 KB of the 256 KB limit, 23 KB free) | wifi OK, server OK | mics: mix left 100% right 0% (right noise +29.2 dB), right +71 us after left (talker 26 deg to the left), 3 estimates | audio lost since boot: i2s 0 net 0
22:59:24.950 [tasks] % of one core (free stack): audio_kws@1=9.11(832) main@0=0.16(920) IDLE0@0=99.24(720) IDLE1@1=90.83(728) tiT@*=0.14(1452) websocket_task@*=0.19(956) ipc0@0=0.00(280) sys_evt@0=0.00(432) ipc1@1=0.00(272) esp_timer@0=0.01(1608) wifi@0=0.31(3148) Tmr Svc@*=0.00(848) streamer@0=0.00(2436)
22:59:30.110 I (376768) wifi:[ADDBA]RX DELBA, reason:37, delete tid:0, initiator:1(originator)
22:59:34.937 [status] up 381s | mic -29.1 dBFS (peak -18.9) | score max 0.00 | detections 0 | inferences 284 (28.4/s; model 0.92 ms each, paused in quiet 17%; features 1.35 ms per 30 ms) | CPU core0  0.8% core1  8.7% (wake word pipeline 8.45% of one core) | RAM used 178 KB (peak 183 KB; peak + IRAM code 237 KB of the 256 KB limit, 23 KB free) | wifi OK, server OK | mics: mix left 100% right 0% (right noise +32.2 dB), right +71 us after left (talker 26 deg to the left), 3 estimates | audio lost since boot: i2s 0 net 0
22:59:44.934 [status] up 391s | mic -29.5 dBFS (peak -18.6) | score max 0.00 | detections 0 | inferences 316 (31.6/s; model 0.92 ms each, paused in quiet 8%; features 1.35 ms per 30 ms) | CPU core0  0.7% core1  9.0% (wake word pipeline 8.76% of one core) | RAM used 178 KB (peak 183 KB; peak + IRAM code 237 KB of the 256 KB limit, 23 KB free) | wifi OK, server OK | mics: mix left 100% right 0% (right noise +25.3 dB), right +71 us after left (talker 26 deg to the left), 3 estimates | audio lost since boot: i2s 0 net 0
22:59:49.067 I (395718) wifi:[ADDBA]RX DELBA, reason:37, delete tid:0, initiator:1(originator)
22:59:54.937 [status] up 401s | mic -28.6 dBFS (peak -17.8) | score max 0.00 | detections 0 | inferences 332 (33.2/s; model 0.92 ms each, paused in quiet 0%; features 1.39 ms per 30 ms) | CPU core0  0.8% core1  9.2% (wake word pipeline 8.90% of one core) | RAM used 178 KB (peak 183 KB; peak + IRAM code 237 KB of the 256 KB limit, 23 KB free) | wifi OK, server OK | mics: mix left 100% right 0% (right noise +26.6 dB), right +71 us after left (talker 26 deg to the left), 3 estimates | audio lost since boot: i2s 0 net 0
23:00:04.936 [status] up 411s | mic -27.9 dBFS (peak -15.7) | score max 0.00 | detections 0 | inferences 333 (33.3/s; model 0.92 ms each, paused in quiet 1%; features 1.38 ms per 30 ms) | CPU core0  0.8% core1  9.2% (wake word pipeline 8.94% of one core) | RAM used 178 KB (peak 183 KB; peak + IRAM code 237 KB of the 256 KB limit, 23 KB free) | wifi OK, server OK | mics: mix left 100% right 0% (right noise +30.3 dB), right +71 us after left (talker 26 deg to the left), 3 estimates | audio lost since boot: i2s 0 net 0
23:00:13.847 I (420494) wifi:[ADDBA]RX DELBA, reason:37, delete tid:0, initiator:1(originator)
23:00:14.943 [status] up 421s | mic -28.1 dBFS (peak -17.2) | score max 0.00 | detections 0 | inferences 332 (33.2/s; model 0.92 ms each, paused in quiet 3%; features 1.36 ms per 30 ms) | CPU core0  0.8% core1  9.2% (wake word pipeline 8.91% of one core) | RAM used 178 KB (peak 183 KB; peak + IRAM code 237 KB of the 256 KB limit, 23 KB free) | wifi OK, server OK | mics: mix left 100% right 0% (right noise +28.7 dB), right +71 us after left (talker 26 deg to the left), 3 estimates | audio lost since boot: i2s 0 net 0
23:00:19.986 I (426639) wifi:[ADDBA]RX DELBA, reason:37, delete tid:0, initiator:1(originator)
23:00:24.966 [status] up 431s | mic -29.8 dBFS (peak -21.4) | score max 0.00 | detections 0 | inferences 330 (33.0/s; model 0.92 ms each, paused in quiet 5%; features 1.33 ms per 30 ms) | CPU core0  0.8% core1  9.1% (wake word pipeline 8.88% of one core) | RAM used 178 KB (peak 183 KB; peak + IRAM code 237 KB of the 256 KB limit, 23 KB free) | wifi OK, server OK | mics: mix left 100% right 0% (right noise +28.5 dB), right +71 us after left (talker 26 deg to the left), 3 estimates | audio lost since boot: i2s 0 net 0
23:00:24.967 [tasks] % of one core (free stack): main@0=0.16(920) IDLE1@1=90.93(728) IDLE0@0=99.23(720) audio_kws@1=9.01(832) tiT@*=0.14(1452) websocket_task@*=0.19(956) ipc1@1=0.00(272) Tmr Svc@*=0.00(848) streamer@0=0.00(2436) esp_timer@0=0.01(1608) wifi@0=0.32(3148) ipc0@0=0.00(280) sys_evt@0=0.00(432)
23:00:34.948 [status] up 441s | mic -29.8 dBFS (peak -17.9) | score max 0.00 | detections 0 | inferences 291 (29.1/s; model 0.91 ms each, paused in quiet 19%; features 1.28 ms per 30 ms) | CPU core0  0.8% core1  8.7% (wake word pipeline 8.45% of one core) | RAM used 178 KB (peak 183 KB; peak + IRAM code 237 KB of the 256 KB limit, 23 KB free) | wifi OK, server OK | mics: mix left 100% right 0% (right noise +28.0 dB), right +71 us after left (talker 26 deg to the left), 3 estimates | audio lost since boot: i2s 0 net 0
23:00:44.953 [status] up 451s | mic -27.9 dBFS (peak -17.4) | score max 0.06 | detections 0 | inferences 333 (33.4/s; model 0.93 ms each, paused in quiet 2%; features 1.36 ms per 30 ms) | CPU core0  0.8% core1  9.2% (wake word pipeline 8.96% of one core) | RAM used 178 KB (peak 183 KB; peak + IRAM code 237 KB of the 256 KB limit, 23 KB free) | wifi OK, server OK | mics: mix left 100% right 0% (right noise +27.7 dB), right +71 us after left (talker 26 deg to the left), 3 estimates | audio lost since boot: i2s 0 net 0
23:00:47.013 I (453673) wifi:[ADDBA]RX DELBA, reason:37, delete tid:0, initiator:1(originator)
23:00:54.944 [status] up 461s | mic -28.6 dBFS (peak -15.2) | score max 0.00 | detections 0 | inferences 333 (33.3/s; model 0.92 ms each, paused in quiet 3%; features 1.34 ms per 30 ms) | CPU core0  0.8% core1  9.1% (wake word pipeline 8.89% of one core) | RAM used 178 KB (peak 183 KB; peak + IRAM code 237 KB of the 256 KB limit, 23 KB free) | wifi OK, server OK | mics: mix left 100% right 0% (right noise +29.0 dB), right +71 us after left (talker 26 deg to the left), 3 estimates | audio lost since boot: i2s 0 net 0
23:01:04.954 [status] up 471s | mic -28.2 dBFS (peak -16.3) | score max 0.00 | detections 0 | inferences 310 (31.0/s; model 0.91 ms each, paused in quiet 11%; features 1.33 ms per 30 ms) | CPU core0  0.7% core1  8.9% (wake word pipeline 8.66% of one core) | RAM used 178 KB (peak 183 KB; peak + IRAM code 237 KB of the 256 KB limit, 21 KB free) | wifi OK, server OK | mics: mix left 100% right 0% (right noise +28.8 dB), right +71 us after left (talker 26 deg to the left), 3 estimates | audio lost since boot: i2s 0 net 0
23:01:14.943 [status] up 481s | mic -29.2 dBFS (peak -19.2) | score max 0.00 | detections 0 | inferences 298 (29.8/s; model 0.91 ms each, paused in quiet 15%; features 1.31 ms per 30 ms) | CPU core0  0.8% core1  8.8% (wake word pipeline 8.53% of one core) | RAM used 178 KB (peak 183 KB; peak + IRAM code 237 KB of the 256 KB limit, 23 KB free) | wifi OK, server OK | mics: mix left 100% right 0% (right noise +28.1 dB), right +71 us after left (talker 26 deg to the left), 3 estimates | audio lost since boot: i2s 0 net 0
23:01:24.972 [status] up 491s | mic -28.3 dBFS (peak -16.7) | score max 0.00 | detections 0 | inferences 299 (29.9/s; model 0.92 ms each, paused in quiet 15%; features 1.31 ms per 30 ms) | CPU core0  0.8% core1  8.8% (wake word pipeline 8.57% of one core) | RAM used 178 KB (peak 183 KB; peak + IRAM code 237 KB of the 256 KB limit, 23 KB free) | wifi OK, server OK | mics: mix left 100% right 0% (right noise +29.3 dB), right +71 us after left (talker 26 deg to the left), 3 estimates | audio lost since boot: i2s 0 net 0
23:01:24.973 [tasks] % of one core (free stack): main@0=0.17(920) IDLE1@1=91.07(728) IDLE0@0=99.23(720) audio_kws@1=8.87(736) tiT@*=0.14(1452) websocket_task@*=0.19(956) streamer@0=0.00(2436) ipc0@0=0.00(280) sys_evt@0=0.00(432) esp_timer@0=0.01(1608) wifi@0=0.31(3148) ipc1@1=0.00(272) Tmr Svc@*=0.00(848)
23:01:34.958 [status] up 501s | mic -28.4 dBFS (peak -18.6) | score max 0.00 | detections 0 | inferences 333 (33.3/s; model 0.92 ms each, paused in quiet 0%; features 1.39 ms per 30 ms) | CPU core0  0.8% core1  9.2% (wake word pipeline 8.91% of one core) | RAM used 178 KB (peak 183 KB; peak + IRAM code 237 KB of the 256 KB limit, 23 KB free) | wifi OK, server OK | mics: mix left 100% right 0% (right noise +28.4 dB), right +71 us after left (talker 26 deg to the left), 3 estimates | audio lost since boot: i2s 0 net 0
23:01:44.954 [status] up 511s | mic -28.6 dBFS (peak -18.2) | score max 0.00 | detections 0 | inferences 289 (28.9/s; model 0.92 ms each, paused in quiet 16%; features 1.35 ms per 30 ms) | CPU core0  0.8% core1  8.8% (wake word pipeline 8.48% of one core) | RAM used 178 KB (peak 183 KB; peak + IRAM code 237 KB of the 256 KB limit, 23 KB free) | wifi OK, server OK | mics: mix left 100% right 0% (right noise +29.6 dB), right +71 us after left (talker 26 deg to the left), 3 estimates | audio lost since boot: i2s 0 net 0
23:02:51.613 ESP-ROM:esp32s3-20210327
23:02:51.613 Build:Mar 27 2021
23:02:51.613 rst:0x1 (POWERON),boot:0xa (SPI_FAST_FLASH_BOOT)
23:02:51.613 SPIWP:0xee
23:02:51.613 mode:DIO, clock div:1
23:02:51.613 load:0x3fce2820,len:0x1668
23:02:51.613 load:0x403c8700,len:0xec0
23:02:51.613 load:0x403cb700,len:0x3178
23:02:51.613 entry 0x403c894c
23:02:51.613 I (24) boot: ESP-IDF v5.5.5 2nd stage bootloader
23:02:51.613 I (25) boot: compile time Sep 29 2026 00:37:58
23:02:51.613 I (25) boot: Multicore bootloader
23:02:51.613 I (25) boot: chip revision: v0.2
23:02:51.613 I (28) boot: efuse block revision: v1.4
23:02:51.613 I (31) qio_mode: Enabling default flash chip QIO
23:02:51.613 I (36) boot.esp32s3: Boot SPI Speed : 80MHz
23:02:51.613 I (40) boot.esp32s3: SPI Mode       : QIO
23:02:51.614 I (43) boot.esp32s3: SPI Flash Size : 4MB
23:02:51.614 I (47) boot: Enabling RNG early entropy source...
23:02:51.614 I (52) boot: Partition Table:
23:02:51.614 I (54) boot: ## Label            Usage          Type ST Offset   Length
23:02:51.614 I (60) boot:  0 nvs              WiFi data        01 02 00009000 00006000
23:02:51.614 I (67) boot:  1 phy_init         RF data          01 01 0000f000 00001000
23:02:51.614 I (73) boot:  2 factory          factory app      00 00 00010000 00177000
23:02:51.614 I (80) boot: End of partition table
23:02:51.614 I (83) esp_image: segment 0: paddr=00010020 vaddr=3c0d0020 size=35c70h (220272) map
23:02:51.614 I (125) esp_image: segment 1: paddr=00045c98 vaddr=3fc95800 size=04c38h ( 19512) load
23:02:51.614 I (129) esp_image: segment 2: paddr=0004a8d8 vaddr=40378000 size=05740h ( 22336) load
23:02:51.614 I (134) esp_image: segment 3: paddr=00050020 vaddr=42000020 size=ce420h (844832) map
23:02:51.614 I (267) esp_image: segment 4: paddr=0011e448 vaddr=4037d740 size=07fb8h ( 32696) load
23:02:51.614 I (274) esp_image: segment 5: paddr=00126408 vaddr=50000000 size=00020h (    32) load
23:02:51.614 I (280) boot: Loaded app from partition at offset 0x10000
23:02:51.614 I (280) boot: Disabling RNG early entropy source...
23:02:51.614 I (292) cpu_start: Multicore app
23:02:51.614 I (300) cpu_start: GPIO 44 and 43 are used as console UART I/O pins
23:02:51.614 I (301) cpu_start: Pro cpu start user code
23:02:51.614 I (301) cpu_start: cpu freq: 240000000 Hz
23:02:51.614 I (303) app_init: Application information:
23:02:51.614 I (307) app_init: Project name:     kws_s3
23:02:51.614 I (310) app_init: App version:      3ae5f6f-dirty
23:02:51.614 I (315) app_init: Compile time:     Sep 29 2026 22:41:51
23:02:51.614 I (320) app_init: ELF file SHA256:  c4ad258c2...
23:02:51.614 I (324) app_init: ESP-IDF:          v5.5.5
23:02:51.614 I (328) efuse_init: Min chip rev:     v0.0
23:02:51.614 I (332) efuse_init: Max chip rev:     v0.99
23:02:51.614 I (336) efuse_init: Chip rev:         v0.2
23:02:51.614 I (340) heap_init: Initializing. RAM available for dynamic allocation:
23:02:51.614 I (346) heap_init: At 3FCA0090 len 00049680 (293 KiB): RAM
23:02:51.614 I (351) heap_init: At 3FCE9710 len 00005724 (21 KiB): RAM
23:02:51.614 I (356) heap_init: At 600FE000 len 00001FE8 (7 KiB): RTCRAM
23:02:51.614 I (362) spi_flash: detected chip: boya
23:02:51.614 I (365) spi_flash: flash io: qio
23:02:51.614 W (368) spi_flash: Detected size(16384k) larger than the size in the binary image header(4096k). Using the size in the binary image header.
23:02:51.614 I (380) sleep_gpio: Configure to isolate all GPIO pins in sleep state
23:02:51.614 I (387) sleep_gpio: Enable automatic switching of GPIO sleep configuration
23:02:51.615 I (393) main_task: Started on CPU0
23:02:51.615 I (411) main_task: Calling app_main()
23:02:51.615 W (412) kws: RAM limit test: 163 KB reserved, the firmware has 202 KB (static data + heap) + 54 KB IRAM code = 256 KB to work with
23:02:51.615 
23:02:51.615 ==================== SIH KWS firmware ====================
23:02:51.615  chip      : esp32s3 rev v0.2, 2 cores, flash 4 MB
23:02:51.615  ESP-IDF   : v5.5.5
23:02:51.615  RAM       : 42 KB static data, 134 KB heap free (code in IRAM: 54 KB, counted in the SIH total)
23:02:51.615  model     : marvin.tflite (60896 bytes, stored in flash)
23:02:51.615 ===========================================================
23:02:51.615 
23:02:51.615 [heap] start of app_main            137644 B free (of 331148 B)
23:02:51.615 I (480) kws: model ready: wake word "marvin", threshold 0.60 (json), window 5, input 3x40 int8
23:02:51.615 I (485) kws: model RAM: tensor arena 25964 of 26624 bytes used; engine total 38 KB of heap
23:02:51.615 
23:02:51.615 ------------------------ SELF-TEST ------------------------
23:02:51.615  noise only (3 s)   : PASS - stayed quiet  (highest score 0.01, threshold 0.60)
23:02:51.615  wake word recording: skipped - no WAV file in the model folder (optional)
23:02:51.615 -----------------------------------------------------------
23:02:51.615 
23:02:51.615 [heap] model + features + self-test took  40720 B,  96924 B free
23:02:51.829 I (720) audio: I2S running: 16 kHz, 32-bit slots, both channels, SCK=16 WS=15 SD=17, gain x1
23:02:52.548 I (1222) kws: microphones: left (L/R to GND) -20.0 dBFS, right (L/R to 3V3) -11.5 dBFS, similarity 0.00 -> using both (time-aligned, mixed by their noise)
23:02:52.548 [heap] I2S + ring + audio task      took  20772 B,  76152 B free
23:02:52.548 I (1237) kws: listening for "marvin" ...
23:02:52.548 I (1242) pp: pp rom version: e7ae62f
23:02:52.548 I (1246) net80211: net80211 rom version: e7ae62f
23:02:52.548 I (1250) wifi:wifi driver task: 3fcdd558, prio:23, stack:6656, core=0
23:02:52.548 I (1255) wifi:wifi firmware version: b9f67df
23:02:52.548 I (1260) wifi:wifi certification version: v7.0
23:02:52.548 I (1263) wifi:config NVS flash: disabled
23:02:52.548 I (1268) wifi:config nano formatting: disabled
23:02:52.548 I (1271) wifi:Init data frame dynamic rx buffer num: 16
23:02:52.548 I (1276) wifi:Init static rx mgmt buffer num: 5
23:02:52.548 I (1279) wifi:Init management short buffer num: 10
23:02:52.548 I (1285) wifi:Init dynamic tx buffer num: 16
23:02:52.548 I (1290) wifi:Init static tx FG buffer num: 2
23:02:52.548 I (1293) wifi:Init static rx buffer size: 1600
23:02:52.548 I (1298) wifi:Init static rx buffer num: 4
23:02:52.548 I (1301) wifi:Init dynamic rx buffer num: 16
23:02:52.548 I (1305) wifi_init: accept mbox: 6
23:02:52.548 I (1307) wifi_init: tcpip mbox: 32
23:02:52.548 I (1312) wifi_init: udp mbox: 6
23:02:52.548 I (1315) wifi_init: tcp mbox: 6
23:02:52.548 I (1318) wifi_init: tcp tx win: 5760
23:02:52.548 I (1321) wifi_init: tcp rx win: 5760
23:02:52.548 I (1324) wifi_init: tcp mss: 1440
23:02:52.548 I (1327) phy_init: phy_version 712,87e8c20e,Apr 13 2026,18:51:10
23:02:52.548 I (1350) phy: error: pll_cal exceeds 2ms!!!
23:02:52.548 I (1368) wifi:mode : sta (e0:72:a1:d5:32:74)
23:02:52.548 I (1369) wifi:enable tsf
23:02:52.548 I (1372) wifi:Set ps type: 0, coexist: 0
23:02:52.548 
23:02:52.548 I (1375) wifi: connecting to "ARYA 9252" ...
23:02:52.548 I (1426) wifi:state: init -> auth (0xb0)
23:02:52.549 [heap] Wi-Fi driver + netif         took  38188 B,  37964 B free
23:02:52.549 [heap] WebSocket client + streamer  took  12852 B,  25112 B free
23:02:52.549 W (1436) stream: cannot reach the server ws://192.168.137.1:3000/ws (is it running? same network?) - retrying every second
23:02:53.537 I (2428) wifi:state: auth -> init (0x200)
23:02:53.537 W (2430) wifi: cannot connect (reason 2). Check the name/password in menuconfig; the ESP32 needs a 2.4 GHz network (201 = network not found, 15/204 = wrong password)
23:02:55.977 I (4737) wifi:state: init -> auth (0xb0)
23:02:55.977 I (4743) wifi:state: auth -> assoc (0x0)
23:02:55.977 I (4749) wifi:state: assoc -> run (0x10)
23:02:55.977 I (4803) wifi:connected with ARYA 9252, aid = 8, channel 1, BW20, bssid = 9a:5f:41:45:73:c9
23:02:55.977 I (4807) wifi:security: WPA2-PSK, phy: bgn, rssi: -25, cipher(pairwise:0x3, group:0x3), pmf:0
23:02:55.977 I (4815) wifi:pm start, type: 0
23:02:55.977 
23:02:55.977 I (4818) wifi:dp: 1, bi: 102400, li: 3, scale listen interval from 307200 us to 307200 us
23:02:55.977 I (4827) wifi:set rx beacon pti, rx_bcn_pti: 0, bcn_timeout: 25000, mt_pti: 0, mt_time: 10000
23:02:55.977 I (4877) wifi:AP's beacon interval = 102400 us, DTIM period = 3
23:02:57.074 I (5966) esp_netif_handlers: sta ip: 192.168.137.116, mask: 255.255.255.0, gw: 192.168.137.1
23:02:57.074 I (5971) wifi: connected, IP address 192.168.137.116
23:02:58.362 I (7258) stream: connected to the server ws://192.168.137.1:3000/ws
23:02:58.613 I (7505) wifi:[ADDBA]RX DELBA, reason:37, delete tid:0, initiator:1(originator)
23:03:02.632 [status] up 11s | mic -31.8 dBFS (peak -17.8) | score max 0.01 | detections 0 | inferences 53 (5.3/s; model 1.01 ms each, paused in quiet 84%; features 1.37 ms per 30 ms) | CPU core0 -1.0% core1 -1.0% (wake word pipeline 6.95% of one core) | RAM used 178 KB (peak 181 KB; peak + IRAM code 235 KB of the 256 KB limit, 23 KB free) | wifi OK, server OK | mics: mix left 100% right 0% (right noise +31.4 dB), right -16 us after left (talker 6 deg to the right), 5 estimates | audio lost since boot: i2s 0 net 0
23:03:02.633 W (11485) kws: the right microphone is 31 dB noisier than the left one (electrical, not sound), so it gets only 0% of the mix. Check its VDD/GND/SD wires and that its L/R pin is firmly on 3V3
23:03:02.633 [tasks] % of one core (free stack): main@0=-1.00(920) IDLE1@1=-1.00(824) IDLE0@0=-1.00(720) websocket_task@*=-1.00(948) audio_kws@1=-1.00(832) tiT@*=-1.00(1452) Tmr Svc@*=-1.00(848) streamer@0=-1.00(2440) sys_evt@0=-1.00(336) wifi@0=-1.00(3036) esp_timer@0=-1.00(1608) ipc0@0=-1.00(280) ipc1@1=-1.00(272)
23:03:12.587 [status] up 21s | mic -29.0 dBFS (peak -18.5) | score max 0.03 | detections 0 | inferences 224 (22.4/s; model 0.92 ms each, paused in quiet 36%; features 1.31 ms per 30 ms) | CPU core0  1.5% core1  8.4% (wake word pipeline 8.14% of one core) | RAM used 178 KB (peak 182 KB; peak + IRAM code 236 KB of the 256 KB limit, 23 KB free) | wifi OK, server OK | mics: mix left 100% right 0% (right noise +29.1 dB), right -9 us after left (talker 3 deg to the right), 6 estimates | audio lost since boot: i2s 0 net 0
23:03:22.586 [status] up 31s | mic -28.3 dBFS (peak -18.4) | score max 0.01 | detections 0 | inferences 333 (33.3/s; model 0.92 ms each, paused in quiet 1%; features 1.38 ms per 30 ms) | CPU core0  0.8% core1  9.2% (wake word pipeline 8.95% of one core) | RAM used 178 KB (peak 182 KB; peak + IRAM code 236 KB of the 256 KB limit, 23 KB free) | wifi OK, server OK | mics: mix left 100% right 0% (right noise +26.9 dB), right -9 us after left (talker 3 deg to the right), 6 estimates | audio lost since boot: i2s 0 net 0
23:03:32.587 [status] up 41s | mic -28.2 dBFS (peak -16.6) | score max 0.00 | detections 0 | inferences 332 (33.2/s; model 0.92 ms each, paused in quiet 3%; features 1.35 ms per 30 ms) | CPU core0  0.8% core1  9.2% (wake word pipeline 8.91% of one core) | RAM used 178 KB (peak 182 KB; peak + IRAM code 236 KB of the 256 KB limit, 23 KB free) | wifi OK, server OK | mics: mix left 100% right 0% (right noise +28.2 dB), right -9 us after left (talker 3 deg to the right), 6 estimates | audio lost since boot: i2s 0 net 0
23:03:42.596 [status] up 51s | mic -28.7 dBFS (peak -16.5) | score max 0.00 | detections 0 | inferences 312 (31.2/s; model 0.91 ms each, paused in quiet 9%; features 1.34 ms per 30 ms) | CPU core0  0.7% core1  8.9% (wake word pipeline 8.67% of one core) | RAM used 178 KB (peak 182 KB; peak + IRAM code 236 KB of the 256 KB limit, 23 KB free) | wifi OK, server OK | mics: mix left 100% right 0% (right noise +29.3 dB), right -9 us after left (talker 3 deg to the right), 6 estimates | audio lost since boot: i2s 0 net 0
23:03:52.605 [status] up 61s | mic -28.8 dBFS (peak -19.0) | score max 0.01 | detections 0 | inferences 295 (29.6/s; model 0.92 ms each, paused in quiet 16%; features 1.31 ms per 30 ms) | CPU core0  1.1% core1  8.8% (wake word pipeline 8.56% of one core) | RAM used 178 KB (peak 182 KB; peak + IRAM code 236 KB of the 256 KB limit, 23 KB free) | wifi OK, server OK | mics: mix left 100% right 0% (right noise +29.7 dB), right -9 us after left (talker 3 deg to the right), 6 estimates | audio lost since boot: i2s 0 net 0
23:04:02.631 [status] up 71s | mic -27.8 dBFS (peak -16.3) | score max 0.01 | detections 0 | inferences 327 (32.7/s; model 0.92 ms each, paused in quiet 5%; features 1.35 ms per 30 ms) | CPU core0  0.8% core1  9.1% (wake word pipeline 8.84% of one core) | RAM used 180 KB (peak 182 KB; peak + IRAM code 236 KB of the 256 KB limit, 21 KB free) | wifi OK, server OK | mics: mix left 100% right 0% (right noise +29.5 dB), right -9 us after left (talker 3 deg to the right), 6 estimates | audio lost since boot: i2s 0 net 0
23:04:02.631 [tasks] % of one core (free stack): main@0=0.34(920) IDLE1@1=91.06(728) IDLE0@0=99.14(720) websocket_task@*=0.19(948) audio_kws@1=8.88(736) tiT@*=0.14(1452) sys_evt@0=0.00(336) ipc0@0=0.00(280) wifi@0=0.32(3036) esp_timer@0=0.01(1608) ipc1@1=0.00(272) Tmr Svc@*=0.00(848) streamer@0=0.00(2440)
23:04:12.603 [status] up 81s | mic -28.5 dBFS (peak -18.7) | score max 0.00 | detections 0 | inferences 314 (31.4/s; model 0.92 ms each, paused in quiet 10%; features 1.33 ms per 30 ms) | CPU core0  0.8% core1  8.9% (wake word pipeline 8.70% of one core) | RAM used 178 KB (peak 182 KB; peak + IRAM code 236 KB of the 256 KB limit, 23 KB free) | wifi OK, server OK | mics: mix left 100% right 0% (right noise +28.5 dB), right -9 us after left (talker 3 deg to the right), 6 estimates | audio lost since boot: i2s 0 net 0
23:04:22.605 [status] up 91s | mic -29.1 dBFS (peak -17.9) | score max 0.00 | detections 0 | inferences 272 (27.2/s; model 0.91 ms each, paused in quiet 22%; features 1.31 ms per 30 ms) | CPU core0  0.7% core1  8.5% (wake word pipeline 8.27% of one core) | RAM used 178 KB (peak 182 KB; peak + IRAM code 236 KB of the 256 KB limit, 23 KB free) | wifi OK, server OK | mics: mix left 100% right 0% (right noise +28.5 dB), right -9 us after left (talker 3 deg to the right), 6 estimates | audio lost since boot: i2s 0 net 0
23:04:32.614 [status] up 101s | mic -29.4 dBFS (peak -19.8) | score max 0.00 | detections 0 | inferences 292 (29.2/s; model 0.91 ms each, paused in quiet 17%; features 1.31 ms per 30 ms) | CPU core0  0.7% core1  8.7% (wake word pipeline 8.47% of one core) | RAM used 178 KB (peak 182 KB; peak + IRAM code 236 KB of the 256 KB limit, 23 KB free) | wifi OK, server OK | mics: mix left 100% right 0% (right noise +31.0 dB), right -9 us after left (talker 3 deg to the right), 6 estimates | audio lost since boot: i2s 0 net 0
23:04:42.605 [status] up 111s | mic -28.7 dBFS (peak -18.5) | score max 0.01 | detections 0 | inferences 326 (32.6/s; model 0.92 ms each, paused in quiet 6%; features 1.33 ms per 30 ms) | CPU core0  0.8% core1  9.1% (wake word pipeline 8.86% of one core) | RAM used 178 KB (peak 182 KB; peak + IRAM code 236 KB of the 256 KB limit, 23 KB free) | wifi OK, server OK | mics: mix left 100% right 0% (right noise +28.0 dB), right -9 us after left (talker 3 deg to the right), 6 estimates | audio lost since boot: i2s 0 net 0
23:04:52.615 [status] up 121s | mic -28.5 dBFS (peak -18.4) | score max 0.00 | detections 0 | inferences 330 (33.0/s; model 0.92 ms each, paused in quiet 6%; features 1.32 ms per 30 ms) | CPU core0  1.1% core1  9.1% (wake word pipeline 8.87% of one core) | RAM used 178 KB (peak 182 KB; peak + IRAM code 236 KB of the 256 KB limit, 23 KB free) | wifi OK, server OK | mics: mix left 100% right 0% (right noise +27.7 dB), right -9 us after left (talker 3 deg to the right), 6 estimates | audio lost since boot: i2s 0 net 0
23:05:02.628 [status] up 131s | mic -28.8 dBFS (peak -17.7) | score max 0.00 | detections 0 | inferences 309 (30.9/s; model 0.92 ms each, paused in quiet 9%; features 1.36 ms per 30 ms) | CPU core0  0.7% core1  8.9% (wake word pipeline 8.68% of one core) | RAM used 178 KB (peak 182 KB; peak + IRAM code 236 KB of the 256 KB limit, 23 KB free) | wifi OK, server OK | mics: mix left 100% right 0% (right noise +29.2 dB), right -9 us after left (talker 3 deg to the right), 6 estimates | audio lost since boot: i2s 0 net 0
23:05:02.628 [tasks] % of one core (free stack): main@0=0.21(920) IDLE1@1=91.11(728) IDLE0@0=99.20(720) audio_kws@1=8.84(736) tiT@*=0.14(1452) websocket_task@*=0.19(948) ipc1@1=0.00(272) Tmr Svc@*=0.00(848) esp_timer@0=0.01(1608) wifi@0=0.30(3036) streamer@0=0.00(2440) sys_evt@0=0.00(336) ipc0@0=0.00(280)
23:05:12.609 [status] up 141s | mic -28.7 dBFS (peak -18.4) | score max 0.00 | detections 0 | inferences 330 (33.0/s; model 0.92 ms each, paused in quiet 5%; features 1.33 ms per 30 ms) | CPU core0  0.8% core1  9.1% (wake word pipeline 8.87% of one core) | RAM used 178 KB (peak 182 KB; peak + IRAM code 236 KB of the 256 KB limit, 23 KB free) | wifi OK, server OK | mics: mix left 100% right 0% (right noise +26.0 dB), right -9 us after left (talker 3 deg to the right), 6 estimates | audio lost since boot: i2s 0 net 0
23:05:22.621 [status] up 151s | mic -28.9 dBFS (peak -18.1) | score max 0.00 | detections 0 | inferences 333 (33.3/s; model 0.93 ms each, paused in quiet 0%; features 1.40 ms per 30 ms) | CPU core0  1.1% core1  9.2% (wake word pipeline 8.97% of one core) | RAM used 178 KB (peak 182 KB; peak + IRAM code 236 KB of the 256 KB limit, 23 KB free) | wifi OK, server OK | mics: mix left 100% right 0% (right noise +29.0 dB), right -9 us after left (talker 3 deg to the right), 6 estimates | audio lost since boot: i2s 0 net 0
23:05:32.625 [status] up 161s | mic -26.8 dBFS (peak -15.1) | score max 0.00 | detections 0 | inferences 334 (33.4/s; model 0.93 ms each, paused in quiet 1%; features 1.38 ms per 30 ms) | CPU core0  0.7% core1  9.2% (wake word pipeline 8.97% of one core) | RAM used 178 KB (peak 182 KB; peak + IRAM code 236 KB of the 256 KB limit, 23 KB free) | wifi OK, server OK | mics: mix left 100% right 0% (right noise +29.4 dB), right -9 us after left (talker 3 deg to the right), 6 estimates | audio lost since boot: i2s 0 net 0
23:05:42.616 [status] up 171s | mic -28.2 dBFS (peak -17.5) | score max 0.00 | detections 0 | inferences 284 (28.4/s; model 0.92 ms each, paused in quiet 15%; features 1.38 ms per 30 ms) | CPU core0  0.7% core1  8.7% (wake word pipeline 8.42% of one core) | RAM used 178 KB (peak 182 KB; peak + IRAM code 236 KB of the 256 KB limit, 23 KB free) | wifi OK, server OK | mics: mix left 100% right 0% (right noise +30.3 dB), right -9 us after left (talker 3 deg to the right), 6 estimates | audio lost since boot: i2s 0 net 0
23:05:52.615 [status] up 181s | mic -28.8 dBFS (peak -20.4) | score max 0.00 | detections 0 | inferences 285 (28.5/s; model 0.91 ms each, paused in quiet 21%; features 1.28 ms per 30 ms) | CPU core0  0.7% core1  8.7% (wake word pipeline 8.40% of one core) | RAM used 178 KB (peak 183 KB; peak + IRAM code 237 KB of the 256 KB limit, 23 KB free) | wifi OK, server OK | mics: mix left 100% right 0% (right noise +30.3 dB), right -9 us after left (talker 3 deg to the right), 6 estimates | audio lost since boot: i2s 0 net 0
23:06:02.652 [status] up 191s | mic -29.8 dBFS (peak -21.0) | score max 0.00 | detections 0 | inferences 242 (24.2/s; model 0.92 ms each, paused in quiet 31%; features 1.31 ms per 30 ms) | CPU core0  0.7% core1  8.2% (wake word pipeline 8.00% of one core) | RAM used 178 KB (peak 183 KB; peak + IRAM code 237 KB of the 256 KB limit, 23 KB free) | wifi OK, server OK | mics: mix left 100% right 0% (right noise +29.4 dB), right -9 us after left (talker 3 deg to the right), 6 estimates | audio lost since boot: i2s 0 net 0
23:06:02.653 [tasks] % of one core (free stack): main@0=0.22(920) IDLE1@1=91.15(728) IDLE0@0=99.19(720) websocket_task@*=0.19(948) audio_kws@1=8.80(736) tiT@*=0.14(1452) streamer@0=0.00(2440) sys_evt@0=0.00(336) esp_timer@0=0.01(1608) ipc0@0=0.00(280) wifi@0=0.31(3036) ipc1@1=0.00(272) Tmr Svc@*=0.00(848)
23:06:12.629 [status] up 201s | mic -28.9 dBFS (peak -18.4) | score max 0.03 | detections 0 | inferences 331 (33.1/s; model 0.92 ms each, paused in quiet 6%; features 1.32 ms per 30 ms) | CPU core0  0.8% core1  9.1% (wake word pipeline 8.87% of one core) | RAM used 178 KB (peak 183 KB; peak + IRAM code 237 KB of the 256 KB limit, 23 KB free) | wifi OK, server OK | mics: mix left 100% right 0% (right noise +29.7 dB), right -9 us after left (talker 3 deg to the right), 6 estimates | audio lost since boot: i2s 0 net 0
23:06:22.635 [status] up 211s | mic -28.8 dBFS (peak -17.1) | score max 0.00 | detections 0 | inferences 333 (33.3/s; model 0.92 ms each, paused in quiet 1%; features 1.38 ms per 30 ms) | CPU core0  1.1% core1  9.2% (wake word pipeline 8.93% of one core) | RAM used 178 KB (peak 183 KB; peak + IRAM code 237 KB of the 256 KB limit, 23 KB free) | wifi OK, server OK | mics: mix left 100% right 0% (right noise +27.7 dB), right -9 us after left (talker 3 deg to the right), 6 estimates | audio lost since boot: i2s 0 net 0
23:06:32.635 [status] up 221s | mic -28.9 dBFS (peak -16.6) | score max 0.01 | detections 0 | inferences 311 (31.1/s; model 0.92 ms each, paused in quiet 11%; features 1.32 ms per 30 ms) | CPU core0  0.7% core1  8.9% (wake word pipeline 8.68% of one core) | RAM used 178 KB (peak 183 KB; peak + IRAM code 237 KB of the 256 KB limit, 23 KB free) | wifi OK, server OK | mics: mix left 100% right 0% (right noise +27.6 dB), right -9 us after left (talker 3 deg to the right), 6 estimates | audio lost since boot: i2s 0 net 0
23:06:42.636 [status] up 231s | mic -29.7 dBFS (peak -19.5) | score max 0.00 | detections 0 | inferences 307 (30.7/s; model 0.91 ms each, paused in quiet 10%; features 1.35 ms per 30 ms) | CPU core0  0.7% core1  8.9% (wake word pipeline 8.64% of one core) | RAM used 178 KB (peak 183 KB; peak + IRAM code 237 KB of the 256 KB limit, 23 KB free) | wifi OK, server OK | mics: mix left 100% right 0% (right noise +28.9 dB), right -9 us after left (talker 3 deg to the right), 6 estimates | audio lost since boot: i2s 0 net 0
23:06:52.641 [status] up 241s | mic -26.3 dBFS (peak -15.7) | score max 0.00 | detections 0 | inferences 333 (33.3/s; model 0.93 ms each, paused in quiet 0%; features 1.40 ms per 30 ms) | CPU core0  0.8% core1  9.2% (wake word pipeline 8.97% of one core) | RAM used 178 KB (peak 183 KB; peak + IRAM code 237 KB of the 256 KB limit, 23 KB free) | wifi OK, server OK | mics: mix left 100% right 0% (right noise +26.8 dB), right -9 us after left (talker 3 deg to the right), 6 estimates | audio lost since boot: i2s 0 net 0
23:07:02.658 [status] up 251s | mic -23.5 dBFS (peak -12.2) | score max 0.00 | detections 0 | inferences 333 (33.3/s; model 0.92 ms each, paused in quiet 0%; features 1.40 ms per 30 ms) | CPU core0  0.7% core1  9.2% (wake word pipeline 8.97% of one core) | RAM used 178 KB (peak 183 KB; peak + IRAM code 237 KB of the 256 KB limit, 23 KB free) | wifi OK, server OK | mics: mix left 100% right 0% (right noise +27.9 dB), right -9 us after left (talker 3 deg to the right), 6 estimates | audio lost since boot: i2s 0 net 0
23:07:02.659 [tasks] % of one core (free stack): main@0=0.22(920) IDLE1@1=90.89(728) IDLE0@0=99.19(720) websocket_task@*=0.19(948) audio_kws@1=9.05(736) tiT@*=0.14(1452) ipc0@0=0.00(280) ipc1@1=0.00(272) esp_timer@0=0.01(1608) Tmr Svc@*=0.00(848) wifi@0=0.31(3036) streamer@0=0.00(2440) sys_evt@0=0.00(336)
23:07:12.650 [status] up 261s | mic -28.8 dBFS (peak -18.0) | score max 0.00 | detections 0 | inferences 285 (28.5/s; model 0.91 ms each, paused in quiet 17%; features 1.35 ms per 30 ms) | CPU core0  0.8% core1  8.7% (wake word pipeline 8.42% of one core) | RAM used 178 KB (peak 183 KB; peak + IRAM code 237 KB of the 256 KB limit, 23 KB free) | wifi OK, server OK | mics: mix left 100% right 0% (right noise +28.1 dB), right -9 us after left (talker 3 deg to the right), 6 estimates | audio lost since boot: i2s 0 net 0
23:07:22.647 [status] up 271s | mic -29.6 dBFS (peak -19.9) | score max 0.00 | detections 0 | inferences 325 (32.5/s; model 0.92 ms each, paused in quiet 5%; features 1.35 ms per 30 ms) | CPU core0  0.7% core1  9.1% (wake word pipeline 8.81% of one core) | RAM used 178 KB (peak 183 KB; peak + IRAM code 237 KB of the 256 KB limit, 23 KB free) | wifi OK, server OK | mics: mix left 100% right 0% (right noise +28.5 dB), right -9 us after left (talker 3 deg to the right), 6 estimates | audio lost since boot: i2s 0 net 0
23:07:32.643 [status] up 281s | mic -29.6 dBFS (peak -18.0) | score max 0.00 | detections 0 | inferences 311 (31.1/s; model 0.92 ms each, paused in quiet 11%; features 1.33 ms per 30 ms) | CPU core0  1.0% core1  9.0% (wake word pipeline 8.70% of one core) | RAM used 178 KB (peak 183 KB; peak + IRAM code 237 KB of the 256 KB limit, 23 KB free) | wifi OK, server OK | mics: mix left 100% right 0% (right noise +28.7 dB), right -9 us after left (talker 3 deg to the right), 6 estimates | audio lost since boot: i2s 0 net 0
23:07:33.984 I (282882) wake_word: score event: peak 0.27 over 150 ms -> not detected (below threshold or in cool-down)
23:07:42.650 [status] up 291s | mic -28.9 dBFS (peak -18.3) | score max 0.27 | detections 0 | inferences 333 (33.3/s; model 0.92 ms each, paused in quiet 2%; features 1.37 ms per 30 ms) | CPU core0  0.8% core1  9.2% (wake word pipeline 8.95% of one core) | RAM used 178 KB (peak 183 KB; peak + IRAM code 237 KB of the 256 KB limit, 23 KB free) | wifi OK, server OK | mics: mix left 100% right 0% (right noise +29.1 dB), right -9 us after left (talker 3 deg to the right), 6 estimates | audio lost since boot: i2s 0 net 0
23:07:52.652 [status] up 301s | mic -28.3 dBFS (peak -17.1) | score max 0.00 | detections 0 | inferences 333 (33.3/s; model 0.93 ms each, paused in quiet 0%; features 1.40 ms per 30 ms) | CPU core0  0.8% core1  9.2% (wake word pipeline 8.97% of one core) | RAM used 178 KB (peak 183 KB; peak + IRAM code 237 KB of the 256 KB limit, 23 KB free) | wifi OK, server OK | mics: mix left 100% right 0% (right noise +27.6 dB), right -9 us after left (talker 3 deg to the right), 6 estimates | audio lost since boot: i2s 0 net 0
23:08:02.680 [status] up 311s | mic -29.0 dBFS (peak -19.0) | score max 0.00 | detections 0 | inferences 316 (31.6/s; model 0.92 ms each, paused in quiet 11%; features 1.30 ms per 30 ms) | CPU core0  0.8% core1  9.0% (wake word pipeline 8.78% of one core) | RAM used 178 KB (peak 183 KB; peak + IRAM code 237 KB of the 256 KB limit, 23 KB free) | wifi OK, server OK | mics: mix left 100% right 0% (right noise +28.1 dB), right -9 us after left (talker 3 deg to the right), 6 estimates | audio lost since boot: i2s 0 net 0
23:08:02.680 [tasks] % of one core (free stack): main@0=0.21(920) IDLE1@1=90.98(728) IDLE0@0=99.19(720) audio_kws@1=8.97(736) tiT@*=0.14(1452) websocket_task@*=0.19(948) Tmr Svc@*=0.00(848) streamer@0=0.00(2440) esp_timer@0=0.01(1608) sys_evt@0=0.00(336) wifi@0=0.32(3036) ipc0@0=0.00(280) ipc1@1=0.00(272)
23:08:12.658 [status] up 321s | mic -29.1 dBFS (peak -17.8) | score max 0.02 | detections 0 | inferences 334 (33.4/s; model 0.92 ms each, paused in quiet 0%; features 1.39 ms per 30 ms) | CPU core0  0.8% core1  9.2% (wake word pipeline 8.97% of one core) | RAM used 178 KB (peak 183 KB; peak + IRAM code 237 KB of the 256 KB limit, 23 KB free) | wifi OK, server OK | mics: mix left 100% right 0% (right noise +28.4 dB), right -9 us after left (talker 3 deg to the right), 6 estimates | audio lost since boot: i2s 0 net 0
23:08:22.648 [status] up 331s | mic -28.2 dBFS (peak -16.0) | score max 0.00 | detections 0 | inferences 333 (33.3/s; model 0.92 ms each, paused in quiet 1%; features 1.38 ms per 30 ms) | CPU core0  1.1% core1  9.2% (wake word pipeline 8.92% of one core) | RAM used 178 KB (peak 183 KB; peak + IRAM code 237 KB of the 256 KB limit, 23 KB free) | wifi OK, server OK | mics: mix left 100% right 0% (right noise +28.2 dB), right -9 us after left (talker 3 deg to the right), 6 estimates | audio lost since boot: i2s 0 net 0
23:08:32.646 [status] up 341s | mic -27.8 dBFS (peak -17.6) | score max 0.00 | detections 0 | inferences 333 (33.3/s; model 0.92 ms each, paused in quiet 2%; features 1.37 ms per 30 ms) | CPU core0  0.8% core1  9.2% (wake word pipeline 8.94% of one core) | RAM used 178 KB (peak 183 KB; peak + IRAM code 237 KB of the 256 KB limit, 23 KB free) | wifi OK, server OK | mics: mix left 100% right 0% (right noise +25.9 dB), right -9 us after left (talker 3 deg to the right), 6 estimates | audio lost since boot: i2s 0 net 0
23:08:42.659 [status] up 351s | mic -27.7 dBFS (peak -20.9) | score max 0.00 | detections 0 | inferences 333 (33.3/s; model 0.92 ms each, paused in quiet 0%; features 1.40 ms per 30 ms) | CPU core0  0.8% core1  9.2% (wake word pipeline 8.94% of one core) | RAM used 178 KB (peak 183 KB; peak + IRAM code 237 KB of the 256 KB limit, 23 KB free) | wifi OK, server OK | mics: mix left 100% right 0% (right noise +29.5 dB), right -9 us after left (talker 3 deg to the right), 6 estimates | audio lost since boot: i2s 0 net 0
23:08:52.658 [status] up 361s | mic -26.2 dBFS (peak -17.1) | score max 0.00 | detections 0 | inferences 334 (33.4/s; model 0.92 ms each, paused in quiet 0%; features 1.40 ms per 30 ms) | CPU core0  0.8% core1  9.2% (wake word pipeline 8.96% of one core) | RAM used 178 KB (peak 183 KB; peak + IRAM code 237 KB of the 256 KB limit, 23 KB free) | wifi OK, server OK | mics: mix left 100% right 0% (right noise +27.5 dB), right -9 us after left (talker 3 deg to the right), 6 estimates | audio lost since boot: i2s 0 net 0
23:09:02.686 [status] up 371s | mic -28.3 dBFS (peak -18.1) | score max 0.00 | detections 0 | inferences 333 (33.3/s; model 0.92 ms each, paused in quiet 2%; features 1.36 ms per 30 ms) | CPU core0  1.1% core1  9.2% (wake word pipeline 8.92% of one core) | RAM used 178 KB (peak 183 KB; peak + IRAM code 237 KB of the 256 KB limit, 23 KB free) | wifi OK, server OK | mics: mix left 100% right 0% (right noise +29.5 dB), right -9 us after left (talker 3 deg to the right), 6 estimates | audio lost since boot: i2s 0 net 0
23:09:02.687 [tasks] % of one core (free stack): main@0=0.27(920) IDLE1@1=90.80(728) IDLE0@0=99.06(720) websocket_task@*=0.19(948) audio_kws@1=9.14(736) tiT@*=0.14(1452) sys_evt@0=0.00(336) ipc0@0=0.00(280) esp_timer@0=0.01(1608) ipc1@1=0.00(272) wifi@0=0.32(3036) Tmr Svc@*=0.00(848) streamer@0=0.00(2440)
23:09:12.664 [status] up 381s | mic -27.1 dBFS (peak -16.4) | score max 0.01 | detections 0 | inferences 333 (33.3/s; model 0.93 ms each, paused in quiet 2%; features 1.36 ms per 30 ms) | CPU core0  1.4% core1  9.2% (wake word pipeline 8.96% of one core) | RAM used 178 KB (peak 183 KB; peak + IRAM code 237 KB of the 256 KB limit, 23 KB free) | wifi OK, server OK | mics: mix left 100% right 0% (right noise +27.9 dB), right -9 us after left (talker 3 deg to the right), 6 estimates | audio lost since boot: i2s 0 net 0
23:09:22.666 [status] up 391s | mic -27.1 dBFS (peak -15.7) | score max 0.00 | detections 0 | inferences 333 (33.3/s; model 0.92 ms each, paused in quiet 2%; features 1.37 ms per 30 ms) | CPU core0  0.7% core1  9.2% (wake word pipeline 8.92% of one core) | RAM used 178 KB (peak 183 KB; peak + IRAM code 237 KB of the 256 KB limit, 22 KB free) | wifi OK, server OK | mics: mix left 100% right 0% (right noise +28.4 dB), right -9 us after left (talker 3 deg to the right), 6 estimates | audio lost since boot: i2s 0 net 0
23:09:32.671 [status] up 401s | mic -27.3 dBFS (peak -18.5) | score max 0.00 | detections 0 | inferences 333 (33.3/s; model 0.92 ms each, paused in quiet 0%; features 1.39 ms per 30 ms) | CPU core0  1.1% core1  9.2% (wake word pipeline 8.91% of one core) | RAM used 179 KB (peak 183 KB; peak + IRAM code 237 KB of the 256 KB limit, 22 KB free) | wifi OK, server OK | mics: mix left 100% right 0% (right noise +28.0 dB), right -9 us after left (talker 3 deg to the right), 6 estimates | audio lost since boot: i2s 0 net 0
23:09:42.168 I (411077) wifi:[ADDBA]RX DELBA, reason:37, delete tid:0, initiator:1(originator)
23:09:42.666 [status] up 411s | mic -27.2 dBFS (peak -15.7) | score max 0.00 | detections 0 | inferences 333 (33.3/s; model 0.92 ms each, paused in quiet 0%; features 1.39 ms per 30 ms) | CPU core0  0.7% core1  9.2% (wake word pipeline 8.92% of one core) | RAM used 179 KB (peak 183 KB; peak + IRAM code 237 KB of the 256 KB limit, 22 KB free) | wifi OK, server OK | mics: mix left 100% right 0% (right noise +28.6 dB), right -9 us after left (talker 3 deg to the right), 6 estimates | audio lost since boot: i2s 0 net 0
23:09:52.667 [status] up 421s | mic -29.1 dBFS (peak -18.8) | score max 0.00 | detections 0 | inferences 323 (32.4/s; model 0.92 ms each, paused in quiet 5%; features 1.37 ms per 30 ms) | CPU core0  0.8% core1  9.1% (wake word pipeline 8.82% of one core) | RAM used 179 KB (peak 183 KB; peak + IRAM code 237 KB of the 256 KB limit, 22 KB free) | wifi OK, server OK | mics: mix left 100% right 0% (right noise +28.7 dB), right -9 us after left (talker 3 deg to the right), 6 estimates | audio lost since boot: i2s 0 net 0
23:09:53.949 I (422853) wifi:[ADDBA]RX DELBA, reason:37, delete tid:0, initiator:1(originator)
23:10:02.698 [status] up 431s | mic -28.9 dBFS (peak -17.0) | score max 0.00 | detections 0 | inferences 281 (28.1/s; model 0.92 ms each, paused in quiet 18%; features 1.35 ms per 30 ms) | CPU core0  0.8% core1  8.6% (wake word pipeline 8.39% of one core) | RAM used 179 KB (peak 183 KB; peak + IRAM code 237 KB of the 256 KB limit, 22 KB free) | wifi OK, server OK | mics: mix left 100% right 0% (right noise +29.4 dB), right -9 us after left (talker 3 deg to the right), 6 estimates | audio lost since boot: i2s 0 net 0
23:10:02.699 [tasks] % of one core (free stack): main@0=0.32(920) IDLE1@1=90.93(728) IDLE0@0=99.15(720) websocket_task@*=0.19(948) audio_kws@1=9.01(736) tiT@*=0.14(1452) ipc1@1=0.00(272) Tmr Svc@*=0.00(848) esp_timer@0=0.01(1608) streamer@0=0.00(2440) wifi@0=0.31(3036) sys_evt@0=0.00(336) ipc0@0=0.00(280)
