19:15:42.329 ESP-ROM:esp32s3-20210327
19:15:42.330 Build:Mar 27 2021
19:15:42.330 rst:0x1 (POWERON),boot:0x8 (SPI_FAST_FLASH_BOOT)
19:15:42.330 SPIWP:0xee
19:15:42.330 mode:DIO, clock div:1
19:15:42.330 load:0x3fce2820,len:0x1668
19:15:42.330 load:0x403c8700,len:0xec0
19:15:42.330 load:0x403cb700,len:0x3178
19:15:42.330 entry 0x403c894c
19:15:42.330 I (24) boot: ESP-IDF v5.5.5 2nd stage bootloader
19:15:42.330 I (25) boot: compile time Sep 27 2026 18:23:27
19:15:42.330 I (25) boot: Multicore bootloader
19:15:42.330 I (25) boot: chip revision: v0.2
19:15:42.330 I (28) boot: efuse block revision: v1.4
19:15:42.331 I (31) qio_mode: Enabling default flash chip QIO
19:15:42.332 I (36) boot.esp32s3: Boot SPI Speed : 80MHz
19:15:42.334 I (40) boot.esp32s3: SPI Mode       : QIO
19:15:42.334 I (43) boot.esp32s3: SPI Flash Size : 4MB
19:15:42.335 I (47) boot: Enabling RNG early entropy source...
19:15:42.335 I (52) boot: Partition Table:
19:15:42.335 I (54) boot: ## Label            Usage          Type ST Offset   Length
19:15:42.335 I (60) boot:  0 nvs              WiFi data        01 02 00009000 00006000
19:15:42.335 I (67) boot:  1 phy_init         RF data          01 01 0000f000 00001000
19:15:42.335 I (73) boot:  2 factory          factory app      00 00 00010000 00177000
19:15:42.335 I (80) boot: End of partition table
19:15:42.335 I (83) esp_image: segment 0: paddr=00010020 vaddr=3c0e0020 size=36e50h (224848) map
19:15:42.335 I (126) esp_image: segment 1: paddr=00046e78 vaddr=3fc9ff00 size=050cch ( 20684) load
19:15:42.336 I (130) esp_image: segment 2: paddr=0004bf4c vaddr=40378000 size=040cch ( 16588) load
19:15:42.336 I (133) esp_image: segment 3: paddr=00050020 vaddr=42000020 size=dbe50h (900688) map
19:15:42.336 I (276) esp_image: segment 4: paddr=0012be78 vaddr=4037c0cc size=13d30h ( 81200) load
19:15:42.336 I (292) esp_image: segment 5: paddr=0013fbb0 vaddr=50000000 size=00020h (    32) load
19:15:42.336 I (302) boot: Loaded app from partition at offset 0x10000
19:15:42.336 I (302) boot: Disabling RNG early entropy source...
19:15:42.336 I (312) cpu_start: Multicore app
19:15:42.336 I (321) cpu_start: GPIO 44 and 43 are used as console UART I/O pins
19:15:42.336 I (321) cpu_start: Pro cpu start user code
19:15:42.336 I (321) cpu_start: cpu freq: 240000000 Hz
19:15:42.336 I (323) app_init: Application information:
19:15:42.336 I (327) app_init: Project name:     kws_s3
19:15:42.336 I (331) app_init: App version:      aeffe49-dirty
19:15:42.336 I (335) app_init: Compile time:     Sep 28 2026 19:13:47
19:15:42.337 I (340) app_init: ELF file SHA256:  76ccca392...
19:15:42.337 I (345) app_init: ESP-IDF:          v5.5.5
19:15:42.337 I (348) efuse_init: Min chip rev:     v0.0
19:15:42.337 I (352) efuse_init: Max chip rev:     v0.99
19:15:42.337 I (356) efuse_init: Chip rev:         v0.2
19:15:42.337 I (360) heap_init: Initializing. RAM available for dynamic allocation:
19:15:42.337 I (366) heap_init: At 3FCABC00 len 0003DB10 (246 KiB): RAM
19:15:42.337 I (371) heap_init: At 3FCE9710 len 00005724 (21 KiB): RAM
19:15:42.337 I (377) heap_init: At 600FE000 len 00001FE8 (7 KiB): RTCRAM
19:15:42.337 I (383) spi_flash: detected chip: boya
19:15:42.337 I (385) spi_flash: flash io: qio
19:15:42.337 W (388) spi_flash: Detected size(16384k) larger than the size in the binary image header(4096k). Using the size in the binary image header.
19:15:42.337 I (401) sleep_gpio: Configure to isolate all GPIO pins in sleep state
19:15:42.338 I (407) sleep_gpio: Enable automatic switching of GPIO sleep configuration
19:15:42.338 I (414) main_task: Started on CPU0
19:15:42.338 I (432) main_task: Calling app_main()
19:15:42.338 
19:15:42.338 ==================== SIH KWS firmware ====================
19:15:42.338  chip      : esp32s3 rev v0.2, 2 cores, flash 4 MB
19:15:42.338  ESP-IDF   : v5.5.5
19:15:42.340  RAM       : 47 KB static data, 247 KB heap free (code in IRAM: 95 KB, not counted)
19:15:42.340  model     : marvin.tflite (60896 bytes, stored in flash)
19:15:42.340 ===========================================================
19:15:42.340 
19:15:42.340 [heap] start of app_main            253824 B free (of 283164 B)
19:15:42.340 [heap] NVS                          took   3072 B, 250752 B free
19:15:42.340 I (497) kws: model ready: wake word "marvin", threshold 0.50 (json), window 5, input 3x40 int8
19:15:42.340 I (499) kws: model RAM: tensor arena 25580 of 30000 bytes used; engine total 41 KB of heap
19:15:42.578 
19:15:42.578 ------------------------ SELF-TEST ------------------------
19:15:42.578  noise only (3 s)   : PASS - stayed quiet  (highest score 0.01, threshold 0.50)
19:15:42.578  wake word recording: skipped - no WAV file in the model folder (optional)
19:15:42.578 -----------------------------------------------------------
19:15:42.578 
19:15:42.578 [heap] model + features + self-test took  42836 B, 207916 B free
19:15:42.578 I (740) audio: I2S running: 16 kHz, 32-bit slots, both channels, SCK=16 WS=15 SD=17, gain x1
19:15:43.340 I (1242) kws: microphones: left (L/R to GND) -19.7 dBFS, right (L/R to 3V3) -19.5 dBFS, similarity 0.42 -> using both (average)
19:15:43.340 [heap] I2S + ring + audio task      took  53620 B, 154296 B free
19:15:43.341 I (1254) kws: listening for "marvin" ...
19:15:43.341 I (1256) pp: pp rom version: e7ae62f
19:15:43.341 I (1260) net80211: net80211 rom version: e7ae62f
19:15:43.341 I (1267) wifi:wifi driver task: 3fcca7ac, prio:23, stack:6656, core=0
19:15:43.341 I (1277) wifi:wifi firmware version: b9f67df
19:15:43.341 I (1278) wifi:wifi certification version: v7.0
19:15:43.341 I (1279) wifi:config NVS flash: enabled
19:15:43.341 I (1283) wifi:config nano formatting: disabled
19:15:43.341 I (1284) wifi:Init data frame dynamic rx buffer num: 16
19:15:43.341 I (1289) wifi:Init static rx mgmt buffer num: 5
19:15:43.341 I (1294) wifi:Init management short buffer num: 32
19:15:43.341 I (1300) wifi:Init dynamic tx buffer num: 16
19:15:43.341 I (1305) wifi:Init static tx FG buffer num: 2
19:15:43.341 I (1306) wifi:Init static rx buffer size: 1600
19:15:43.341 I (1311) wifi:Init static rx buffer num: 6
19:15:43.341 I (1316) wifi:Init dynamic rx buffer num: 16
19:15:43.341 I (1322) wifi_init: accept mbox: 6
19:15:43.341 I (1323) wifi_init: tcpip mbox: 32
19:15:43.342 I (1328) wifi_init: udp mbox: 6
19:15:43.342 I (1328) wifi_init: tcp mbox: 6
19:15:43.342 I (1333) wifi_init: tcp tx win: 5760
19:15:43.342 I (1333) wifi_init: tcp rx win: 5760
19:15:43.342 I (1339) wifi_init: tcp mss: 1440
19:15:43.342 I (1339) wifi_init: WiFi IRAM OP enabled
19:15:43.342 I (1344) wifi_init: WiFi RX IRAM OP enabled
19:15:43.342 I (1350) phy_init: phy_version 712,87e8c20e,Apr 13 2026,18:51:10
19:15:43.342 I (1387) phy_init: Saving new calibration data due to checksum failure or outdated calibration data, mode(0)
19:15:43.342 I (1396) wifi:mode : sta (e0:72:a1:d5:32:74)
19:15:43.342 I (1397) wifi:enable tsf
19:15:43.343 I (1399) wifi:Set ps type: 0, coexist: 0
19:15:43.343 
19:15:43.343 I (1400) wifi: connecting to "ARYA 9252" ...
19:15:43.343 [heap] Wi-Fi driver + netif         took  42500 B, 111796 B free
19:15:43.343 W (1410) stream: cannot reach the server ws://192.168.137.1:3000/ws (is it running? same network?) - retrying every second
19:15:43.343 [heap] WebSocket client + streamer  took  13936 B,  97860 B free
19:15:43.343 I (1518) wifi:state: init -> auth (0xb0)
19:15:44.357 I (2519) wifi:state: auth -> init (0x200)
19:15:44.357 W (2521) wifi: cannot connect (reason 2). Check the name/password in menuconfig; the ESP32 needs a 2.4 GHz network (201 = network not found, 15/204 = wrong password)
19:15:46.699 I (4884) wifi:state: init -> auth (0xb0)
19:15:47.709 I (5885) wifi:state: auth -> init (0x200)
19:15:50.000 I (8178) wifi:state: init -> auth (0xb0)
19:15:50.995 I (9179) wifi:state: auth -> init (0x200)
19:15:53.437 [status] up 11s | mic -40.0 dBFS (peak -33.3) | score max 0.02 | detections 0 | inferences 118 (11.8/s; model 1.12 ms each, paused in quiet 66%; features 1.35 ms per 30 ms) | CPU core0 -1.0% core1 -1.0% (wake word pipeline 6.71% of one core) | RAM used 228 KB (peak 228 KB, 95 KB free) | wifi --, server -- | audio lost since boot: i2s 0 net 0
19:15:53.438 [tasks] % of one core (free stack): main@0=-1.00(1960) IDLE1@1=-1.00(728) IDLE0@0=-1.00(720) audio_kws@1=-1.00(1344) tiT@*=-1.00(2452) websocket_task@*=-1.00(1456) ipc1@1=-1.00(528) streamer@0=-1.00(2948) sys_evt@0=-1.00(428) wifi@0=-1.00(3240) esp_timer@0=-1.00(3144) ipc0@0=-1.00(536) Tmr Svc@*=-1.00(1360)
19:15:53.438 I (11535) wifi:state: init -> auth (0xb0)
19:15:53.438 I (11547) wifi:state: auth -> assoc (0x0)
19:15:53.438 I (11552) wifi:state: assoc -> run (0x10)
19:15:53.438 I (11574) wifi:connected with ARYA 9252, aid = 8, channel 1, BW20, bssid = 9a:5f:41:45:73:c9
19:15:53.438 I (11576) wifi:security: WPA2-PSK, phy: bgn, rssi: -14, cipher(pairwise:0x3, group:0x3), pmf:0
19:15:53.438 I (11585) wifi:pm start, type: 0
19:15:53.438 
19:15:53.438 I (11585) wifi:dp: 1, bi: 102400, li: 3, scale listen interval from 307200 us to 307200 us
19:15:53.438 I (11596) wifi:set rx beacon pti, rx_bcn_pti: 0, bcn_timeout: 25000, mt_pti: 0, mt_time: 10000
19:15:53.438 I (11609) wifi:AP's beacon interval = 102400 us, DTIM period = 3
19:15:54.462 I (12632) esp_netif_handlers: sta ip: 192.168.137.145, mask: 255.255.255.0, gw: 192.168.137.1
19:15:54.463 I (12633) wifi: connected, IP address 192.168.137.145
19:15:55.272 I (13454) stream: connected to the server ws://192.168.137.1:3000/ws
19:15:55.677 I (13853) wifi:[ADDBA]RX DELBA, reason:37, delete tid:0, initiator:1(originator)
19:16:03.290 [status] up 21s | mic -39.9 dBFS (peak -36.0) | score max 0.00 | detections 0 | inferences 0 (0.0/s; model 0.00 ms each, paused in quiet 100%; features 1.36 ms per 30 ms) | CPU core0  1.5% core1  5.4% (wake word pipeline 5.21% of one core) | RAM used 229 KB (peak 233 KB, 94 KB free) | wifi OK, server OK | audio lost since boot: i2s 0 net 0
19:16:13.289 [status] up 31s | mic -39.6 dBFS (peak -36.0) | score max 0.00 | detections 0 | inferences 0 (0.0/s; model 0.00 ms each, paused in quiet 100%; features 1.36 ms per 30 ms) | CPU core0  0.6% core1  5.4% (wake word pipeline 5.19% of one core) | RAM used 229 KB (peak 233 KB, 94 KB free) | wifi OK, server OK | audio lost since boot: i2s 0 net 0
19:16:23.295 [status] up 41s | mic -38.7 dBFS (peak -34.1) | score max 0.00 | detections 0 | inferences 124 (12.4/s; model 1.07 ms each, paused in quiet 65%; features 1.31 ms per 30 ms) | CPU core0  0.5% core1  6.8% (wake word pipeline 6.60% of one core) | RAM used 229 KB (peak 233 KB, 94 KB free) | wifi OK, server OK | audio lost since boot: i2s 0 net 0
19:16:33.285 [status] up 51s | mic -39.4 dBFS (peak -33.4) | score max 0.00 | detections 0 | inferences 113 (11.3/s; model 1.04 ms each, paused in quiet 67%; features 1.34 ms per 30 ms) | CPU core0  0.5% core1  6.6% (wake word pipeline 6.43% of one core) | RAM used 229 KB (peak 233 KB, 94 KB free) | wifi OK, server OK | audio lost since boot: i2s 0 net 0
19:16:43.300 [status] up 61s | mic -39.8 dBFS (peak -36.3) | score max 0.00 | detections 0 | inferences 0 (0.0/s; model 0.00 ms each, paused in quiet 100%; features 1.36 ms per 30 ms) | CPU core0  0.7% core1  5.3% (wake word pipeline 5.18% of one core) | RAM used 229 KB (peak 233 KB, 94 KB free) | wifi OK, server OK | audio lost since boot: i2s 0 net 0
19:16:53.326 [status] up 71s | mic -39.7 dBFS (peak -35.4) | score max 0.00 | detections 0 | inferences 0 (0.0/s; model 0.00 ms each, paused in quiet 100%; features 1.36 ms per 30 ms) | CPU core0  0.5% core1  5.3% (wake word pipeline 5.18% of one core) | RAM used 229 KB (peak 233 KB, 94 KB free) | wifi OK, server OK | audio lost since boot: i2s 0 net 0
19:16:53.326 [tasks] % of one core (free stack): main@0=0.25(1960) IDLE1@1=94.21(728) IDLE0@0=99.32(720) audio_kws@1=5.76(1344) tiT@*=0.08(1956) websocket_task@*=0.15(1456) ipc0@0=0.00(536) sys_evt@0=0.01(348) esp_timer@0=0.01(3144) wifi@0=0.24(3240) Tmr Svc@*=0.00(1360) ipc1@1=0.00(528) streamer@0=0.00(2948)
19:17:03.308 [status] up 81s | mic -39.8 dBFS (peak -32.4) | score max 0.00 | detections 0 | inferences 66 (6.6/s; model 1.07 ms each, paused in quiet 81%; features 1.33 ms per 30 ms) | CPU core0  0.5% core1  6.1% (wake word pipeline 5.93% of one core) | RAM used 229 KB (peak 233 KB, 93 KB free) | wifi OK, server OK | audio lost since boot: i2s 0 net 0
19:17:13.297 [status] up 91s | mic -38.9 dBFS (peak -35.2) | score max 0.00 | detections 0 | inferences 0 (0.0/s; model 0.00 ms each, paused in quiet 100%; features 1.36 ms per 30 ms) | CPU core0  0.7% core1  5.3% (wake word pipeline 5.19% of one core) | RAM used 229 KB (peak 233 KB, 93 KB free) | wifi OK, server OK | audio lost since boot: i2s 0 net 0
19:17:23.309 [status] up 101s | mic -39.3 dBFS (peak -35.3) | score max 0.00 | detections 0 | inferences 0 (0.0/s; model 0.00 ms each, paused in quiet 100%; features 1.36 ms per 30 ms) | CPU core0  0.5% core1  5.4% (wake word pipeline 5.20% of one core) | RAM used 229 KB (peak 233 KB, 93 KB free) | wifi OK, server OK | audio lost since boot: i2s 0 net 0
19:17:33.306 [status] up 111s | mic -38.8 dBFS (peak -29.3) | score max 0.03 | detections 0 | inferences 75 (7.5/s; model 1.05 ms each, paused in quiet 78%; features 1.33 ms per 30 ms) | CPU core0  0.5% core1  6.2% (wake word pipeline 6.02% of one core) | RAM used 229 KB (peak 233 KB, 93 KB free) | wifi OK, server OK | audio lost since boot: i2s 0 net 0
19:17:35.209 I (113389) wifi:[ADDBA]RX DELBA, reason:37, delete tid:0, initiator:1(originator)
19:17:42.687 I (120865) wifi:[ADDBA]RX DELBA, reason:37, delete tid:0, initiator:1(originator)
19:17:43.307 [status] up 121s | mic -38.8 dBFS (peak -30.5) | score max 0.00 | detections 0 | inferences 77 (7.7/s; model 1.03 ms each, paused in quiet 78%; features 1.33 ms per 30 ms) | CPU core0  0.7% core1  6.2% (wake word pipeline 6.02% of one core) | RAM used 229 KB (peak 233 KB, 93 KB free) | wifi OK, server OK | audio lost since boot: i2s 0 net 0
19:17:53.343 [status] up 131s | mic -38.0 dBFS (peak -28.1) | score max 0.00 | detections 0 | inferences 146 (14.6/s; model 1.06 ms each, paused in quiet 58%; features 1.31 ms per 30 ms) | CPU core0  0.7% core1  7.0% (wake word pipeline 6.82% of one core) | RAM used 229 KB (peak 233 KB, 93 KB free) | wifi OK, server OK | audio lost since boot: i2s 0 net 0
19:17:53.343 [tasks] % of one core (free stack): main@0=0.20(1960) IDLE1@1=93.97(728) IDLE0@0=99.38(720) websocket_task@*=0.15(1456) audio_kws@1=6.00(1248) tiT@*=0.08(1956) Tmr Svc@*=0.00(1360) ipc1@1=0.00(528) esp_timer@0=0.01(3144) streamer@0=0.00(2948) wifi@0=0.18(3240) ipc0@0=0.00(536) sys_evt@0=0.00(348)
19:18:03.320 [status] up 141s | mic -37.4 dBFS (peak -29.1) | score max 0.00 | detections 0 | inferences 113 (11.3/s; model 1.05 ms each, paused in quiet 67%; features 1.34 ms per 30 ms) | CPU core0  1.0% core1  6.6% (wake word pipeline 6.43% of one core) | RAM used 229 KB (peak 233 KB, 94 KB free) | wifi OK, server OK | audio lost since boot: i2s 0 net 0
19:18:08.493 I (146670) wifi:[ADDBA]RX DELBA, reason:37, delete tid:0, initiator:1(originator)
19:18:13.318 [status] up 151s | mic -38.4 dBFS (peak -34.7) | score max 0.00 | detections 0 | inferences 10 (1.0/s; model 1.19 ms each, paused in quiet 97%; features 1.36 ms per 30 ms) | CPU core0  0.7% core1  5.5% (wake word pipeline 5.34% of one core) | RAM used 229 KB (peak 233 KB, 94 KB free) | wifi OK, server OK | audio lost since boot: i2s 0 net 0
19:18:17.605 I (155790) wifi:[ADDBA]RX DELBA, reason:37, delete tid:0, initiator:1(originator)
19:18:19.506 I (157682) wake_word: score event: peak 0.25 over 300 ms -> not detected (below threshold or in cool-down)
19:18:23.332 [status] up 161s | mic -34.8 dBFS (peak -20.6) | score max 0.25 | detections 0 | inferences 165 (16.5/s; model 1.07 ms each, paused in quiet 52%; features 1.36 ms per 30 ms) | CPU core0  0.8% core1  7.3% (wake word pipeline 7.09% of one core) | RAM used 229 KB (peak 233 KB, 93 KB free) | wifi OK, server OK | audio lost since boot: i2s 0 net 0
19:18:25.116 I (163299) wifi:[ADDBA]RX DELBA, reason:37, delete tid:0, initiator:1(originator)
19:18:33.475 [status] up 171s | mic -36.6 dBFS (peak -23.4) | score max 0.02 | detections 0 | inferences 218 (21.8/s; model 1.06 ms each, paused in quiet 36%; features 1.35 ms per 30 ms) | CPU core0  0.7% core1  7.8% (wake word pipeline 7.63% of one core) | RAM used 229 KB (peak 233 KB, 93 KB free) | wifi OK, server OK | audio lost since boot: i2s 0 net 0
19:18:33.476 I (171660) wifi:[ADDBA]RX DELBA, reason:37, delete tid:0, initiator:1(originator)
19:18:43.322 [status] up 181s | mic -36.3 dBFS (peak -22.9) | score max 0.01 | detections 0 | inferences 205 (20.5/s; model 1.05 ms each, paused in quiet 42%; features 1.31 ms per 30 ms) | CPU core0  0.7% core1  7.6% (wake word pipeline 7.45% of one core) | RAM used 229 KB (peak 233 KB, 93 KB free) | wifi OK, server OK | audio lost since boot: i2s 0 net 0
19:18:44.745 I (182926) wifi:[ADDBA]RX DELBA, reason:37, delete tid:0, initiator:1(originator)
19:18:53.369 [status] up 191s | mic -34.9 dBFS (peak -23.4) | score max 0.03 | detections 0 | inferences 313 (31.3/s; model 1.06 ms each, paused in quiet 8%; features 1.37 ms per 30 ms) | CPU core0  0.7% core1  8.9% (wake word pipeline 8.70% of one core) | RAM used 229 KB (peak 236 KB, 93 KB free) | wifi OK, server OK | audio lost since boot: i2s 0 net 0
19:18:53.369 [tasks] % of one core (free stack): main@0=0.33(1960) IDLE1@1=92.72(728) IDLE0@0=99.23(720) audio_kws@1=7.25(1248) tiT@*=0.09(1956) websocket_task@*=0.15(1456) streamer@0=0.00(2948) ipc0@0=0.00(536) esp_timer@0=0.01(3144) wifi@0=0.22(3240) sys_evt@0=0.00(348) Tmr Svc@*=0.00(1360) ipc1@1=0.00(528)
19:18:53.369 I (191537) wifi:[ADDBA]RX DELBA, reason:37, delete tid:0, initiator:1(originator)
19:19:03.353 [status] up 201s | mic -35.7 dBFS (peak -26.5) | score max 0.00 | detections 0 | inferences 308 (30.8/s; model 1.06 ms each, paused in quiet 8%; features 1.39 ms per 30 ms) | CPU core0  1.0% core1  8.8% (wake word pipeline 8.63% of one core) | RAM used 229 KB (peak 236 KB, 93 KB free) | wifi OK, server OK | audio lost since boot: i2s 0 net 0
19:19:07.270 I (205448) wifi:[ADDBA]RX DELBA, reason:37, delete tid:0, initiator:1(originator)
19:19:11.457 I (209641) wifi:[ADDBA]RX DELBA, reason:37, delete tid:0, initiator:1(originator)
19:19:13.344 [status] up 211s | mic -34.3 dBFS (peak -25.2) | score max 0.00 | detections 0 | inferences 320 (32.1/s; model 1.05 ms each, paused in quiet 6%; features 1.36 ms per 30 ms) | CPU core0  0.8% core1  8.9% (wake word pipeline 8.72% of one core) | RAM used 229 KB (peak 236 KB, 93 KB free) | wifi OK, server OK | audio lost since boot: i2s 0 net 0
19:19:23.353 [status] up 221s | mic -35.2 dBFS (peak -24.1) | score max 0.01 | detections 0 | inferences 293 (29.3/s; model 1.05 ms each, paused in quiet 15%; features 1.36 ms per 30 ms) | CPU core0  0.7% core1  8.6% (wake word pipeline 8.43% of one core) | RAM used 229 KB (peak 236 KB, 93 KB free) | wifi OK, server OK | audio lost since boot: i2s 0 net 0
19:19:33.349 [status] up 231s | mic -33.2 dBFS (peak -23.7) | score max 0.01 | detections 0 | inferences 333 (33.3/s; model 1.06 ms each, paused in quiet 0%; features 1.40 ms per 30 ms) | CPU core0  0.7% core1  9.1% (wake word pipeline 8.90% of one core) | RAM used 229 KB (peak 236 KB, 93 KB free) | wifi OK, server OK | audio lost since boot: i2s 0 net 0
19:19:43.350 [status] up 241s | mic -30.9 dBFS (peak -21.6) | score max 0.00 | detections 0 | inferences 333 (33.3/s; model 1.07 ms each, paused in quiet 0%; features 1.40 ms per 30 ms) | CPU core0  0.7% core1  9.1% (wake word pipeline 8.92% of one core) | RAM used 229 KB (peak 236 KB, 93 KB free) | wifi OK, server OK | audio lost since boot: i2s 0 net 0
19:19:44.160 I (242347) wifi:[ADDBA]RX DELBA, reason:37, delete tid:0, initiator:1(originator)
19:19:53.381 [status] up 251s | mic -28.6 dBFS (peak -19.8) | score max 0.04 | detections 0 | inferences 334 (33.4/s; model 1.08 ms each, paused in quiet 0%; features 1.40 ms per 30 ms) | CPU core0  0.7% core1  9.2% (wake word pipeline 8.98% of one core) | RAM used 230 KB (peak 236 KB, 93 KB free) | wifi OK, server OK | audio lost since boot: i2s 0 net 0
19:19:53.381 [tasks] % of one core (free stack): audio_kws@1=8.92(1248) main@0=0.34(1960) IDLE1@1=91.05(728) IDLE0@0=99.24(720) websocket_task@*=0.16(1456) tiT@*=0.09(1956) sys_evt@0=0.00(348) Tmr Svc@*=0.00(1360) esp_timer@0=0.01(3144) ipc1@1=0.00(528) wifi@0=0.19(3240) streamer@0=0.00(2948) ipc0@0=0.00(536)
19:19:59.232 I (257419) wifi:[ADDBA]RX DELBA, reason:37, delete tid:0, initiator:1(originator)
19:20:03.364 [status] up 261s | mic -36.4 dBFS (peak -23.1) | score max 0.00 | detections 0 | inferences 333 (33.3/s; model 1.06 ms each, paused in quiet 0%; features 1.40 ms per 30 ms) | CPU core0  1.0% core1  9.1% (wake word pipeline 8.92% of one core) | RAM used 230 KB (peak 236 KB, 93 KB free) | wifi OK, server OK | audio lost since boot: i2s 0 net 0
19:20:11.210 I (269396) wifi:[ADDBA]RX DELBA, reason:37, delete tid:0, initiator:1(originator)
19:20:13.374 [status] up 271s | mic -40.4 dBFS (peak -28.3) | score max 0.01 | detections 0 | inferences 333 (33.3/s; model 1.08 ms each, paused in quiet 0%; features 1.41 ms per 30 ms) | CPU core0  0.7% core1  9.2% (wake word pipeline 8.99% of one core) | RAM used 230 KB (peak 236 KB, 93 KB free) | wifi OK, server OK | audio lost since boot: i2s 0 net 0
19:20:18.231 I (276421) wifi:[ADDBA]RX DELBA, reason:37, delete tid:0, initiator:1(originator)
19:20:23.376 [status] up 281s | mic -39.2 dBFS (peak -31.1) | score max 0.01 | detections 0 | inferences 334 (33.4/s; model 1.08 ms each, paused in quiet 0%; features 1.41 ms per 30 ms) | CPU core0  0.7% core1  9.2% (wake word pipeline 9.00% of one core) | RAM used 230 KB (peak 236 KB, 93 KB free) | wifi OK, server OK | audio lost since boot: i2s 0 net 0
19:20:25.893 I (284080) wifi:[ADDBA]RX DELBA, reason:37, delete tid:0, initiator:1(originator)
19:20:33.376 [status] up 291s | mic -35.4 dBFS (peak -26.7) | score max 0.00 | detections 0 | inferences 333 (33.3/s; model 1.10 ms each, paused in quiet 0%; features 1.42 ms per 30 ms) | CPU core0  0.9% core1  9.3% (wake word pipeline 9.07% of one core) | RAM used 230 KB (peak 236 KB, 93 KB free) | wifi OK, server OK | audio lost since boot: i2s 0 net 0
19:20:39.427 I (297617) wifi:[ADDBA]RX DELBA, reason:37, delete tid:0, initiator:1(originator)
19:20:43.374 [status] up 301s | mic -31.5 dBFS (peak -19.3) | score max 0.01 | detections 0 | inferences 333 (33.3/s; model 1.07 ms each, paused in quiet 0%; features 1.41 ms per 30 ms) | CPU core0  0.8% core1  9.1% (wake word pipeline 8.95% of one core) | RAM used 230 KB (peak 236 KB, 93 KB free) | wifi OK, server OK | audio lost since boot: i2s 0 net 0
19:20:52.573 I (310761) wifi:[ADDBA]RX DELBA, reason:37, delete tid:0, initiator:1(originator)
19:20:53.412 [status] up 311s | mic -30.2 dBFS (peak -20.3) | score max 0.00 | detections 0 | inferences 334 (33.4/s; model 1.04 ms each, paused in quiet 0%; features 1.40 ms per 30 ms) | CPU core0  0.5% core1  9.0% (wake word pipeline 8.86% of one core) | RAM used 230 KB (peak 236 KB, 93 KB free) | wifi OK, server OK | audio lost since boot: i2s 0 net 0
19:20:53.412 [tasks] % of one core (free stack): main@0=0.31(1960) IDLE1@1=90.86(728) IDLE0@0=99.24(720) audio_kws@1=9.12(1248) tiT@*=0.09(1956) websocket_task@*=0.15(1456) ipc1@1=0.00(528) streamer@0=0.00(2948) esp_timer@0=0.01(3144) ipc0@0=0.00(536) wifi@0=0.21(3240) sys_evt@0=0.00(348) Tmr Svc@*=0.00(1360)
19:21:03.385 [status] up 321s | mic -35.8 dBFS (peak -24.6) | score max 0.00 | detections 0 | inferences 333 (33.3/s; model 1.07 ms each, paused in quiet 0%; features 1.40 ms per 30 ms) | CPU core0  0.9% core1  9.1% (wake word pipeline 8.93% of one core) | RAM used 230 KB (peak 236 KB, 93 KB free) | wifi OK, server OK | audio lost since boot: i2s 0 net 0
19:21:04.184 I (322369) wifi:[ADDBA]RX DELBA, reason:37, delete tid:0, initiator:1(originator)
19:21:13.390 [status] up 331s | mic -36.0 dBFS (peak -25.2) | score max 0.00 | detections 0 | inferences 333 (33.3/s; model 1.06 ms each, paused in quiet 0%; features 1.40 ms per 30 ms) | CPU core0  0.7% core1  9.1% (wake word pipeline 8.89% of one core) | RAM used 230 KB (peak 236 KB, 93 KB free) | wifi OK, server OK | audio lost since boot: i2s 0 net 0
19:21:18.298 I (336486) wifi:[ADDBA]RX DELBA, reason:37, delete tid:0, initiator:1(originator)
19:21:23.383 [status] up 341s | mic -36.9 dBFS (peak -25.8) | score max 0.01 | detections 0 | inferences 334 (33.4/s; model 1.07 ms each, paused in quiet 0%; features 1.40 ms per 30 ms) | CPU core0  0.7% core1  9.1% (wake word pipeline 8.96% of one core) | RAM used 230 KB (peak 236 KB, 93 KB free) | wifi OK, server OK | audio lost since boot: i2s 0 net 0
19:21:26.338 I (344532) wifi:[ADDBA]RX DELBA, reason:37, delete tid:0, initiator:1(originator)
19:21:33.388 [status] up 351s | mic -34.4 dBFS (peak -26.1) | score max 0.00 | detections 0 | inferences 333 (33.3/s; model 1.08 ms each, paused in quiet 0%; features 1.41 ms per 30 ms) | CPU core0  0.7% core1  9.2% (wake word pipeline 8.99% of one core) | RAM used 230 KB (peak 236 KB, 93 KB free) | wifi OK, server OK | audio lost since boot: i2s 0 net 0
19:21:43.400 [status] up 361s | mic -32.7 dBFS (peak -22.0) | score max 0.00 | detections 0 | inferences 333 (33.3/s; model 1.08 ms each, paused in quiet 0%; features 1.40 ms per 30 ms) | CPU core0  0.8% core1  9.2% (wake word pipeline 8.98% of one core) | RAM used 230 KB (peak 236 KB, 93 KB free) | wifi OK, server OK | audio lost since boot: i2s 0 net 0
19:21:43.650 I (361834) wifi:[ADDBA]RX DELBA, reason:37, delete tid:0, initiator:1(originator)
19:21:53.545 [status] up 371s | mic -30.1 dBFS (peak -19.0) | score max 0.01 | detections 0 | inferences 334 (33.4/s; model 1.08 ms each, paused in quiet 0%; features 1.41 ms per 30 ms) | CPU core0  0.8% core1  9.2% (wake word pipeline 9.00% of one core) | RAM used 230 KB (peak 236 KB, 93 KB free) | wifi OK, server OK | audio lost since boot: i2s 0 net 0
19:21:53.545 [tasks] % of one core (free stack): audio_kws@1=9.12(1248) main@0=0.33(1960) IDLE1@1=90.86(728) IDLE0@0=99.24(720) tiT@*=0.09(1956) websocket_task@*=0.16(1456) ipc0@0=0.00(536) sys_evt@0=0.00(348) esp_timer@0=0.01(3144) Tmr Svc@*=0.00(1360) wifi@0=0.19(3240) ipc1@1=0.00(528) streamer@0=0.00(2948)
19:21:53.546 I (371731) wifi:[ADDBA]RX DELBA, reason:37, delete tid:0, initiator:1(originator)
19:22:02.110 I (380294) wifi:[ADDBA]RX DELBA, reason:37, delete tid:0, initiator:1(originator)
19:22:03.404 [status] up 381s | mic -28.7 dBFS (peak -17.6) | score max 0.06 | detections 0 | inferences 333 (33.3/s; model 1.08 ms each, paused in quiet 0%; features 1.41 ms per 30 ms) | CPU core0  1.0% core1  9.2% (wake word pipeline 8.98% of one core) | RAM used 230 KB (peak 236 KB, 93 KB free) | wifi OK, server OK | audio lost since boot: i2s 0 net 0
19:22:13.103 I (391290) wifi:[ADDBA]RX DELBA, reason:37, delete tid:0, initiator:1(originator)
19:22:13.413 [status] up 391s | mic -27.1 dBFS (peak -18.8) | score max 0.00 | detections 0 | inferences 333 (33.3/s; model 1.07 ms each, paused in quiet 0%; features 1.40 ms per 30 ms) | CPU core0  0.7% core1  9.1% (wake word pipeline 8.92% of one core) | RAM used 230 KB (peak 236 KB, 93 KB free) | wifi OK, server OK | audio lost since boot: i2s 0 net 0
19:22:21.572 I (399760) wifi:[ADDBA]RX DELBA, reason:37, delete tid:0, initiator:1(originator)
19:22:23.402 [status] up 401s | mic -25.8 dBFS (peak -16.0) | score max 0.08 | detections 0 | inferences 334 (33.4/s; model 1.10 ms each, paused in quiet 0%; features 1.41 ms per 30 ms) | CPU core0  0.8% core1  9.2% (wake word pipeline 9.06% of one core) | RAM used 230 KB (peak 236 KB, 93 KB free) | wifi OK, server OK | audio lost since boot: i2s 0 net 0
19:22:33.418 [status] up 411s | mic -25.5 dBFS (peak -15.8) | score max 0.01 | detections 0 | inferences 333 (33.3/s; model 1.08 ms each, paused in quiet 0%; features 1.41 ms per 30 ms) | CPU core0  0.7% core1  9.2% (wake word pipeline 8.99% of one core) | RAM used 230 KB (peak 236 KB, 93 KB free) | wifi OK, server OK | audio lost since boot: i2s 0 net 0
19:22:43.410 [status] up 421s | mic -25.3 dBFS (peak -12.2) | score max 0.01 | detections 0 | inferences 333 (33.3/s; model 1.07 ms each, paused in quiet 0%; features 1.40 ms per 30 ms) | CPU core0  0.7% core1  9.1% (wake word pipeline 8.92% of one core) | RAM used 230 KB (peak 236 KB, 93 KB free) | wifi OK, server OK | audio lost since boot: i2s 0 net 0
19:22:53.440 [status] up 431s | mic -25.6 dBFS (peak  -9.9) | score max 0.01 | detections 0 | inferences 334 (33.4/s; model 1.08 ms each, paused in quiet 0%; features 1.40 ms per 30 ms) | CPU core0  0.7% core1  9.2% (wake word pipeline 8.97% of one core) | RAM used 230 KB (peak 236 KB, 93 KB free) | wifi OK, server OK | audio lost since boot: i2s 0 net 0
19:22:53.440 [tasks] % of one core (free stack): main@0=0.34(1960) IDLE1@1=90.85(728) IDLE0@0=99.24(720) audio_kws@1=9.14(1248) tiT@*=0.09(1956) websocket_task@*=0.16(1456) Tmr Svc@*=0.00(1360) ipc1@1=0.00(528) esp_timer@0=0.01(3144) streamer@0=0.00(2948) wifi@0=0.18(3240) ipc0@0=0.00(536) sys_evt@0=0.00(348)
19:23:03.423 [status] up 441s | mic -25.9 dBFS (peak -17.9) | score max 0.01 | detections 0 | inferences 333 (33.3/s; model 1.07 ms each, paused in quiet 0%; features 1.40 ms per 30 ms) | CPU core0  0.9% core1  9.1% (wake word pipeline 8.93% of one core) | RAM used 230 KB (peak 236 KB, 93 KB free) | wifi OK, server OK | audio lost since boot: i2s 0 net 0
