21:01:23.188 =======ESP-ROM:esp32s3-20210327
21:01:23.188 Build:Mar 27 2021
21:01:23.188 rst:0x1 (POWERON),boot:0x8 (SPI_FAST_FLASH_BOOT)
21:01:23.188 SPIWP:0xee
21:01:23.188 mode:DIO, clock div:1
21:01:23.188 load:0x3fce2820,len:0x1668
21:01:23.188 load:0x403c8700,len:0xec0
21:01:23.188 load:0x403cb700,len:0x3178
21:01:23.188 entry 0x403c894c
21:01:23.188 I (24) boot: ESP-IDF v5.5.5 2nd stage bootloader
21:01:23.189 I (25) boot: compile time Sep 28 2026 20:58:42
21:01:23.189 I (25) boot: Multicore bootloader
21:01:23.189 I (25) boot: chip revision: v0.2
21:01:23.189 I (28) boot: efuse block revision: v1.4
21:01:23.189 I (31) qio_mode: Enabling default flash chip QIO
21:01:23.192 I (36) boot.esp32s3: Boot SPI Speed : 80MHz
21:01:23.193 I (40) boot.esp32s3: SPI Mode       : QIO
21:01:23.193 I (43) boot.esp32s3: SPI Flash Size : 4MB
21:01:23.193 I (47) boot: Enabling RNG early entropy source...
21:01:23.193 I (52) boot: Partition Table:
21:01:23.193 I (54) boot: ## Label            Usage          Type ST Offset   Length
21:01:23.193 I (60) boot:  0 nvs              WiFi data        01 02 00009000 00006000
21:01:23.193 I (67) boot:  1 phy_init         RF data          01 01 0000f000 00001000
21:01:23.193 I (73) boot:  2 factory          factory app      00 00 00010000 00177000
21:01:23.193 I (80) boot: End of partition table
21:01:23.193 I (83) esp_image: segment 0: paddr=00010020 vaddr=3c0f0020 size=371dch (225756) map
21:01:23.193 I (126) esp_image: segment 1: paddr=00047204 vaddr=3fc98c00 size=04d20h ( 19744) load
21:01:23.193 I (130) esp_image: segment 2: paddr=0004bf2c vaddr=40378000 size=040ech ( 16620) load
21:01:23.193 I (133) esp_image: segment 3: paddr=00050020 vaddr=42000020 size=e006ch (917612) map
21:01:23.193 I (279) esp_image: segment 4: paddr=00130094 vaddr=4037c0ec size=0ca48h ( 51784) load
21:01:23.193 I (289) esp_image: segment 5: paddr=0013cae4 vaddr=50000000 size=00020h (    32) load
21:01:23.193 I (297) boot: Loaded app from partition at offset 0x10000
21:01:23.193 I (297) boot: Disabling RNG early entropy source...
21:01:23.193 I (307) cpu_start: Multicore app
21:01:23.193 I (316) cpu_start: GPIO 44 and 43 are used as console UART I/O pins
21:01:23.193 I (316) cpu_start: Pro cpu start user code
21:01:23.193 I (316) cpu_start: cpu freq: 240000000 Hz
21:01:23.193 I (318) app_init: Application information:
21:01:23.193 I (322) app_init: Project name:     kws_s3
21:01:23.193 I (326) app_init: App version:      ee80e50-dirty
21:01:23.193 I (330) app_init: Compile time:     Sep 28 2026 20:59:29
21:01:23.193 I (335) app_init: ELF file SHA256:  70398aa9f...
21:01:23.193 I (339) app_init: ESP-IDF:          v5.5.5
21:01:23.193 I (343) efuse_init: Min chip rev:     v0.0
21:01:23.193 I (347) efuse_init: Max chip rev:     v0.99
21:01:23.193 I (351) efuse_init: Chip rev:         v0.2
21:01:23.193 I (355) heap_init: Initializing. RAM available for dynamic allocation:
21:01:23.193 I (361) heap_init: At 3FCA3A20 len 00045CF0 (279 KiB): RAM
21:01:23.193 I (366) heap_init: At 3FCE9710 len 00005724 (21 KiB): RAM
21:01:23.193 I (371) heap_init: At 600FE000 len 00001FE8 (7 KiB): RTCRAM
21:01:23.193 I (377) spi_flash: detected chip: boya
21:01:23.193 I (380) spi_flash: flash io: qio
21:01:23.193 W (383) spi_flash: Detected size(16384k) larger than the size in the binary image header(4096k). Using the size in the binary image header.
21:01:23.193 I (396) sleep_gpio: Configure to isolate all GPIO pins in sleep state
21:01:23.193 I (402) sleep_gpio: Enable automatic switching of GPIO sleep configuration
21:01:23.193 I (409) main_task: Started on CPU0
21:01:23.193 I (427) main_task: Calling app_main()
21:01:23.193 
21:01:23.193 ==================== SIH KWS firmware ====================
21:01:23.193  chip      : esp32s3 rev v0.2, 2 cores, flash 4 MB
21:01:23.193  ESP-IDF   : v5.5.5
21:01:23.193  RAM       : 43 KB static data, 283 KB heap free (code in IRAM: 67 KB, not counted)
21:01:23.193  model     : marvin.tflite (60896 bytes, stored in flash)
21:01:23.193 ===========================================================
21:01:23.193 
21:01:23.193 [heap] start of app_main            290336 B free (of 316412 B)
21:01:23.193 [heap] NVS                          took   3072 B, 287264 B free
21:01:23.193 I (495) kws: model ready: wake word "marvin", threshold 0.60 (json), window 5, input 3x40 int8
21:01:23.193 I (500) kws: model RAM: tensor arena 25964 of 26624 bytes used; engine total 38 KB of heap
21:01:23.194 
21:01:23.194 ------------------------ SELF-TEST ------------------------
21:01:23.194  noise only (3 s)   : PASS - stayed quiet  (highest score 0.01, threshold 0.60)
21:01:23.194  wake word recording: skipped - no WAV file in the model folder (optional)
21:01:23.194 -----------------------------------------------------------
21:01:23.194 
21:01:23.194 [heap] model + features + self-test took  39660 B, 247604 B free
21:01:23.194 I (735) audio: I2S running: 16 kHz, 32-bit slots, both channels, SCK=16 WS=15 SD=17, gain x1
21:01:23.858 I (1237) kws: microphones: left (L/R to GND) -25.0 dBFS, right (L/R to 3V3) -19.1 dBFS, similarity 0.40 -> using both (average)
21:01:23.858 [heap] I2S + ring + audio task      took  28952 B, 218652 B free
21:01:23.858 I (1249) kws: listening for "marvin" ...
21:01:23.858 I (1256) pp: pp rom version: e7ae62f
21:01:23.858 I (1258) net80211: net80211 rom version: e7ae62f
21:01:23.858 I (1262) wifi:wifi driver task: 3fcbaa0c, prio:23, stack:6656, core=0
21:01:23.858 I (1275) wifi:wifi firmware version: b9f67df
21:01:23.858 I (1276) wifi:wifi certification version: v7.0
21:01:23.858 I (1279) wifi:config NVS flash: enabled
21:01:23.858 I (1282) wifi:config nano formatting: disabled
21:01:23.858 I (1288) wifi:Init data frame dynamic rx buffer num: 8
21:01:23.858 I (1293) wifi:Init static rx mgmt buffer num: 5
21:01:23.858 I (1296) wifi:Init management short buffer num: 10
21:01:23.858 I (1302) wifi:Init dynamic tx buffer num: 8
21:01:23.858 I (1305) wifi:Init static tx FG buffer num: 2
21:01:23.858 I (1310) wifi:Init static rx buffer size: 1600
21:01:23.858 I (1313) wifi:Init static rx buffer num: 4
21:01:23.859 I (1318) wifi:Init dynamic rx buffer num: 8
21:01:23.859 I (1322) wifi_init: accept mbox: 6
21:01:23.859 I (1324) wifi_init: tcpip mbox: 32
21:01:23.859 I (1327) wifi_init: udp mbox: 6
21:01:23.859 I (1329) wifi_init: tcp mbox: 6
21:01:23.859 I (1332) wifi_init: tcp tx win: 2880
21:01:23.859 I (1335) wifi_init: tcp rx win: 2880
21:01:23.859 I (1340) wifi_init: tcp mss: 1440
21:01:23.859 I (1344) phy_init: phy_version 712,87e8c20e,Apr 13 2026,18:51:10
21:01:23.859 I (1381) wifi:mode : sta (e0:72:a1:d5:32:74)
21:01:23.859 I (1382) wifi:enable tsf
21:01:23.859 I (1384) wifi:Set ps type: 0, coexist: 0
21:01:23.859 
21:01:23.859 I (1389) wifi: connecting to "ARYA 9252" ...
21:01:23.859 [heap] Wi-Fi driver + netif         took  38296 B, 180356 B free
21:01:23.859 [heap] WebSocket client + streamer  took  13072 B, 167284 B free
21:01:23.859 W (1399) stream: cannot reach the server ws://192.168.137.1:3000/ws (is it running? same network?) - retrying every second
21:01:26.253 W (3798) wifi: cannot connect (reason 201). Check the name/password in menuconfig; the ESP32 needs a 2.4 GHz network (201 = network not found, 15/204 = wrong password)
21:01:33.913 [status] up 11s | mic -40.6 dBFS (peak -35.1) | score max 0.02 | detections 0 | inferences 53 (5.3/s; model 0.96 ms each, paused in quiet 84%; features 1.37 ms per 30 ms) | CPU core0 -1.0% core1 -1.0% (wake word pipeline 5.84% of one core) | RAM used 188 KB (peak 189 KB, 163 KB free) | wifi --, server -- | audio lost since boot: i2s 0 net 0
21:01:33.913 [tasks] % of one core (free stack): main@0=-1.00(936) IDLE1@1=-1.00(728) IDLE0@0=-1.00(720) audio_kws@1=-1.00(844) tiT@*=-1.00(1944) websocket_task@*=-1.00(952) ipc1@1=-1.00(528) streamer@0=-1.00(2436) sys_evt@0=-1.00(416) wifi@0=-1.00(4056) esp_timer@0=-1.00(1608) ipc0@0=-1.00(536) Tmr Svc@*=-1.00(848)
21:01:43.903 [status] up 21s | mic -40.0 dBFS (peak -32.2) | score max 0.00 | detections 0 | inferences 109 (10.9/s; model 0.91 ms each, paused in quiet 69%; features 1.30 ms per 30 ms) | CPU core0  0.8% core1  6.4% (wake word pipeline 6.23% of one core) | RAM used 188 KB (peak 189 KB, 163 KB free) | wifi --, server -- | audio lost since boot: i2s 0 net 0
21:01:50.341 W (27885) wifi: cannot connect (reason 201). Check the name/password in menuconfig; the ESP32 needs a 2.4 GHz network (201 = network not found, 15/204 = wrong password)
21:01:53.918 [status] up 31s | mic -40.1 dBFS (peak -33.4) | score max 0.00 | detections 0 | inferences 102 (10.2/s; model 0.91 ms each, paused in quiet 69%; features 1.37 ms per 30 ms) | CPU core0  0.8% core1  6.4% (wake word pipeline 6.19% of one core) | RAM used 188 KB (peak 189 KB, 163 KB free) | wifi --, server -- | audio lost since boot: i2s 0 net 0
21:02:03.926 [status] up 41s | mic -40.8 dBFS (peak -33.2) | score max 0.00 | detections 0 | inferences 139 (13.9/s; model 0.87 ms each, paused in quiet 61%; features 1.27 ms per 30 ms) | CPU core0  0.8% core1  6.6% (wake word pipeline 6.45% of one core) | RAM used 188 KB (peak 189 KB, 163 KB free) | wifi --, server -- | audio lost since boot: i2s 0 net 0
21:02:13.933 [status] up 51s | mic -40.2 dBFS (peak -32.5) | score max 0.00 | detections 0 | inferences 63 (6.3/s; model 0.88 ms each, paused in quiet 82%; features 1.33 ms per 30 ms) | CPU core0  0.9% core1  6.0% (wake word pipeline 5.79% of one core) | RAM used 188 KB (peak 189 KB, 163 KB free) | wifi --, server -- | audio lost since boot: i2s 0 net 0
21:02:14.420 W (51971) wifi: cannot connect (reason 201). Check the name/password in menuconfig; the ESP32 needs a 2.4 GHz network (201 = network not found, 15/204 = wrong password)
21:02:23.938 [status] up 61s | mic -40.0 dBFS (peak -30.4) | score max 0.00 | detections 0 | inferences 184 (18.4/s; model 0.89 ms each, paused in quiet 46%; features 1.34 ms per 30 ms) | CPU core0  0.9% core1  7.1% (wake word pipeline 6.91% of one core) | RAM used 188 KB (peak 189 KB, 163 KB free) | wifi --, server -- | audio lost since boot: i2s 0 net 0
21:02:33.966 [status] up 71s | mic -40.2 dBFS (peak -33.8) | score max 0.00 | detections 0 | inferences 152 (15.2/s; model 0.87 ms each, paused in quiet 57%; features 1.29 ms per 30 ms) | CPU core0  0.8% core1  6.8% (wake word pipeline 6.58% of one core) | RAM used 188 KB (peak 189 KB, 163 KB free) | wifi --, server -- | audio lost since boot: i2s 0 net 0
21:02:33.968 [tasks] % of one core (free stack): main@0=0.16(936) IDLE1@1=93.45(728) IDLE0@0=99.17(720) websocket_task@*=0.10(952) audio_kws@1=6.51(844) tiT@*=0.06(1944) Tmr Svc@*=0.00(848) sys_evt@0=0.03(416) ipc1@1=0.00(528) wifi@0=0.46(4056) esp_timer@0=0.08(1608) streamer@0=0.00(2436) ipc0@0=0.00(536)
21:02:38.512 W (76066) wifi: cannot connect (reason 201). Check the name/password in menuconfig; the ESP32 needs a 2.4 GHz network (201 = network not found, 15/204 = wrong password)
21:02:43.952 [status] up 81s | mic -40.1 dBFS (peak -32.0) | score max 0.00 | detections 0 | inferences 198 (19.8/s; model 0.90 ms each, paused in quiet 44%; features 1.30 ms per 30 ms) | CPU core0  1.0% core1  7.2% (wake word pipeline 7.06% of one core) | RAM used 188 KB (peak 189 KB, 163 KB free) | wifi --, server -- | audio lost since boot: i2s 0 net 0
21:02:53.962 [status] up 91s | mic -40.4 dBFS (peak -32.4) | score max 0.00 | detections 0 | inferences 65 (6.5/s; model 0.90 ms each, paused in quiet 81%; features 1.33 ms per 30 ms) | CPU core0  0.8% core1  6.0% (wake word pipeline 5.81% of one core) | RAM used 188 KB (peak 189 KB, 163 KB free) | wifi --, server -- | audio lost since boot: i2s 0 net 0
21:03:02.620 W (100162) wifi: cannot connect (reason 201). Check the name/password in menuconfig; the ESP32 needs a 2.4 GHz network (201 = network not found, 15/204 = wrong password)
21:03:03.962 [status] up 101s | mic -31.8 dBFS (peak -18.6) | score max 0.05 | detections 0 | inferences 295 (29.5/s; model 0.89 ms each, paused in quiet 14%; features 1.34 ms per 30 ms) | CPU core0  0.9% core1  8.1% (wake word pipeline 7.93% of one core) | RAM used 188 KB (peak 189 KB, 163 KB free) | wifi --, server -- | audio lost since boot: i2s 0 net 0
21:03:13.975 [status] up 111s | mic -31.8 dBFS (peak -18.4) | score max 0.00 | detections 0 | inferences 332 (33.2/s; model 0.88 ms each, paused in quiet 0%; features 1.39 ms per 30 ms) | CPU core0  0.9% core1  8.4% (wake word pipeline 8.25% of one core) | RAM used 188 KB (peak 189 KB, 163 KB free) | wifi --, server -- | audio lost since boot: i2s 0 net 0
21:03:23.981 [status] up 121s | mic -30.2 dBFS (peak -16.9) | score max 0.00 | detections 0 | inferences 334 (33.4/s; model 0.88 ms each, paused in quiet 0%; features 1.38 ms per 30 ms) | CPU core0  0.9% core1  8.4% (wake word pipeline 8.22% of one core) | RAM used 188 KB (peak 189 KB, 163 KB free) | wifi --, server -- | audio lost since boot: i2s 0 net 0
21:03:26.724 W (124270) wifi: cannot connect (reason 201). Check the name/password in menuconfig; the ESP32 needs a 2.4 GHz network (201 = network not found, 15/204 = wrong password)
21:03:34.005 [status] up 131s | mic -32.4 dBFS (peak -19.9) | score max 0.00 | detections 0 | inferences 334 (33.4/s; model 0.88 ms each, paused in quiet 0%; features 1.38 ms per 30 ms) | CPU core0  0.9% core1  8.4% (wake word pipeline 8.24% of one core) | RAM used 188 KB (peak 189 KB, 163 KB free) | wifi --, server -- | audio lost since boot: i2s 0 net 0
21:03:34.006 [tasks] % of one core (free stack): main@0=0.12(936) IDLE1@1=92.26(728) IDLE0@0=99.09(720) audio_kws@1=7.72(844) websocket_task@*=0.11(952) tiT@*=0.06(1944) ipc0@0=0.00(536) Tmr Svc@*=0.00(848) sys_evt@0=0.04(416) esp_timer@0=0.09(1592) wifi@0=0.52(4056) ipc1@1=0.00(528) streamer@0=0.00(2436)
21:03:43.995 [status] up 141s | mic -32.5 dBFS (peak -19.9) | score max 0.00 | detections 0 | inferences 332 (33.2/s; model 0.89 ms each, paused in quiet 0%; features 1.39 ms per 30 ms) | CPU core0  1.0% core1  8.4% (wake word pipeline 8.25% of one core) | RAM used 188 KB (peak 189 KB, 163 KB free) | wifi --, server -- | audio lost since boot: i2s 0 net 0
21:03:50.836 W (148379) wifi: cannot connect (reason 201). Check the name/password in menuconfig; the ESP32 needs a 2.4 GHz network (201 = network not found, 15/204 = wrong password)
21:03:54.006 [status] up 151s | mic -30.8 dBFS (peak -17.4) | score max 0.00 | detections 0 | inferences 334 (33.4/s; model 0.88 ms each, paused in quiet 0%; features 1.39 ms per 30 ms) | CPU core0  1.0% core1  8.4% (wake word pipeline 8.28% of one core) | RAM used 188 KB (peak 189 KB, 163 KB free) | wifi --, server -- | audio lost since boot: i2s 0 net 0
21:04:04.020 [status] up 161s | mic -31.2 dBFS (peak -19.4) | score max 0.00 | detections 0 | inferences 333 (33.3/s; model 0.88 ms each, paused in quiet 0%; features 1.38 ms per 30 ms) | CPU core0  0.9% core1  8.4% (wake word pipeline 8.22% of one core) | RAM used 188 KB (peak 189 KB, 163 KB free) | wifi --, server -- | audio lost since boot: i2s 0 net 0
21:04:14.030 [status] up 171s | mic -33.3 dBFS (peak -22.6) | score max 0.00 | detections 0 | inferences 334 (33.4/s; model 0.88 ms each, paused in quiet 0%; features 1.38 ms per 30 ms) | CPU core0  0.9% core1  8.4% (wake word pipeline 8.26% of one core) | RAM used 188 KB (peak 189 KB, 163 KB free) | wifi --, server -- | audio lost since boot: i2s 0 net 0
21:04:14.933 W (172487) wifi: cannot connect (reason 201). Check the name/password in menuconfig; the ESP32 needs a 2.4 GHz network (201 = network not found, 15/204 = wrong password)
21:04:24.036 [status] up 181s | mic -33.4 dBFS (peak -20.8) | score max 0.00 | detections 0 | inferences 333 (33.3/s; model 0.88 ms each, paused in quiet 0%; features 1.38 ms per 30 ms) | CPU core0  0.9% core1  8.4% (wake word pipeline 8.23% of one core) | RAM used 188 KB (peak 189 KB, 163 KB free) | wifi --, server -- | audio lost since boot: i2s 0 net 0
21:04:34.063 [status] up 191s | mic -30.9 dBFS (peak -18.7) | score max 0.00 | detections 0 | inferences 333 (33.3/s; model 0.88 ms each, paused in quiet 1%; features 1.37 ms per 30 ms) | CPU core0  0.9% core1  8.4% (wake word pipeline 8.25% of one core) | RAM used 188 KB (peak 189 KB, 163 KB free) | wifi --, server -- | audio lost since boot: i2s 0 net 0
21:04:34.064 [tasks] % of one core (free stack): main@0=0.12(936) IDLE1@1=91.59(728) IDLE0@0=99.07(720) audio_kws@1=8.39(844) websocket_task@*=0.11(952) tiT@*=0.06(1944) streamer@0=0.00(2436) sys_evt@0=0.02(416) wifi@0=0.55(4056) esp_timer@0=0.09(1576) ipc0@0=0.00(536) Tmr Svc@*=0.00(848) ipc1@1=0.00(528)
21:04:39.039 W (196596) wifi: cannot connect (reason 201). Check the name/password in menuconfig; the ESP32 needs a 2.4 GHz network (201 = network not found, 15/204 = wrong password)
21:04:44.059 [status] up 201s | mic -31.6 dBFS (peak -18.4) | score max 0.00 | detections 0 | inferences 333 (33.3/s; model 0.88 ms each, paused in quiet 0%; features 1.39 ms per 30 ms) | CPU core0  1.1% core1  8.4% (wake word pipeline 8.26% of one core) | RAM used 188 KB (peak 189 KB, 163 KB free) | wifi --, server -- | audio lost since boot: i2s 0 net 0
21:04:54.059 [status] up 211s | mic -31.6 dBFS (peak -18.6) | score max 0.00 | detections 0 | inferences 334 (33.4/s; model 0.89 ms each, paused in quiet 0%; features 1.39 ms per 30 ms) | CPU core0  1.0% core1  8.5% (wake word pipeline 8.29% of one core) | RAM used 188 KB (peak 189 KB, 163 KB free) | wifi --, server -- | audio lost since boot: i2s 0 net 0
21:05:03.149 W (220706) wifi: cannot connect (reason 201). Check the name/password in menuconfig; the ESP32 needs a 2.4 GHz network (201 = network not found, 15/204 = wrong password)
21:05:04.068 [status] up 221s | mic -32.7 dBFS (peak -20.6) | score max 0.00 | detections 0 | inferences 333 (33.3/s; model 0.89 ms each, paused in quiet 0%; features 1.38 ms per 30 ms) | CPU core0  1.0% core1  8.4% (wake word pipeline 8.26% of one core) | RAM used 188 KB (peak 189 KB, 163 KB free) | wifi --, server -- | audio lost since boot: i2s 0 net 0
21:05:14.085 [status] up 231s | mic -30.8 dBFS (peak -16.4) | score max 0.00 | detections 0 | inferences 334 (33.4/s; model 0.89 ms each, paused in quiet 0%; features 1.39 ms per 30 ms) | CPU core0  0.9% core1  8.4% (wake word pipeline 8.28% of one core) | RAM used 188 KB (peak 189 KB, 163 KB free) | wifi --, server -- | audio lost since boot: i2s 0 net 0
21:05:24.084 [status] up 241s | mic -30.9 dBFS (peak -18.7) | score max 0.00 | detections 0 | inferences 333 (33.3/s; model 0.88 ms each, paused in quiet 0%; features 1.38 ms per 30 ms) | CPU core0  0.9% core1  8.4% (wake word pipeline 8.26% of one core) | RAM used 188 KB (peak 189 KB, 163 KB free) | wifi --, server -- | audio lost since boot: i2s 0 net 0
21:05:27.267 W (244815) wifi: cannot connect (reason 201). Check the name/password in menuconfig; the ESP32 needs a 2.4 GHz network (201 = network not found, 15/204 = wrong password)
21:05:34.124 [status] up 251s | mic -32.2 dBFS (peak -20.2) | score max 0.00 | detections 0 | inferences 334 (33.4/s; model 0.88 ms each, paused in quiet 0%; features 1.39 ms per 30 ms) | CPU core0  0.9% core1  8.4% (wake word pipeline 8.25% of one core) | RAM used 188 KB (peak 189 KB, 163 KB free) | wifi --, server -- | audio lost since boot: i2s 0 net 0
21:05:34.125 [tasks] % of one core (free stack): main@0=0.12(936) IDLE1@1=91.58(728) IDLE0@0=99.04(720) audio_kws@1=8.41(748) websocket_task@*=0.11(952) tiT@*=0.06(1944) ipc1@1=0.00(528) sys_evt@0=0.04(416) wifi@0=0.56(4056) streamer@0=0.00(2436) esp_timer@0=0.09(1576) ipc0@0=0.00(536) Tmr Svc@*=0.00(848)
21:05:44.109 [status] up 261s | mic -33.1 dBFS (peak -19.8) | score max 0.00 | detections 0 | inferences 332 (33.2/s; model 0.88 ms each, paused in quiet 0%; features 1.39 ms per 30 ms) | CPU core0  1.0% core1  8.4% (wake word pipeline 8.23% of one core) | RAM used 188 KB (peak 189 KB, 163 KB free) | wifi --, server -- | audio lost since boot: i2s 0 net 0
21:05:51.377 W (268924) wifi: cannot connect (reason 201). Check the name/password in menuconfig; the ESP32 needs a 2.4 GHz network (201 = network not found, 15/204 = wrong password)
21:05:54.121 [status] up 271s | mic -32.5 dBFS (peak -18.0) | score max 0.01 | detections 0 | inferences 334 (33.4/s; model 0.88 ms each, paused in quiet 0%; features 1.39 ms per 30 ms) | CPU core0  0.9% core1  8.4% (wake word pipeline 8.27% of one core) | RAM used 188 KB (peak 189 KB, 163 KB free) | wifi --, server -- | audio lost since boot: i2s 0 net 0
21:06:04.137 [status] up 281s | mic -31.0 dBFS (peak -18.7) | score max 0.00 | detections 0 | inferences 333 (33.3/s; model 0.88 ms each, paused in quiet 0%; features 1.38 ms per 30 ms) | CPU core0  0.9% core1  8.4% (wake word pipeline 8.24% of one core) | RAM used 188 KB (peak 189 KB, 163 KB free) | wifi --, server -- | audio lost since boot: i2s 0 net 0
21:06:14.142 [status] up 291s | mic -31.1 dBFS (peak -16.8) | score max 0.00 | detections 0 | inferences 334 (33.4/s; model 0.88 ms each, paused in quiet 0%; features 1.38 ms per 30 ms) | CPU core0  0.9% core1  8.4% (wake word pipeline 8.26% of one core) | RAM used 188 KB (peak 189 KB, 163 KB free) | wifi --, server -- | audio lost since boot: i2s 0 net 0
21:06:15.485 W (293032) wifi: cannot connect (reason 201). Check the name/password in menuconfig; the ESP32 needs a 2.4 GHz network (201 = network not found, 15/204 = wrong password)
21:06:24.157 [status] up 301s | mic -31.9 dBFS (peak -16.7) | score max 0.00 | detections 0 | inferences 333 (33.3/s; model 0.88 ms each, paused in quiet 0%; features 1.38 ms per 30 ms) | CPU core0  1.0% core1  8.4% (wake word pipeline 8.24% of one core) | RAM used 188 KB (peak 189 KB, 163 KB free) | wifi --, server -- | audio lost since boot: i2s 0 net 0
21:06:34.195 [status] up 311s | mic -32.2 dBFS (peak -19.8) | score max 0.00 | detections 0 | inferences 334 (33.4/s; model 0.89 ms each, paused in quiet 0%; features 1.38 ms per 30 ms) | CPU core0  0.9% core1  8.4% (wake word pipeline 8.27% of one core) | RAM used 188 KB (peak 189 KB, 163 KB free) | wifi --, server -- | audio lost since boot: i2s 0 net 0
21:06:34.195 [tasks] % of one core (free stack): main@0=0.12(936) IDLE1@1=91.59(728) IDLE0@0=99.06(720) audio_kws@1=8.40(748) websocket_task@*=0.11(952) tiT@*=0.06(1944) Tmr Svc@*=0.00(848) sys_evt@0=0.02(416) ipc1@1=0.00(528) wifi@0=0.56(4056) esp_timer@0=0.09(1576) streamer@0=0.00(2436) ipc0@0=0.00(536)
21:06:39.593 W (317141) wifi: cannot connect (reason 201). Check the name/password in menuconfig; the ESP32 needs a 2.4 GHz network (201 = network not found, 15/204 = wrong password)
21:06:44.173 [status] up 321s | mic -30.5 dBFS (peak -17.3) | score max 0.00 | detections 0 | inferences 332 (33.2/s; model 0.88 ms each, paused in quiet 0%; features 1.39 ms per 30 ms) | CPU core0  1.0% core1  8.4% (wake word pipeline 8.23% of one core) | RAM used 188 KB (peak 189 KB, 163 KB free) | wifi --, server -- | audio lost since boot: i2s 0 net 0
21:06:54.184 [status] up 331s | mic -31.6 dBFS (peak -19.8) | score max 0.00 | detections 0 | inferences 334 (33.4/s; model 0.88 ms each, paused in quiet 0%; features 1.38 ms per 30 ms) | CPU core0  0.9% core1  8.4% (wake word pipeline 8.24% of one core) | RAM used 188 KB (peak 189 KB, 163 KB free) | wifi --, server -- | audio lost since boot: i2s 0 net 0
