22:19:40.577 ESP-ROM:esp32s3-20210327
22:19:40.578 Build:Mar 27 2021
22:19:40.578 rst:0x1 (POWERON),boot:0x8 (SPI_FAST_FLASH_BOOT)
22:19:40.578 SPIWP:0xee
22:19:40.578 mode:DIO, clock div:1
22:19:40.578 load:0x3fce2820,len:0x1668
22:19:40.578 load:0x403c8700,len:0xec0
22:19:40.578 load:0x403cb700,len:0x3178
22:19:40.579 entry 0x403c894c
22:19:40.579 I (24) boot: ESP-IDF v5.5.5 2nd stage bootloader
22:19:40.579 I (25) boot: compile time Sep 28 2026 21:09:30
22:19:40.579 I (25) boot: Multicore bootloader
22:19:40.579 I (25) boot: chip revision: v0.2
22:19:40.579 I (28) boot: efuse block revision: v1.4
22:19:40.579 I (31) qio_mode: Enabling default flash chip QIO
22:19:40.579 I (36) boot.esp32s3: Boot SPI Speed : 80MHz
22:19:40.583 I (40) boot.esp32s3: SPI Mode       : QIO
22:19:40.583 I (43) boot.esp32s3: SPI Flash Size : 4MB
22:19:40.583 I (47) boot: Enabling RNG early entropy source...
22:19:40.583 I (52) boot: Partition Table:
22:19:40.583 I (54) boot: ## Label            Usage          Type ST Offset   Length
22:19:40.583 I (60) boot:  0 nvs              WiFi data        01 02 00009000 00006000
22:19:40.583 I (67) boot:  1 phy_init         RF data          01 01 0000f000 00001000
22:19:40.583 I (73) boot:  2 factory          factory app      00 00 00010000 00177000
22:19:40.583 I (80) boot: End of partition table
22:19:40.583 I (83) esp_image: segment 0: paddr=00010020 vaddr=3c0d0020 size=359c0h (219584) map
22:19:40.583 I (125) esp_image: segment 1: paddr=000459e8 vaddr=3fc98400 size=04c28h ( 19496) load
22:19:40.583 I (129) esp_image: segment 2: paddr=0004a618 vaddr=40378000 size=05a00h ( 23040) load
22:19:40.583 I (134) esp_image: segment 3: paddr=00050020 vaddr=42000020 size=ca6fch (829180) map
22:19:40.583 I (264) esp_image: segment 4: paddr=0011a724 vaddr=4037da00 size=0a9d0h ( 43472) load
22:19:40.583 I (273) esp_image: segment 5: paddr=001250fc vaddr=50000000 size=00020h (    32) load
22:19:40.583 I (280) boot: Loaded app from partition at offset 0x10000
22:19:40.583 I (280) boot: Disabling RNG early entropy source...
22:19:40.583 I (291) cpu_start: Multicore app
22:19:40.583 I (299) cpu_start: GPIO 44 and 43 are used as console UART I/O pins
22:19:40.583 I (300) cpu_start: Pro cpu start user code
22:19:40.583 I (300) cpu_start: cpu freq: 240000000 Hz
22:19:40.583 I (302) app_init: Application information:
22:19:40.583 I (305) app_init: Project name:     kws_s3
22:19:40.583 I (309) app_init: App version:      ee80e50-dirty
22:19:40.584 I (314) app_init: Compile time:     Sep 28 2026 21:44:57
22:19:40.584 I (319) app_init: ELF file SHA256:  69ffdf84d...
22:19:40.584 I (323) app_init: ESP-IDF:          v5.5.5
22:19:40.584 I (327) efuse_init: Min chip rev:     v0.0
22:19:40.584 I (331) efuse_init: Max chip rev:     v0.99
22:19:40.584 I (335) efuse_init: Chip rev:         v0.2
22:19:40.584 I (339) heap_init: Initializing. RAM available for dynamic allocation:
22:19:40.584 I (345) heap_init: At 3FCA2AE8 len 00046C28 (283 KiB): RAM
22:19:40.584 I (350) heap_init: At 3FCE9710 len 00005724 (21 KiB): RAM
22:19:40.584 I (355) heap_init: At 600FE000 len 00001FE8 (7 KiB): RTCRAM
22:19:40.584 I (361) spi_flash: detected chip: boya
22:19:40.584 I (364) spi_flash: flash io: qio
22:19:40.584 W (367) spi_flash: Detected size(16384k) larger than the size in the binary image header(4096k). Using the size in the binary image header.
22:19:40.584 I (379) sleep_gpio: Configure to isolate all GPIO pins in sleep state
22:19:40.584 I (385) sleep_gpio: Enable automatic switching of GPIO sleep configuration
22:19:40.584 I (392) main_task: Started on CPU0
22:19:40.584 I (410) main_task: Calling app_main()
22:19:40.584 
22:19:40.584 ==================== SIH KWS firmware ====================
22:19:40.584  chip      : esp32s3 rev v0.2, 2 cores, flash 4 MB
22:19:40.584  ESP-IDF   : v5.5.5
22:19:40.584  RAM       : 41 KB static data, 287 KB heap free (code in IRAM: 65 KB, not counted)
22:19:40.585  model     : marvin.tflite (60896 bytes, stored in flash)
22:19:40.585 ===========================================================
22:19:40.585 
22:19:40.585 [heap] start of app_main            294744 B free (of 320308 B)
22:19:40.585 I (465) kws: model ready: wake word "marvin", threshold 0.60 (json), window 5, input 3x40 int8
22:19:40.585 I (470) kws: model RAM: tensor arena 25964 of 26624 bytes used; engine total 38 KB of heap
22:19:40.585 
22:19:40.585 ------------------------ SELF-TEST ------------------------
22:19:40.585  noise only (3 s)   : PASS - stayed quiet  (highest score 0.01, threshold 0.60)
22:19:40.585  wake word recording: skipped - no WAV file in the model folder (optional)
22:19:40.585 -----------------------------------------------------------
22:19:40.585 
22:19:40.585 [heap] model + features + self-test took  40720 B, 254024 B free
22:19:40.585 I (707) audio: I2S running: 16 kHz, 32-bit slots, both channels, SCK=16 WS=15 SD=17, gain x1
22:19:41.449 I (1209) kws: microphones: left (L/R to GND) -23.5 dBFS, right (L/R to 3V3) -19.5 dBFS, similarity 0.52 -> using both (average)
22:19:41.449 [heap] I2S + ring + audio task      took  20772 B, 233252 B free
22:19:41.449 I (1222) kws: listening for "marvin" ...
22:19:41.449 I (1228) pp: pp rom version: e7ae62f
22:19:41.449 I (1230) net80211: net80211 rom version: e7ae62f
22:19:41.449 I (1234) wifi:wifi driver task: 3fcb6fa8, prio:23, stack:6656, core=0
22:19:41.449 I (1241) wifi:wifi firmware version: b9f67df
22:19:41.449 I (1244) wifi:wifi certification version: v7.0
22:19:41.449 I (1247) wifi:config NVS flash: disabled
22:19:41.449 I (1252) wifi:config nano formatting: disabled
22:19:41.449 I (1255) wifi:Init data frame dynamic rx buffer num: 8
22:19:41.449 I (1261) wifi:Init static rx mgmt buffer num: 5
22:19:41.449 I (1266) wifi:Init management short buffer num: 10
22:19:41.449 I (1269) wifi:Init dynamic tx buffer num: 8
22:19:41.449 I (1274) wifi:Init static tx FG buffer num: 2
22:19:41.449 I (1277) wifi:Init static rx buffer size: 1600
22:19:41.449 I (1283) wifi:Init static rx buffer num: 3
22:19:41.449 I (1285) wifi:Init dynamic rx buffer num: 8
22:19:41.449 I (1289) wifi_init: accept mbox: 6
22:19:41.449 I (1291) wifi_init: tcpip mbox: 32
22:19:41.449 I (1296) wifi_init: udp mbox: 6
22:19:41.449 I (1299) wifi_init: tcp mbox: 6
22:19:41.449 I (1302) wifi_init: tcp tx win: 2880
22:19:41.449 I (1305) wifi_init: tcp rx win: 2880
22:19:41.449 I (1308) wifi_init: tcp mss: 1440
22:19:41.449 I (1311) phy_init: phy_version 712,87e8c20e,Apr 13 2026,18:51:10
22:19:41.449 I (1348) wifi:mode : sta (e0:72:a1:d5:32:74)
22:19:41.450 I (1349) wifi:enable tsf
22:19:41.450 I (1352) wifi:Set ps type: 0, coexist: 0
22:19:41.450 
22:19:41.450 I (1357) wifi: connecting to "ARYA 9252" ...
22:19:41.450 [heap] Wi-Fi driver + netif         took  36252 B, 197000 B free
22:19:41.450 W (1366) stream: cannot reach the server ws://192.168.137.1:3000/ws (is it running? same network?) - retrying every second
22:19:41.450 [heap] WebSocket client + streamer  took  12900 B, 184100 B free
22:19:41.450 I (1433) wifi:state: init -> auth (0xb0)
22:19:41.450 I (1447) wifi:state: auth -> assoc (0x0)
22:19:41.450 I (1460) wifi:state: assoc -> run (0x10)
22:19:41.450 I (1516) wifi:connected with ARYA 9252, aid = 1, channel 1, BW20, bssid = 9a:5f:41:45:73:c9
22:19:41.450 I (1520) wifi:security: WPA2-PSK, phy: bgn, rssi: -13, cipher(pairwise:0x3, group:0x3), pmf:0
22:19:41.450 I (1528) wifi:pm start, type: 0
22:19:41.450 
22:19:41.450 I (1531) wifi:dp: 1, bi: 102400, li: 3, scale listen interval from 307200 us to 307200 us
22:19:41.450 I (1539) wifi:set rx beacon pti, rx_bcn_pti: 0, bcn_timeout: 25000, mt_pti: 0, mt_time: 10000
22:19:41.450 I (1590) wifi:AP's beacon interval = 102400 us, DTIM period = 3
22:19:42.456 I (2593) esp_netif_handlers: sta ip: 192.168.137.107, mask: 255.255.255.0, gw: 192.168.137.1
22:19:42.456 I (2597) wifi: connected, IP address 192.168.137.107
22:19:43.411 I (3385) stream: connected to the server ws://192.168.137.1:3000/ws
22:19:43.412 I (3546) wifi:[ADDBA]RX DELBA, reason:37, delete tid:0, initiator:1(originator)
22:19:47.208 I (7351) wifi:[ADDBA]RX DELBA, reason:37, delete tid:0, initiator:1(originator)
22:19:51.293 [status] up 11s | mic -39.9 dBFS (peak -34.6) | score max 0.02 | detections 0 | inferences 121 (12.1/s; model 0.93 ms each, paused in quiet 65%; features 1.35 ms per 30 ms) | CPU core0 -1.0% core1 -1.0% (wake word pipeline 6.49% of one core) | RAM used 176 KB (peak 179 KB, 178 KB free) | wifi OK, server OK | audio lost since boot: i2s 0 net 0
22:19:51.293 [tasks] % of one core (free stack): main@0=-1.00(928) IDLE1@1=-1.00(720) IDLE0@0=-1.00(728) audio_kws@1=-1.00(832) websocket_task@*=-1.00(956) tiT@*=-1.00(1452) Tmr Svc@*=-1.00(856) streamer@0=-1.00(2436) sys_evt@0=-1.00(432) esp_timer@0=-1.00(1600) wifi@0=-1.00(3308) ipc0@0=-1.00(272) ipc1@1=-1.00(280)
22:20:01.288 [status] up 21s | mic -33.2 dBFS (peak -19.3) | score max 0.03 | detections 0 | inferences 239 (23.9/s; model 0.86 ms each, paused in quiet 30%; features 1.34 ms per 30 ms) | CPU core0  1.1% core1  7.5% (wake word pipeline 7.32% of one core) | RAM used 176 KB (peak 179 KB, 178 KB free) | wifi OK, server OK | audio lost since boot: i2s 0 net 0
22:20:11.290 [status] up 31s | mic -31.0 dBFS (peak -19.4) | score max 0.01 | detections 0 | inferences 333 (33.3/s; model 0.87 ms each, paused in quiet 0%; features 1.39 ms per 30 ms) | CPU core0  0.9% core1  8.4% (wake word pipeline 8.19% of one core) | RAM used 176 KB (peak 179 KB, 178 KB free) | wifi OK, server OK | audio lost since boot: i2s 0 net 0
22:20:21.292 [status] up 41s | mic -31.0 dBFS (peak -17.7) | score max 0.00 | detections 0 | inferences 334 (33.4/s; model 0.86 ms each, paused in quiet 0%; features 1.38 ms per 30 ms) | CPU core0  0.8% core1  8.3% (wake word pipeline 8.16% of one core) | RAM used 176 KB (peak 179 KB, 178 KB free) | wifi OK, server OK | audio lost since boot: i2s 0 net 0
22:20:31.303 [status] up 51s | mic -31.8 dBFS (peak -17.2) | score max 0.00 | detections 0 | inferences 333 (33.3/s; model 0.86 ms each, paused in quiet 0%; features 1.39 ms per 30 ms) | CPU core0  0.8% core1  8.3% (wake word pipeline 8.13% of one core) | RAM used 176 KB (peak 179 KB, 178 KB free) | wifi OK, server OK | audio lost since boot: i2s 0 net 0
22:20:41.306 [status] up 61s | mic -32.1 dBFS (peak -20.7) | score max 0.00 | detections 0 | inferences 333 (33.3/s; model 0.86 ms each, paused in quiet 0%; features 1.38 ms per 30 ms) | CPU core0  0.6% core1  8.4% (wake word pipeline 8.17% of one core) | RAM used 176 KB (peak 179 KB, 178 KB free) | wifi OK, server OK | audio lost since boot: i2s 0 net 0
22:20:51.336 [status] up 71s | mic -30.7 dBFS (peak -17.8) | score max 0.00 | detections 0 | inferences 334 (33.4/s; model 0.87 ms each, paused in quiet 0%; features 1.39 ms per 30 ms) | CPU core0  0.6% core1  8.4% (wake word pipeline 8.19% of one core) | RAM used 176 KB (peak 179 KB, 178 KB free) | wifi OK, server OK | audio lost since boot: i2s 0 net 0
22:20:51.336 [tasks] % of one core (free stack): main@0=0.27(928) IDLE1@1=91.78(720) IDLE0@0=99.24(728) audio_kws@1=8.17(736) tiT@*=0.12(1452) websocket_task@*=0.18(956) sys_evt@0=0.00(432) ipc0@0=0.00(272) esp_timer@0=0.01(1600) ipc1@1=0.00(280) wifi@0=0.23(3308) Tmr Svc@*=0.00(856) streamer@0=0.00(2436)
22:21:01.329 [status] up 81s | mic -31.8 dBFS (peak -20.7) | score max 0.00 | detections 0 | inferences 333 (33.3/s; model 0.87 ms each, paused in quiet 0%; features 1.39 ms per 30 ms) | CPU core0  0.7% core1  8.4% (wake word pipeline 8.19% of one core) | RAM used 176 KB (peak 179 KB, 178 KB free) | wifi OK, server OK | audio lost since boot: i2s 0 net 0
22:21:09.045 I (89192) wifi:[ADDBA]RX DELBA, reason:37, delete tid:0, initiator:1(originator)
22:21:11.338 [status] up 91s | mic -32.7 dBFS (peak -19.2) | score max 0.00 | detections 0 | inferences 334 (33.4/s; model 0.86 ms each, paused in quiet 0%; features 1.38 ms per 30 ms) | CPU core0  0.9% core1  8.3% (wake word pipeline 8.16% of one core) | RAM used 176 KB (peak 179 KB, 178 KB free) | wifi OK, server OK | audio lost since boot: i2s 0 net 0
22:21:21.349 [status] up 101s | mic -33.5 dBFS (peak -21.6) | score max 0.00 | detections 0 | inferences 332 (33.2/s; model 0.86 ms each, paused in quiet 0%; features 1.39 ms per 30 ms) | CPU core0  0.8% core1  8.3% (wake word pipeline 8.15% of one core) | RAM used 176 KB (peak 179 KB, 178 KB free) | wifi OK, server OK | audio lost since boot: i2s 0 net 0
22:21:31.348 [status] up 111s | mic -31.6 dBFS (peak -19.0) | score max 0.00 | detections 0 | inferences 334 (33.4/s; model 0.86 ms each, paused in quiet 0%; features 1.39 ms per 30 ms) | CPU core0  0.8% core1  8.4% (wake word pipeline 8.18% of one core) | RAM used 176 KB (peak 179 KB, 178 KB free) | wifi OK, server OK | audio lost since boot: i2s 0 net 0
22:21:41.364 [status] up 121s | mic -31.0 dBFS (peak -18.4) | score max 0.00 | detections 0 | inferences 334 (33.4/s; model 0.87 ms each, paused in quiet 0%; features 1.38 ms per 30 ms) | CPU core0  0.8% core1  8.4% (wake word pipeline 8.18% of one core) | RAM used 176 KB (peak 179 KB, 178 KB free) | wifi OK, server OK | audio lost since boot: i2s 0 net 0
22:21:51.388 [status] up 131s | mic -31.8 dBFS (peak -17.8) | score max 0.00 | detections 0 | inferences 332 (33.2/s; model 0.87 ms each, paused in quiet 0%; features 1.39 ms per 30 ms) | CPU core0  0.8% core1  8.4% (wake word pipeline 8.17% of one core) | RAM used 176 KB (peak 179 KB, 178 KB free) | wifi OK, server OK | audio lost since boot: i2s 0 net 0
22:21:51.389 [tasks] % of one core (free stack): audio_kws@1=8.31(736) main@0=0.30(928) IDLE1@1=91.63(720) IDLE0@0=99.17(728) tiT@*=0.12(1452) websocket_task@*=0.18(956) ipc1@1=0.00(280) Tmr Svc@*=0.00(856) esp_timer@0=0.01(1600) streamer@0=0.00(2436) wifi@0=0.24(3308) sys_evt@0=0.00(432) ipc0@0=0.00(272)
22:22:01.368 [status] up 141s | mic -31.3 dBFS (peak -19.5) | score max 0.00 | detections 0 | inferences 334 (33.4/s; model 0.87 ms each, paused in quiet 0%; features 1.39 ms per 30 ms) | CPU core0  1.1% core1  8.4% (wake word pipeline 8.19% of one core) | RAM used 176 KB (peak 179 KB, 178 KB free) | wifi OK, server OK | audio lost since boot: i2s 0 net 0
22:22:11.375 [status] up 151s | mic -32.2 dBFS (peak -17.9) | score max 0.00 | detections 0 | inferences 334 (33.4/s; model 0.88 ms each, paused in quiet 0%; features 1.39 ms per 30 ms) | CPU core0  1.0% core1  8.5% (wake word pipeline 8.27% of one core) | RAM used 176 KB (peak 179 KB, 178 KB free) | wifi OK, server OK | audio lost since boot: i2s 0 net 0
22:22:21.390 [status] up 161s | mic -29.9 dBFS (peak -16.0) | score max 0.00 | detections 0 | inferences 332 (33.2/s; model 0.89 ms each, paused in quiet 0%; features 1.40 ms per 30 ms) | CPU core0  0.8% core1  8.5% (wake word pipeline 8.28% of one core) | RAM used 176 KB (peak 179 KB, 178 KB free) | wifi OK, server OK | audio lost since boot: i2s 0 net 0
22:22:31.398 [status] up 171s | mic -31.5 dBFS (peak -18.3) | score max 0.00 | detections 0 | inferences 334 (33.4/s; model 0.86 ms each, paused in quiet 0%; features 1.38 ms per 30 ms) | CPU core0  0.6% core1  8.4% (wake word pipeline 8.17% of one core) | RAM used 176 KB (peak 181 KB, 178 KB free) | wifi OK, server OK | audio lost since boot: i2s 0 net 0
22:22:41.391 [status] up 181s | mic -33.7 dBFS (peak -22.2) | score max 0.00 | detections 0 | inferences 334 (33.4/s; model 0.87 ms each, paused in quiet 0%; features 1.39 ms per 30 ms) | CPU core0  0.8% core1  8.4% (wake word pipeline 8.19% of one core) | RAM used 176 KB (peak 181 KB, 178 KB free) | wifi OK, server OK | audio lost since boot: i2s 0 net 0
22:22:47.239 I (187385) wifi:[ADDBA]RX DELBA, reason:37, delete tid:0, initiator:1(originator)
22:22:51.430 [status] up 191s | mic -31.9 dBFS (peak -17.5) | score max 0.00 | detections 0 | inferences 333 (33.3/s; model 0.87 ms each, paused in quiet 0%; features 1.38 ms per 30 ms) | CPU core0  0.9% core1  8.4% (wake word pipeline 8.19% of one core) | RAM used 176 KB (peak 181 KB, 178 KB free) | wifi OK, server OK | audio lost since boot: i2s 0 net 0
22:22:51.431 [tasks] % of one core (free stack): main@0=0.34(928) IDLE1@1=91.59(720) IDLE0@0=99.14(728) audio_kws@1=8.36(736) tiT@*=0.13(1452) websocket_task@*=0.18(956) streamer@0=0.00(2436) sys_evt@0=0.00(432) esp_timer@0=0.01(1600) ipc0@0=0.00(272) wifi@0=0.30(3308) ipc1@1=0.00(280) Tmr Svc@*=0.00(856)
22:23:01.424 [status] up 201s | mic -31.2 dBFS (peak -18.5) | score max 0.00 | detections 0 | inferences 333 (33.3/s; model 0.87 ms each, paused in quiet 2%; features 1.36 ms per 30 ms) | CPU core0  1.1% core1  8.3% (wake word pipeline 8.17% of one core) | RAM used 176 KB (peak 181 KB, 178 KB free) | wifi OK, server OK | audio lost since boot: i2s 0 net 0
22:23:11.422 [status] up 211s | mic -31.2 dBFS (peak -17.8) | score max 0.00 | detections 0 | inferences 333 (33.3/s; model 0.86 ms each, paused in quiet 0%; features 1.38 ms per 30 ms) | CPU core0  0.8% core1  8.3% (wake word pipeline 8.16% of one core) | RAM used 176 KB (peak 181 KB, 178 KB free) | wifi OK, server OK | audio lost since boot: i2s 0 net 0
22:23:19.799 I (219941) wifi:[ADDBA]RX DELBA, reason:37, delete tid:0, initiator:1(originator)
22:23:21.437 [status] up 221s | mic -31.3 dBFS (peak -16.8) | score max 0.00 | detections 0 | inferences 334 (33.4/s; model 0.87 ms each, paused in quiet 0%; features 1.38 ms per 30 ms) | CPU core0  0.6% core1  8.4% (wake word pipeline 8.19% of one core) | RAM used 176 KB (peak 181 KB, 178 KB free) | wifi OK, server OK | audio lost since boot: i2s 0 net 0
22:23:31.433 [status] up 231s | mic -32.4 dBFS (peak -19.5) | score max 0.00 | detections 0 | inferences 333 (33.3/s; model 0.87 ms each, paused in quiet 0%; features 1.39 ms per 30 ms) | CPU core0  0.9% core1  8.4% (wake word pipeline 8.19% of one core) | RAM used 176 KB (peak 181 KB, 178 KB free) | wifi OK, server OK | audio lost since boot: i2s 0 net 0
22:23:41.442 [status] up 241s | mic -30.6 dBFS (peak -16.8) | score max 0.00 | detections 0 | inferences 333 (33.3/s; model 0.86 ms each, paused in quiet 0%; features 1.38 ms per 30 ms) | CPU core0  0.8% core1  8.4% (wake word pipeline 8.16% of one core) | RAM used 176 KB (peak 181 KB, 178 KB free) | wifi OK, server OK | audio lost since boot: i2s 0 net 0
22:23:44.703 I (244841) wifi:[ADDBA]RX DELBA, reason:37, delete tid:0, initiator:1(originator)
22:23:51.472 [status] up 251s | mic -31.5 dBFS (peak -19.8) | score max 0.00 | detections 0 | inferences 334 (33.4/s; model 0.87 ms each, paused in quiet 0%; features 1.38 ms per 30 ms) | CPU core0  0.9% core1  8.4% (wake word pipeline 8.18% of one core) | RAM used 176 KB (peak 181 KB, 178 KB free) | wifi OK, server OK | audio lost since boot: i2s 0 net 0
22:23:51.472 [tasks] % of one core (free stack): main@0=0.31(928) IDLE1@1=91.64(720) IDLE0@0=99.16(728) audio_kws@1=8.31(736) tiT@*=0.12(1452) websocket_task@*=0.17(956) ipc0@0=0.00(272) ipc1@1=0.00(280) esp_timer@0=0.01(1600) Tmr Svc@*=0.00(856) wifi@0=0.25(3308) streamer@0=0.00(2436) sys_evt@0=0.00(432)
22:24:01.457 [status] up 261s | mic -32.3 dBFS (peak -18.6) | score max 0.00 | detections 0 | inferences 333 (33.3/s; model 0.86 ms each, paused in quiet 0%; features 1.38 ms per 30 ms) | CPU core0  1.1% core1  8.3% (wake word pipeline 8.16% of one core) | RAM used 176 KB (peak 181 KB, 178 KB free) | wifi OK, server OK | audio lost since boot: i2s 0 net 0
22:24:10.667 I (270812) wifi:[ADDBA]RX DELBA, reason:37, delete tid:0, initiator:1(originator)
22:24:11.475 [status] up 271s | mic -33.2 dBFS (peak -22.5) | score max 0.00 | detections 0 | inferences 334 (33.4/s; model 0.87 ms each, paused in quiet 0%; features 1.39 ms per 30 ms) | CPU core0  0.9% core1  8.4% (wake word pipeline 8.18% of one core) | RAM used 176 KB (peak 181 KB, 178 KB free) | wifi OK, server OK | audio lost since boot: i2s 0 net 0
22:24:21.190 I (281340) wifi:[ADDBA]RX DELBA, reason:37, delete tid:0, initiator:1(originator)
22:24:21.484 [status] up 281s | mic -31.8 dBFS (peak -18.8) | score max 0.00 | detections 0 | inferences 332 (33.2/s; model 0.87 ms each, paused in quiet 1%; features 1.38 ms per 30 ms) | CPU core0  0.7% core1  8.4% (wake word pipeline 8.18% of one core) | RAM used 176 KB (peak 181 KB, 178 KB free) | wifi OK, server OK | audio lost since boot: i2s 0 net 0
22:24:31.482 [status] up 291s | mic -31.2 dBFS (peak -18.3) | score max 0.00 | detections 0 | inferences 334 (33.4/s; model 0.87 ms each, paused in quiet 0%; features 1.39 ms per 30 ms) | CPU core0  0.8% core1  8.4% (wake word pipeline 8.20% of one core) | RAM used 176 KB (peak 181 KB, 178 KB free) | wifi OK, server OK | audio lost since boot: i2s 0 net 0
22:24:41.494 [status] up 301s | mic -31.0 dBFS (peak -17.9) | score max 0.00 | detections 0 | inferences 333 (33.3/s; model 0.87 ms each, paused in quiet 0%; features 1.39 ms per 30 ms) | CPU core0  0.8% core1  8.4% (wake word pipeline 8.18% of one core) | RAM used 176 KB (peak 181 KB, 178 KB free) | wifi OK, server OK | audio lost since boot: i2s 0 net 0
22:24:43.173 I (303317) wifi:[ADDBA]RX DELBA, reason:37, delete tid:0, initiator:1(originator)
22:24:51.519 [status] up 311s | mic -32.4 dBFS (peak -18.2) | score max 0.00 | detections 0 | inferences 333 (33.3/s; model 0.87 ms each, paused in quiet 0%; features 1.39 ms per 30 ms) | CPU core0  0.9% core1  8.4% (wake word pipeline 8.19% of one core) | RAM used 176 KB (peak 181 KB, 178 KB free) | wifi OK, server OK | audio lost since boot: i2s 0 net 0
22:24:51.520 [tasks] % of one core (free stack): main@0=0.34(928) IDLE1@1=91.63(720) IDLE0@0=99.15(728) websocket_task@*=0.18(956) audio_kws@1=8.32(736) tiT@*=0.12(1452) Tmr Svc@*=0.00(856) streamer@0=0.00(2436) esp_timer@0=0.01(1600) sys_evt@0=0.00(432) wifi@0=0.26(3308) ipc0@0=0.00(272) ipc1@1=0.00(280)
22:25:01.509 [status] up 321s | mic -32.0 dBFS (peak -18.0) | score max 0.00 | detections 0 | inferences 334 (33.4/s; model 0.87 ms each, paused in quiet 0%; features 1.39 ms per 30 ms) | CPU core0  1.1% core1  8.4% (wake word pipeline 8.20% of one core) | RAM used 176 KB (peak 181 KB, 178 KB free) | wifi OK, server OK | audio lost since boot: i2s 0 net 0
22:25:11.509 [status] up 331s | mic -30.4 dBFS (peak -15.8) | score max 0.00 | detections 0 | inferences 333 (33.3/s; model 0.86 ms each, paused in quiet 0%; features 1.39 ms per 30 ms) | CPU core0  0.8% core1  8.3% (wake word pipeline 8.16% of one core) | RAM used 176 KB (peak 181 KB, 178 KB free) | wifi OK, server OK | audio lost since boot: i2s 0 net 0
22:25:13.449 I (333601) wifi:[ADDBA]RX DELBA, reason:37, delete tid:0, initiator:1(originator)
22:25:21.528 [status] up 341s | mic -30.8 dBFS (peak -18.4) | score max 0.00 | detections 0 | inferences 333 (33.3/s; model 0.87 ms each, paused in quiet 0%; features 1.39 ms per 30 ms) | CPU core0  0.9% core1  8.4% (wake word pipeline 8.18% of one core) | RAM used 176 KB (peak 181 KB, 178 KB free) | wifi OK, server OK | audio lost since boot: i2s 0 net 0
22:25:31.521 [status] up 351s | mic -33.7 dBFS (peak -21.6) | score max 0.00 | detections 0 | inferences 334 (33.4/s; model 0.87 ms each, paused in quiet 0%; features 1.39 ms per 30 ms) | CPU core0  0.6% core1  8.4% (wake word pipeline 8.20% of one core) | RAM used 176 KB (peak 181 KB, 178 KB free) | wifi OK, server OK | audio lost since boot: i2s 0 net 0
22:25:34.669 I (354813) wifi:[ADDBA]RX DELBA, reason:37, delete tid:0, initiator:1(originator)
22:25:41.540 [status] up 361s | mic -32.8 dBFS (peak -17.9) | score max 0.00 | detections 0 | inferences 333 (33.3/s; model 0.87 ms each, paused in quiet 0%; features 1.39 ms per 30 ms) | CPU core0  0.9% core1  8.4% (wake word pipeline 8.19% of one core) | RAM used 176 KB (peak 181 KB, 178 KB free) | wifi OK, server OK | audio lost since boot: i2s 0 net 0
22:25:48.036 I (368186) wifi:[ADDBA]RX DELBA, reason:37, delete tid:0, initiator:1(originator)
22:25:51.571 [status] up 371s | mic -30.4 dBFS (peak -19.5) | score max 0.01 | detections 0 | inferences 334 (33.4/s; model 0.87 ms each, paused in quiet 0%; features 1.39 ms per 30 ms) | CPU core0  0.9% core1  8.4% (wake word pipeline 8.22% of one core) | RAM used 176 KB (peak 181 KB, 178 KB free) | wifi OK, server OK | audio lost since boot: i2s 0 net 0
22:25:51.571 [tasks] % of one core (free stack): main@0=0.34(928) IDLE1@1=91.63(720) IDLE0@0=99.15(728) websocket_task@*=0.18(956) audio_kws@1=8.33(736) tiT@*=0.12(1452) sys_evt@0=0.00(432) ipc0@0=0.00(272) esp_timer@0=0.01(1600) ipc1@1=0.00(280) wifi@0=0.26(3308) Tmr Svc@*=0.00(856) streamer@0=0.00(2436)
22:26:01.551 [status] up 381s | mic -31.4 dBFS (peak -16.7) | score max 0.00 | detections 0 | inferences 333 (33.3/s; model 0.86 ms each, paused in quiet 0%; features 1.39 ms per 30 ms) | CPU core0  1.1% core1  8.4% (wake word pipeline 8.16% of one core) | RAM used 176 KB (peak 181 KB, 178 KB free) | wifi OK, server OK | audio lost since boot: i2s 0 net 0
22:26:04.183 I (384337) wifi:[ADDBA]RX DELBA, reason:37, delete tid:0, initiator:1(originator)
22:26:11.562 [status] up 391s | mic -30.7 dBFS (peak -16.9) | score max 0.00 | detections 0 | inferences 333 (33.3/s; model 0.87 ms each, paused in quiet 0%; features 1.39 ms per 30 ms) | CPU core0  0.9% core1  8.4% (wake word pipeline 8.19% of one core) | RAM used 176 KB (peak 181 KB, 178 KB free) | wifi OK, server OK | audio lost since boot: i2s 0 net 0
22:26:18.750 I (398899) wifi:[ADDBA]RX DELBA, reason:37, delete tid:0, initiator:1(originator)
22:26:21.567 [status] up 401s | mic -32.9 dBFS (peak -21.9) | score max 0.00 | detections 0 | inferences 334 (33.4/s; model 0.87 ms each, paused in quiet 0%; features 1.38 ms per 30 ms) | CPU core0  0.9% core1  8.4% (wake word pipeline 8.18% of one core) | RAM used 176 KB (peak 181 KB, 178 KB free) | wifi OK, server OK | audio lost since boot: i2s 0 net 0
22:26:31.580 [status] up 411s | mic -31.0 dBFS (peak -16.7) | score max 0.00 | detections 0 | inferences 333 (33.3/s; model 0.87 ms each, paused in quiet 0%; features 1.39 ms per 30 ms) | CPU core0  0.8% core1  8.4% (wake word pipeline 8.19% of one core) | RAM used 176 KB (peak 181 KB, 178 KB free) | wifi OK, server OK | audio lost since boot: i2s 0 net 0
22:26:34.161 I (414313) wifi:[ADDBA]RX DELBA, reason:37, delete tid:0, initiator:1(originator)
22:26:41.586 [status] up 421s | mic -31.7 dBFS (peak -19.9) | score max 0.00 | detections 0 | inferences 333 (33.3/s; model 0.87 ms each, paused in quiet 0%; features 1.38 ms per 30 ms) | CPU core0  0.9% core1  8.4% (wake word pipeline 8.18% of one core) | RAM used 176 KB (peak 181 KB, 178 KB free) | wifi OK, server OK | audio lost since boot: i2s 0 net 0
22:26:45.780 I (425924) wifi:[ADDBA]RX DELBA, reason:37, delete tid:0, initiator:1(originator)
22:26:51.618 [status] up 431s | mic -31.7 dBFS (peak -18.7) | score max 0.00 | detections 0 | inferences 334 (33.4/s; model 0.87 ms each, paused in quiet 0%; features 1.39 ms per 30 ms) | CPU core0  0.7% core1  8.4% (wake word pipeline 8.20% of one core) | RAM used 176 KB (peak 181 KB, 178 KB free) | wifi OK, server OK | audio lost since boot: i2s 0 net 0
22:26:51.618 [tasks] % of one core (free stack): main@0=0.33(928) IDLE1@1=91.62(720) IDLE0@0=99.14(728) websocket_task@*=0.18(956) audio_kws@1=8.32(736) tiT@*=0.12(1452) ipc1@1=0.00(280) Tmr Svc@*=0.00(856) esp_timer@0=0.01(1600) streamer@0=0.00(2436) wifi@0=0.27(3308) sys_evt@0=0.00(432) ipc0@0=0.00(272)
