20:24:43.020 ESP-ROM:esp32s3-20210327
20:24:43.022 Build:Mar 27 2021
20:24:43.022 rst:0x1 (POWERON),boot:0x8 (SPI_FAST_FLASH_BOOT)
20:24:43.023 SPIWP:0xee
20:24:43.023 mode:DIO, clock div:1
20:24:43.023 load:0x3fce2820,len:0x1668
20:24:43.023 load:0x403c8700,len:0xec0
20:24:43.024 load:0x403cb700,len:0x3178
20:24:43.024 entry 0x403c894c
20:24:43.024 I (24) boot: ESP-IDF v5.5.5 2nd stage bootloader
20:24:43.025 I (25) boot: compile time Sep 27 2026 18:23:27
20:24:43.025 I (25) boot: Multicore bootloader
20:24:43.025 I (25) boot: chip revision: v0.2
20:24:43.025 I (28) boot: efuse block revision: v1.4
20:24:43.025 I (31) qio_mode: Enabling default flash chip QIO
20:24:43.025 I (36) boot.esp32s3: Boot SPI Speed : 80MHz
20:24:43.029 I (40) boot.esp32s3: SPI Mode       : QIO
20:24:43.029 I (43) boot.esp32s3: SPI Flash Size : 4MB
20:24:43.029 I (47) boot: Enabling RNG early entropy source...
20:24:43.029 I (52) boot: Partition Table:
20:24:43.029 I (54) boot: ## Label            Usage          Type ST Offset   Length
20:24:43.029 I (60) boot:  0 nvs              WiFi data        01 02 00009000 00006000
20:24:43.029 I (67) boot:  1 phy_init         RF data          01 01 0000f000 00001000
20:24:43.029 I (73) boot:  2 factory          factory app      00 00 00010000 00177000
20:24:43.030 I (80) boot: End of partition table
20:24:43.030 I (83) esp_image: segment 0: paddr=00010020 vaddr=3c0e0020 size=36e60h (224864) map
20:24:43.030 I (126) esp_image: segment 1: paddr=00046e88 vaddr=3fc9ff00 size=050dch ( 20700) load
20:24:43.030 I (130) esp_image: segment 2: paddr=0004bf6c vaddr=40378000 size=040ach ( 16556) load
20:24:43.030 I (133) esp_image: segment 3: paddr=00050020 vaddr=42000020 size=d9200h (889344) map
20:24:43.030 I (274) esp_image: segment 4: paddr=00129228 vaddr=4037c0ac size=13d50h ( 81232) load
20:24:43.030 I (291) esp_image: segment 5: paddr=0013cf80 vaddr=50000000 size=00020h (    32) load
20:24:43.030 I (301) boot: Loaded app from partition at offset 0x10000
20:24:43.030 I (301) boot: Disabling RNG early entropy source...
20:24:43.030 I (311) cpu_start: Multicore app
20:24:43.030 I (319) cpu_start: GPIO 44 and 43 are used as console UART I/O pins
20:24:43.030 I (320) cpu_start: Pro cpu start user code
20:24:43.030 I (320) cpu_start: cpu freq: 240000000 Hz
20:24:43.030 I (321) app_init: Application information:
20:24:43.030 I (325) app_init: Project name:     kws_s3
20:24:43.030 I (329) app_init: App version:      4aa7c12-dirty
20:24:43.031 I (333) app_init: Compile time:     Sep 28 2026 20:14:18
20:24:43.031 I (338) app_init: ELF file SHA256:  ecb2c1ecc...
20:24:43.031 I (343) app_init: ESP-IDF:          v5.5.5
20:24:43.031 I (347) efuse_init: Min chip rev:     v0.0
20:24:43.031 I (350) efuse_init: Max chip rev:     v0.99
20:24:43.031 I (354) efuse_init: Chip rev:         v0.2
20:24:43.031 I (358) heap_init: Initializing. RAM available for dynamic allocation:
20:24:43.031 I (365) heap_init: At 3FCABC48 len 0003DAC8 (246 KiB): RAM
20:24:43.031 I (370) heap_init: At 3FCE9710 len 00005724 (21 KiB): RAM
20:24:43.031 I (375) heap_init: At 600FE000 len 00001FE8 (7 KiB): RTCRAM
20:24:43.031 I (381) spi_flash: detected chip: boya
20:24:43.031 I (384) spi_flash: flash io: qio
20:24:43.031 W (387) spi_flash: Detected size(16384k) larger than the size in the binary image header(4096k). Using the size in the binary image header.
20:24:43.031 I (399) sleep_gpio: Configure to isolate all GPIO pins in sleep state
20:24:43.031 I (405) sleep_gpio: Enable automatic switching of GPIO sleep configuration
20:24:43.031 I (412) main_task: Started on CPU0
20:24:43.031 I (430) main_task: Calling app_main()
20:24:43.032 
20:24:43.032 ==================== SIH KWS firmware ====================
20:24:43.032  chip      : esp32s3 rev v0.2, 2 cores, flash 4 MB
20:24:43.032  ESP-IDF   : v5.5.5
20:24:43.033  RAM       : 47 KB static data, 247 KB heap free (code in IRAM: 95 KB, not counted)
20:24:43.033  model     : marvin.tflite (60896 bytes, stored in flash)
20:24:43.033 ===========================================================
20:24:43.033 
20:24:43.033 [heap] start of app_main            253752 B free (of 283092 B)
20:24:43.033 [heap] NVS                          took   3072 B, 250680 B free
20:24:43.033 I (495) kws: model ready: wake word "marvin", threshold 0.50 (json), window 5, input 3x40 int8
20:24:43.033 I (497) kws: model RAM: tensor arena 25964 of 30000 bytes used; engine total 41 KB of heap
20:24:43.033 
20:24:43.033 ------------------------ SELF-TEST ------------------------
20:24:43.033  noise only (3 s)   : PASS - stayed quiet  (highest score 0.01, threshold 0.50)
20:24:43.034  wake word recording: skipped - no WAV file in the model folder (optional)
20:24:43.034 -----------------------------------------------------------
20:24:43.034 
20:24:43.034 [heap] model + features + self-test took  43036 B, 207644 B free
20:24:43.034 I (728) audio: I2S running: 16 kHz, 32-bit slots, both channels, SCK=16 WS=15 SD=17, gain x1
20:24:43.696 I (1230) kws: microphones: left (L/R to GND) -21.1 dBFS, right (L/R to 3V3) -22.0 dBFS, similarity 0.47 -> using both (average)
20:24:43.696 [heap] I2S + ring + audio task      took  53620 B, 154024 B free
20:24:43.696 I (1241) kws: listening for "marvin" ...
20:24:43.697 I (1243) pp: pp rom version: e7ae62f
20:24:43.697 I (1247) net80211: net80211 rom version: e7ae62f
20:24:43.697 I (1254) wifi:wifi driver task: 3fcca8b4, prio:23, stack:6656, core=0
20:24:43.697 I (1265) wifi:wifi firmware version: b9f67df
20:24:43.697 I (1265) wifi:wifi certification version: v7.0
20:24:43.697 I (1266) wifi:config NVS flash: enabled
20:24:43.697 I (1269) wifi:config nano formatting: disabled
20:24:43.697 I (1275) wifi:Init data frame dynamic rx buffer num: 16
20:24:43.697 I (1280) wifi:Init static rx mgmt buffer num: 5
20:24:43.697 I (1281) wifi:Init management short buffer num: 32
20:24:43.697 I (1286) wifi:Init dynamic tx buffer num: 16
20:24:43.697 I (1292) wifi:Init static tx FG buffer num: 2
20:24:43.697 I (1297) wifi:Init static rx buffer size: 1600
20:24:43.697 I (1298) wifi:Init static rx buffer num: 6
20:24:43.697 I (1303) wifi:Init dynamic rx buffer num: 16
20:24:43.697 I (1309) wifi_init: accept mbox: 6
20:24:43.697 I (1309) wifi_init: tcpip mbox: 32
20:24:43.697 I (1314) wifi_init: udp mbox: 6
20:24:43.697 I (1314) wifi_init: tcp mbox: 6
20:24:43.697 I (1319) wifi_init: tcp tx win: 5760
20:24:43.698 I (1320) wifi_init: tcp rx win: 5760
20:24:43.698 I (1325) wifi_init: tcp mss: 1440
20:24:43.698 I (1330) wifi_init: WiFi IRAM OP enabled
20:24:43.698 I (1331) wifi_init: WiFi RX IRAM OP enabled
20:24:43.698 I (1337) phy_init: phy_version 712,87e8c20e,Apr 13 2026,18:51:10
20:24:43.698 I (1374) wifi:mode : sta (e0:72:a1:d5:32:74)
20:24:43.698 I (1375) wifi:enable tsf
20:24:43.698 I (1377) wifi:Set ps type: 0, coexist: 0
20:24:43.698 
20:24:43.698 I (1380) wifi: connecting to "ARYA 9252" ...
20:24:43.698 [heap] Wi-Fi driver + netif         took  42680 B, 111344 B free
20:24:43.698 [heap] WebSocket client + streamer  took  13900 B,  97444 B free
20:24:43.698 W (1387) stream: cannot reach the server ws://192.168.137.1:3000/ws (is it running? same network?) - retrying every second
20:24:46.081 W (3787) wifi: cannot connect (reason 201). Check the name/password in menuconfig; the ESP32 needs a 2.4 GHz network (201 = network not found, 15/204 = wrong password)
20:24:53.732 [status] up 11s | mic -39.9 dBFS (peak -30.6) | score max 0.01 | detections 0 | inferences 78 (7.8/s; model 0.94 ms each, paused in quiet 78%; features 1.34 ms per 30 ms) | CPU core0 -1.0% core1 -1.0% (wake word pipeline 6.05% of one core) | RAM used 228 KB (peak 228 KB, 95 KB free) | wifi --, server -- | audio lost since boot: i2s 0 net 0
20:24:53.732 [tasks] % of one core (free stack): main@0=-1.00(1952) IDLE1@1=-1.00(720) IDLE0@0=-1.00(728) audio_kws@1=-1.00(1344) websocket_task@*=-1.00(1456) tiT@*=-1.00(2460) ipc1@1=-1.00(536) streamer@0=-1.00(2944) sys_evt@0=-1.00(516) wifi@0=-1.00(4048) esp_timer@0=-1.00(3136) ipc0@0=-1.00(528) Tmr Svc@*=-1.00(1368)
20:25:03.718 [status] up 21s | mic -40.1 dBFS (peak -34.7) | score max 0.00 | detections 0 | inferences 101 (10.1/s; model 0.91 ms each, paused in quiet 71%; features 1.33 ms per 30 ms) | CPU core0  1.1% core1  6.4% (wake word pipeline 6.16% of one core) | RAM used 228 KB (peak 228 KB, 95 KB free) | wifi --, server -- | audio lost since boot: i2s 0 net 0
20:25:10.149 W (27854) wifi: cannot connect (reason 201). Check the name/password in menuconfig; the ESP32 needs a 2.4 GHz network (201 = network not found, 15/204 = wrong password)
20:25:13.721 [status] up 31s | mic -40.1 dBFS (peak -33.6) | score max 0.00 | detections 0 | inferences 221 (22.1/s; model 0.88 ms each, paused in quiet 39%; features 1.28 ms per 30 ms) | CPU core0  0.9% core1  7.4% (wake word pipeline 7.22% of one core) | RAM used 228 KB (peak 228 KB, 95 KB free) | wifi --, server -- | audio lost since boot: i2s 0 net 0
20:25:23.718 [status] up 41s | mic -40.1 dBFS (peak -30.8) | score max 0.00 | detections 0 | inferences 143 (14.3/s; model 0.89 ms each, paused in quiet 58%; features 1.33 ms per 30 ms) | CPU core0  0.8% core1  6.7% (wake word pipeline 6.54% of one core) | RAM used 228 KB (peak 228 KB, 95 KB free) | wifi --, server -- | audio lost since boot: i2s 0 net 0
20:25:33.724 [status] up 51s | mic -40.2 dBFS (peak -30.2) | score max 0.00 | detections 0 | inferences 175 (17.5/s; model 0.89 ms each, paused in quiet 50%; features 1.31 ms per 30 ms) | CPU core0  0.8% core1  7.0% (wake word pipeline 6.83% of one core) | RAM used 228 KB (peak 228 KB, 95 KB free) | wifi --, server -- | audio lost since boot: i2s 0 net 0
20:25:34.224 W (51925) wifi: cannot connect (reason 201). Check the name/password in menuconfig; the ESP32 needs a 2.4 GHz network (201 = network not found, 15/204 = wrong password)
20:25:43.728 [status] up 61s | mic -40.4 dBFS (peak -34.1) | score max 0.00 | detections 0 | inferences 63 (6.3/s; model 0.91 ms each, paused in quiet 82%; features 1.33 ms per 30 ms) | CPU core0  0.8% core1  6.0% (wake word pipeline 5.80% of one core) | RAM used 228 KB (peak 228 KB, 95 KB free) | wifi --, server -- | audio lost since boot: i2s 0 net 0
20:25:53.753 [status] up 71s | mic -40.4 dBFS (peak -34.6) | score max 0.00 | detections 0 | inferences 126 (12.6/s; model 0.89 ms each, paused in quiet 64%; features 1.30 ms per 30 ms) | CPU core0  0.8% core1  6.5% (wake word pipeline 6.37% of one core) | RAM used 228 KB (peak 228 KB, 95 KB free) | wifi --, server -- | audio lost since boot: i2s 0 net 0
20:25:53.754 [tasks] % of one core (free stack): main@0=0.32(1952) IDLE1@1=93.32(720) IDLE0@0=99.14(728) audio_kws@1=6.63(1344) websocket_task@*=0.09(1456) tiT@*=0.05(2460) Tmr Svc@*=0.00(1368) sys_evt@0=0.03(516) ipc1@1=0.00(536) wifi@0=0.34(4048) esp_timer@0=0.06(3136) streamer@0=0.00(2944) ipc0@0=0.00(528)
20:25:58.288 W (75992) wifi: cannot connect (reason 201). Check the name/password in menuconfig; the ESP32 needs a 2.4 GHz network (201 = network not found, 15/204 = wrong password)
20:26:03.730 [status] up 81s | mic -40.2 dBFS (peak -35.7) | score max 0.00 | detections 0 | inferences 46 (4.6/s; model 0.87 ms each, paused in quiet 87%; features 1.33 ms per 30 ms) | CPU core0  1.1% core1  5.8% (wake word pipeline 5.61% of one core) | RAM used 228 KB (peak 228 KB, 95 KB free) | wifi --, server -- | audio lost since boot: i2s 0 net 0
20:26:13.738 [status] up 91s | mic -40.1 dBFS (peak -34.0) | score max 0.00 | detections 0 | inferences 152 (15.2/s; model 0.88 ms each, paused in quiet 57%; features 1.31 ms per 30 ms) | CPU core0  0.6% core1  6.8% (wake word pipeline 6.61% of one core) | RAM used 228 KB (peak 228 KB, 95 KB free) | wifi --, server -- | audio lost since boot: i2s 0 net 0
20:26:22.358 W (100060) wifi: cannot connect (reason 201). Check the name/password in menuconfig; the ESP32 needs a 2.4 GHz network (201 = network not found, 15/204 = wrong password)
20:26:23.742 [status] up 101s | mic -39.9 dBFS (peak -33.3) | score max 0.00 | detections 0 | inferences 193 (19.3/s; model 0.88 ms each, paused in quiet 45%; features 1.31 ms per 30 ms) | CPU core0  0.8% core1  7.2% (wake word pipeline 6.97% of one core) | RAM used 228 KB (peak 228 KB, 95 KB free) | wifi --, server -- | audio lost since boot: i2s 0 net 0
20:26:33.743 [status] up 111s | mic -40.4 dBFS (peak -33.8) | score max 0.00 | detections 0 | inferences 195 (19.5/s; model 0.89 ms each, paused in quiet 45%; features 1.31 ms per 30 ms) | CPU core0  0.8% core1  7.2% (wake word pipeline 7.01% of one core) | RAM used 228 KB (peak 229 KB, 95 KB free) | wifi --, server -- | audio lost since boot: i2s 0 net 0
20:26:43.745 [status] up 121s | mic -40.2 dBFS (peak -32.9) | score max 0.00 | detections 0 | inferences 96 (9.6/s; model 0.89 ms each, paused in quiet 72%; features 1.33 ms per 30 ms) | CPU core0  0.8% core1  6.3% (wake word pipeline 6.09% of one core) | RAM used 228 KB (peak 229 KB, 95 KB free) | wifi --, server -- | audio lost since boot: i2s 0 net 0
20:26:46.417 W (124129) wifi: cannot connect (reason 201). Check the name/password in menuconfig; the ESP32 needs a 2.4 GHz network (201 = network not found, 15/204 = wrong password)
20:26:53.767 [status] up 131s | mic -40.6 dBFS (peak -34.1) | score max 0.00 | detections 0 | inferences 149 (14.9/s; model 0.88 ms each, paused in quiet 59%; features 1.27 ms per 30 ms) | CPU core0  0.9% core1  6.7% (wake word pipeline 6.56% of one core) | RAM used 228 KB (peak 229 KB, 95 KB free) | wifi --, server -- | audio lost since boot: i2s 0 net 0
20:26:53.768 [tasks] % of one core (free stack): main@0=0.30(1952) IDLE1@1=93.33(720) IDLE0@0=99.16(728) audio_kws@1=6.63(1344) websocket_task@*=0.09(1456) tiT@*=0.05(2460) ipc0@0=0.00(528) sys_evt@0=0.03(420) esp_timer@0=0.06(3104) Tmr Svc@*=0.00(1368) wifi@0=0.35(4048) ipc1@1=0.00(536) streamer@0=0.00(2944)
20:27:03.751 [status] up 141s | mic -40.2 dBFS (peak -34.1) | score max 0.00 | detections 0 | inferences 177 (17.7/s; model 0.89 ms each, paused in quiet 50%; features 1.30 ms per 30 ms) | CPU core0  1.1% core1  7.1% (wake word pipeline 6.85% of one core) | RAM used 228 KB (peak 229 KB, 95 KB free) | wifi --, server -- | audio lost since boot: i2s 0 net 0
20:27:10.495 W (148198) wifi: cannot connect (reason 201). Check the name/password in menuconfig; the ESP32 needs a 2.4 GHz network (201 = network not found, 15/204 = wrong password)
20:27:13.762 [status] up 151s | mic -40.2 dBFS (peak -34.5) | score max 0.00 | detections 0 | inferences 143 (14.3/s; model 0.89 ms each, paused in quiet 58%; features 1.34 ms per 30 ms) | CPU core0  0.8% core1  6.7% (wake word pipeline 6.53% of one core) | RAM used 228 KB (peak 229 KB, 95 KB free) | wifi --, server -- | audio lost since boot: i2s 0 net 0
20:27:23.764 [status] up 161s | mic -40.2 dBFS (peak -33.2) | score max 0.00 | detections 0 | inferences 141 (14.1/s; model 0.88 ms each, paused in quiet 60%; features 1.29 ms per 30 ms) | CPU core0  0.8% core1  6.7% (wake word pipeline 6.49% of one core) | RAM used 228 KB (peak 229 KB, 95 KB free) | wifi --, server -- | audio lost since boot: i2s 0 net 0
20:27:33.758 [status] up 171s | mic -40.3 dBFS (peak -36.1) | score max 0.00 | detections 0 | inferences 44 (4.4/s; model 0.88 ms each, paused in quiet 87%; features 1.37 ms per 30 ms) | CPU core0  0.8% core1  5.8% (wake word pipeline 5.60% of one core) | RAM used 228 KB (peak 229 KB, 95 KB free) | wifi --, server -- | audio lost since boot: i2s 0 net 0
20:27:34.551 W (172267) wifi: cannot connect (reason 201). Check the name/password in menuconfig; the ESP32 needs a 2.4 GHz network (201 = network not found, 15/204 = wrong password)
20:27:43.754 [status] up 181s | mic -40.1 dBFS (peak -34.6) | score max 0.00 | detections 0 | inferences 126 (12.6/s; model 0.88 ms each, paused in quiet 64%; features 1.30 ms per 30 ms) | CPU core0  0.8% core1  6.6% (wake word pipeline 6.35% of one core) | RAM used 228 KB (peak 229 KB, 95 KB free) | wifi --, server -- | audio lost since boot: i2s 0 net 0
20:27:53.789 [status] up 191s | mic -40.1 dBFS (peak -33.2) | score max 0.00 | detections 0 | inferences 118 (11.8/s; model 0.89 ms each, paused in quiet 65%; features 1.34 ms per 30 ms) | CPU core0  0.8% core1  6.5% (wake word pipeline 6.30% of one core) | RAM used 228 KB (peak 229 KB, 95 KB free) | wifi --, server -- | audio lost since boot: i2s 0 net 0
20:27:53.790 [tasks] % of one core (free stack): main@0=0.33(1952) IDLE1@1=93.45(720) IDLE0@0=99.15(728) audio_kws@1=6.50(1344) websocket_task@*=0.09(1456) tiT@*=0.05(2460) streamer@0=0.00(2944) sys_evt@0=0.02(420) wifi@0=0.34(4048) esp_timer@0=0.06(3104) ipc0@0=0.00(528) Tmr Svc@*=0.00(1368) ipc1@1=0.00(536)
20:27:58.623 W (196335) wifi: cannot connect (reason 201). Check the name/password in menuconfig; the ESP32 needs a 2.4 GHz network (201 = network not found, 15/204 = wrong password)
20:28:03.774 [status] up 201s | mic -39.8 dBFS (peak -33.8) | score max 0.00 | detections 0 | inferences 197 (19.7/s; model 0.88 ms each, paused in quiet 45%; features 1.27 ms per 30 ms) | CPU core0  1.1% core1  7.2% (wake word pipeline 7.00% of one core) | RAM used 228 KB (peak 229 KB, 95 KB free) | wifi --, server -- | audio lost since boot: i2s 0 net 0
20:28:13.767 [status] up 211s | mic -40.1 dBFS (peak -35.1) | score max 0.00 | detections 0 | inferences 121 (12.1/s; model 0.89 ms each, paused in quiet 65%; features 1.34 ms per 30 ms) | CPU core0  0.8% core1  6.5% (wake word pipeline 6.34% of one core) | RAM used 228 KB (peak 229 KB, 95 KB free) | wifi --, server -- | audio lost since boot: i2s 0 net 0
20:28:22.688 W (220403) wifi: cannot connect (reason 201). Check the name/password in menuconfig; the ESP32 needs a 2.4 GHz network (201 = network not found, 15/204 = wrong password)
20:28:23.781 [status] up 221s | mic -39.9 dBFS (peak -35.1) | score max 0.00 | detections 0 | inferences 65 (6.5/s; model 0.88 ms each, paused in quiet 81%; features 1.33 ms per 30 ms) | CPU core0  0.8% core1  6.0% (wake word pipeline 5.79% of one core) | RAM used 228 KB (peak 229 KB, 95 KB free) | wifi --, server -- | audio lost since boot: i2s 0 net 0
20:28:33.782 [status] up 231s | mic -40.2 dBFS (peak -34.9) | score max 0.00 | detections 0 | inferences 98 (9.8/s; model 0.89 ms each, paused in quiet 72%; features 1.30 ms per 30 ms) | CPU core0  0.8% core1  6.3% (wake word pipeline 6.11% of one core) | RAM used 228 KB (peak 229 KB, 95 KB free) | wifi --, server -- | audio lost since boot: i2s 0 net 0
20:28:43.787 [status] up 241s | mic -40.6 dBFS (peak -35.5) | score max 0.00 | detections 0 | inferences 149 (14.9/s; model 0.88 ms each, paused in quiet 58%; features 1.30 ms per 30 ms) | CPU core0  0.8% core1  6.8% (wake word pipeline 6.57% of one core) | RAM used 228 KB (peak 229 KB, 95 KB free) | wifi --, server -- | audio lost since boot: i2s 0 net 0
20:28:46.761 W (244473) wifi: cannot connect (reason 201). Check the name/password in menuconfig; the ESP32 needs a 2.4 GHz network (201 = network not found, 15/204 = wrong password)
20:28:53.806 [status] up 251s | mic -40.1 dBFS (peak -32.2) | score max 0.00 | detections 0 | inferences 176 (17.6/s; model 0.88 ms each, paused in quiet 49%; features 1.34 ms per 30 ms) | CPU core0  0.8% core1  7.0% (wake word pipeline 6.83% of one core) | RAM used 228 KB (peak 229 KB, 95 KB free) | wifi --, server -- | audio lost since boot: i2s 0 net 0
20:28:53.806 [tasks] % of one core (free stack): main@0=0.34(1952) IDLE1@1=93.35(720) IDLE0@0=99.16(728) audio_kws@1=6.59(1344) websocket_task@*=0.09(1456) tiT@*=0.05(2460) ipc1@1=0.00(536) sys_evt@0=0.02(420) wifi@0=0.34(4048) esp_timer@0=0.06(3104) streamer@0=0.00(2944) ipc0@0=0.00(528) Tmr Svc@*=0.00(1368)
20:29:03.790 [status] up 261s | mic -39.8 dBFS (peak -33.2) | score max 0.00 | detections 0 | inferences 189 (18.9/s; model 0.89 ms each, paused in quiet 48%; features 1.27 ms per 30 ms) | CPU core0  1.1% core1  7.2% (wake word pipeline 6.95% of one core) | RAM used 228 KB (peak 229 KB, 95 KB free) | wifi --, server -- | audio lost since boot: i2s 0 net 0
20:29:10.824 W (268544) wifi: cannot connect (reason 201). Check the name/password in menuconfig; the ESP32 needs a 2.4 GHz network (201 = network not found, 15/204 = wrong password)
20:29:13.796 [status] up 271s | mic -39.7 dBFS (peak -31.0) | score max 0.00 | detections 0 | inferences 156 (15.6/s; model 0.88 ms each, paused in quiet 55%; features 1.33 ms per 30 ms) | CPU core0  0.8% core1  6.8% (wake word pipeline 6.64% of one core) | RAM used 228 KB (peak 229 KB, 95 KB free) | wifi --, server -- | audio lost since boot: i2s 0 net 0
20:29:23.792 [status] up 281s | mic -39.9 dBFS (peak -33.3) | score max 0.00 | detections 0 | inferences 170 (17.0/s; model 0.88 ms each, paused in quiet 52%; features 1.30 ms per 30 ms) | CPU core0  0.8% core1  6.9% (wake word pipeline 6.75% of one core) | RAM used 228 KB (peak 229 KB, 95 KB free) | wifi --, server -- | audio lost since boot: i2s 0 net 0
20:29:33.799 [status] up 291s | mic -39.9 dBFS (peak -33.4) | score max 0.00 | detections 0 | inferences 112 (11.2/s; model 0.88 ms each, paused in quiet 68%; features 1.30 ms per 30 ms) | CPU core0  0.8% core1  6.4% (wake word pipeline 6.22% of one core) | RAM used 228 KB (peak 229 KB, 95 KB free) | wifi --, server -- | audio lost since boot: i2s 0 net 0
20:29:34.890 W (292612) wifi: cannot connect (reason 201). Check the name/password in menuconfig; the ESP32 needs a 2.4 GHz network (201 = network not found, 15/204 = wrong password)
20:29:43.802 [status] up 301s | mic -40.2 dBFS (peak -33.6) | score max 0.00 | detections 0 | inferences 179 (17.9/s; model 0.88 ms each, paused in quiet 51%; features 1.27 ms per 30 ms) | CPU core0  0.9% core1  7.0% (wake word pipeline 6.84% of one core) | RAM used 228 KB (peak 229 KB, 95 KB free) | wifi --, server -- | audio lost since boot: i2s 0 net 0
20:29:53.829 [status] up 311s | mic -40.2 dBFS (peak -33.9) | score max 0.00 | detections 0 | inferences 174 (17.4/s; model 0.88 ms each, paused in quiet 50%; features 1.31 ms per 30 ms) | CPU core0  0.8% core1  7.0% (wake word pipeline 6.80% of one core) | RAM used 228 KB (peak 229 KB, 95 KB free) | wifi --, server -- | audio lost since boot: i2s 0 net 0
20:29:53.830 [tasks] % of one core (free stack): main@0=0.35(1952) IDLE1@1=93.10(720) IDLE0@0=99.14(728) audio_kws@1=6.85(1344) websocket_task@*=0.09(1456) tiT@*=0.05(2460) Tmr Svc@*=0.00(1368) sys_evt@0=0.02(420) ipc1@1=0.00(536) wifi@0=0.35(4048) esp_timer@0=0.06(3104) streamer@0=0.00(2944) ipc0@0=0.00(528)
20:29:58.974 W (316684) wifi: cannot connect (reason 201). Check the name/password in menuconfig; the ESP32 needs a 2.4 GHz network (201 = network not found, 15/204 = wrong password)
20:30:03.818 [status] up 321s | mic -40.2 dBFS (peak -34.6) | score max 0.00 | detections 0 | inferences 238 (23.8/s; model 0.89 ms each, paused in quiet 33%; features 1.31 ms per 30 ms) | CPU core0  1.1% core1  7.6% (wake word pipeline 7.42% of one core) | RAM used 228 KB (peak 229 KB, 95 KB free) | wifi --, server -- | audio lost since boot: i2s 0 net 0
20:30:13.813 [status] up 331s | mic -40.2 dBFS (peak -33.4) | score max 0.00 | detections 0 | inferences 243 (24.3/s; model 0.89 ms each, paused in quiet 33%; features 1.28 ms per 30 ms) | CPU core0  0.8% core1  7.7% (wake word pipeline 7.45% of one core) | RAM used 228 KB (peak 229 KB, 95 KB free) | wifi --, server -- | audio lost since boot: i2s 0 net 0
20:30:23.044 W (340756) wifi: cannot connect (reason 201). Check the name/password in menuconfig; the ESP32 needs a 2.4 GHz network (201 = network not found, 15/204 = wrong password)
20:30:23.821 [status] up 341s | mic -40.0 dBFS (peak -31.7) | score max 0.00 | detections 0 | inferences 126 (12.6/s; model 0.88 ms each, paused in quiet 64%; features 1.30 ms per 30 ms) | CPU core0  0.8% core1  6.5% (wake word pipeline 6.35% of one core) | RAM used 228 KB (peak 229 KB, 95 KB free) | wifi --, server -- | audio lost since boot: i2s 0 net 0
20:30:33.816 [status] up 351s | mic -39.5 dBFS (peak -31.3) | score max 0.00 | detections 0 | inferences 287 (28.7/s; model 0.88 ms each, paused in quiet 20%; features 1.28 ms per 30 ms) | CPU core0  0.8% core1  8.1% (wake word pipeline 7.85% of one core) | RAM used 228 KB (peak 229 KB, 95 KB free) | wifi --, server -- | audio lost since boot: i2s 0 net 0
20:30:43.815 [status] up 361s | mic -40.5 dBFS (peak -31.8) | score max 0.00 | detections 0 | inferences 277 (27.7/s; model 0.89 ms each, paused in quiet 24%; features 1.27 ms per 30 ms) | CPU core0  0.9% core1  8.0% (wake word pipeline 7.78% of one core) | RAM used 228 KB (peak 229 KB, 95 KB free) | wifi --, server -- | audio lost since boot: i2s 0 net 0
20:30:47.113 W (364832) wifi: cannot connect (reason 201). Check the name/password in menuconfig; the ESP32 needs a 2.4 GHz network (201 = network not found, 15/204 = wrong password)
20:30:53.850 [status] up 371s | mic -40.3 dBFS (peak -31.9) | score max 0.00 | detections 0 | inferences 119 (11.9/s; model 0.88 ms each, paused in quiet 65%; features 1.34 ms per 30 ms) | CPU core0  0.8% core1  6.5% (wake word pipeline 6.29% of one core) | RAM used 228 KB (peak 229 KB, 95 KB free) | wifi --, server -- | audio lost since boot: i2s 0 net 0
20:30:53.850 [tasks] % of one core (free stack): main@0=0.33(1952) IDLE1@1=92.60(720) IDLE0@0=99.12(728) audio_kws@1=7.34(1344) websocket_task@*=0.09(1456) tiT@*=0.05(2460) ipc0@0=0.00(528) sys_evt@0=0.03(420) wifi@0=0.37(4048) esp_timer@0=0.06(3104) Tmr Svc@*=0.00(1368) ipc1@1=0.00(536) streamer@0=0.00(2944)
20:31:03.828 [status] up 381s | mic -40.4 dBFS (peak -34.7) | score max 0.00 | detections 0 | inferences 147 (14.7/s; model 0.89 ms each, paused in quiet 57%; features 1.34 ms per 30 ms) | CPU core0  1.1% core1  6.8% (wake word pipeline 6.58% of one core) | RAM used 228 KB (peak 229 KB, 95 KB free) | wifi --, server -- | audio lost since boot: i2s 0 net 0
20:31:11.183 W (388899) wifi: cannot connect (reason 201). Check the name/password in menuconfig; the ESP32 needs a 2.4 GHz network (201 = network not found, 15/204 = wrong password)
20:31:13.835 [status] up 391s | mic -40.4 dBFS (peak -36.8) | score max 0.00 | detections 0 | inferences 0 (0.0/s; model 0.00 ms each, paused in quiet 100%; features 1.36 ms per 30 ms) | CPU core0  0.8% core1  5.4% (wake word pipeline 5.20% of one core) | RAM used 228 KB (peak 229 KB, 95 KB free) | wifi --, server -- | audio lost since boot: i2s 0 net 0
20:31:23.841 [status] up 401s | mic -39.9 dBFS (peak -30.8) | score max 0.00 | detections 0 | inferences 174 (17.4/s; model 0.89 ms each, paused in quiet 51%; features 1.29 ms per 30 ms) | CPU core0  0.8% core1  7.0% (wake word pipeline 6.82% of one core) | RAM used 228 KB (peak 229 KB, 95 KB free) | wifi --, server -- | audio lost since boot: i2s 0 net 0
20:31:33.835 [status] up 411s | mic -39.9 dBFS (peak -32.7) | score max 0.00 | detections 0 | inferences 161 (16.1/s; model 0.88 ms each, paused in quiet 53%; features 1.34 ms per 30 ms) | CPU core0  0.6% core1  6.9% (wake word pipeline 6.68% of one core) | RAM used 228 KB (peak 229 KB, 95 KB free) | wifi --, server -- | audio lost since boot: i2s 0 net 0
20:31:35.253 W (412969) wifi: cannot connect (reason 201). Check the name/password in menuconfig; the ESP32 needs a 2.4 GHz network (201 = network not found, 15/204 = wrong password)
20:31:43.846 [status] up 421s | mic -39.9 dBFS (peak -34.9) | score max 0.00 | detections 0 | inferences 116 (11.6/s; model 0.89 ms each, paused in quiet 67%; features 1.30 ms per 30 ms) | CPU core0  0.8% core1  6.5% (wake word pipeline 6.28% of one core) | RAM used 228 KB (peak 229 KB, 95 KB free) | wifi --, server -- | audio lost since boot: i2s 0 net 0
20:31:53.864 [status] up 431s | mic -40.0 dBFS (peak -34.1) | score max 0.00 | detections 0 | inferences 176 (17.6/s; model 0.89 ms each, paused in quiet 50%; features 1.30 ms per 30 ms) | CPU core0  0.8% core1  7.0% (wake word pipeline 6.83% of one core) | RAM used 228 KB (peak 229 KB, 95 KB free) | wifi --, server -- | audio lost since boot: i2s 0 net 0
20:31:53.864 [tasks] % of one core (free stack): audio_kws@1=6.54(1344) main@0=0.31(1952) IDLE1@1=93.40(720) IDLE0@0=99.19(728) websocket_task@*=0.09(1456) tiT@*=0.05(2460) streamer@0=0.00(2944) sys_evt@0=0.02(420) ipc0@0=0.00(528) wifi@0=0.35(4048) esp_timer@0=0.06(3104) Tmr Svc@*=0.00(1368) ipc1@1=0.00(536)
20:31:59.320 W (437039) wifi: cannot connect (reason 201). Check the name/password in menuconfig; the ESP32 needs a 2.4 GHz network (201 = network not found, 15/204 = wrong password)
20:32:03.852 [status] up 441s | mic -39.9 dBFS (peak -32.1) | score max 0.00 | detections 0 | inferences 228 (22.8/s; model 0.89 ms each, paused in quiet 37%; features 1.28 ms per 30 ms) | CPU core0  1.1% core1  7.5% (wake word pipeline 7.32% of one core) | RAM used 228 KB (peak 229 KB, 95 KB free) | wifi --, server -- | audio lost since boot: i2s 0 net 0
20:32:13.851 [status] up 451s | mic -40.2 dBFS (peak -31.1) | score max 0.00 | detections 0 | inferences 67 (6.7/s; model 0.90 ms each, paused in quiet 80%; features 1.33 ms per 30 ms) | CPU core0  0.7% core1  6.0% (wake word pipeline 5.82% of one core) | RAM used 228 KB (peak 229 KB, 95 KB free) | wifi --, server -- | audio lost since boot: i2s 0 net 0
20:32:23.393 W (461109) wifi: cannot connect (reason 201). Check the name/password in menuconfig; the ESP32 needs a 2.4 GHz network (201 = network not found, 15/204 = wrong password)
20:32:23.857 [status] up 461s | mic -40.4 dBFS (peak -33.3) | score max 0.00 | detections 0 | inferences 166 (16.6/s; model 0.87 ms each, paused in quiet 54%; features 1.27 ms per 30 ms) | CPU core0  0.8% core1  6.9% (wake word pipeline 6.71% of one core) | RAM used 228 KB (peak 229 KB, 95 KB free) | wifi --, server -- | audio lost since boot: i2s 0 net 0
20:32:33.854 [status] up 471s | mic -39.7 dBFS (peak -32.5) | score max 0.00 | detections 0 | inferences 322 (32.2/s; model 0.89 ms each, paused in quiet 9%; features 1.31 ms per 30 ms) | CPU core0  0.9% core1  8.4% (wake word pipeline 8.20% of one core) | RAM used 228 KB (peak 229 KB, 95 KB free) | wifi --, server -- | audio lost since boot: i2s 0 net 0
20:32:43.853 [status] up 481s | mic -40.0 dBFS (peak -34.7) | score max 0.00 | detections 0 | inferences 104 (10.4/s; model 0.89 ms each, paused in quiet 70%; features 1.34 ms per 30 ms) | CPU core0  0.8% core1  6.4% (wake word pipeline 6.18% of one core) | RAM used 228 KB (peak 229 KB, 95 KB free) | wifi --, server -- | audio lost since boot: i2s 0 net 0
20:32:47.460 W (485184) wifi: cannot connect (reason 201). Check the name/password in menuconfig; the ESP32 needs a 2.4 GHz network (201 = network not found, 15/204 = wrong password)
20:32:53.890 [status] up 491s | mic -40.0 dBFS (peak -31.8) | score max 0.00 | detections 0 | inferences 132 (13.2/s; model 0.89 ms each, paused in quiet 62%; features 1.30 ms per 30 ms) | CPU core0  0.8% core1  6.6% (wake word pipeline 6.42% of one core) | RAM used 228 KB (peak 229 KB, 95 KB free) | wifi --, server -- | audio lost since boot: i2s 0 net 0
20:32:53.890 [tasks] % of one core (free stack): main@0=0.34(1952) IDLE1@1=93.02(720) IDLE0@0=99.14(728) audio_kws@1=6.93(1248) websocket_task@*=0.09(1456) tiT@*=0.05(2460) ipc1@1=0.00(536) sys_evt@0=0.02(420) wifi@0=0.35(4048) esp_timer@0=0.06(3104) streamer@0=0.00(2944) ipc0@0=0.00(528) Tmr Svc@*=0.00(1368)
20:33:03.877 [status] up 501s | mic -40.7 dBFS (peak -36.3) | score max 0.00 | detections 0 | inferences 0 (0.0/s; model 0.00 ms each, paused in quiet 100%; features 1.36 ms per 30 ms) | CPU core0  1.0% core1  5.4% (wake word pipeline 5.21% of one core) | RAM used 228 KB (peak 229 KB, 95 KB free) | wifi --, server -- | audio lost since boot: i2s 0 net 0
20:33:11.527 W (509249) wifi: cannot connect (reason 201). Check the name/password in menuconfig; the ESP32 needs a 2.4 GHz network (201 = network not found, 15/204 = wrong password)
20:33:13.876 [status] up 511s | mic -40.0 dBFS (peak -34.8) | score max 0.00 | detections 0 | inferences 143 (14.3/s; model 0.90 ms each, paused in quiet 59%; features 1.30 ms per 30 ms) | CPU core0  0.7% core1  6.7% (wake word pipeline 6.54% of one core) | RAM used 228 KB (peak 229 KB, 95 KB free) | wifi --, server -- | audio lost since boot: i2s 0 net 0
