00:49:43.517 ESP-ROM:esp32s3-20210327
00:49:43.519 Build:Mar 27 2021
00:49:43.519 rst:0x1 (POWERON),boot:0x8 (SPI_FAST_FLASH_BOOT)
00:49:43.519 SPIWP:0xee
00:49:43.519 mode:DIO, clock div:1
00:49:43.519 load:0x3fce2820,len:0x1668
00:49:43.519 load:0x403c8700,len:0xec0
00:49:43.519 load:0x403cb700,len:0x3178
00:49:43.519 entry 0x403c894c
00:49:43.520 I (24) boot: ESP-IDF v5.5.5 2nd stage bootloader
00:49:43.520 I (25) boot: compile time Sep 29 2026 00:37:58
00:49:43.520 I (25) boot: Multicore bootloader
00:49:43.520 I (25) boot: chip revision: v0.2
00:49:43.520 I (28) boot: efuse block revision: v1.4
00:49:43.520 I (31) qio_mode: Enabling default flash chip QIO
00:49:43.524 I (36) boot.esp32s3: Boot SPI Speed : 80MHz
00:49:43.524 I (40) boot.esp32s3: SPI Mode       : QIO
00:49:43.524 I (43) boot.esp32s3: SPI Flash Size : 4MB
00:49:43.524 I (47) boot: Enabling RNG early entropy source...
00:49:43.524 I (52) boot: Partition Table:
00:49:43.524 I (54) boot: ## Label            Usage          Type ST Offset   Length
00:49:43.524 I (60) boot:  0 nvs              WiFi data        01 02 00009000 00006000
00:49:43.524 I (67) boot:  1 phy_init         RF data          01 01 0000f000 00001000
00:49:43.524 I (73) boot:  2 factory          factory app      00 00 00010000 00177000
00:49:43.524 I (80) boot: End of partition table
00:49:43.524 I (83) esp_image: segment 0: paddr=00010020 vaddr=3c0d0020 size=35ae0h (219872) map
00:49:43.524 I (125) esp_image: segment 1: paddr=00045b08 vaddr=3fc95800 size=04c28h ( 19496) load
00:49:43.524 I (129) esp_image: segment 2: paddr=0004a738 vaddr=40378000 size=058e0h ( 22752) load
00:49:43.524 I (134) esp_image: segment 3: paddr=00050020 vaddr=42000020 size=cd594h (841108) map
00:49:43.524 I (266) esp_image: segment 4: paddr=0011d5bc vaddr=4037d8e0 size=07e18h ( 32280) load
00:49:43.524 I (273) esp_image: segment 5: paddr=001253dc vaddr=50000000 size=00020h (    32) load
00:49:43.524 I (279) boot: Loaded app from partition at offset 0x10000
00:49:43.525 I (279) boot: Disabling RNG early entropy source...
00:49:43.525 I (291) cpu_start: Multicore app
00:49:43.525 I (300) cpu_start: GPIO 44 and 43 are used as console UART I/O pins
00:49:43.525 I (300) cpu_start: Pro cpu start user code
00:49:43.525 I (300) cpu_start: cpu freq: 240000000 Hz
00:49:43.525 I (302) app_init: Application information:
00:49:43.525 I (306) app_init: Project name:     kws_s3
00:49:43.525 I (310) app_init: App version:      d22d07e-dirty
00:49:43.525 I (314) app_init: Compile time:     Sep 29 2026 00:38:47
00:49:43.525 I (319) app_init: ELF file SHA256:  b2b308d3b...
00:49:43.525 I (324) app_init: ESP-IDF:          v5.5.5
00:49:43.525 I (327) efuse_init: Min chip rev:     v0.0
00:49:43.525 I (331) efuse_init: Max chip rev:     v0.99
00:49:43.525 I (335) efuse_init: Chip rev:         v0.2
00:49:43.525 I (339) heap_init: Initializing. RAM available for dynamic allocation:
00:49:43.525 I (345) heap_init: At 3FC9F9E8 len 00049D28 (295 KiB): RAM
00:49:43.525 I (350) heap_init: At 3FCE9710 len 00005724 (21 KiB): RAM
00:49:43.525 I (356) heap_init: At 600FE000 len 00001FE8 (7 KiB): RTCRAM
00:49:43.525 I (362) spi_flash: detected chip: boya
00:49:43.525 I (364) spi_flash: flash io: qio
00:49:43.526 W (367) spi_flash: Detected size(16384k) larger than the size in the binary image header(4096k). Using the size in the binary image header.
00:49:43.526 I (380) sleep_gpio: Configure to isolate all GPIO pins in sleep state
00:49:43.526 I (386) sleep_gpio: Enable automatic switching of GPIO sleep configuration
00:49:43.526 I (393) main_task: Started on CPU0
00:49:43.526 I (411) main_task: Calling app_main()
00:49:43.526 W (412) kws: RAM limit test: 163 KB reserved, the firmware has 202 KB (static data + heap) + 54 KB IRAM code = 256 KB to work with
00:49:43.526 
00:49:43.526 ==================== SIH KWS firmware ====================
00:49:43.526  chip      : esp32s3 rev v0.2, 2 cores, flash 4 MB
00:49:43.526  ESP-IDF   : v5.5.5
00:49:43.526  RAM       : 40 KB static data, 136 KB heap free (code in IRAM: 54 KB, counted in the SIH total)
00:49:43.526  model     : marvin.tflite (60896 bytes, stored in flash)
00:49:43.526 ===========================================================
00:49:43.526 
00:49:43.526 [heap] start of app_main            139348 B free (of 332852 B)
00:49:43.526 I (480) kws: model ready: wake word "marvin", threshold 0.60 (json), window 5, input 3x40 int8
00:49:43.526 I (486) kws: model RAM: tensor arena 25964 of 26624 bytes used; engine total 38 KB of heap
00:49:43.526 
00:49:43.526 ------------------------ SELF-TEST ------------------------
00:49:43.526  noise only (3 s)   : PASS - stayed quiet  (highest score 0.01, threshold 0.60)
00:49:43.527  wake word recording: skipped - no WAV file in the model folder (optional)
00:49:43.527 -----------------------------------------------------------
00:49:43.527 
00:49:43.527 [heap] model + features + self-test took  40720 B,  98628 B free
00:49:43.730 I (721) audio: I2S running: 16 kHz, 32-bit slots, left channel only, SCK=16 WS=15 SD=17, gain x1
00:49:44.557 I (1222) kws: microphones: left (L/R to GND) -21.2 dBFS, right (L/R to 3V3) -120.0 dBFS (not used), similarity 0.00 -> using left
00:49:44.557 [heap] I2S + ring + audio task      took  16932 B,  81696 B free
00:49:44.558 I (1234) kws: listening for "marvin" ...
00:49:44.558 I (1241) pp: pp rom version: e7ae62f
00:49:44.558 I (1243) net80211: net80211 rom version: e7ae62f
00:49:44.558 I (1247) wifi:wifi driver task: 3fcdbfa4, prio:23, stack:6656, core=0
00:49:44.558 I (1254) wifi:wifi firmware version: b9f67df
00:49:44.558 I (1257) wifi:wifi certification version: v7.0
00:49:44.558 I (1262) wifi:config NVS flash: disabled
00:49:44.558 I (1265) wifi:config nano formatting: disabled
00:49:44.558 I (1268) wifi:Init data frame dynamic rx buffer num: 16
00:49:44.559 I (1273) wifi:Init static rx mgmt buffer num: 5
00:49:44.559 I (1279) wifi:Init management short buffer num: 10
00:49:44.559 I (1282) wifi:Init dynamic tx buffer num: 16
00:49:44.559 I (1287) wifi:Init static tx FG buffer num: 2
00:49:44.559 I (1290) wifi:Init static rx buffer size: 1600
00:49:44.559 I (1295) wifi:Init static rx buffer num: 4
00:49:44.559 I (1298) wifi:Init dynamic rx buffer num: 16
00:49:44.559 I (1304) wifi_init: accept mbox: 6
00:49:44.559 I (1306) wifi_init: tcpip mbox: 32
00:49:44.559 I (1309) wifi_init: udp mbox: 6
00:49:44.559 I (1312) wifi_init: tcp mbox: 6
00:49:44.559 I (1315) wifi_init: tcp tx win: 5760
00:49:44.559 I (1318) wifi_init: tcp rx win: 5760
00:49:44.559 I (1320) wifi_init: tcp mss: 1440
00:49:44.560 I (1324) phy_init: phy_version 712,87e8c20e,Apr 13 2026,18:51:10
00:49:44.561 I (1361) wifi:mode : sta (e0:72:a1:d5:32:74)
00:49:44.561 I (1362) wifi:enable tsf
00:49:44.562 I (1365) wifi:Set ps type: 0, coexist: 0
00:49:44.562 
00:49:44.562 I (1368) wifi: connecting to "ARYA 9252" ...
00:49:44.562 I (1419) wifi:state: init -> auth (0xb0)
00:49:44.563 [heap] Wi-Fi driver + netif         took  38176 B,  43520 B free
00:49:44.563 I (1425) wifi:state: auth -> assoc (0x0)
00:49:44.563 W (1433) stream: cannot reach the server ws://192.168.137.1:3000/ws (is it running? same network?) - retrying every second
00:49:44.563 I (1434) wifi:state: assoc -> run (0x10)
00:49:44.563 [heap] WebSocket client + streamer  took  12776 B,  30744 B free
00:49:44.563 I (1473) wifi:connected with ARYA 9252, aid = 7, channel 1, BW20, bssid = 9a:5f:41:45:73:c9
00:49:44.564 I (1478) wifi:security: WPA2-PSK, phy: bgn, rssi: -16, cipher(pairwise:0x3, group:0x3), pmf:0
00:49:44.564 I (1487) wifi:pm start, type: 0
00:49:44.564 
00:49:44.564 I (1490) wifi:dp: 1, bi: 102400, li: 3, scale listen interval from 307200 us to 307200 us
00:49:44.564 I (1498) wifi:set rx beacon pti, rx_bcn_pti: 0, bcn_timeout: 25000, mt_pti: 0, mt_time: 10000
00:49:44.564 I (1553) wifi:AP's beacon interval = 102400 us, DTIM period = 3
00:49:45.568 I (2557) esp_netif_handlers: sta ip: 192.168.137.25, mask: 255.255.255.0, gw: 192.168.137.1
00:49:45.568 I (2562) wifi: connected, IP address 192.168.137.25
00:49:46.457 I (3458) stream: connected to the server ws://192.168.137.1:3000/ws
00:49:48.890 I (5880) wifi:[ADDBA]RX DELBA, reason:37, delete tid:0, initiator:1(originator)
00:49:52.483 I (9478) wifi:[ADDBA]RX DELBA, reason:37, delete tid:0, initiator:1(originator)
00:49:54.511 [status] up 11s | mic -36.1 dBFS (peak -26.6) | score max 0.01 | detections 0 | inferences 340 (34.0/s; model 0.94 ms each, paused in quiet 0%; features 1.41 ms per 30 ms) | CPU core0 -1.0% core1 -1.0% (wake word pipeline 8.63% of one core) | RAM used 173 KB (peak 176 KB; peak + IRAM code 230 KB of the 256 KB limit, 28 KB free) | wifi OK, server OK | audio lost since boot: i2s 0 net 0
00:49:54.512 [tasks] % of one core (free stack): main@0=-1.00(928) IDLE1@1=-1.00(720) IDLE0@0=-1.00(728) audio_kws@1=-1.00(740) websocket_task@*=-1.00(956) tiT@*=-1.00(1440) Tmr Svc@*=-1.00(856) streamer@0=-1.00(2432) sys_evt@0=-1.00(340) esp_timer@0=-1.00(1600) wifi@0=-1.00(3360) ipc0@0=-1.00(272) ipc1@1=-1.00(280)
00:49:55.518 I (12517) wifi:[ADDBA]RX DELBA, reason:37, delete tid:0, initiator:1(originator)
00:50:03.947 I (20938) wifi:[ADDBA]RX DELBA, reason:37, delete tid:0, initiator:1(originator)
00:50:04.493 [status] up 21s | mic -35.5 dBFS (peak -24.9) | score max 0.02 | detections 0 | inferences 333 (33.2/s; model 0.92 ms each, paused in quiet 2%; features 1.37 ms per 30 ms) | CPU core0  0.9% core1  8.6% (wake word pipeline 8.34% of one core) | RAM used 173 KB (peak 176 KB; peak + IRAM code 230 KB of the 256 KB limit, 28 KB free) | wifi OK, server OK | audio lost since boot: i2s 0 net 0
00:50:06.833 I (23835) wifi:[ADDBA]RX DELBA, reason:37, delete tid:0, initiator:1(originator)
00:50:10.237 I (27204) kws: >>> WAKE WORD "marvin" DETECTED  (score 0.66, t = 26.84 s)
00:50:10.237 I (27226) stream: first audio sent 20 ms after the detection
00:50:10.596 I (27594) wifi:[ADDBA]RX DELBA, reason:37, delete tid:0, initiator:1(originator)
00:50:11.170 I (28163) wake_word: score event: peak 0.99 over 930 ms -> detected
00:50:11.930 I (28931) stream: stream finished (silence): 1720 ms of audio sent (26 KB)
00:50:13.975 I (30966) stream: server: {"type":"response","text":"Turn on the lights.","saved":"20260929_005010_002_e072a1d53274_marvin.wav"}
00:50:14.506 [status] up 31s | mic -35.1 dBFS (peak -22.7) | score max 0.99 | detections 1 | inferences 303 (30.3/s; model 1.02 ms each, paused in quiet 16%; features 1.34 ms per 30 ms) | CPU core0  4.3% core1  9.2% (wake word pipeline 8.54% of one core) | RAM used 173 KB (peak 181 KB; peak + IRAM code 235 KB of the 256 KB limit, 28 KB free) | wifi OK, server OK | audio lost since boot: i2s 0 net 0
00:50:15.345 I (32324) kws: >>> WAKE WORD "marvin" DETECTED  (score 0.61, t = 31.96 s)
00:50:15.345 I (32346) stream: first audio sent 21 ms after the detection
00:50:15.607 I (32602) wifi:[ADDBA]RX DELBA, reason:37, delete tid:0, initiator:1(originator)
00:50:16.291 I (33283) wake_word: score event: peak 0.99 over 900 ms -> detected
00:50:16.839 I (33831) stream: stream finished (silence): 1500 ms of audio sent (23 KB)
00:50:18.695 I (35695) wifi:[ADDBA]RX DELBA, reason:37, delete tid:0, initiator:1(originator)
00:50:19.115 I (36104) stream: server: {"type":"response","text":"What is the weather today?","saved":"20260929_005015_117_e072a1d53274_marvin.wav"}
00:50:20.876 I (37844) kws: >>> WAKE WORD "marvin" DETECTED  (score 0.70, t = 37.48 s)
00:50:20.876 I (37866) stream: first audio sent 20 ms after the detection
00:50:21.234 I (38232) wifi:[ADDBA]RX DELBA, reason:37, delete tid:0, initiator:1(originator)
00:50:21.619 I (38623) wake_word: score event: peak 0.95 over 780 ms -> detected
00:50:23.424 I (40425) wifi:[ADDBA]RX DELBA, reason:37, delete tid:0, initiator:1(originator)
00:50:24.140 I (41131) stream: stream finished (silence): 3280 ms of audio sent (51 KB)
00:50:24.530 [status] up 41s | mic -34.1 dBFS (peak -22.8) | score max 0.99 | detections 3 | inferences 333 (33.3/s; model 1.15 ms each, paused in quiet 0%; features 1.54 ms per 30 ms) | CPU core0  9.5% core1 10.9% (wake word pipeline 9.61% of one core) | RAM used 173 KB (peak 189 KB; peak + IRAM code 243 KB of the 256 KB limit, 28 KB free) | wifi OK, server OK | audio lost since boot: i2s 0 net 0
00:50:26.299 I (43291) stream: server: {"type":"response","text":"Play some music.","saved":"20260929_005020_640_e072a1d53274_marvin.wav"}
00:50:27.022 I (44018) wifi:[ADDBA]RX DELBA, reason:37, delete tid:0, initiator:1(originator)
00:50:27.913 I (44884) kws: >>> WAKE WORD "marvin" DETECTED  (score 0.63, t = 44.52 s)
00:50:27.914 I (44906) stream: first audio sent 20 ms after the detection
00:50:28.413 I (45404) wake_word: score event: peak 0.63 over 540 ms -> detected
00:50:29.020 I (46019) wifi:[ADDBA]RX DELBA, reason:37, delete tid:0, initiator:1(originator)
00:50:29.396 I (46391) stream: stream finished (silence): 1500 ms of audio sent (23 KB)
00:50:31.608 I (48597) stream: server: {"type":"response","text":"Send an alarm for 7.","saved":"20260929_005027_677_e072a1d53274_marvin.wav"}
00:50:33.432 I (50423) wake_word: score event: peak 0.52 over 270 ms -> not detected (below threshold or in cool-down)
00:50:34.537 [status] up 51s | mic -33.9 dBFS (peak -20.8) | score max 0.63 | detections 4 | inferences 333 (33.3/s; model 0.99 ms each, paused in quiet 1%; features 1.44 ms per 30 ms) | CPU core0  3.7% core1  9.4% (wake word pipeline 8.77% of one core) | RAM used 173 KB (peak 189 KB; peak + IRAM code 243 KB of the 256 KB limit, 28 KB free) | wifi OK, server OK | audio lost since boot: i2s 0 net 0
00:50:37.428 I (54404) kws: >>> WAKE WORD "marvin" DETECTED  (score 0.67, t = 54.04 s)
00:50:37.428 I (54426) stream: first audio sent 20 ms after the detection
00:50:37.831 I (54823) wake_word: score event: peak 0.76 over 360 ms -> detected
00:50:38.298 I (55297) wifi:[ADDBA]RX DELBA, reason:37, delete tid:0, initiator:1(originator)
00:50:38.955 I (55909) stream: stream finished (silence): 1500 ms of audio sent (23 KB)
00:50:38.955 I (55947) stream: server: {"type":"response","text":"","saved":"20260929_005037_196_e072a1d53274_marvin.wav"}
00:50:42.022 I (59004) kws: >>> WAKE WORD "marvin" DETECTED  (score 0.64, t = 58.64 s)
00:50:42.022 I (59026) stream: first audio sent 20 ms after the detection
00:50:42.840 I (59844) wake_word: score event: peak 0.99 over 810 ms -> detected
00:50:43.679 I (60677) wifi:[ADDBA]RX DELBA, reason:37, delete tid:0, initiator:1(originator)
00:50:44.256 I (61251) stream: stream finished (silence): 2240 ms of audio sent (35 KB)
00:50:44.554 [status] up 61s | mic -34.6 dBFS (peak -23.1) | score max 0.99 | detections 6 | inferences 325 (32.5/s; model 1.11 ms each, paused in quiet 6%; features 1.46 ms per 30 ms) | CPU core0  7.9% core1 10.4% (wake word pipeline 9.28% of one core) | RAM used 173 KB (peak 189 KB; peak + IRAM code 243 KB of the 256 KB limit, 28 KB free) | wifi OK, server OK | audio lost since boot: i2s 0 net 0
00:50:45.796 I (62791) wifi:[ADDBA]RX DELBA, reason:37, delete tid:0, initiator:1(originator)
00:50:46.472 I (63472) stream: server: {"type":"response","text":"What time is it?","saved":"20260929_005041_797_e072a1d53274_marvin.wav"}
00:50:48.094 I (65064) kws: >>> WAKE WORD "marvin" DETECTED  (score 0.66, t = 64.70 s)
00:50:48.094 I (65086) stream: first audio sent 20 ms after the detection
00:50:48.937 I (65823) wake_word: score event: peak 0.99 over 900 ms -> detected
00:50:48.937 I (65929) wifi:[ADDBA]RX DELBA, reason:37, delete tid:0, initiator:1(originator)
00:50:49.625 I (66629) stream: stream finished (silence): 1560 ms of audio sent (24 KB)
00:50:51.633 I (68624) stream: server: {"type":"response","text":"Stop the music.","saved":"20260929_005047_859_e072a1d53274_marvin.wav"}
00:50:53.535 I (70504) kws: >>> WAKE WORD "marvin" DETECTED  (score 0.65, t = 70.14 s)
00:50:53.535 I (70526) stream: first audio sent 20 ms after the detection
00:50:53.860 I (70862) wifi:[ADDBA]RX DELBA, reason:37, delete tid:0, initiator:1(originator)
00:50:54.230 I (71223) wake_word: score event: peak 0.97 over 720 ms -> detected
00:50:54.583 [status] up 71s | mic -32.9 dBFS (peak -18.1) | score max 0.99 | detections 8 | inferences 333 (33.3/s; model 1.03 ms each, paused in quiet 0%; features 1.48 ms per 30 ms) | CPU core0  5.6% core1  9.8% (wake word pipeline 8.99% of one core) | RAM used 173 KB (peak 189 KB; peak + IRAM code 243 KB of the 256 KB limit, 28 KB free) | wifi OK, server OK | audio lost since boot: i2s 0 net 0
00:50:54.584 [tasks] % of one core (free stack): main@0=0.21(928) IDLE1@1=90.27(720) IDLE0@0=94.64(728) websocket_task@*=0.25(956) tiT@*=1.43(1440) audio_kws@1=9.16(740) streamer@0=2.11(912) ipc1@1=0.00(280) esp_timer@0=0.01(1600) Tmr Svc@*=0.00(856) wifi@0=1.91(3360) sys_evt@0=0.00(340) ipc0@0=0.00(272)
00:50:55.221 I (72214) stream: stream finished (silence): 1700 ms of audio sent (26 KB)
00:50:57.304 I (74299) stream: server: {"type":"response","text":"Increase the volume.","saved":"20260929_005053_299_e072a1d53274_marvin.wav"}
00:50:58.721 I (75684) kws: >>> WAKE WORD "marvin" DETECTED  (score 0.72, t = 75.32 s)
00:50:58.721 I (75706) stream: first audio sent 20 ms after the detection
00:50:58.722 I (75721) wifi:[ADDBA]RX DELBA, reason:37, delete tid:0, initiator:1(originator)
00:50:59.527 I (76524) wake_word: score event: peak 0.99 over 780 ms -> detected
00:51:00.466 I (77470) stream: stream finished (silence): 1780 ms of audio sent (27 KB)
00:51:00.764 I (77754) wifi:[ADDBA]RX DELBA, reason:37, delete tid:0, initiator:1(originator)
00:51:02.552 I (79545) stream: server: {"type":"response","text":"Tell me a joke.","saved":"20260929_005058_478_e072a1d53274_marvin.wav"}
00:51:04.044 I (81024) kws: >>> WAKE WORD "marvin" DETECTED  (score 0.64, t = 80.66 s)
00:51:04.044 I (81046) stream: first audio sent 20 ms after the detection
00:51:04.712 [status] up 81s | mic -34.4 dBFS (peak -19.9) | score max 0.99 | detections 10 | inferences 282 (28.2/s; model 1.08 ms each, paused in quiet 20%; features 1.41 ms per 30 ms) | CPU core0  6.5% core1  9.6% (wake word pipeline 8.64% of one core) | RAM used 173 KB (peak 189 KB; peak + IRAM code 243 KB of the 256 KB limit, 28 KB free) | wifi OK, server OK | audio lost since boot: i2s 0 net 0
00:51:04.712 I (81623) wake_word: score event: peak 0.64 over 540 ms -> detected
00:51:04.712 I (81703) wifi:[ADDBA]RX DELBA, reason:37, delete tid:0, initiator:1(originator)
00:51:05.538 I (82529) stream: stream finished (silence): 1500 ms of audio sent (23 KB)
00:51:06.909 I (83912) wifi:[ADDBA]RX DELBA, reason:37, delete tid:0, initiator:1(originator)
00:51:07.764 I (84757) stream: server: {"type":"response","text":"Turn on the lights.","saved":"20260929_005103_816_e072a1d53274_marvin.wav"}
00:51:09.206 I (86184) kws: >>> WAKE WORD "marvin" DETECTED  (score 0.73, t = 85.82 s)
00:51:09.207 I (86206) stream: first audio sent 20 ms after the detection
00:51:09.889 I (86818) wifi:[ADDBA]RX DELBA, reason:37, delete tid:0, initiator:1(originator)
00:51:09.889 I (86883) wake_word: score event: peak 0.92 over 690 ms -> detected
00:51:10.978 I (87969) stream: stream finished (silence): 1780 ms of audio sent (27 KB)
00:51:12.980 I (89976) stream: server: {"type":"response","text":"What is the weather today?","saved":"20260929_005108_975_e072a1d53274_marvin.wav"}
00:51:14.624 [status] up 91s | mic -34.9 dBFS (peak -21.8) | score max 0.92 | detections 11 | inferences 258 (25.8/s; model 1.08 ms each, paused in quiet 26%; features 1.41 ms per 30 ms) | CPU core0  6.4% core1  9.2% (wake word pipeline 8.37% of one core) | RAM used 173 KB (peak 189 KB; peak + IRAM code 243 KB of the 256 KB limit, 28 KB free) | wifi OK, server OK | audio lost since boot: i2s 0 net 0
00:51:14.624 I (91604) kws: >>> WAKE WORD "marvin" DETECTED  (score 0.76, t = 91.24 s)
00:51:14.624 I (91626) stream: first audio sent 21 ms after the detection
00:51:15.208 I (92204) wake_word: score event: peak 0.86 over 570 ms -> detected
00:51:15.455 I (92458) wifi:[ADDBA]RX DELBA, reason:37, delete tid:0, initiator:1(originator)
00:51:16.105 I (93109) stream: stream finished (silence): 1500 ms of audio sent (23 KB)
00:51:18.397 I (95393) stream: server: {"type":"response","text":"Play some music.","saved":"20260929_005114_397_e072a1d53274_marvin.wav"}
00:51:19.802 I (96784) kws: >>> WAKE WORD "marvin" DETECTED  (score 0.63, t = 96.42 s)
00:51:19.802 I (96805) stream: first audio sent 19 ms after the detection
00:51:20.783 I (97783) wake_word: score event: peak 1.00 over 930 ms -> detected
00:51:21.217 I (98218) wifi:[ADDBA]RX DELBA, reason:37, delete tid:0, initiator:1(originator)
00:51:22.565 I (99569) stream: stream finished (silence): 2780 ms of audio sent (43 KB)
00:51:24.634 [status] up 101s | mic -34.8 dBFS (peak -23.2) | score max 1.00 | detections 13 | inferences 280 (28.0/s; model 1.17 ms each, paused in quiet 18%; features 1.48 ms per 30 ms) | CPU core0  8.9% core1 10.2% (wake word pipeline 9.00% of one core) | RAM used 173 KB (peak 189 KB; peak + IRAM code 243 KB of the 256 KB limit, 28 KB free) | wifi OK, server OK | audio lost since boot: i2s 0 net 0
00:51:24.635 I (101626) stream: server: {"type":"response","text":"Send an alarm for 7.","saved":"20260929_005119_576_e072a1d53274_marvin.wav"}
00:51:26.101 I (103084) kws: >>> WAKE WORD "marvin" DETECTED  (score 0.71, t = 102.72 s)
00:51:26.101 I (103106) stream: first audio sent 20 ms after the detection
00:51:26.458 I (103462) wifi:[ADDBA]RX DELBA, reason:37, delete tid:0, initiator:1(originator)
00:51:26.772 I (103764) wake_word: score event: peak 0.96 over 840 ms -> detected
00:51:27.592 I (104590) stream: stream finished (silence): 1500 ms of audio sent (23 KB)
00:51:29.657 I (106650) stream: server: {"type":"response","text":"Call my mother.","saved":"20260929_005125_875_e072a1d53274_marvin.wav"}
00:51:31.528 I (108523) wake_word: score event: peak 0.58 over 270 ms -> not detected (below threshold or in cool-down)
00:51:34.584 [status] up 111s | mic -34.2 dBFS (peak -21.0) | score max 0.96 | detections 14 | inferences 265 (26.5/s; model 1.01 ms each, paused in quiet 23%; features 1.39 ms per 30 ms) | CPU core0  3.8% core1  8.7% (wake word pipeline 8.10% of one core) | RAM used 173 KB (peak 189 KB; peak + IRAM code 243 KB of the 256 KB limit, 28 KB free) | wifi OK, server OK | audio lost since boot: i2s 0 net 0
00:51:36.113 I (113103) wake_word: score event: peak 0.38 over 270 ms -> not detected (below threshold or in cool-down)
00:51:40.151 I (117124) kws: >>> WAKE WORD "marvin" DETECTED  (score 0.60, t = 116.76 s)
00:51:40.151 I (117145) stream: first audio sent 19 ms after the detection
00:51:40.585 I (117463) wake_word: score event: peak 0.60 over 330 ms -> detected
00:51:40.585 I (117578) wifi:[ADDBA]RX DELBA, reason:37, delete tid:0, initiator:1(originator)
00:51:41.631 I (118631) stream: stream finished (silence): 1500 ms of audio sent (23 KB)
00:51:43.757 I (120606) wifi:[ADDBA]RX DELBA, reason:37, delete tid:0, initiator:1(originator)
00:51:43.757 I (120753) stream: server: {"type":"response","text":"Stop the music.","saved":"20260929_005139_918_e072a1d53274_marvin.wav"}
00:51:44.604 [status] up 121s | mic -35.2 dBFS (peak -22.3) | score max 0.60 | detections 15 | inferences 281 (28.1/s; model 1.00 ms each, paused in quiet 21%; features 1.35 ms per 30 ms) | CPU core0  3.5% core1  8.8% (wake word pipeline 8.24% of one core) | RAM used 173 KB (peak 189 KB; peak + IRAM code 243 KB of the 256 KB limit, 28 KB free) | wifi OK, server OK | audio lost since boot: i2s 0 net 0
00:51:45.304 I (122284) kws: >>> WAKE WORD "marvin" DETECTED  (score 0.72, t = 121.92 s)
00:51:45.304 I (122307) stream: first audio sent 21 ms after the detection
00:51:46.002 I (123003) wake_word: score event: peak 0.97 over 690 ms -> detected
00:51:47.154 I (124033) wifi:[ADDBA]RX DELBA, reason:37, delete tid:0, initiator:1(originator)
00:51:47.154 I (124036) wifi:[ADDBA]RX DELBA, reason:37, delete tid:0, initiator:1(originator)
00:51:47.154 I (124149) stream: stream finished (silence): 1860 ms of audio sent (29 KB)
00:51:49.146 I (126138) stream: server: {"type":"response","text":"Increase the volume.","saved":"20260929_005145_075_e072a1d53274_marvin.wav"}
00:51:50.831 I (127804) kws: >>> WAKE WORD "marvin" DETECTED  (score 0.68, t = 127.44 s)
00:51:50.832 I (127827) stream: first audio sent 21 ms after the detection
00:51:51.577 I (128583) wake_word: score event: peak 0.99 over 960 ms -> detected
00:51:52.792 I (129731) stream: stream finished (silence): 1920 ms of audio sent (30 KB)
00:51:52.792 I (129792) wifi:[ADDBA]RX DELBA, reason:37, delete tid:0, initiator:1(originator)
00:51:54.686 [status] up 131s | mic -32.7 dBFS (peak -19.0) | score max 0.99 | detections 17 | inferences 330 (33.0/s; model 1.11 ms each, paused in quiet 4%; features 1.48 ms per 30 ms) | CPU core0  8.1% core1 10.5% (wake word pipeline 9.35% of one core) | RAM used 173 KB (peak 191 KB; peak + IRAM code 245 KB of the 256 KB limit, 28 KB free) | wifi OK, server OK | audio lost since boot: i2s 0 net 0
00:51:54.686 [tasks] % of one core (free stack): audio_kws@1=8.85(740) main@0=0.22(928) IDLE0@0=93.85(728) IDLE1@1=90.53(720) tiT@*=1.65(1440) websocket_task@*=0.28(956) ipc0@0=0.00(272) streamer@0=2.48(912) esp_timer@0=0.01(1600) ipc1@1=0.00(280) wifi@0=2.14(3360) Tmr Svc@*=0.00(856) sys_evt@0=0.00(340)
00:51:54.686 I (131676) stream: server: {"type":"response","text":"Tell me a joke.","saved":"20260929_005150_594_e072a1d53274_marvin.wav"}
00:52:04.632 [status] up 141s | mic -37.1 dBFS (peak -27.8) | score max 0.00 | detections 17 | inferences 253 (25.3/s; model 0.91 ms each, paused in quiet 26%; features 1.35 ms per 30 ms) | CPU core0  0.8% core1  7.8% (wake word pipeline 7.54% of one core) | RAM used 173 KB (peak 191 KB; peak + IRAM code 245 KB of the 256 KB limit, 28 KB free) | wifi OK, server OK | audio lost since boot: i2s 0 net 0
