00:41:04.879 ESP-ROM:esp32s3-20210327
00:41:04.879 Build:Mar 27 2021
00:41:04.879 rst:0x1 (POWERON),boot:0xa (SPI_FAST_FLASH_BOOT)
00:41:04.879 SPIWP:0xee
00:41:04.879 mode:DIO, clock div:1
00:41:04.879 load:0x3fce2820,len:0x1668
00:41:04.879 load:0x403c8700,len:0xec0
00:41:04.879 load:0x403cb700,len:0x3178
00:41:04.879 entry 0x403c894c
00:41:04.879 I (24) boot: ESP-IDF v5.5.5 2nd stage bootloader
00:41:04.879 I (25) boot: compile time Sep 29 2026 00:37:58
00:41:04.879 I (25) boot: Multicore bootloader
00:41:04.879 I (25) boot: chip revision: v0.2
00:41:04.879 I (28) boot: efuse block revision: v1.4
00:41:04.880 I (31) qio_mode: Enabling default flash chip QIO
00:41:04.880 I (36) boot.esp32s3: Boot SPI Speed : 80MHz
00:41:04.882 I (40) boot.esp32s3: SPI Mode       : QIO
00:41:04.883 I (43) boot.esp32s3: SPI Flash Size : 4MB
00:41:04.883 I (47) boot: Enabling RNG early entropy source...
00:41:04.883 I (52) boot: Partition Table:
00:41:04.883 I (54) boot: ## Label            Usage          Type ST Offset   Length
00:41:04.883 I (60) boot:  0 nvs              WiFi data        01 02 00009000 00006000
00:41:04.883 I (67) boot:  1 phy_init         RF data          01 01 0000f000 00001000
00:41:04.883 I (73) boot:  2 factory          factory app      00 00 00010000 00177000
00:41:04.883 I (80) boot: End of partition table
00:41:04.883 I (83) esp_image: segment 0: paddr=00010020 vaddr=3c0d0020 size=35ae0h (219872) map
00:41:04.883 I (125) esp_image: segment 1: paddr=00045b08 vaddr=3fc95800 size=04c28h ( 19496) load
00:41:04.883 I (129) esp_image: segment 2: paddr=0004a738 vaddr=40378000 size=058e0h ( 22752) load
00:41:04.883 I (134) esp_image: segment 3: paddr=00050020 vaddr=42000020 size=cd594h (841108) map
00:41:04.883 I (266) esp_image: segment 4: paddr=0011d5bc vaddr=4037d8e0 size=07e18h ( 32280) load
00:41:04.883 I (273) esp_image: segment 5: paddr=001253dc vaddr=50000000 size=00020h (    32) load
00:41:04.883 I (279) boot: Loaded app from partition at offset 0x10000
00:41:04.883 I (279) boot: Disabling RNG early entropy source...
00:41:04.883 I (291) cpu_start: Multicore app
00:41:04.883 I (300) cpu_start: GPIO 44 and 43 are used as console UART I/O pins
00:41:04.883 I (300) cpu_start: Pro cpu start user code
00:41:04.883 I (300) cpu_start: cpu freq: 240000000 Hz
00:41:04.883 I (302) app_init: Application information:
00:41:04.883 I (306) app_init: Project name:     kws_s3
00:41:04.883 I (310) app_init: App version:      d22d07e-dirty
00:41:04.883 I (314) app_init: Compile time:     Sep 29 2026 00:38:47
00:41:04.883 I (319) app_init: ELF file SHA256:  b2b308d3b...
00:41:04.883 I (324) app_init: ESP-IDF:          v5.5.5
00:41:04.883 I (327) efuse_init: Min chip rev:     v0.0
00:41:04.883 I (331) efuse_init: Max chip rev:     v0.99
00:41:04.883 I (335) efuse_init: Chip rev:         v0.2
00:41:04.883 I (339) heap_init: Initializing. RAM available for dynamic allocation:
00:41:04.883 I (345) heap_init: At 3FC9F9E8 len 00049D28 (295 KiB): RAM
00:41:04.883 I (350) heap_init: At 3FCE9710 len 00005724 (21 KiB): RAM
00:41:04.883 I (356) heap_init: At 600FE000 len 00001FE8 (7 KiB): RTCRAM
00:41:04.883 I (362) spi_flash: detected chip: boya
00:41:04.883 I (364) spi_flash: flash io: qio
00:41:04.883 W (367) spi_flash: Detected size(16384k) larger than the size in the binary image header(4096k). Using the size in the binary image header.
00:41:04.883 I (380) sleep_gpio: Configure to isolate all GPIO pins in sleep state
00:41:04.883 I (386) sleep_gpio: Enable automatic switching of GPIO sleep configuration
00:41:04.883 I (393) main_task: Started on CPU0
00:41:04.883 I (411) main_task: Calling app_main()
00:41:04.883 W (412) kws: RAM limit test: 163 KB reserved, the firmware has 202 KB (static data + heap) + 54 KB IRAM code = 256 KB to work with
00:41:04.883 
00:41:04.883 ==================== SIH KWS firmware ====================
00:41:04.883  chip      : esp32s3 rev v0.2, 2 cores, flash 4 MB
00:41:04.883  ESP-IDF   : v5.5.5
00:41:04.883  RAM       : 40 KB static data, 136 KB heap free (code in IRAM: 54 KB, counted in the SIH total)
00:41:04.884  model     : marvin.tflite (60896 bytes, stored in flash)
00:41:04.884 ===========================================================
00:41:04.884 
00:41:04.884 [heap] start of app_main            139348 B free (of 332852 B)
00:41:04.884 I (480) kws: model ready: wake word "marvin", threshold 0.60 (json), window 5, input 3x40 int8
00:41:04.884 I (486) kws: model RAM: tensor arena 25964 of 26624 bytes used; engine total 38 KB of heap
00:41:04.884 
00:41:04.884 ------------------------ SELF-TEST ------------------------
00:41:04.884  noise only (3 s)   : PASS - stayed quiet  (highest score 0.01, threshold 0.60)
00:41:04.884  wake word recording: skipped - no WAV file in the model folder (optional)
00:41:04.884 -----------------------------------------------------------
00:41:04.884 
00:41:04.884 [heap] model + features + self-test took  40720 B,  98628 B free
00:41:05.088 I (721) audio: I2S running: 16 kHz, 32-bit slots, left channel only, SCK=16 WS=15 SD=17, gain x1
00:41:05.900 I (1222) kws: microphones: left (L/R to GND) -21.0 dBFS, right (L/R to 3V3) -120.0 dBFS (not used), similarity 0.00 -> using left
00:41:05.900 [heap] I2S + ring + audio task      took  16932 B,  81696 B free
00:41:05.900 I (1234) kws: listening for "marvin" ...
00:41:05.900 I (1241) pp: pp rom version: e7ae62f
00:41:05.900 I (1243) net80211: net80211 rom version: e7ae62f
00:41:05.900 I (1247) wifi:wifi driver task: 3fcdbfa4, prio:23, stack:6656, core=0
00:41:05.900 I (1254) wifi:wifi firmware version: b9f67df
00:41:05.900 I (1257) wifi:wifi certification version: v7.0
00:41:05.900 I (1262) wifi:config NVS flash: disabled
00:41:05.900 I (1265) wifi:config nano formatting: disabled
00:41:05.900 I (1268) wifi:Init data frame dynamic rx buffer num: 16
00:41:05.900 I (1273) wifi:Init static rx mgmt buffer num: 5
00:41:05.900 I (1279) wifi:Init management short buffer num: 10
00:41:05.900 I (1282) wifi:Init dynamic tx buffer num: 16
00:41:05.900 I (1287) wifi:Init static tx FG buffer num: 2
00:41:05.900 I (1290) wifi:Init static rx buffer size: 1600
00:41:05.900 I (1295) wifi:Init static rx buffer num: 4
00:41:05.900 I (1298) wifi:Init dynamic rx buffer num: 16
00:41:05.900 I (1304) wifi_init: accept mbox: 6
00:41:05.900 I (1306) wifi_init: tcpip mbox: 32
00:41:05.900 I (1309) wifi_init: udp mbox: 6
00:41:05.900 I (1312) wifi_init: tcp mbox: 6
00:41:05.900 I (1315) wifi_init: tcp tx win: 5760
00:41:05.900 I (1318) wifi_init: tcp rx win: 5760
00:41:05.900 I (1320) wifi_init: tcp mss: 1440
00:41:05.900 I (1324) phy_init: phy_version 712,87e8c20e,Apr 13 2026,18:51:10
00:41:05.900 I (1358) wifi:mode : sta (e0:72:a1:d5:32:74)
00:41:05.900 I (1359) wifi:enable tsf
00:41:05.900 I (1362) wifi:Set ps type: 0, coexist: 0
00:41:05.900 
00:41:05.900 I (1365) wifi: connecting to "ARYA 9252" ...
00:41:05.900 [heap] Wi-Fi driver + netif         took  37892 B,  43804 B free
00:41:05.900 I (1417) wifi:state: init -> auth (0xb0)
00:41:05.900 W (1423) stream: cannot reach the server ws://192.168.137.1:3000/ws (is it running? same network?) - retrying every second
00:41:05.900 [heap] WebSocket client + streamer  took  13172 B,  30632 B free
00:41:05.900 I (1432) wifi:state: auth -> assoc (0x0)
00:41:05.900 I (1453) wifi:state: assoc -> run (0x10)
00:41:05.900 I (1486) wifi:connected with ARYA 9252, aid = 6, channel 1, BW20, bssid = 9a:5f:41:45:73:c9
00:41:05.900 I (1492) wifi:security: WPA2-PSK, phy: bgn, rssi: -23, cipher(pairwise:0x3, group:0x3), pmf:0
00:41:05.901 I (1500) wifi:pm start, type: 0
00:41:05.901 
00:41:05.901 I (1503) wifi:dp: 1, bi: 102400, li: 3, scale listen interval from 307200 us to 307200 us
00:41:05.901 I (1511) wifi:set rx beacon pti, rx_bcn_pti: 0, bcn_timeout: 25000, mt_pti: 0, mt_time: 10000
00:41:05.901 I (1531) wifi:AP's beacon interval = 102400 us, DTIM period = 3
00:41:06.914 I (2546) esp_netif_handlers: sta ip: 192.168.137.25, mask: 255.255.255.0, gw: 192.168.137.1
00:41:06.914 I (2551) wifi: connected, IP address 192.168.137.25
00:41:07.813 I (3442) stream: connected to the server ws://192.168.137.1:3000/ws
00:41:15.148 I (10787) wifi:[ADDBA]RX DELBA, reason:37, delete tid:0, initiator:1(originator)
00:41:15.857 [status] up 11s | mic -38.3 dBFS (peak -29.1) | score max 0.02 | detections 0 | inferences 319 (31.9/s; model 0.93 ms each, paused in quiet 8%; features 1.36 ms per 30 ms) | CPU core0 -1.0% core1 -1.0% (wake word pipeline 8.34% of one core) | RAM used 173 KB (peak 176 KB; peak + IRAM code 230 KB of the 256 KB limit, 28 KB free) | wifi OK, server OK | audio lost since boot: i2s 0 net 0
00:41:15.858 [tasks] % of one core (free stack): main@0=-1.00(928) IDLE1@1=-1.00(816) IDLE0@0=-1.00(728) audio_kws@1=-1.00(836) websocket_task@*=-1.00(948) tiT@*=-1.00(1440) Tmr Svc@*=-1.00(856) streamer@0=-1.00(2432) sys_evt@0=-1.00(436) esp_timer@0=-1.00(1600) wifi@0=-1.00(3200) ipc0@0=-1.00(272) ipc1@1=-1.00(280)
00:41:25.838 [status] up 21s | mic -39.1 dBFS (peak -32.4) | score max 0.00 | detections 0 | inferences 259 (25.9/s; model 0.91 ms each, paused in quiet 28%; features 1.29 ms per 30 ms) | CPU core0  0.7% core1  7.8% (wake word pipeline 7.58% of one core) | RAM used 173 KB (peak 176 KB; peak + IRAM code 230 KB of the 256 KB limit, 28 KB free) | wifi OK, server OK | audio lost since boot: i2s 0 net 0
00:41:35.846 [status] up 31s | mic -38.7 dBFS (peak -30.0) | score max 0.00 | detections 0 | inferences 265 (26.5/s; model 0.90 ms each, paused in quiet 27%; features 1.28 ms per 30 ms) | CPU core0  0.9% core1  7.8% (wake word pipeline 7.63% of one core) | RAM used 173 KB (peak 176 KB; peak + IRAM code 230 KB of the 256 KB limit, 28 KB free) | wifi OK, server OK | audio lost since boot: i2s 0 net 0
00:41:45.850 [status] up 41s | mic -37.6 dBFS (peak -25.3) | score max 0.00 | detections 0 | inferences 289 (28.9/s; model 0.91 ms each, paused in quiet 18%; features 1.31 ms per 30 ms) | CPU core0  0.7% core1  8.1% (wake word pipeline 7.86% of one core) | RAM used 173 KB (peak 176 KB; peak + IRAM code 230 KB of the 256 KB limit, 28 KB free) | wifi OK, server OK | audio lost since boot: i2s 0 net 0
00:41:55.318 I (50953) wifi:[ADDBA]RX DELBA, reason:37, delete tid:0, initiator:1(originator)
00:41:55.861 [status] up 51s | mic -37.9 dBFS (peak -26.1) | score max 0.00 | detections 0 | inferences 264 (26.4/s; model 0.92 ms each, paused in quiet 25%; features 1.32 ms per 30 ms) | CPU core0  0.7% core1  7.9% (wake word pipeline 7.66% of one core) | RAM used 173 KB (peak 176 KB; peak + IRAM code 230 KB of the 256 KB limit, 28 KB free) | wifi OK, server OK | audio lost since boot: i2s 0 net 0
00:42:05.870 [status] up 61s | mic -38.2 dBFS (peak -24.1) | score max 0.00 | detections 0 | inferences 332 (33.2/s; model 0.91 ms each, paused in quiet 0%; features 1.39 ms per 30 ms) | CPU core0  0.7% core1  8.5% (wake word pipeline 8.29% of one core) | RAM used 173 KB (peak 176 KB; peak + IRAM code 230 KB of the 256 KB limit, 28 KB free) | wifi OK, server OK | audio lost since boot: i2s 0 net 0
00:42:15.903 [status] up 71s | mic -38.3 dBFS (peak -27.8) | score max 0.00 | detections 0 | inferences 303 (30.3/s; model 0.91 ms each, paused in quiet 10%; features 1.38 ms per 30 ms) | CPU core0  0.7% core1  8.2% (wake word pipeline 8.00% of one core) | RAM used 173 KB (peak 176 KB; peak + IRAM code 230 KB of the 256 KB limit, 28 KB free) | wifi OK, server OK | audio lost since boot: i2s 0 net 0
00:42:15.904 [tasks] % of one core (free stack): main@0=0.19(928) IDLE1@1=91.95(816) IDLE0@0=99.25(728) audio_kws@1=7.99(836) tiT@*=0.14(1440) websocket_task@*=0.19(948) sys_evt@0=0.00(436) ipc0@0=0.00(272) esp_timer@0=0.01(1600) ipc1@1=0.00(280) wifi@0=0.27(3200) Tmr Svc@*=0.00(856) streamer@0=0.00(2432)
00:42:25.892 [status] up 81s | mic -39.4 dBFS (peak -30.2) | score max 0.00 | detections 0 | inferences 302 (30.2/s; model 0.91 ms each, paused in quiet 14%; features 1.32 ms per 30 ms) | CPU core0  0.7% core1  8.2% (wake word pipeline 7.99% of one core) | RAM used 173 KB (peak 176 KB; peak + IRAM code 230 KB of the 256 KB limit, 28 KB free) | wifi OK, server OK | audio lost since boot: i2s 0 net 0
00:42:35.906 [status] up 91s | mic -39.3 dBFS (peak -30.3) | score max 0.04 | detections 0 | inferences 269 (26.9/s; model 0.91 ms each, paused in quiet 22%; features 1.35 ms per 30 ms) | CPU core0  0.7% core1  7.9% (wake word pipeline 7.67% of one core) | RAM used 173 KB (peak 176 KB; peak + IRAM code 230 KB of the 256 KB limit, 28 KB free) | wifi OK, server OK | audio lost since boot: i2s 0 net 0
00:42:45.923 [status] up 101s | mic -28.9 dBFS (peak -15.7) | score max 0.06 | detections 0 | inferences 333 (33.3/s; model 0.90 ms each, paused in quiet 0%; features 1.39 ms per 30 ms) | CPU core0  0.7% core1  8.5% (wake word pipeline 8.24% of one core) | RAM used 173 KB (peak 176 KB; peak + IRAM code 230 KB of the 256 KB limit, 28 KB free) | wifi OK, server OK | audio lost since boot: i2s 0 net 0
00:42:55.935 [status] up 111s | mic -28.9 dBFS (peak -15.8) | score max 0.00 | detections 0 | inferences 333 (33.3/s; model 0.88 ms each, paused in quiet 0%; features 1.38 ms per 30 ms) | CPU core0  0.7% core1  8.4% (wake word pipeline 8.14% of one core) | RAM used 173 KB (peak 176 KB; peak + IRAM code 230 KB of the 256 KB limit, 28 KB free) | wifi OK, server OK | audio lost since boot: i2s 0 net 0
00:43:05.933 [status] up 121s | mic -27.3 dBFS (peak -13.7) | score max 0.00 | detections 0 | inferences 334 (33.4/s; model 0.89 ms each, paused in quiet 0%; features 1.38 ms per 30 ms) | CPU core0  0.7% core1  8.4% (wake word pipeline 8.19% of one core) | RAM used 173 KB (peak 176 KB; peak + IRAM code 230 KB of the 256 KB limit, 28 KB free) | wifi OK, server OK | audio lost since boot: i2s 0 net 0
00:43:15.977 I (131374) wifi:[ADDBA]RX DELBA, reason:37, delete tid:0, initiator:1(originator)
00:43:15.978 [status] up 131s | mic -29.7 dBFS (peak -16.8) | score max 0.00 | detections 0 | inferences 332 (33.2/s; model 0.89 ms each, paused in quiet 0%; features 1.39 ms per 30 ms) | CPU core0  0.7% core1  8.4% (wake word pipeline 8.16% of one core) | RAM used 173 KB (peak 176 KB; peak + IRAM code 230 KB of the 256 KB limit, 28 KB free) | wifi OK, server OK | audio lost since boot: i2s 0 net 0
00:43:15.978 [tasks] % of one core (free stack): main@0=0.15(928) IDLE1@1=91.71(768) IDLE0@0=99.29(728) audio_kws@1=8.23(740) tiT@*=0.14(1440) websocket_task@*=0.19(948) ipc1@1=0.00(280) Tmr Svc@*=0.00(856) esp_timer@0=0.01(1600) streamer@0=0.00(2432) wifi@0=0.27(3200) sys_evt@0=0.00(436) ipc0@0=0.00(272)
00:43:25.962 [status] up 141s | mic -29.3 dBFS (peak -16.9) | score max 0.00 | detections 0 | inferences 334 (33.3/s; model 0.88 ms each, paused in quiet 0%; features 1.38 ms per 30 ms) | CPU core0  0.7% core1  8.4% (wake word pipeline 8.17% of one core) | RAM used 173 KB (peak 176 KB; peak + IRAM code 230 KB of the 256 KB limit, 28 KB free) | wifi OK, server OK | audio lost since boot: i2s 0 net 0
00:43:35.979 [status] up 151s | mic -28.0 dBFS (peak -13.8) | score max 0.00 | detections 0 | inferences 334 (33.4/s; model 0.88 ms each, paused in quiet 0%; features 1.38 ms per 30 ms) | CPU core0  0.7% core1  8.4% (wake word pipeline 8.17% of one core) | RAM used 173 KB (peak 176 KB; peak + IRAM code 230 KB of the 256 KB limit, 28 KB free) | wifi OK, server OK | audio lost since boot: i2s 0 net 0
00:43:45.988 [status] up 161s | mic -28.1 dBFS (peak -15.2) | score max 0.00 | detections 0 | inferences 333 (33.3/s; model 0.89 ms each, paused in quiet 0%; features 1.38 ms per 30 ms) | CPU core0  0.7% core1  8.4% (wake word pipeline 8.16% of one core) | RAM used 173 KB (peak 176 KB; peak + IRAM code 230 KB of the 256 KB limit, 28 KB free) | wifi OK, server OK | audio lost since boot: i2s 0 net 0
00:43:55.993 [status] up 171s | mic -30.5 dBFS (peak -19.3) | score max 0.00 | detections 0 | inferences 333 (33.3/s; model 0.88 ms each, paused in quiet 0%; features 1.38 ms per 30 ms) | CPU core0  0.9% core1  8.4% (wake word pipeline 8.14% of one core) | RAM used 173 KB (peak 176 KB; peak + IRAM code 230 KB of the 256 KB limit, 28 KB free) | wifi OK, server OK | audio lost since boot: i2s 0 net 0
00:44:05.998 [status] up 181s | mic -29.6 dBFS (peak -14.6) | score max 0.00 | detections 0 | inferences 334 (33.4/s; model 0.88 ms each, paused in quiet 0%; features 1.38 ms per 30 ms) | CPU core0  0.7% core1  8.4% (wake word pipeline 8.16% of one core) | RAM used 173 KB (peak 176 KB; peak + IRAM code 230 KB of the 256 KB limit, 28 KB free) | wifi OK, server OK | audio lost since boot: i2s 0 net 0
00:44:16.044 [status] up 191s | mic -27.1 dBFS (peak -13.9) | score max 0.01 | detections 0 | inferences 333 (33.3/s; model 0.90 ms each, paused in quiet 0%; features 1.39 ms per 30 ms) | CPU core0  0.8% core1  8.5% (wake word pipeline 8.24% of one core) | RAM used 173 KB (peak 176 KB; peak + IRAM code 230 KB of the 256 KB limit, 28 KB free) | wifi OK, server OK | audio lost since boot: i2s 0 net 0
00:44:16.044 [tasks] % of one core (free stack): main@0=0.20(928) IDLE1@1=91.62(720) IDLE0@0=99.24(728) audio_kws@1=8.33(740) tiT@*=0.14(1440) websocket_task@*=0.19(948) streamer@0=0.00(2432) sys_evt@0=0.00(436) esp_timer@0=0.01(1600) ipc0@0=0.00(272) wifi@0=0.27(3200) ipc1@1=0.00(280) Tmr Svc@*=0.00(856)
00:44:26.020 [status] up 201s | mic -28.2 dBFS (peak -13.6) | score max 0.00 | detections 0 | inferences 333 (33.3/s; model 0.88 ms each, paused in quiet 0%; features 1.38 ms per 30 ms) | CPU core0  0.7% core1  8.4% (wake word pipeline 8.16% of one core) | RAM used 173 KB (peak 176 KB; peak + IRAM code 230 KB of the 256 KB limit, 28 KB free) | wifi OK, server OK | audio lost since boot: i2s 0 net 0
00:44:36.037 [status] up 211s | mic -27.9 dBFS (peak -15.0) | score max 0.00 | detections 0 | inferences 334 (33.4/s; model 0.88 ms each, paused in quiet 0%; features 1.39 ms per 30 ms) | CPU core0  0.7% core1  8.4% (wake word pipeline 8.17% of one core) | RAM used 173 KB (peak 176 KB; peak + IRAM code 230 KB of the 256 KB limit, 28 KB free) | wifi OK, server OK | audio lost since boot: i2s 0 net 0
00:44:46.042 [status] up 221s | mic -29.5 dBFS (peak -15.5) | score max 0.00 | detections 0 | inferences 332 (33.2/s; model 0.88 ms each, paused in quiet 0%; features 1.39 ms per 30 ms) | CPU core0  0.7% core1  8.4% (wake word pipeline 8.17% of one core) | RAM used 173 KB (peak 176 KB; peak + IRAM code 230 KB of the 256 KB limit, 28 KB free) | wifi OK, server OK | audio lost since boot: i2s 0 net 0
00:44:56.057 [status] up 231s | mic -29.6 dBFS (peak -16.7) | score max 0.00 | detections 0 | inferences 334 (33.4/s; model 0.88 ms each, paused in quiet 0%; features 1.39 ms per 30 ms) | CPU core0  0.7% core1  8.4% (wake word pipeline 8.18% of one core) | RAM used 173 KB (peak 176 KB; peak + IRAM code 230 KB of the 256 KB limit, 28 KB free) | wifi OK, server OK | audio lost since boot: i2s 0 net 0
00:45:06.065 [status] up 241s | mic -29.4 dBFS (peak -16.7) | score max 0.00 | detections 0 | inferences 333 (33.3/s; model 0.89 ms each, paused in quiet 0%; features 1.39 ms per 30 ms) | CPU core0  0.7% core1  8.4% (wake word pipeline 8.18% of one core) | RAM used 173 KB (peak 176 KB; peak + IRAM code 230 KB of the 256 KB limit, 28 KB free) | wifi OK, server OK | audio lost since boot: i2s 0 net 0
00:45:16.111 [status] up 251s | mic -31.6 dBFS (peak -19.1) | score max 0.00 | detections 0 | inferences 334 (33.4/s; model 0.88 ms each, paused in quiet 0%; features 1.39 ms per 30 ms) | CPU core0  0.7% core1  8.4% (wake word pipeline 8.18% of one core) | RAM used 173 KB (peak 176 KB; peak + IRAM code 230 KB of the 256 KB limit, 28 KB free) | wifi OK, server OK | audio lost since boot: i2s 0 net 0
00:45:16.112 [tasks] % of one core (free stack): main@0=0.16(928) IDLE1@1=91.62(720) IDLE0@0=99.26(728) tiT@*=0.13(1440) audio_kws@1=8.33(740) websocket_task@*=0.19(948) ipc0@0=0.00(272) ipc1@1=0.00(280) esp_timer@0=0.01(1600) Tmr Svc@*=0.00(856) wifi@0=0.26(3200) streamer@0=0.00(2432) sys_evt@0=0.00(436)
00:45:26.104 [status] up 261s | mic -31.7 dBFS (peak -19.3) | score max 0.00 | detections 0 | inferences 333 (33.3/s; model 0.89 ms each, paused in quiet 0%; features 1.39 ms per 30 ms) | CPU core0  1.2% core1  8.4% (wake word pipeline 8.21% of one core) | RAM used 173 KB (peak 176 KB; peak + IRAM code 230 KB of the 256 KB limit, 28 KB free) | wifi OK, server OK | audio lost since boot: i2s 0 net 0
00:45:36.102 [status] up 271s | mic -30.6 dBFS (peak -18.0) | score max 0.00 | detections 0 | inferences 333 (33.3/s; model 0.89 ms each, paused in quiet 0%; features 1.39 ms per 30 ms) | CPU core0  0.7% core1  8.4% (wake word pipeline 8.19% of one core) | RAM used 173 KB (peak 176 KB; peak + IRAM code 230 KB of the 256 KB limit, 28 KB free) | wifi OK, server OK | audio lost since boot: i2s 0 net 0
00:45:42.788 I (278436) wifi:[ADDBA]RX DELBA, reason:37, delete tid:0, initiator:1(originator)
00:45:46.122 [status] up 281s | mic -30.3 dBFS (peak -18.7) | score max 0.00 | detections 0 | inferences 334 (33.4/s; model 0.89 ms each, paused in quiet 0%; features 1.38 ms per 30 ms) | CPU core0  0.7% core1  8.4% (wake word pipeline 8.20% of one core) | RAM used 173 KB (peak 176 KB; peak + IRAM code 230 KB of the 256 KB limit, 28 KB free) | wifi OK, server OK | audio lost since boot: i2s 0 net 0
00:45:56.131 [status] up 291s | mic -29.8 dBFS (peak -15.9) | score max 0.00 | detections 0 | inferences 333 (33.3/s; model 0.88 ms each, paused in quiet 0%; features 1.38 ms per 30 ms) | CPU core0  0.7% core1  8.4% (wake word pipeline 8.17% of one core) | RAM used 173 KB (peak 176 KB; peak + IRAM code 230 KB of the 256 KB limit, 28 KB free) | wifi OK, server OK | audio lost since boot: i2s 0 net 0
00:46:06.142 [status] up 301s | mic -30.6 dBFS (peak -16.2) | score max 0.00 | detections 0 | inferences 334 (33.4/s; model 0.88 ms each, paused in quiet 0%; features 1.38 ms per 30 ms) | CPU core0  0.7% core1  8.4% (wake word pipeline 8.16% of one core) | RAM used 173 KB (peak 176 KB; peak + IRAM code 230 KB of the 256 KB limit, 28 KB free) | wifi OK, server OK | audio lost since boot: i2s 0 net 0
00:46:16.171 [status] up 311s | mic -30.9 dBFS (peak -18.5) | score max 0.00 | detections 0 | inferences 333 (33.3/s; model 0.88 ms each, paused in quiet 0%; features 1.38 ms per 30 ms) | CPU core0  0.7% core1  8.4% (wake word pipeline 8.17% of one core) | RAM used 173 KB (peak 176 KB; peak + IRAM code 230 KB of the 256 KB limit, 28 KB free) | wifi OK, server OK | audio lost since boot: i2s 0 net 0
00:46:16.171 [tasks] % of one core (free stack): main@0=0.23(928) IDLE1@1=91.61(720) IDLE0@0=99.25(728) websocket_task@*=0.19(948) audio_kws@1=8.33(740) tiT@*=0.14(1440) Tmr Svc@*=0.00(856) streamer@0=0.00(2432) esp_timer@0=0.01(1600) sys_evt@0=0.00(436) wifi@0=0.27(3200) ipc0@0=0.00(272) ipc1@1=0.00(280)
00:46:26.167 [status] up 321s | mic -29.4 dBFS (peak -15.8) | score max 0.00 | detections 0 | inferences 333 (33.3/s; model 0.88 ms each, paused in quiet 0%; features 1.39 ms per 30 ms) | CPU core0  0.8% core1  8.4% (wake word pipeline 8.16% of one core) | RAM used 173 KB (peak 176 KB; peak + IRAM code 230 KB of the 256 KB limit, 28 KB free) | wifi OK, server OK | audio lost since boot: i2s 0 net 0
00:46:36.179 [status] up 331s | mic -30.5 dBFS (peak -19.4) | score max 0.00 | detections 0 | inferences 334 (33.4/s; model 0.88 ms each, paused in quiet 0%; features 1.38 ms per 30 ms) | CPU core0  0.7% core1  8.4% (wake word pipeline 8.16% of one core) | RAM used 173 KB (peak 176 KB; peak + IRAM code 230 KB of the 256 KB limit, 28 KB free) | wifi OK, server OK | audio lost since boot: i2s 0 net 0
00:46:38.082 I (333733) wifi:[ADDBA]RX DELBA, reason:37, delete tid:0, initiator:1(originator)
00:46:43.703 I (339343) wifi:[ADDBA]RX DELBA, reason:37, delete tid:0, initiator:1(originator)
00:46:46.186 [status] up 341s | mic -31.5 dBFS (peak -17.3) | score max 0.00 | detections 0 | inferences 333 (33.3/s; model 0.89 ms each, paused in quiet 0%; features 1.39 ms per 30 ms) | CPU core0  0.8% core1  8.4% (wake word pipeline 8.18% of one core) | RAM used 173 KB (peak 176 KB; peak + IRAM code 230 KB of the 256 KB limit, 28 KB free) | wifi OK, server OK | audio lost since boot: i2s 0 net 0
00:46:56.205 [status] up 351s | mic -32.1 dBFS (peak -20.6) | score max 0.00 | detections 0 | inferences 333 (33.3/s; model 0.89 ms each, paused in quiet 0%; features 1.39 ms per 30 ms) | CPU core0  0.7% core1  8.4% (wake word pipeline 8.17% of one core) | RAM used 173 KB (peak 176 KB; peak + IRAM code 230 KB of the 256 KB limit, 28 KB free) | wifi OK, server OK | audio lost since boot: i2s 0 net 0
00:47:06.211 [status] up 361s | mic -30.1 dBFS (peak -17.8) | score max 0.00 | detections 0 | inferences 334 (33.4/s; model 0.89 ms each, paused in quiet 1%; features 1.37 ms per 30 ms) | CPU core0  0.7% core1  8.4% (wake word pipeline 8.21% of one core) | RAM used 173 KB (peak 176 KB; peak + IRAM code 230 KB of the 256 KB limit, 28 KB free) | wifi OK, server OK | audio lost since boot: i2s 0 net 0
00:47:16.247 [status] up 371s | mic -30.5 dBFS (peak -18.3) | score max 0.00 | detections 0 | inferences 333 (33.3/s; model 0.88 ms each, paused in quiet 0%; features 1.39 ms per 30 ms) | CPU core0  0.7% core1  8.4% (wake word pipeline 8.16% of one core) | RAM used 173 KB (peak 176 KB; peak + IRAM code 230 KB of the 256 KB limit, 28 KB free) | wifi OK, server OK | audio lost since boot: i2s 0 net 0
00:47:16.247 [tasks] % of one core (free stack): main@0=0.16(928) IDLE1@1=91.61(720) IDLE0@0=99.28(728) websocket_task@*=0.19(948) audio_kws@1=8.33(740) tiT@*=0.14(1440) sys_evt@0=0.00(436) ipc0@0=0.00(272) esp_timer@0=0.01(1600) ipc1@1=0.00(280) wifi@0=0.27(3200) Tmr Svc@*=0.00(856) streamer@0=0.00(2432)
00:47:26.230 [status] up 381s | mic -30.6 dBFS (peak -16.7) | score max 0.00 | detections 0 | inferences 333 (33.3/s; model 0.88 ms each, paused in quiet 0%; features 1.39 ms per 30 ms) | CPU core0  0.7% core1  8.4% (wake word pipeline 8.18% of one core) | RAM used 173 KB (peak 176 KB; peak + IRAM code 230 KB of the 256 KB limit, 28 KB free) | wifi OK, server OK | audio lost since boot: i2s 0 net 0
00:47:36.238 [status] up 391s | mic -30.9 dBFS (peak -18.0) | score max 0.00 | detections 0 | inferences 333 (33.3/s; model 0.88 ms each, paused in quiet 0%; features 1.39 ms per 30 ms) | CPU core0  0.7% core1  8.4% (wake word pipeline 8.18% of one core) | RAM used 173 KB (peak 176 KB; peak + IRAM code 230 KB of the 256 KB limit, 28 KB free) | wifi OK, server OK | audio lost since boot: i2s 0 net 0
00:47:41.480 I (397122) wifi:[ADDBA]RX DELBA, reason:37, delete tid:0, initiator:1(originator)
00:47:46.260 [status] up 401s | mic -31.4 dBFS (peak -17.9) | score max 0.00 | detections 0 | inferences 334 (33.4/s; model 0.88 ms each, paused in quiet 0%; features 1.39 ms per 30 ms) | CPU core0  0.7% core1  8.4% (wake word pipeline 8.19% of one core) | RAM used 173 KB (peak 176 KB; peak + IRAM code 230 KB of the 256 KB limit, 28 KB free) | wifi OK, server OK | audio lost since boot: i2s 0 net 0
00:47:54.077 I (409716) wifi:[ADDBA]RX DELBA, reason:37, delete tid:0, initiator:1(originator)
00:47:56.260 [status] up 411s | mic -29.1 dBFS (peak -16.2) | score max 0.00 | detections 0 | inferences 333 (33.3/s; model 0.88 ms each, paused in quiet 1%; features 1.38 ms per 30 ms) | CPU core0  0.7% core1  8.4% (wake word pipeline 8.18% of one core) | RAM used 173 KB (peak 176 KB; peak + IRAM code 230 KB of the 256 KB limit, 28 KB free) | wifi OK, server OK | audio lost since boot: i2s 0 net 0
00:48:06.268 [status] up 421s | mic -30.4 dBFS (peak -17.0) | score max 0.00 | detections 0 | inferences 333 (33.3/s; model 0.88 ms each, paused in quiet 0%; features 1.39 ms per 30 ms) | CPU core0  0.7% core1  8.4% (wake word pipeline 8.15% of one core) | RAM used 173 KB (peak 176 KB; peak + IRAM code 230 KB of the 256 KB limit, 28 KB free) | wifi OK, server OK | audio lost since boot: i2s 0 net 0
00:48:13.976 I (429628) wifi:[ADDBA]RX DELBA, reason:37, delete tid:0, initiator:1(originator)
00:48:16.304 [status] up 431s | mic -32.4 dBFS (peak -21.1) | score max 0.00 | detections 0 | inferences 333 (33.3/s; model 0.89 ms each, paused in quiet 0%; features 1.39 ms per 30 ms) | CPU core0  0.7% core1  8.4% (wake word pipeline 8.19% of one core) | RAM used 173 KB (peak 176 KB; peak + IRAM code 230 KB of the 256 KB limit, 28 KB free) | wifi OK, server OK | audio lost since boot: i2s 0 net 0
00:48:16.304 [tasks] % of one core (free stack): main@0=0.19(928) IDLE1@1=91.62(720) IDLE0@0=99.24(728) websocket_task@*=0.19(948) audio_kws@1=8.33(740) tiT@*=0.13(1440) ipc1@1=0.00(280) Tmr Svc@*=0.00(856) esp_timer@0=0.01(1600) streamer@0=0.00(2432) wifi@0=0.28(3200) sys_evt@0=0.00(436) ipc0@0=0.00(272)
00:48:26.304 [status] up 441s | mic -30.9 dBFS (peak -18.0) | score max 0.00 | detections 0 | inferences 333 (33.3/s; model 0.89 ms each, paused in quiet 0%; features 1.38 ms per 30 ms) | CPU core0  1.2% core1  8.4% (wake word pipeline 8.17% of one core) | RAM used 173 KB (peak 176 KB; peak + IRAM code 230 KB of the 256 KB limit, 28 KB free) | wifi OK, server OK | audio lost since boot: i2s 0 net 0
00:48:36.312 [status] up 451s | mic -30.1 dBFS (peak -18.2) | score max 0.00 | detections 0 | inferences 334 (33.4/s; model 0.89 ms each, paused in quiet 0%; features 1.39 ms per 30 ms) | CPU core0  0.7% core1  8.4% (wake word pipeline 8.19% of one core) | RAM used 173 KB (peak 176 KB; peak + IRAM code 230 KB of the 256 KB limit, 28 KB free) | wifi OK, server OK | audio lost since boot: i2s 0 net 0
00:48:46.326 [status] up 461s | mic -30.1 dBFS (peak -16.1) | score max 0.00 | detections 0 | inferences 333 (33.3/s; model 0.88 ms each, paused in quiet 0%; features 1.38 ms per 30 ms) | CPU core0  0.7% core1  8.4% (wake word pipeline 8.16% of one core) | RAM used 173 KB (peak 176 KB; peak + IRAM code 230 KB of the 256 KB limit, 28 KB free) | wifi OK, server OK | audio lost since boot: i2s 0 net 0
00:48:56.323 [status] up 471s | mic -30.0 dBFS (peak -15.9) | score max 0.00 | detections 0 | inferences 334 (33.4/s; model 0.88 ms each, paused in quiet 0%; features 1.38 ms per 30 ms) | CPU core0  0.7% core1  8.4% (wake word pipeline 8.16% of one core) | RAM used 173 KB (peak 176 KB; peak + IRAM code 230 KB of the 256 KB limit, 28 KB free) | wifi OK, server OK | audio lost since boot: i2s 0 net 0
00:49:06.344 [status] up 481s | mic -31.3 dBFS (peak -19.1) | score max 0.00 | detections 0 | inferences 332 (33.2/s; model 0.88 ms each, paused in quiet 0%; features 1.39 ms per 30 ms) | CPU core0  1.0% core1  8.4% (wake word pipeline 8.15% of one core) | RAM used 173 KB (peak 176 KB; peak + IRAM code 230 KB of the 256 KB limit, 28 KB free) | wifi OK, server OK | audio lost since boot: i2s 0 net 0
00:49:16.376 [status] up 491s | mic -29.6 dBFS (peak -15.8) | score max 0.00 | detections 0 | inferences 334 (33.4/s; model 0.89 ms each, paused in quiet 0%; features 1.38 ms per 30 ms) | CPU core0  1.0% core1  8.4% (wake word pipeline 8.19% of one core) | RAM used 173 KB (peak 176 KB; peak + IRAM code 230 KB of the 256 KB limit, 28 KB free) | wifi OK, server OK | audio lost since boot: i2s 0 net 0
00:49:16.376 [tasks] % of one core (free stack): main@0=0.28(928) IDLE1@1=91.62(720) IDLE0@0=99.13(728) websocket_task@*=0.19(948) audio_kws@1=8.33(740) tiT@*=0.14(1440) streamer@0=0.00(2432) sys_evt@0=0.00(436) esp_timer@0=0.01(1600) ipc0@0=0.00(272) wifi@0=0.27(3200) ipc1@1=0.00(280) Tmr Svc@*=0.00(856)
00:49:26.368 [status] up 501s | mic -30.2 dBFS (peak -19.2) | score max 0.00 | detections 0 | inferences 334 (33.4/s; model 0.88 ms each, paused in quiet 0%; features 1.38 ms per 30 ms) | CPU core0  1.2% core1  8.4% (wake word pipeline 8.16% of one core) | RAM used 173 KB (peak 176 KB; peak + IRAM code 230 KB of the 256 KB limit, 28 KB free) | wifi OK, server OK | audio lost since boot: i2s 0 net 0
00:49:36.376 [status] up 511s | mic -30.9 dBFS (peak -17.7) | score max 0.00 | detections 0 | inferences 333 (33.3/s; model 0.88 ms each, paused in quiet 0%; features 1.39 ms per 30 ms) | CPU core0  0.9% core1  8.4% (wake word pipeline 8.16% of one core) | RAM used 173 KB (peak 176 KB; peak + IRAM code 230 KB of the 256 KB limit, 28 KB free) | wifi OK, server OK | audio lost since boot: i2s 0 net 0
