00:28:28.321 ESP-ROM:esp32s3-20210327
00:28:28.321 Build:Mar 27 2021
00:28:28.321 rst:0x1 (POWERON),boot:0x8 (SPI_FAST_FLASH_BOOT)
00:28:28.321 SPIWP:0xee
00:28:28.321 mode:DIO, clock div:1
00:28:28.321 load:0x3fce2820,len:0x1668
00:28:28.322 load:0x403c8700,len:0xec0
00:28:28.322 load:0x403cb700,len:0x3178
00:28:28.322 entry 0x403c894c
00:28:28.322 I (24) boot: ESP-IDF v5.5.5 2nd stage bootloader
00:28:28.322 I (25) boot: compile time Sep 28 2026 21:09:30
00:28:28.322 I (25) boot: Multicore bootloader
00:28:28.322 I (25) boot: chip revision: v0.2
00:28:28.322 I (28) boot: efuse block revision: v1.4
00:28:28.322 I (31) qio_mode: Enabling default flash chip QIO
00:28:28.326 I (36) boot.esp32s3: Boot SPI Speed : 80MHz
00:28:28.326 I (40) boot.esp32s3: SPI Mode       : QIO
00:28:28.327 I (43) boot.esp32s3: SPI Flash Size : 4MB
00:28:28.327 I (47) boot: Enabling RNG early entropy source...
00:28:28.327 I (52) boot: Partition Table:
00:28:28.327 I (54) boot: ## Label            Usage          Type ST Offset   Length
00:28:28.327 I (60) boot:  0 nvs              WiFi data        01 02 00009000 00006000
00:28:28.327 I (67) boot:  1 phy_init         RF data          01 01 0000f000 00001000
00:28:28.327 I (73) boot:  2 factory          factory app      00 00 00010000 00177000
00:28:28.327 I (80) boot: End of partition table
00:28:28.327 I (83) esp_image: segment 0: paddr=00010020 vaddr=3c0d0020 size=359c0h (219584) map
00:28:28.327 I (125) esp_image: segment 1: paddr=000459e8 vaddr=3fc98400 size=04c28h ( 19496) load
00:28:28.327 I (129) esp_image: segment 2: paddr=0004a618 vaddr=40378000 size=05a00h ( 23040) load
00:28:28.328 I (134) esp_image: segment 3: paddr=00050020 vaddr=42000020 size=ca70ch (829196) map
00:28:28.328 I (264) esp_image: segment 4: paddr=0011a734 vaddr=4037da00 size=0a9d0h ( 43472) load
00:28:28.328 I (273) esp_image: segment 5: paddr=0012510c vaddr=50000000 size=00020h (    32) load
00:28:28.328 I (280) boot: Loaded app from partition at offset 0x10000
00:28:28.328 I (280) boot: Disabling RNG early entropy source...
00:28:28.328 I (291) cpu_start: Multicore app
00:28:28.328 I (299) cpu_start: GPIO 44 and 43 are used as console UART I/O pins
00:28:28.328 I (300) cpu_start: Pro cpu start user code
00:28:28.328 I (300) cpu_start: cpu freq: 240000000 Hz
00:28:28.328 I (302) app_init: Application information:
00:28:28.328 I (305) app_init: Project name:     kws_s3
00:28:28.328 I (309) app_init: App version:      d22d07e-dirty
00:28:28.328 I (314) app_init: Compile time:     Sep 29 2026 00:08:32
00:28:28.328 I (319) app_init: ELF file SHA256:  9916f86e5...
00:28:28.328 I (323) app_init: ESP-IDF:          v5.5.5
00:28:28.329 I (327) efuse_init: Min chip rev:     v0.0
00:28:28.329 I (331) efuse_init: Max chip rev:     v0.99
00:28:28.329 I (335) efuse_init: Chip rev:         v0.2
00:28:28.329 I (339) heap_init: Initializing. RAM available for dynamic allocation:
00:28:28.329 I (345) heap_init: At 3FCA2AE8 len 00046C28 (283 KiB): RAM
00:28:28.329 I (350) heap_init: At 3FCE9710 len 00005724 (21 KiB): RAM
00:28:28.329 I (355) heap_init: At 600FE000 len 00001FE8 (7 KiB): RTCRAM
00:28:28.329 I (361) spi_flash: detected chip: boya
00:28:28.329 I (364) spi_flash: flash io: qio
00:28:28.329 W (367) spi_flash: Detected size(16384k) larger than the size in the binary image header(4096k). Using the size in the binary image header.
00:28:28.329 I (379) sleep_gpio: Configure to isolate all GPIO pins in sleep state
00:28:28.329 I (385) sleep_gpio: Enable automatic switching of GPIO sleep configuration
00:28:28.329 I (392) main_task: Started on CPU0
00:28:28.330 I (410) main_task: Calling app_main()
00:28:28.330 
00:28:28.330 ==================== SIH KWS firmware ====================
00:28:28.330  chip      : esp32s3 rev v0.2, 2 cores, flash 4 MB
00:28:28.330  ESP-IDF   : v5.5.5
00:28:28.330  RAM       : 41 KB static data, 287 KB heap free (code in IRAM: 65 KB, not counted)
00:28:28.330  model     : marvin.tflite (60896 bytes, stored in flash)
00:28:28.330 ===========================================================
00:28:28.330 
00:28:28.330 [heap] start of app_main            294744 B free (of 320308 B)
00:28:28.331 I (465) kws: model ready: wake word "marvin", threshold 0.60 (json), window 5, input 3x40 int8
00:28:28.331 I (470) kws: model RAM: tensor arena 25964 of 26624 bytes used; engine total 38 KB of heap
00:28:28.570 
00:28:28.570 ------------------------ SELF-TEST ------------------------
00:28:28.570  noise only (3 s)   : PASS - stayed quiet  (highest score 0.01, threshold 0.60)
00:28:28.570  wake word recording: skipped - no WAV file in the model folder (optional)
00:28:28.570 -----------------------------------------------------------
00:28:28.570 
00:28:28.570 [heap] model + features + self-test took  40720 B, 254024 B free
00:28:28.570 I (709) audio: I2S running: 16 kHz, 32-bit slots, both channels, SCK=16 WS=15 SD=17, gain x1
00:28:29.370 I (1211) kws: microphones: left (L/R to GND) -17.0 dBFS, right (L/R to 3V3) -19.0 dBFS, similarity 0.53 -> using both (average)
00:28:29.370 [heap] I2S + ring + audio task      took  20772 B, 233252 B free
00:28:29.370 I (1224) kws: listening for "marvin" ...
00:28:29.370 I (1230) pp: pp rom version: e7ae62f
00:28:29.370 I (1232) net80211: net80211 rom version: e7ae62f
00:28:29.370 I (1236) wifi:wifi driver task: 3fcb6fa8, prio:23, stack:6656, core=0
00:28:29.370 I (1244) wifi:wifi firmware version: b9f67df
00:28:29.370 I (1246) wifi:wifi certification version: v7.0
00:28:29.371 I (1249) wifi:config NVS flash: disabled
00:28:29.371 I (1254) wifi:config nano formatting: disabled
00:28:29.371 I (1257) wifi:Init data frame dynamic rx buffer num: 16
00:28:29.371 I (1263) wifi:Init static rx mgmt buffer num: 5
00:28:29.371 I (1268) wifi:Init management short buffer num: 10
00:28:29.371 I (1271) wifi:Init dynamic tx buffer num: 16
00:28:29.371 I (1276) wifi:Init static tx FG buffer num: 2
00:28:29.371 I (1279) wifi:Init static rx buffer size: 1600
00:28:29.371 I (1285) wifi:Init static rx buffer num: 6
00:28:29.371 I (1288) wifi:Init dynamic rx buffer num: 16
00:28:29.371 I (1291) wifi_init: accept mbox: 6
00:28:29.371 I (1296) wifi_init: tcpip mbox: 32
00:28:29.371 I (1299) wifi_init: udp mbox: 6
00:28:29.371 I (1301) wifi_init: tcp mbox: 6
00:28:29.371 I (1304) wifi_init: tcp tx win: 5760
00:28:29.371 I (1307) wifi_init: tcp rx win: 5760
00:28:29.371 I (1310) wifi_init: tcp mss: 1440
00:28:29.371 I (1313) phy_init: phy_version 712,87e8c20e,Apr 13 2026,18:51:10
00:28:29.371 I (1347) wifi:mode : sta (e0:72:a1:d5:32:74)
00:28:29.371 I (1348) wifi:enable tsf
00:28:29.371 I (1350) wifi:Set ps type: 0, coexist: 0
00:28:29.371 
00:28:29.371 I (1355) wifi: connecting to "ARYA 9252" ...
00:28:29.371 [heap] Wi-Fi driver + netif         took  41196 B, 192056 B free
00:28:29.371 I (1407) wifi:state: init -> auth (0xb0)
00:28:29.371 [heap] WebSocket client + streamer  took  12824 B, 179232 B free
00:28:29.371 I (1415) wifi:W (1414) stream: cannot reach the server ws://192.168.137.1:3000/ws (is it running? same network?) - retrying every second
00:28:29.371 state: auth -> assoc (0x0)
00:28:29.372 I (1435) wifi:state: assoc -> run (0x10)
00:28:29.372 I (1486) wifi:connected with ARYA 9252, aid = 3, channel 1, BW20, bssid = 9a:5f:41:45:73:c9
00:28:29.372 I (1491) wifi:security: WPA2-PSK, phy: bgn, rssi: -23, cipher(pairwise:0x3, group:0x3), pmf:0
00:28:29.372 I (1499) wifi:pm start, type: 0
00:28:29.372 
00:28:29.372 I (1502) wifi:dp: 1, bi: 102400, li: 3, scale listen interval from 307200 us to 307200 us
00:28:29.372 I (1510) wifi:set rx beacon pti, rx_bcn_pti: 0, bcn_timeout: 25000, mt_pti: 0, mt_time: 10000
00:28:29.372 I (1519) wifi:AP's beacon interval = 102400 us, DTIM period = 3
00:28:30.480 I (2626) esp_netif_handlers: sta ip: 192.168.137.25, mask: 255.255.255.0, gw: 192.168.137.1
00:28:30.480 I (2630) wifi: connected, IP address 192.168.137.25
00:28:31.290 I (3432) stream: connected to the server ws://192.168.137.1:3000/ws
00:28:32.742 I (4894) wifi:[ADDBA]RX DELBA, reason:37, delete tid:0, initiator:1(originator)
00:28:37.874 I (10027) wifi:[ADDBA]RX DELBA, reason:37, delete tid:0, initiator:1(originator)
00:28:39.328 [status] up 11s | mic -37.9 dBFS (peak -30.0) | score max 0.02 | detections 0 | inferences 288 (28.8/s; model 0.92 ms each, paused in quiet 19%; features 1.34 ms per 30 ms) | CPU core0 -1.0% core1 -1.0% (wake word pipeline 8.10% of one core) | RAM used 180 KB (peak 184 KB, 173 KB free) | wifi OK, server OK | audio lost since boot: i2s 0 net 0
00:28:39.329 [tasks] % of one core (free stack): main@0=-1.00(928) IDLE1@1=-1.00(816) IDLE0@0=-1.00(728) audio_kws@1=-1.00(832) websocket_task@*=-1.00(1116) tiT@*=-1.00(1452) Tmr Svc@*=-1.00(856) streamer@0=-1.00(2444) sys_evt@0=-1.00(432) esp_timer@0=-1.00(1600) wifi@0=-1.00(3308) ipc0@0=-1.00(272) ipc1@1=-1.00(280)
00:28:42.109 I (14259) wifi:[ADDBA]RX DELBA, reason:37, delete tid:0, initiator:1(originator)
00:28:47.519 I (19660) wifi:[ADDBA]RX DELBA, reason:37, delete tid:0, initiator:1(originator)
00:28:49.315 [status] up 21s | mic -38.3 dBFS (peak -29.9) | score max 0.03 | detections 0 | inferences 192 (19.2/s; model 0.89 ms each, paused in quiet 45%; features 1.31 ms per 30 ms) | CPU core0  1.3% core1  7.2% (wake word pipeline 7.00% of one core) | RAM used 180 KB (peak 184 KB, 173 KB free) | wifi OK, server OK | audio lost since boot: i2s 0 net 0
00:28:51.131 I (23272) wifi:[ADDBA]RX DELBA, reason:37, delete tid:0, initiator:1(originator)
00:28:55.002 I (27132) kws: >>> WAKE WORD "marvin" DETECTED  (score 0.61, t = 26.77 s)
00:28:55.002 I (27154) stream: first audio sent 20 ms after the detection
00:28:55.418 I (27560) wifi:[ADDBA]RX DELBA, reason:37, delete tid:0, initiator:1(originator)
00:28:55.904 I (28052) wake_word: score event: peak 0.84 over 930 ms -> detected
00:28:56.727 I (28878) stream: stream finished (silence): 1740 ms of audio sent (27 KB)
00:28:58.985 I (30985) wifi:[ADDBA]RX DELBA, reason:37, delete tid:0, initiator:1(originator)
00:28:58.985 I (31122) stream: server: {"type":"response","text":"Turn on the lights.","saved":"20260929_002854_775_e072a1d53274_marvin.wav"}
00:28:59.326 [status] up 31s | mic -36.7 dBFS (peak -24.3) | score max 0.84 | detections 1 | inferences 177 (17.7/s; model 1.05 ms each, paused in quiet 48%; features 1.40 ms per 30 ms) | CPU core0  3.8% core1  7.8% (wake word pipeline 7.30% of one core) | RAM used 181 KB (peak 197 KB, 172 KB free) | wifi OK, server OK | audio lost since boot: i2s 0 net 0
00:29:00.340 I (32472) kws: >>> WAKE WORD "marvin" DETECTED  (score 0.61, t = 32.11 s)
00:29:00.340 I (32494) stream: first audio sent 20 ms after the detection
00:29:00.895 I (33036) wifi:[ADDBA]RX DELBA, reason:37, delete tid:0, initiator:1(originator)
00:29:01.220 I (33372) wake_word: score event: peak 1.00 over 930 ms -> detected
00:29:01.828 I (33977) stream: stream finished (silence): 1500 ms of audio sent (23 KB)
00:29:03.866 I (36016) stream: server: {"type":"response","text":"What is the weather today?","saved":"20260929_002900_118_e072a1d53274_marvin.wav"}
00:29:05.841 I (37872) kws: >>> WAKE WORD "marvin" DETECTED  (score 0.68, t = 37.51 s)
00:29:05.842 I (37894) stream: first audio sent 20 ms after the detection
00:29:05.842 I (37987) wifi:[ADDBA]RX DELBA, reason:37, delete tid:0, initiator:1(originator)
00:29:06.665 I (38812) wake_word: score event: peak 1.00 over 930 ms -> detected
00:29:07.228 I (39380) stream: stream finished (silence): 1500 ms of audio sent (23 KB)
00:29:09.453 [status] up 41s | mic -36.0 dBFS (peak -22.8) | score max 1.00 | detections 3 | inferences 301 (30.1/s; model 1.05 ms each, paused in quiet 14%; features 1.40 ms per 30 ms) | CPU core0  5.6% core1  9.6% (wake word pipeline 8.78% of one core) | RAM used 181 KB (peak 197 KB, 172 KB free) | wifi OK, server OK | audio lost since boot: i2s 0 net 0
00:29:09.454 I (41606) stream: server: {"type":"response","text":"Play some music.","saved":"20260929_002905_518_e072a1d53274_marvin.wav"}
00:29:10.795 I (42912) kws: >>> WAKE WORD "marvin" DETECTED  (score 0.62, t = 42.55 s)
00:29:10.795 I (42934) stream: first audio sent 20 ms after the detection
00:29:10.795 I (42943) wifi:[ADDBA]RX DELBA, reason:37, delete tid:0, initiator:1(originator)
00:29:11.465 I (43612) wake_word: score event: peak 0.88 over 780 ms -> detected
00:29:12.860 I (44992) wifi:[ADDBA]RX DELBA, reason:37, delete tid:0, initiator:1(originator)
00:29:12.860 I (44999) wifi:[ADDBA]RX DELBA, reason:37, delete tid:0, initiator:1(originator)
00:29:12.860 I (45002) stream: stream finished (silence): 2080 ms of audio sent (32 KB)
00:29:15.260 I (47408) stream: server: {"type":"response","text":"Set an alarm for seven.","saved":"20260929_002910_552_e072a1d53274_marvin.wav"}
00:29:19.347 [status] up 51s | mic -35.0 dBFS (peak -21.4) | score max 0.88 | detections 4 | inferences 244 (24.4/s; model 1.03 ms each, paused in quiet 29%; features 1.41 ms per 30 ms) | CPU core0  4.4% core1  8.6% (wake word pipeline 8.02% of one core) | RAM used 181 KB (peak 197 KB, 172 KB free) | wifi OK, server OK | audio lost since boot: i2s 0 net 0
00:29:21.346 I (53491) wake_word: score event: peak 0.21 over 120 ms -> not detected (below threshold or in cool-down)
00:29:26.381 I (58531) wake_word: score event: peak 0.42 over 660 ms -> not detected (below threshold or in cool-down)
00:29:29.351 [status] up 61s | mic -35.7 dBFS (peak -23.4) | score max 0.42 | detections 4 | inferences 303 (30.3/s; model 0.87 ms each, paused in quiet 13%; features 1.34 ms per 30 ms) | CPU core0  0.8% core1  8.2% (wake word pipeline 8.00% of one core) | RAM used 181 KB (peak 197 KB, 172 KB free) | wifi OK, server OK | audio lost since boot: i2s 0 net 0
00:29:30.902 I (63032) kws: >>> WAKE WORD "marvin" DETECTED  (score 0.68, t = 62.67 s)
00:29:30.902 I (63054) stream: first audio sent 20 ms after the detection
00:29:31.416 I (63572) wake_word: score event: peak 0.80 over 780 ms -> detected
00:29:31.804 I (63958) wifi:[ADDBA]RX DELBA, reason:37, delete tid:0, initiator:1(originator)
00:29:32.382 I (64537) stream: stream finished (silence): 1500 ms of audio sent (23 KB)
00:29:34.476 I (66616) stream: server: {"type":"response","text":"Stop the music.","saved":"20260929_002930_675_e072a1d53274_marvin.wav"}
00:29:36.435 I (68432) kws: >>> WAKE WORD "marvin" DETECTED  (score 0.75, t = 68.07 s)
00:29:36.436 I (68453) stream: first audio sent 19 ms after the detection
00:29:36.436 I (68587) wifi:[ADDBA]RX DELBA, reason:37, delete tid:0, initiator:1(originator)
00:29:37.057 I (69212) wake_word: score event: peak 0.99 over 900 ms -> detected
00:29:37.963 I (70116) stream: stream finished (silence): 1680 ms of audio sent (26 KB)
00:29:38.601 I (70755) wifi:[ADDBA]RX DELBA, reason:37, delete tid:0, initiator:1(originator)
00:29:39.384 [status] up 71s | mic -33.8 dBFS (peak -18.7) | score max 0.99 | detections 6 | inferences 305 (30.5/s; model 1.06 ms each, paused in quiet 11%; features 1.45 ms per 30 ms) | CPU core0  6.3% core1  9.7% (wake word pipeline 8.90% of one core) | RAM used 181 KB (peak 197 KB, 172 KB free) | wifi OK, server OK | audio lost since boot: i2s 0 net 0
00:29:39.384 [tasks] % of one core (free stack): main@0=0.33(928) IDLE1@1=91.48(720) IDLE0@0=96.30(728) audio_kws@1=8.17(832) websocket_task@*=0.21(988) tiT@*=0.89(1420) ipc1@1=0.00(280) streamer@0=1.38(924) esp_timer@0=0.01(1600) Tmr Svc@*=0.00(856) wifi@0=1.21(3308) sys_evt@0=0.00(432) ipc0@0=0.00(272)
00:29:39.963 I (72103) stream: server: {"type":"response","text":"Increase the volume.","saved":"20260929_002936_070_e072a1d53274_marvin.wav"}
00:29:41.467 I (73532) kws: >>> WAKE WORD "marvin" DETECTED  (score 0.68, t = 73.17 s)
00:29:41.468 I (73553) stream: first audio sent 19 ms after the detection
00:29:41.468 I (73620) wifi:[ADDBA]RX DELBA, reason:37, delete tid:0, initiator:1(originator)
00:29:42.275 I (74431) wake_word: score event: peak 1.00 over 840 ms -> detected
00:29:43.168 I (75317) stream: stream finished (silence): 1780 ms of audio sent (27 KB)
00:29:43.670 I (75824) wifi:[ADDBA]RX DELBA, reason:37, delete tid:0, initiator:1(originator)
00:29:45.164 I (77313) stream: server: {"type":"response","text":"Tell me a joke.","saved":"20260929_002941_175_e072a1d53274_marvin.wav"}
00:29:46.661 I (78692) kws: >>> WAKE WORD "marvin" DETECTED  (score 0.61, t = 78.33 s)
00:29:46.661 I (78714) stream: first audio sent 20 ms after the detection
00:29:46.661 I (78815) wifi:[ADDBA]RX DELBA, reason:37, delete tid:0, initiator:1(originator)
00:29:47.239 I (79391) wake_word: score event: peak 0.91 over 630 ms -> detected
00:29:48.046 I (80196) stream: stream finished (silence): 1500 ms of audio sent (23 KB)
00:29:48.986 I (81144) wifi:[ADDBA]RX DELBA, reason:37, delete tid:0, initiator:1(originator)
00:29:49.346 [status] up 81s | mic -34.4 dBFS (peak -19.5) | score max 1.00 | detections 8 | inferences 262 (26.2/s; model 1.09 ms each, paused in quiet 26%; features 1.41 ms per 30 ms) | CPU core0  6.9% core1  9.3% (wake word pipeline 8.50% of one core) | RAM used 181 KB (peak 197 KB, 172 KB free) | wifi OK, server OK | audio lost since boot: i2s 0 net 0
00:29:50.022 I (82162) stream: server: {"type":"response","text":"Turn on the lights.","saved":"20260929_002946_332_e072a1d53274_marvin.wav"}
00:29:51.407 I (83532) kws: >>> WAKE WORD "marvin" DETECTED  (score 0.62, t = 83.17 s)
00:29:51.407 I (83554) stream: first audio sent 20 ms after the detection
00:29:51.934 I (84086) wifi:[ADDBA]RX DELBA, reason:37, delete tid:0, initiator:1(originator)
00:29:52.247 I (84392) wake_word: score event: peak 0.99 over 810 ms -> detected
00:29:53.170 I (85316) stream: stream finished (silence): 1780 ms of audio sent (27 KB)
00:29:55.251 I (87393) stream: server: {"type":"response","text":"What is the weather today?","saved":"20260929_002951_171_e072a1d53274_marvin.wav"}
00:29:56.775 I (88872) kws: >>> WAKE WORD "marvin" DETECTED  (score 0.70, t = 88.51 s)
00:29:56.775 I (88894) stream: first audio sent 20 ms after the detection
00:29:56.775 I (88933) wifi:[ADDBA]RX DELBA, reason:37, delete tid:0, initiator:1(originator)
00:29:57.508 I (89652) wake_word: score event: peak 0.99 over 780 ms -> detected
00:29:58.851 I (90999) stream: stream finished (silence): 2060 ms of audio sent (32 KB)
00:29:59.372 [status] up 91s | mic -35.8 dBFS (peak -22.9) | score max 0.99 | detections 10 | inferences 303 (30.3/s; model 1.10 ms each, paused in quiet 12%; features 1.45 ms per 30 ms) | CPU core0  7.3% core1 10.0% (wake word pipeline 9.04% of one core) | RAM used 181 KB (peak 199 KB, 172 KB free) | wifi OK, server OK | audio lost since boot: i2s 0 net 0
00:29:59.652 I (91809) wifi:[ADDBA]RX DELBA, reason:37, delete tid:0, initiator:1(originator)
00:30:00.793 I (92938) stream: server: {"type":"response","text":"Play some music.","saved":"20260929_002956_511_e072a1d53274_marvin.wav"}
00:30:02.163 I (94292) kws: >>> WAKE WORD "marvin" DETECTED  (score 0.62, t = 93.93 s)
00:30:02.163 I (94314) stream: first audio sent 20 ms after the detection
00:30:02.427 I (94579) wifi:[ADDBA]RX DELBA, reason:37, delete tid:0, initiator:1(originator)
00:30:02.863 I (95012) wake_word: score event: peak 0.98 over 780 ms -> detected
00:30:03.969 I (96115) stream: stream finished (silence): 1820 ms of audio sent (28 KB)
00:30:04.671 I (96819) wifi:[ADDBA]RX DELBA, reason:37, delete tid:0, initiator:1(originator)
00:30:05.958 I (98101) stream: server: {"type":"response","text":"Set an alarm for 7.","saved":"20260929_003001_930_e072a1d53274_marvin.wav"}
00:30:08.002 I (100132) kws: >>> WAKE WORD "marvin" DETECTED  (score 0.72, t = 99.77 s)
00:30:08.003 I (100154) stream: first audio sent 20 ms after the detection
00:30:08.574 I (100712) wake_word: score event: peak 0.83 over 540 ms -> detected
00:30:08.574 I (100721) wifi:[ADDBA]RX DELBA, reason:37, delete tid:0, initiator:1(originator)
00:30:09.493 [status] up 101s | mic -34.5 dBFS (peak -21.9) | score max 0.98 | detections 12 | inferences 323 (32.3/s; model 1.04 ms each, paused in quiet 5%; features 1.45 ms per 30 ms) | CPU core0  5.9% core1  9.8% (wake word pipeline 8.97% of one core) | RAM used 181 KB (peak 199 KB, 172 KB free) | wifi OK, server OK | audio lost since boot: i2s 0 net 0
00:30:09.494 I (101638) stream: stream finished (silence): 1500 ms of audio sent (23 KB)
00:30:10.766 I (102916) wifi:[ADDBA]RX DELBA, reason:37, delete tid:0, initiator:1(originator)
00:30:11.518 I (103660) stream: server: {"type":"response","text":"Call my mother.","saved":"20260929_003007_770_e072a1d53274_marvin.wav"}
00:30:12.839 I (104972) kws: >>> WAKE WORD "marvin" DETECTED  (score 0.61, t = 104.61 s)
00:30:12.839 I (104994) stream: first audio sent 20 ms after the detection
00:30:13.323 I (105467) wifi:[ADDBA]RX DELBA, reason:37, delete tid:0, initiator:1(originator)
00:30:13.698 I (105851) wake_word: score event: peak 0.99 over 930 ms -> detected
00:30:14.425 I (106578) stream: stream finished (silence): 1600 ms of audio sent (25 KB)
00:30:16.349 I (108494) stream: server: {"type":"response","text":"Open the door.","saved":"20260929_003012_610_e072a1d53274_marvin.wav"}
00:30:17.716 I (109792) kws: >>> WAKE WORD "marvin" DETECTED  (score 0.73, t = 109.43 s)
00:30:17.716 I (109813) stream: first audio sent 19 ms after the detection
00:30:17.716 I (109862) wifi:[ADDBA]RX DELBA, reason:37, delete tid:0, initiator:1(originator)
00:30:17.994 I (110152) wake_word: score event: peak 0.73 over 300 ms -> detected
00:30:19.143 I (111295) stream: stream finished (silence): 1500 ms of audio sent (23 KB)
00:30:19.393 [status] up 111s | mic -35.7 dBFS (peak -22.5) | score max 0.99 | detections 14 | inferences 274 (27.4/s; model 1.09 ms each, paused in quiet 22%; features 1.41 ms per 30 ms) | CPU core0  6.5% core1  9.5% (wake word pipeline 8.63% of one core) | RAM used 181 KB (peak 199 KB, 172 KB free) | wifi OK, server OK | audio lost since boot: i2s 0 net 0
00:30:21.299 I (113445) stream: server: {"type":"response","text":"What time is it?","saved":"20260929_003017_431_e072a1d53274_marvin.wav"}
00:30:22.527 I (114652) kws: >>> WAKE WORD "marvin" DETECTED  (score 0.70, t = 114.29 s)
00:30:22.527 I (114673) stream: first audio sent 19 ms after the detection
00:30:23.026 I (115069) wifi:[ADDBA]RX DELBA, reason:37, delete tid:0, initiator:1(originator)
00:30:23.027 I (115171) wake_word: score event: peak 0.90 over 450 ms -> detected
00:30:24.001 I (116155) stream: stream finished (silence): 1500 ms of audio sent (23 KB)
00:30:26.182 I (118335) stream: server: {"type":"response","text":"Stop the music.","saved":"20260929_003022_300_e072a1d53274_marvin.wav"}
00:30:27.596 I (119732) kws: >>> WAKE WORD "marvin" DETECTED  (score 0.65, t = 119.37 s)
00:30:27.597 I (119753) stream: first audio sent 19 ms after the detection
00:30:27.828 I (119974) wifi:[ADDBA]RX DELBA, reason:37, delete tid:0, initiator:1(originator)
00:30:28.339 I (120492) wake_word: score event: peak 0.98 over 720 ms -> detected
00:30:29.502 [status] up 121s | mic -34.4 dBFS (peak -19.8) | score max 0.98 | detections 16 | inferences 298 (29.8/s; model 1.07 ms each, paused in quiet 15%; features 1.41 ms per 30 ms) | CPU core0  6.1% core1  9.5% (wake word pipeline 8.84% of one core) | RAM used 185 KB (peak 199 KB, 165 KB free) | wifi OK, server OK | audio lost since boot: i2s 0 net 0
00:30:29.502 I (121657) stream: stream finished (silence): 1920 ms of audio sent (30 KB)
00:30:31.539 I (123686) stream: server: {"type":"response","text":"Increase the volume.","saved":"20260929_003027_371_e072a1d53274_marvin.wav"}
00:30:33.186 I (125272) kws: >>> WAKE WORD "marvin" DETECTED  (score 0.64, t = 124.91 s)
00:30:33.187 I (125292) stream: first audio sent 19 ms after the detection
00:30:33.187 I (125345) wifi:[ADDBA]RX DELBA, reason:37, delete tid:0, initiator:1(originator)
00:30:33.933 I (126091) wake_word: score event: peak 0.97 over 780 ms -> detected
00:30:35.110 I (127259) stream: stream finished (silence): 1980 ms of audio sent (30 KB)
00:30:37.145 I (129290) stream: server: {"type":"response","text":"Tell me a joke.","saved":"20260929_003032_945_e072a1d53274_marvin.wav"}
00:30:39.445 [status] up 131s | mic -35.6 dBFS (peak -19.0) | score max 0.97 | detections 17 | inferences 181 (18.1/s; model 1.08 ms each, paused in quiet 47%; features 1.41 ms per 30 ms) | CPU core0  4.5% core1  8.0% (wake word pipeline 7.46% of one core) | RAM used 181 KB (peak 199 KB, 172 KB free) | wifi OK, server OK | audio lost since boot: i2s 0 net 0
00:30:39.446 [tasks] % of one core (free stack): audio_kws@1=8.76(832) main@0=0.40(928) IDLE1@1=90.66(720) IDLE0@0=93.82(728) tiT@*=1.51(1420) websocket_task@*=0.30(988) ipc0@0=0.00(272) streamer@0=2.61(924) esp_timer@0=0.01(1600) ipc1@1=0.00(280) wifi@0=1.96(3308) Tmr Svc@*=0.00(856) sys_evt@0=0.00(432)
