00:18:46.250 ESP-ROM:esp32s3-20210327
00:18:46.250 Build:Mar 27 2021
00:18:46.250 rst:0x1 (POWERON),boot:0x8 (SPI_FAST_FLASH_BOOT)
00:18:46.250 SPIWP:0xee
00:18:46.250 mode:DIO, clock div:1
00:18:46.250 load:0x3fce2820,len:0x1668
00:18:46.251 load:0x403c8700,len:0xec0
00:18:46.251 load:0x403cb700,len:0x3178
00:18:46.251 entry 0x403c894c
00:18:46.251 I (24) boot: ESP-IDF v5.5.5 2nd stage bootloader
00:18:46.251 I (25) boot: compile time Sep 28 2026 21:09:30
00:18:46.251 I (25) boot: Multicore bootloader
00:18:46.251 I (25) boot: chip revision: v0.2
00:18:46.251 I (28) boot: efuse block revision: v1.4
00:18:46.251 I (31) qio_mode: Enabling default flash chip QIO
00:18:46.251 I (36) boot.esp32s3: Boot SPI Speed : 80MHz
00:18:46.254 I (40) boot.esp32s3: SPI Mode       : QIO
00:18:46.255 I (43) boot.esp32s3: SPI Flash Size : 4MB
00:18:46.255 I (47) boot: Enabling RNG early entropy source...
00:18:46.255 I (52) boot: Partition Table:
00:18:46.255 I (54) boot: ## Label            Usage          Type ST Offset   Length
00:18:46.255 I (60) boot:  0 nvs              WiFi data        01 02 00009000 00006000
00:18:46.255 I (67) boot:  1 phy_init         RF data          01 01 0000f000 00001000
00:18:46.255 I (73) boot:  2 factory          factory app      00 00 00010000 00177000
00:18:46.255 I (80) boot: End of partition table
00:18:46.255 I (83) esp_image: segment 0: paddr=00010020 vaddr=3c0d0020 size=359c0h (219584) map
00:18:46.255 I (125) esp_image: segment 1: paddr=000459e8 vaddr=3fc98400 size=04c28h ( 19496) load
00:18:46.255 I (129) esp_image: segment 2: paddr=0004a618 vaddr=40378000 size=05a00h ( 23040) load
00:18:46.255 I (134) esp_image: segment 3: paddr=00050020 vaddr=42000020 size=ca70ch (829196) map
00:18:46.255 I (264) esp_image: segment 4: paddr=0011a734 vaddr=4037da00 size=0a9d0h ( 43472) load
00:18:46.255 I (273) esp_image: segment 5: paddr=0012510c vaddr=50000000 size=00020h (    32) load
00:18:46.255 I (280) boot: Loaded app from partition at offset 0x10000
00:18:46.255 I (280) boot: Disabling RNG early entropy source...
00:18:46.255 I (291) cpu_start: Multicore app
00:18:46.255 I (299) cpu_start: GPIO 44 and 43 are used as console UART I/O pins
00:18:46.255 I (300) cpu_start: Pro cpu start user code
00:18:46.255 I (300) cpu_start: cpu freq: 240000000 Hz
00:18:46.255 I (302) app_init: Application information:
00:18:46.255 I (305) app_init: Project name:     kws_s3
00:18:46.255 I (309) app_init: App version:      d22d07e-dirty
00:18:46.255 I (314) app_init: Compile time:     Sep 29 2026 00:08:32
00:18:46.255 I (319) app_init: ELF file SHA256:  9916f86e5...
00:18:46.255 I (323) app_init: ESP-IDF:          v5.5.5
00:18:46.255 I (327) efuse_init: Min chip rev:     v0.0
00:18:46.255 I (331) efuse_init: Max chip rev:     v0.99
00:18:46.255 I (335) efuse_init: Chip rev:         v0.2
00:18:46.255 I (339) heap_init: Initializing. RAM available for dynamic allocation:
00:18:46.255 I (345) heap_init: At 3FCA2AE8 len 00046C28 (283 KiB): RAM
00:18:46.255 I (350) heap_init: At 3FCE9710 len 00005724 (21 KiB): RAM
00:18:46.256 I (355) heap_init: At 600FE000 len 00001FE8 (7 KiB): RTCRAM
00:18:46.256 I (361) spi_flash: detected chip: boya
00:18:46.256 I (364) spi_flash: flash io: qio
00:18:46.256 W (367) spi_flash: Detected size(16384k) larger than the size in the binary image header(4096k). Using the size in the binary image header.
00:18:46.256 I (379) sleep_gpio: Configure to isolate all GPIO pins in sleep state
00:18:46.256 I (385) sleep_gpio: Enable automatic switching of GPIO sleep configuration
00:18:46.256 I (392) main_task: Started on CPU0
00:18:46.256 I (410) main_task: Calling app_main()
00:18:46.256 
00:18:46.256 ==================== SIH KWS firmware ====================
00:18:46.256  chip      : esp32s3 rev v0.2, 2 cores, flash 4 MB
00:18:46.256  ESP-IDF   : v5.5.5
00:18:46.258  RAM       : 41 KB static data, 287 KB heap free (code in IRAM: 65 KB, not counted)
00:18:46.258  model     : marvin.tflite (60896 bytes, stored in flash)
00:18:46.258 ===========================================================
00:18:46.258 
00:18:46.259 [heap] start of app_main            294744 B free (of 320308 B)
00:18:46.259 I (465) kws: model ready: wake word "marvin", threshold 0.60 (json), window 5, input 3x40 int8
00:18:46.259 I (470) kws: model RAM: tensor arena 25964 of 26624 bytes used; engine total 38 KB of heap
00:18:46.259 
00:18:46.259 ------------------------ SELF-TEST ------------------------
00:18:46.259  noise only (3 s)   : PASS - stayed quiet  (highest score 0.01, threshold 0.60)
00:18:46.259  wake word recording: skipped - no WAV file in the model folder (optional)
00:18:46.259 -----------------------------------------------------------
00:18:46.259 
00:18:46.259 [heap] model + features + self-test took  40720 B, 254024 B free
00:18:46.259 I (709) audio: I2S running: 16 kHz, 32-bit slots, both channels, SCK=16 WS=15 SD=17, gain x1
00:18:47.024 I (1211) kws: microphones: left (L/R to GND) -23.1 dBFS, right (L/R to 3V3) -20.0 dBFS, similarity 0.22 -> using both (average)
00:18:47.024 [heap] I2S + ring + audio task      took  20772 B, 233252 B free
00:18:47.024 I (1224) kws: listening for "marvin" ...
00:18:47.024 I (1230) pp: pp rom version: e7ae62f
00:18:47.024 I (1232) net80211: net80211 rom version: e7ae62f
00:18:47.024 I (1236) wifi:wifi driver task: 3fcb6fa8, prio:23, stack:6656, core=0
00:18:47.024 I (1244) wifi:wifi firmware version: b9f67df
00:18:47.025 I (1246) wifi:wifi certification version: v7.0
00:18:47.025 I (1249) wifi:config NVS flash: disabled
00:18:47.025 I (1254) wifi:config nano formatting: disabled
00:18:47.025 I (1257) wifi:Init data frame dynamic rx buffer num: 16
00:18:47.025 I (1263) wifi:Init static rx mgmt buffer num: 5
00:18:47.025 I (1268) wifi:Init management short buffer num: 10
00:18:47.025 I (1271) wifi:Init dynamic tx buffer num: 16
00:18:47.025 I (1276) wifi:Init static tx FG buffer num: 2
00:18:47.025 I (1279) wifi:Init static rx buffer size: 1600
00:18:47.025 I (1285) wifi:Init static rx buffer num: 6
00:18:47.025 I (1288) wifi:Init dynamic rx buffer num: 16
00:18:47.025 I (1291) wifi_init: accept mbox: 6
00:18:47.025 I (1296) wifi_init: tcpip mbox: 32
00:18:47.025 I (1299) wifi_init: udp mbox: 6
00:18:47.025 I (1301) wifi_init: tcp mbox: 6
00:18:47.025 I (1304) wifi_init: tcp tx win: 5760
00:18:47.025 I (1307) wifi_init: tcp rx win: 5760
00:18:47.025 I (1310) wifi_init: tcp mss: 1440
00:18:47.025 I (1313) phy_init: phy_version 712,87e8c20e,Apr 13 2026,18:51:10
00:18:47.025 I (1347) wifi:mode : sta (e0:72:a1:d5:32:74)
00:18:47.025 I (1348) wifi:enable tsf
00:18:47.025 I (1350) wifi:Set ps type: 0, coexist: 0
00:18:47.025 
00:18:47.025 I (1355) wifi: connecting to "ARYA 9252" ...
00:18:47.025 [heap] Wi-Fi driver + netif         took  41196 B, 192056 B free
00:18:47.025 I (1408) wifi:state: init -> auth (0xb0)
00:18:47.025 W (1413) stream: cannot reach the server ws://192.168.137.1:3000/ws (is it running? same network?) - retrying every second
00:18:47.025 I (1415) wifi:state: auth -> assoc (0x0)
00:18:47.025 [heap] WebSocket client + streamer  took  13048 B, 179008 B free
00:18:47.025 I (1430) wifi:state: assoc -> run (0x10)
00:18:47.025 I (1454) wifi:connected with ARYA 9252, aid = 1, channel 1, BW20, bssid = 9a:5f:41:45:73:c9
00:18:47.025 I (1459) wifi:security: WPA2-PSK, phy: bgn, rssi: -33, cipher(pairwise:0x3, group:0x3), pmf:0
00:18:47.026 I (1467) wifi:pm start, type: 0
00:18:47.026 
00:18:47.026 I (1470) wifi:dp: 1, bi: 102400, li: 3, scale listen interval from 307200 us to 307200 us
00:18:47.026 I (1478) wifi:set rx beacon pti, rx_bcn_pti: 0, bcn_timeout: 25000, mt_pti: 0, mt_time: 10000
00:18:47.026 I (1487) wifi:AP's beacon interval = 102400 us, DTIM period = 3
00:18:48.116 I (2562) esp_netif_handlers: sta ip: 192.168.137.25, mask: 255.255.255.0, gw: 192.168.137.1
00:18:48.116 I (2566) wifi: connected, IP address 192.168.137.25
00:18:48.981 I (3431) stream: connected to the server ws://192.168.137.1:3000/ws
00:18:51.444 I (5908) wifi:[ADDBA]RX DELBA, reason:37, delete tid:0, initiator:1(originator)
00:18:57.020 [status] up 11s | mic -37.8 dBFS (peak -29.8) | score max 0.01 | detections 0 | inferences 264 (26.4/s; model 0.90 ms each, paused in quiet 26%; features 1.33 ms per 30 ms) | CPU core0 -1.0% core1 -1.0% (wake word pipeline 7.84% of one core) | RAM used 180 KB (peak 184 KB, 173 KB free) | wifi OK, server OK | audio lost since boot: i2s 0 net 0
00:18:57.021 [tasks] % of one core (free stack): main@0=-1.00(928) IDLE1@1=-1.00(816) IDLE0@0=-1.00(728) audio_kws@1=-1.00(832) websocket_task@*=-1.00(944) tiT@*=-1.00(1452) Tmr Svc@*=-1.00(856) streamer@0=-1.00(2436) sys_evt@0=-1.00(464) esp_timer@0=-1.00(1600) wifi@0=-1.00(3212) ipc0@0=-1.00(272) ipc1@1=-1.00(280)
00:19:07.019 [status] up 21s | mic -33.6 dBFS (peak -20.7) | score max 0.01 | detections 0 | inferences 295 (29.5/s; model 0.88 ms each, paused in quiet 16%; features 1.31 ms per 30 ms) | CPU core0  1.1% core1  8.1% (wake word pipeline 7.86% of one core) | RAM used 180 KB (peak 184 KB, 173 KB free) | wifi OK, server OK | audio lost since boot: i2s 0 net 0
00:19:12.773 I (27224) wifi:[ADDBA]RX DELBA, reason:37, delete tid:0, initiator:1(originator)
00:19:17.022 [status] up 31s | mic -29.4 dBFS (peak -13.2) | score max 0.01 | detections 0 | inferences 333 (33.3/s; model 0.87 ms each, paused in quiet 0%; features 1.39 ms per 30 ms) | CPU core0  0.9% core1  8.4% (wake word pipeline 8.21% of one core) | RAM used 180 KB (peak 184 KB, 173 KB free) | wifi OK, server OK | audio lost since boot: i2s 0 net 0
00:19:27.023 [status] up 41s | mic -29.6 dBFS (peak -15.7) | score max 0.00 | detections 0 | inferences 333 (33.3/s; model 0.87 ms each, paused in quiet 0%; features 1.39 ms per 30 ms) | CPU core0  0.8% core1  8.4% (wake word pipeline 8.17% of one core) | RAM used 180 KB (peak 184 KB, 173 KB free) | wifi OK, server OK | audio lost since boot: i2s 0 net 0
00:19:37.035 [status] up 51s | mic -30.6 dBFS (peak -15.9) | score max 0.00 | detections 0 | inferences 334 (33.4/s; model 0.86 ms each, paused in quiet 0%; features 1.38 ms per 30 ms) | CPU core0  0.8% core1  8.4% (wake word pipeline 8.16% of one core) | RAM used 180 KB (peak 184 KB, 173 KB free) | wifi OK, server OK | audio lost since boot: i2s 0 net 0
00:19:40.407 I (54868) wifi:[ADDBA]RX DELBA, reason:37, delete tid:0, initiator:1(originator)
00:19:47.030 [status] up 61s | mic -31.3 dBFS (peak -19.1) | score max 0.00 | detections 0 | inferences 333 (33.3/s; model 0.87 ms each, paused in quiet 0%; features 1.39 ms per 30 ms) | CPU core0  0.9% core1  8.4% (wake word pipeline 8.20% of one core) | RAM used 180 KB (peak 184 KB, 173 KB free) | wifi OK, server OK | audio lost since boot: i2s 0 net 0
00:19:57.060 [status] up 71s | mic -29.7 dBFS (peak -16.4) | score max 0.00 | detections 0 | inferences 333 (33.3/s; model 0.87 ms each, paused in quiet 0%; features 1.39 ms per 30 ms) | CPU core0  0.8% core1  8.4% (wake word pipeline 8.18% of one core) | RAM used 180 KB (peak 184 KB, 173 KB free) | wifi OK, server OK | audio lost since boot: i2s 0 net 0
00:19:57.060 [tasks] % of one core (free stack): main@0=0.38(928) IDLE1@1=91.68(720) IDLE0@0=99.11(728) audio_kws@1=8.27(832) tiT@*=0.12(1452) websocket_task@*=0.18(944) sys_evt@0=0.00(464) ipc0@0=0.00(272) esp_timer@0=0.01(1600) wifi@0=0.25(3212) ipc1@1=0.00(280) Tmr Svc@*=0.00(856) streamer@0=0.00(2436)
00:20:07.057 [status] up 81s | mic -30.8 dBFS (peak -19.3) | score max 0.00 | detections 0 | inferences 334 (33.4/s; model 0.87 ms each, paused in quiet 0%; features 1.39 ms per 30 ms) | CPU core0  1.1% core1  8.4% (wake word pipeline 8.19% of one core) | RAM used 180 KB (peak 184 KB, 173 KB free) | wifi OK, server OK | audio lost since boot: i2s 0 net 0
00:20:17.059 [status] up 91s | mic -31.9 dBFS (peak -17.4) | score max 0.00 | detections 0 | inferences 333 (33.3/s; model 0.87 ms each, paused in quiet 0%; features 1.38 ms per 30 ms) | CPU core0  0.6% core1  8.3% (wake word pipeline 8.16% of one core) | RAM used 180 KB (peak 184 KB, 173 KB free) | wifi OK, server OK | audio lost since boot: i2s 0 net 0
00:20:27.072 [status] up 101s | mic -32.5 dBFS (peak -20.5) | score max 0.00 | detections 0 | inferences 333 (33.3/s; model 0.87 ms each, paused in quiet 0%; features 1.39 ms per 30 ms) | CPU core0  0.8% core1  8.4% (wake word pipeline 8.18% of one core) | RAM used 180 KB (peak 184 KB, 173 KB free) | wifi OK, server OK | audio lost since boot: i2s 0 net 0
00:20:37.072 [status] up 111s | mic -30.7 dBFS (peak -17.7) | score max 0.00 | detections 0 | inferences 334 (33.4/s; model 0.87 ms each, paused in quiet 0%; features 1.39 ms per 30 ms) | CPU core0  0.8% core1  8.4% (wake word pipeline 8.23% of one core) | RAM used 181 KB (peak 184 KB, 173 KB free) | wifi OK, server OK | audio lost since boot: i2s 0 net 0
00:20:47.072 [status] up 121s | mic -30.6 dBFS (peak -18.0) | score max 0.00 | detections 0 | inferences 333 (33.3/s; model 0.87 ms each, paused in quiet 0%; features 1.39 ms per 30 ms) | CPU core0  0.9% core1  8.4% (wake word pipeline 8.21% of one core) | RAM used 181 KB (peak 184 KB, 173 KB free) | wifi OK, server OK | audio lost since boot: i2s 0 net 0
00:20:57.117 [status] up 131s | mic -31.4 dBFS (peak -16.8) | score max 0.02 | detections 0 | inferences 333 (33.3/s; model 0.87 ms each, paused in quiet 0%; features 1.39 ms per 30 ms) | CPU core0  0.8% core1  8.4% (wake word pipeline 8.21% of one core) | RAM used 181 KB (peak 184 KB, 173 KB free) | wifi OK, server OK | audio lost since boot: i2s 0 net 0
00:20:57.117 [tasks] % of one core (free stack): main@0=0.34(928) IDLE1@1=91.61(720) IDLE0@0=99.16(728) audio_kws@1=8.34(832) tiT@*=0.12(1452) websocket_task@*=0.18(944) ipc1@1=0.00(280) Tmr Svc@*=0.00(856) esp_timer@0=0.01(1600) streamer@0=0.00(2436) wifi@0=0.24(3212) sys_evt@0=0.00(464) ipc0@0=0.00(272)
00:21:00.287 I (134754) wifi:[ADDBA]RX DELBA, reason:37, delete tid:0, initiator:1(originator)
00:21:07.102 [status] up 141s | mic -30.7 dBFS (peak -19.0) | score max 0.01 | detections 0 | inferences 334 (33.4/s; model 0.87 ms each, paused in quiet 0%; features 1.39 ms per 30 ms) | CPU core0  1.1% core1  8.4% (wake word pipeline 8.22% of one core) | RAM used 181 KB (peak 184 KB, 173 KB free) | wifi OK, server OK | audio lost since boot: i2s 0 net 0
00:21:17.102 [status] up 151s | mic -32.1 dBFS (peak -17.5) | score max 0.00 | detections 0 | inferences 333 (33.3/s; model 0.87 ms each, paused in quiet 0%; features 1.39 ms per 30 ms) | CPU core0  0.8% core1  8.3% (wake word pipeline 8.16% of one core) | RAM used 181 KB (peak 184 KB, 173 KB free) | wifi OK, server OK | audio lost since boot: i2s 0 net 0
00:21:27.117 [status] up 161s | mic -29.2 dBFS (peak -16.1) | score max 0.00 | detections 0 | inferences 333 (33.3/s; model 0.87 ms each, paused in quiet 0%; features 1.39 ms per 30 ms) | CPU core0  0.8% core1  8.4% (wake word pipeline 8.20% of one core) | RAM used 181 KB (peak 184 KB, 173 KB free) | wifi OK, server OK | audio lost since boot: i2s 0 net 0
00:21:37.116 [status] up 171s | mic -30.3 dBFS (peak -17.2) | score max 0.00 | detections 0 | inferences 334 (33.4/s; model 0.88 ms each, paused in quiet 0%; features 1.39 ms per 30 ms) | CPU core0  0.8% core1  8.4% (wake word pipeline 8.23% of one core) | RAM used 181 KB (peak 184 KB, 173 KB free) | wifi OK, server OK | audio lost since boot: i2s 0 net 0
00:21:47.130 [status] up 181s | mic -28.9 dBFS (peak -19.5) | score max 0.00 | detections 0 | inferences 333 (33.3/s; model 0.88 ms each, paused in quiet 0%; features 1.40 ms per 30 ms) | CPU core0  0.8% core1  8.4% (wake word pipeline 8.24% of one core) | RAM used 181 KB (peak 184 KB, 173 KB free) | wifi OK, server OK | audio lost since boot: i2s 0 net 0
00:21:57.164 [status] up 191s | mic -28.0 dBFS (peak -17.1) | score max 0.02 | detections 0 | inferences 333 (33.3/s; model 0.88 ms each, paused in quiet 0%; features 1.39 ms per 30 ms) | CPU core0  0.8% core1  8.4% (wake word pipeline 8.24% of one core) | RAM used 181 KB (peak 184 KB, 173 KB free) | wifi OK, server OK | audio lost since boot: i2s 0 net 0
00:21:57.164 [tasks] % of one core (free stack): main@0=0.38(928) IDLE1@1=91.60(720) IDLE0@0=99.13(728) audio_kws@1=8.35(736) tiT@*=0.11(1452) websocket_task@*=0.18(944) streamer@0=0.00(2436) sys_evt@0=0.00(464) esp_timer@0=0.01(1600) ipc0@0=0.00(272) wifi@0=0.25(3212) ipc1@1=0.00(280) Tmr Svc@*=0.00(856)
00:22:07.137 [status] up 201s | mic -29.8 dBFS (peak -16.9) | score max 0.00 | detections 0 | inferences 333 (33.3/s; model 0.87 ms each, paused in quiet 2%; features 1.35 ms per 30 ms) | CPU core0  1.1% core1  8.4% (wake word pipeline 8.16% of one core) | RAM used 181 KB (peak 184 KB, 173 KB free) | wifi OK, server OK | audio lost since boot: i2s 0 net 0
00:22:17.159 [status] up 211s | mic -29.4 dBFS (peak -15.4) | score max 0.00 | detections 0 | inferences 333 (33.3/s; model 0.86 ms each, paused in quiet 0%; features 1.38 ms per 30 ms) | CPU core0  0.8% core1  8.3% (wake word pipeline 8.16% of one core) | RAM used 181 KB (peak 184 KB, 173 KB free) | wifi OK, server OK | audio lost since boot: i2s 0 net 0
00:22:27.153 [status] up 221s | mic -29.1 dBFS (peak -14.9) | score max 0.00 | detections 0 | inferences 334 (33.4/s; model 0.86 ms each, paused in quiet 0%; features 1.38 ms per 30 ms) | CPU core0  0.8% core1  8.3% (wake word pipeline 8.15% of one core) | RAM used 181 KB (peak 184 KB, 173 KB free) | wifi OK, server OK | audio lost since boot: i2s 0 net 0
00:22:37.162 [status] up 231s | mic -27.0 dBFS (peak -17.6) | score max 0.00 | detections 0 | inferences 333 (33.3/s; model 0.86 ms each, paused in quiet 0%; features 1.38 ms per 30 ms) | CPU core0  0.8% core1  8.3% (wake word pipeline 8.15% of one core) | RAM used 181 KB (peak 184 KB, 173 KB free) | wifi OK, server OK | audio lost since boot: i2s 0 net 0
00:22:47.173 [status] up 241s | mic -26.1 dBFS (peak -15.7) | score max 0.00 | detections 0 | inferences 333 (33.3/s; model 0.87 ms each, paused in quiet 0%; features 1.39 ms per 30 ms) | CPU core0  0.8% core1  8.4% (wake word pipeline 8.16% of one core) | RAM used 181 KB (peak 184 KB, 173 KB free) | wifi OK, server OK | audio lost since boot: i2s 0 net 0
00:22:57.199 [status] up 251s | mic -27.1 dBFS (peak -18.0) | score max 0.00 | detections 0 | inferences 334 (33.4/s; model 0.86 ms each, paused in quiet 0%; features 1.38 ms per 30 ms) | CPU core0  0.8% core1  8.4% (wake word pipeline 8.18% of one core) | RAM used 181 KB (peak 184 KB, 173 KB free) | wifi OK, server OK | audio lost since boot: i2s 0 net 0
00:22:57.199 [tasks] % of one core (free stack): main@0=0.42(928) IDLE1@1=91.65(720) IDLE0@0=99.13(728) audio_kws@1=8.29(736) tiT@*=0.12(1452) websocket_task@*=0.18(944) ipc0@0=0.00(272) ipc1@1=0.00(280) esp_timer@0=0.01(1600) Tmr Svc@*=0.00(856) wifi@0=0.24(3212) streamer@0=0.00(2436) sys_evt@0=0.00(464)
00:23:07.190 [status] up 261s | mic -29.1 dBFS (peak -16.2) | score max 0.00 | detections 0 | inferences 333 (33.3/s; model 0.86 ms each, paused in quiet 0%; features 1.39 ms per 30 ms) | CPU core0  1.1% core1  8.3% (wake word pipeline 8.15% of one core) | RAM used 181 KB (peak 184 KB, 173 KB free) | wifi OK, server OK | audio lost since boot: i2s 0 net 0
00:23:17.189 [status] up 271s | mic -27.6 dBFS (peak -14.5) | score max 0.00 | detections 0 | inferences 333 (33.3/s; model 0.86 ms each, paused in quiet 0%; features 1.38 ms per 30 ms) | CPU core0  0.8% core1  8.3% (wake word pipeline 8.16% of one core) | RAM used 181 KB (peak 184 KB, 173 KB free) | wifi OK, server OK | audio lost since boot: i2s 0 net 0
00:23:20.275 I (274746) wifi:[ADDBA]RX DELBA, reason:37, delete tid:0, initiator:1(originator)
00:23:27.209 [status] up 281s | mic -30.4 dBFS (peak -17.7) | score max 0.00 | detections 0 | inferences 333 (33.3/s; model 0.86 ms each, paused in quiet 1%; features 1.37 ms per 30 ms) | CPU core0  0.9% core1  8.3% (wake word pipeline 8.15% of one core) | RAM used 181 KB (peak 184 KB, 173 KB free) | wifi OK, server OK | audio lost since boot: i2s 0 net 0
00:23:37.203 [status] up 291s | mic -29.9 dBFS (peak -17.8) | score max 0.00 | detections 0 | inferences 334 (33.4/s; model 0.87 ms each, paused in quiet 0%; features 1.39 ms per 30 ms) | CPU core0  0.8% core1  8.4% (wake word pipeline 8.19% of one core) | RAM used 181 KB (peak 184 KB, 173 KB free) | wifi OK, server OK | audio lost since boot: i2s 0 net 0
00:23:47.208 [status] up 301s | mic -30.2 dBFS (peak -16.7) | score max 0.00 | detections 0 | inferences 333 (33.3/s; model 0.86 ms each, paused in quiet 0%; features 1.38 ms per 30 ms) | CPU core0  0.8% core1  8.4% (wake word pipeline 8.15% of one core) | RAM used 181 KB (peak 184 KB, 173 KB free) | wifi OK, server OK | audio lost since boot: i2s 0 net 0
00:23:57.248 [status] up 311s | mic -31.6 dBFS (peak -18.6) | score max 0.00 | detections 0 | inferences 333 (33.3/s; model 0.87 ms each, paused in quiet 0%; features 1.39 ms per 30 ms) | CPU core0  0.8% core1  8.4% (wake word pipeline 8.18% of one core) | RAM used 181 KB (peak 184 KB, 173 KB free) | wifi OK, server OK | audio lost since boot: i2s 0 net 0
00:23:57.248 [tasks] % of one core (free stack): audio_kws@1=8.30(736) main@0=0.35(928) IDLE1@1=91.64(720) IDLE0@0=99.12(728) websocket_task@*=0.18(944) tiT@*=0.11(1452) Tmr Svc@*=0.00(856) streamer@0=0.00(2436) esp_timer@0=0.01(1600) sys_evt@0=0.00(464) wifi@0=0.25(3212) ipc0@0=0.00(272) ipc1@1=0.00(280)
00:24:07.231 [status] up 321s | mic -31.5 dBFS (peak -18.0) | score max 0.00 | detections 0 | inferences 334 (33.4/s; model 0.86 ms each, paused in quiet 0%; features 1.38 ms per 30 ms) | CPU core0  1.1% core1  8.4% (wake word pipeline 8.18% of one core) | RAM used 181 KB (peak 184 KB, 173 KB free) | wifi OK, server OK | audio lost since boot: i2s 0 net 0
00:24:17.243 [status] up 331s | mic -29.9 dBFS (peak -16.3) | score max 0.00 | detections 0 | inferences 333 (33.3/s; model 0.87 ms each, paused in quiet 0%; features 1.38 ms per 30 ms) | CPU core0  0.8% core1  8.4% (wake word pipeline 8.17% of one core) | RAM used 181 KB (peak 184 KB, 173 KB free) | wifi OK, server OK | audio lost since boot: i2s 0 net 0
00:24:27.246 [status] up 341s | mic -30.1 dBFS (peak -17.7) | score max 0.00 | detections 0 | inferences 333 (33.3/s; model 0.87 ms each, paused in quiet 0%; features 1.39 ms per 30 ms) | CPU core0  0.8% core1  8.4% (wake word pipeline 8.17% of one core) | RAM used 181 KB (peak 184 KB, 173 KB free) | wifi OK, server OK | audio lost since boot: i2s 0 net 0
00:24:37.249 [status] up 351s | mic -33.2 dBFS (peak -21.1) | score max 0.00 | detections 0 | inferences 334 (33.4/s; model 0.86 ms each, paused in quiet 0%; features 1.38 ms per 30 ms) | CPU core0  0.6% core1  8.4% (wake word pipeline 8.17% of one core) | RAM used 181 KB (peak 184 KB, 173 KB free) | wifi OK, server OK | audio lost since boot: i2s 0 net 0
00:24:40.703 I (355173) wifi:[ADDBA]RX DELBA, reason:37, delete tid:0, initiator:1(originator)
00:24:47.266 [status] up 361s | mic -31.6 dBFS (peak -18.1) | score max 0.00 | detections 0 | inferences 333 (33.3/s; model 0.86 ms each, paused in quiet 0%; features 1.39 ms per 30 ms) | CPU core0  0.8% core1  8.4% (wake word pipeline 8.17% of one core) | RAM used 181 KB (peak 184 KB, 173 KB free) | wifi OK, server OK | audio lost since boot: i2s 0 net 0
00:24:57.293 [status] up 371s | mic -30.3 dBFS (peak -18.8) | score max 0.00 | detections 0 | inferences 333 (33.3/s; model 0.86 ms each, paused in quiet 0%; features 1.39 ms per 30 ms) | CPU core0  0.8% core1  8.3% (wake word pipeline 8.16% of one core) | RAM used 181 KB (peak 184 KB, 173 KB free) | wifi OK, server OK | audio lost since boot: i2s 0 net 0
00:24:57.294 [tasks] % of one core (free stack): main@0=0.34(928) IDLE1@1=91.64(720) IDLE0@0=99.21(728) websocket_task@*=0.18(944) audio_kws@1=8.31(736) tiT@*=0.12(1452) sys_evt@0=0.00(464) ipc0@0=0.00(272) esp_timer@0=0.01(1600) ipc1@1=0.00(280) wifi@0=0.24(3212) Tmr Svc@*=0.00(856) streamer@0=0.00(2436)
00:25:07.272 [status] up 381s | mic -30.7 dBFS (peak -15.8) | score max 0.00 | detections 0 | inferences 334 (33.4/s; model 0.86 ms each, paused in quiet 0%; features 1.38 ms per 30 ms) | CPU core0  0.7% core1  8.4% (wake word pipeline 8.17% of one core) | RAM used 181 KB (peak 184 KB, 173 KB free) | wifi OK, server OK | audio lost since boot: i2s 0 net 0
00:25:17.280 [status] up 391s | mic -30.2 dBFS (peak -16.5) | score max 0.00 | detections 0 | inferences 333 (33.3/s; model 0.86 ms each, paused in quiet 0%; features 1.39 ms per 30 ms) | CPU core0  0.8% core1  8.4% (wake word pipeline 8.16% of one core) | RAM used 181 KB (peak 184 KB, 173 KB free) | wifi OK, server OK | audio lost since boot: i2s 0 net 0
00:25:23.924 I (398390) wifi:[ADDBA]RX DELBA, reason:37, delete tid:0, initiator:1(originator)
00:25:27.290 [status] up 401s | mic -32.1 dBFS (peak -21.5) | score max 0.00 | detections 0 | inferences 333 (33.3/s; model 0.87 ms each, paused in quiet 0%; features 1.38 ms per 30 ms) | CPU core0  0.8% core1  8.3% (wake word pipeline 8.15% of one core) | RAM used 181 KB (peak 184 KB, 173 KB free) | wifi OK, server OK | audio lost since boot: i2s 0 net 0
00:25:37.292 [status] up 411s | mic -30.2 dBFS (peak -16.2) | score max 0.00 | detections 0 | inferences 334 (33.4/s; model 0.87 ms each, paused in quiet 0%; features 1.38 ms per 30 ms) | CPU core0  0.8% core1  8.3% (wake word pipeline 8.16% of one core) | RAM used 181 KB (peak 184 KB, 173 KB free) | wifi OK, server OK | audio lost since boot: i2s 0 net 0
00:25:47.307 [status] up 421s | mic -31.2 dBFS (peak -19.5) | score max 0.00 | detections 0 | inferences 333 (33.3/s; model 0.86 ms each, paused in quiet 0%; features 1.38 ms per 30 ms) | CPU core0  0.8% core1  8.3% (wake word pipeline 8.16% of one core) | RAM used 181 KB (peak 184 KB, 173 KB free) | wifi OK, server OK | audio lost since boot: i2s 0 net 0
00:25:57.344 [status] up 431s | mic -30.9 dBFS (peak -17.3) | score max 0.00 | detections 0 | inferences 333 (33.3/s; model 0.86 ms each, paused in quiet 0%; features 1.38 ms per 30 ms) | CPU core0  0.8% core1  8.3% (wake word pipeline 8.13% of one core) | RAM used 181 KB (peak 184 KB, 173 KB free) | wifi OK, server OK | audio lost since boot: i2s 0 net 0
00:25:57.344 [tasks] % of one core (free stack): main@0=0.31(928) IDLE1@1=91.65(720) IDLE0@0=99.16(728) websocket_task@*=0.18(944) audio_kws@1=8.29(736) tiT@*=0.12(1452) ipc1@1=0.00(280) Tmr Svc@*=0.00(856) esp_timer@0=0.01(1600) streamer@0=0.00(2436) wifi@0=0.25(3212) sys_evt@0=0.00(464) ipc0@0=0.00(272)
