00:26:07.080 ESP-ROM:esp32s3-20210327
00:26:07.080 Build:Mar 27 2021
00:26:07.080 rst:0x1 (POWERON),boot:0x8 (SPI_FAST_FLASH_BOOT)
00:26:07.080 SPIWP:0xee
00:26:07.080 mode:DIO, clock div:1
00:26:07.080 load:0x3fce2820,len:0x1668
00:26:07.080 load:0x403c8700,len:0xec0
00:26:07.080 load:0x403cb700,len:0x3178
00:26:07.080 entry 0x403c894c
00:26:07.080 I (24) boot: ESP-IDF v5.5.5 2nd stage bootloader
00:26:07.080 I (25) boot: compile time Sep 28 2026 21:09:30
00:26:07.080 I (25) boot: Multicore bootloader
00:26:07.080 I (25) boot: chip revision: v0.2
00:26:07.081 I (28) boot: efuse block revision: v1.4
00:26:07.081 I (31) qio_mode: Enabling default flash chip QIO
00:26:07.081 I (36) boot.esp32s3: Boot SPI Speed : 80MHz
00:26:07.081 I (40) boot.esp32s3: SPI Mode       : QIO
00:26:07.081 I (43) boot.esp32s3: SPI Flash Size : 4MB
00:26:07.081 I (47) boot: Enabling RNG early entropy source...
00:26:07.081 I (52) boot: Partition Table:
00:26:07.081 I (54) boot: ## Label            Usage          Type ST Offset   Length
00:26:07.081 I (60) boot:  0 nvs              WiFi data        01 02 00009000 00006000
00:26:07.081 I (67) boot:  1 phy_init         RF data          01 01 0000f000 00001000
00:26:07.081 I (73) boot:  2 factory          factory app      00 00 00010000 00177000
00:26:07.081 I (80) boot: End of partition table
00:26:07.081 I (83) esp_image: segment 0: paddr=00010020 vaddr=3c0d0020 size=359c0h (219584) map
00:26:07.081 I (125) esp_image: segment 1: paddr=000459e8 vaddr=3fc98400 size=04c28h ( 19496) load
00:26:07.081 I (129) esp_image: segment 2: paddr=0004a618 vaddr=40378000 size=05a00h ( 23040) load
00:26:07.081 I (134) esp_image: segment 3: paddr=00050020 vaddr=42000020 size=ca70ch (829196) map
00:26:07.081 I (264) esp_image: segment 4: paddr=0011a734 vaddr=4037da00 size=0a9d0h ( 43472) load
00:26:07.081 I (273) esp_image: segment 5: paddr=0012510c vaddr=50000000 size=00020h (    32) load
00:26:07.081 I (280) boot: Loaded app from partition at offset 0x10000
00:26:07.081 I (280) boot: Disabling RNG early entropy source...
00:26:07.081 I (291) cpu_start: Multicore app
00:26:07.081 I (299) cpu_start: GPIO 44 and 43 are used as console UART I/O pins
00:26:07.081 I (300) cpu_start: Pro cpu start user code
00:26:07.081 I (300) cpu_start: cpu freq: 240000000 Hz
00:26:07.081 I (302) app_init: Application information:
00:26:07.081 I (305) app_init: Project name:     kws_s3
00:26:07.081 I (309) app_init: App version:      d22d07e-dirty
00:26:07.081 I (314) app_init: Compile time:     Sep 29 2026 00:08:32
00:26:07.081 I (319) app_init: ELF file SHA256:  9916f86e5...
00:26:07.081 I (323) app_init: ESP-IDF:          v5.5.5
00:26:07.081 I (327) efuse_init: Min chip rev:     v0.0
00:26:07.081 I (331) efuse_init: Max chip rev:     v0.99
00:26:07.081 I (335) efuse_init: Chip rev:         v0.2
00:26:07.081 I (339) heap_init: Initializing. RAM available for dynamic allocation:
00:26:07.081 I (345) heap_init: At 3FCA2AE8 len 00046C28 (283 KiB): RAM
00:26:07.081 I (350) heap_init: At 3FCE9710 len 00005724 (21 KiB): RAM
00:26:07.081 I (355) heap_init: At 600FE000 len 00001FE8 (7 KiB): RTCRAM
00:26:07.081 I (361) spi_flash: detected chip: boya
00:26:07.081 I (364) spi_flash: flash io: qio
00:26:07.081 W (367) spi_flash: Detected size(16384k) larger than the size in the binary image header(4096k). Using the size in the binary image header.
00:26:07.081 I (379) sleep_gpio: Configure to isolate all GPIO pins in sleep state
00:26:07.081 I (385) sleep_gpio: Enable automatic switching of GPIO sleep configuration
00:26:07.082 I (392) main_task: Started on CPU0
00:26:07.082 I (410) main_task: Calling app_main()
00:26:07.082 
00:26:07.082 ==================== SIH KWS firmware ====================
00:26:07.082  chip      : esp32s3 rev v0.2, 2 cores, flash 4 MB
00:26:07.082  ESP-IDF   : v5.5.5
00:26:07.082  RAM       : 41 KB static data, 287 KB heap free (code in IRAM: 65 KB, not counted)
00:26:07.082  model     : marvin.tflite (60896 bytes, stored in flash)
00:26:07.082 ===========================================================
00:26:07.082 
00:26:07.082 [heap] start of app_main            294744 B free (of 320308 B)
00:26:07.082 I (465) kws: model ready: wake word "marvin", threshold 0.60 (json), window 5, input 3x40 int8
00:26:07.082 I (470) kws: model RAM: tensor arena 25964 of 26624 bytes used; engine total 38 KB of heap
00:26:07.082 
00:26:07.082 ------------------------ SELF-TEST ------------------------
00:26:07.082  noise only (3 s)   : PASS - stayed quiet  (highest score 0.01, threshold 0.60)
00:26:07.082  wake word recording: skipped - no WAV file in the model folder (optional)
00:26:07.082 -----------------------------------------------------------
00:26:07.082 
00:26:07.082 [heap] model + features + self-test took  40720 B, 254024 B free
00:26:07.082 I (709) audio: I2S running: 16 kHz, 32-bit slots, both channels, SCK=16 WS=15 SD=17, gain x1
00:26:07.954 I (1211) kws: microphones: left (L/R to GND) -21.8 dBFS, right (L/R to 3V3) -19.9 dBFS, similarity 0.59 -> using both (average)
00:26:07.954 [heap] I2S + ring + audio task      took  20772 B, 233252 B free
00:26:07.954 I (1224) kws: listening for "marvin" ...
00:26:07.954 I (1230) pp: pp rom version: e7ae62f
00:26:07.954 I (1232) net80211: net80211 rom version: e7ae62f
00:26:07.954 I (1236) wifi:wifi driver task: 3fcb6fa8, prio:23, stack:6656, core=0
00:26:07.954 I (1244) wifi:wifi firmware version: b9f67df
00:26:07.954 I (1246) wifi:wifi certification version: v7.0
00:26:07.954 I (1249) wifi:config NVS flash: disabled
00:26:07.954 I (1254) wifi:config nano formatting: disabled
00:26:07.954 I (1257) wifi:Init data frame dynamic rx buffer num: 16
00:26:07.954 I (1263) wifi:Init static rx mgmt buffer num: 5
00:26:07.954 I (1268) wifi:Init management short buffer num: 10
00:26:07.954 I (1271) wifi:Init dynamic tx buffer num: 16
00:26:07.954 I (1276) wifi:Init static tx FG buffer num: 2
00:26:07.955 I (1279) wifi:Init static rx buffer size: 1600
00:26:07.955 I (1285) wifi:Init static rx buffer num: 6
00:26:07.955 I (1288) wifi:Init dynamic rx buffer num: 16
00:26:07.955 I (1291) wifi_init: accept mbox: 6
00:26:07.955 I (1296) wifi_init: tcpip mbox: 32
00:26:07.955 I (1299) wifi_init: udp mbox: 6
00:26:07.955 I (1301) wifi_init: tcp mbox: 6
00:26:07.955 I (1304) wifi_init: tcp tx win: 5760
00:26:07.955 I (1307) wifi_init: tcp rx win: 5760
00:26:07.955 I (1310) wifi_init: tcp mss: 1440
00:26:07.955 I (1313) phy_init: phy_version 712,87e8c20e,Apr 13 2026,18:51:10
00:26:07.955 I (1347) wifi:mode : sta (e0:72:a1:d5:32:74)
00:26:07.955 I (1348) wifi:enable tsf
00:26:07.955 I (1351) wifi:Set ps type: 0, coexist: 0
00:26:07.956 
00:26:07.956 I (1354) wifi: connecting to "ARYA 9252" ...
00:26:07.956 [heap] Wi-Fi driver + netif         took  41196 B, 192056 B free
00:26:07.956 I (1408) wifi:state: init -> auth (0xb0)
00:26:07.956 [heap] WebSocket client + streamer  took  13176 B, 178880 B free
00:26:07.956 W (1414) stream: cannot reach the server ws://192.168.137.1:3000/ws (is it running? same network?) - retrying every second
00:26:07.956 I (1421) wifi:state: auth -> assoc (0x0)
00:26:07.956 I (1440) wifi:state: assoc -> run (0x10)
00:26:07.956 I (1473) wifi:connected with ARYA 9252, aid = 2, channel 1, BW20, bssid = 9a:5f:41:45:73:c9
00:26:07.956 I (1477) wifi:security: WPA2-PSK, phy: bgn, rssi: -23, cipher(pairwise:0x3, group:0x3), pmf:0
00:26:07.956 I (1485) wifi:pm start, type: 0
00:26:07.956 
00:26:07.957 I (1488) wifi:dp: 1, bi: 102400, li: 3, scale listen interval from 307200 us to 307200 us
00:26:07.957 I (1496) wifi:set rx beacon pti, rx_bcn_pti: 0, bcn_timeout: 25000, mt_pti: 0, mt_time: 10000
00:26:07.957 I (1575) wifi:AP's beacon interval = 102400 us, DTIM period = 3
00:26:08.998 I (2614) esp_netif_handlers: sta ip: 192.168.137.25, mask: 255.255.255.0, gw: 192.168.137.1
00:26:08.998 I (2618) wifi: connected, IP address 192.168.137.25
00:26:09.825 I (3456) stream: connected to the server ws://192.168.137.1:3000/ws
00:26:13.798 I (7420) wifi:[ADDBA]RX DELBA, reason:37, delete tid:0, initiator:1(originator)
00:26:17.494 I (11128) wifi:[ADDBA]RX DELBA, reason:37, delete tid:0, initiator:1(originator)
00:26:17.854 [status] up 11s | mic -38.7 dBFS (peak -33.7) | score max 0.02 | detections 0 | inferences 140 (14.0/s; model 0.95 ms each, paused in quiet 60%; features 1.36 ms per 30 ms) | CPU core0 -1.0% core1 -1.0% (wake word pipeline 6.77% of one core) | RAM used 180 KB (peak 184 KB, 173 KB free) | wifi OK, server OK | audio lost since boot: i2s 0 net 0
00:26:17.855 [tasks] % of one core (free stack): main@0=-1.00(928) IDLE1@1=-1.00(720) IDLE0@0=-1.00(776) tiT@*=-1.00(1452) audio_kws@1=-1.00(832) websocket_task@*=-1.00(956) Tmr Svc@*=-1.00(856) streamer@0=-1.00(2436) sys_evt@0=-1.00(464) esp_timer@0=-1.00(1600) wifi@0=-1.00(3212) ipc0@0=-1.00(272) ipc1@1=-1.00(280)
00:26:20.737 I (14369) wifi:[ADDBA]RX DELBA, reason:37, delete tid:0, initiator:1(originator)
00:26:24.385 I (18014) wifi:[ADDBA]RX DELBA, reason:37, delete tid:0, initiator:1(originator)
00:26:27.838 [status] up 21s | mic -38.4 dBFS (peak -30.9) | score max 0.00 | detections 0 | inferences 232 (23.2/s; model 0.89 ms each, paused in quiet 36%; features 1.28 ms per 30 ms) | CPU core0  1.2% core1  7.6% (wake word pipeline 7.37% of one core) | RAM used 180 KB (peak 184 KB, 173 KB free) | wifi OK, server OK | audio lost since boot: i2s 0 net 0
00:26:33.814 I (27292) kws: >>> WAKE WORD "marvin" DETECTED  (score 0.65, t = 26.93 s)
00:26:33.815 I (27314) stream: first audio sent 20 ms after the detection
00:26:33.815 I (27445) wifi:[ADDBA]RX DELBA, reason:37, delete tid:0, initiator:1(originator)
00:26:34.607 I (28232) wake_word: score event: peak 1.00 over 900 ms -> detected
00:26:35.385 I (29018) stream: stream finished (silence): 1720 ms of audio sent (26 KB)
00:26:37.418 I (31047) stream: server: {"type":"response","text":"Turn on the lights.","saved":"20260929_002633_457_e072a1d53274_marvin.wav"}
00:26:37.837 [status] up 31s | mic -36.4 dBFS (peak -23.6) | score max 1.00 | detections 1 | inferences 220 (22.0/s; model 1.01 ms each, paused in quiet 37%; features 1.36 ms per 30 ms) | CPU core0  3.8% core1  8.2% (wake word pipeline 7.69% of one core) | RAM used 181 KB (peak 188 KB, 172 KB free) | wifi OK, server OK | audio lost since boot: i2s 0 net 0
00:26:38.961 I (32572) kws: >>> WAKE WORD "marvin" DETECTED  (score 0.75, t = 32.21 s)
00:26:38.961 I (32593) stream: first audio sent 19 ms after the detection
00:26:39.323 I (32958) wifi:[ADDBA]RX DELBA, reason:37, delete tid:0, initiator:1(originator)
00:26:39.709 I (33331) wake_word: score event: peak 0.99 over 720 ms -> detected
00:26:40.547 I (34177) stream: stream finished (silence): 1600 ms of audio sent (25 KB)
00:26:42.595 I (36223) stream: server: {"type":"response","text":"What is the weather today?","saved":"20260929_002638_732_e072a1d53274_marvin.wav"}
00:26:44.389 I (37992) kws: >>> WAKE WORD "marvin" DETECTED  (score 0.65, t = 37.63 s)
00:26:44.390 I (38014) stream: first audio sent 20 ms after the detection
00:26:44.779 I (38410) wifi:[ADDBA]RX DELBA, reason:37, delete tid:0, initiator:1(originator)
00:26:45.042 I (38672) wake_word: score event: peak 0.76 over 630 ms -> detected
00:26:45.866 I (39498) stream: stream finished (silence): 1500 ms of audio sent (23 KB)
00:26:47.945 [status] up 41s | mic -35.8 dBFS (peak -22.8) | score max 0.99 | detections 3 | inferences 216 (21.6/s; model 1.11 ms each, paused in quiet 39%; features 1.40 ms per 30 ms) | CPU core0  6.1% core1  8.8% (wake word pipeline 8.01% of one core) | RAM used 181 KB (peak 197 KB, 172 KB free) | wifi OK, server OK | audio lost since boot: i2s 0 net 0
00:26:47.945 I (41573) stream: server: {"type":"response","text":"Play some music.","saved":"20260929_002644_153_e072a1d53274_marvin.wav"}
00:26:49.548 I (43152) kws: >>> WAKE WORD "marvin" DETECTED  (score 0.66, t = 42.79 s)
00:26:49.548 I (43174) stream: first audio sent 20 ms after the detection
00:26:50.295 I (43932) wake_word: score event: peak 0.98 over 900 ms -> detected
00:26:51.121 I (44616) wifi:[ADDBA]RX DELBA, reason:37, delete tid:0, initiator:1(originator)
00:26:51.122 I (44756) stream: stream finished (silence): 1600 ms of audio sent (25 KB)
00:26:53.140 I (46767) stream: server: {"type":"response","text":"Send an alarm for 7.","saved":"20260929_002649_313_e072a1d53274_marvin.wav"}
00:26:54.960 I (48432) kws: >>> WAKE WORD "marvin" DETECTED  (score 0.73, t = 48.07 s)
00:26:54.960 I (48453) stream: first audio sent 18 ms after the detection
00:26:54.960 I (48590) wifi:[ADDBA]RX DELBA, reason:37, delete tid:0, initiator:1(originator)
00:26:55.349 I (48972) wake_word: score event: peak 0.95 over 510 ms -> detected
00:26:56.302 I (49938) stream: stream finished (silence): 1500 ms of audio sent (23 KB)
00:26:57.062 I (50690) wifi:[ADDBA]RX DELBA, reason:37, delete tid:0, initiator:1(originator)
00:26:57.860 [status] up 51s | mic -35.0 dBFS (peak -20.8) | score max 0.98 | detections 5 | inferences 290 (29.0/s; model 1.07 ms each, paused in quiet 15%; features 1.44 ms per 30 ms) | CPU core0  6.3% core1  9.5% (wake word pipeline 8.72% of one core) | RAM used 181 KB (peak 197 KB, 172 KB free) | wifi OK, server OK | audio lost since boot: i2s 0 net 0
00:26:58.372 I (51998) stream: server: {"type":"response","text":"Call my mother.","saved":"20260929_002654_600_e072a1d53274_marvin.wav"}
00:26:59.789 I (53392) kws: >>> WAKE WORD "marvin" DETECTED  (score 0.72, t = 53.03 s)
00:26:59.789 I (53413) stream: first audio sent 19 ms after the detection
00:27:00.234 I (53811) wake_word: score event: peak 0.72 over 390 ms -> detected
00:27:00.234 I (53863) wifi:[ADDBA]RX DELBA, reason:37, delete tid:0, initiator:1(originator)
00:27:01.268 I (54897) stream: stream finished (silence): 1500 ms of audio sent (23 KB)
00:27:03.301 I (56932) stream: server: {"type":"response","text":"Open the door.","saved":"20260929_002659_553_e072a1d53274_marvin.wav"}
00:27:04.875 I (58412) kws: >>> WAKE WORD "marvin" DETECTED  (score 0.63, t = 58.05 s)
00:27:04.875 I (58434) stream: first audio sent 19 ms after the detection
00:27:04.875 I (58504) wifi:[ADDBA]RX DELBA, reason:37, delete tid:0, initiator:1(originator)
00:27:05.618 I (59252) wake_word: score event: peak 1.00 over 780 ms -> detected
00:27:06.288 I (59919) stream: stream finished (silence): 1500 ms of audio sent (23 KB)
00:27:07.330 I (60966) wifi:[ADDBA]RX DELBA, reason:37, delete tid:0, initiator:1(originator)
00:27:07.854 [status] up 61s | mic -35.9 dBFS (peak -23.2) | score max 1.00 | detections 7 | inferences 260 (26.0/s; model 1.07 ms each, paused in quiet 26%; features 1.40 ms per 30 ms) | CPU core0  5.8% core1  9.2% (wake word pipeline 8.41% of one core) | RAM used 181 KB (peak 197 KB, 172 KB free) | wifi OK, server OK | audio lost since boot: i2s 0 net 0
00:27:08.370 I (61987) stream: server: {"type":"response","text":"What time is it?","saved":"20260929_002704_572_e072a1d53274_marvin.wav"}
00:27:15.626 I (69232) kws: >>> WAKE WORD "marvin" DETECTED  (score 0.65, t = 68.87 s)
00:27:15.626 I (69253) stream: first audio sent 19 ms after the detection
00:27:16.509 I (70093) wake_word: score event: peak 1.00 over 930 ms -> detected
00:27:16.509 I (70140) wifi:[ADDBA]RX DELBA, reason:37, delete tid:0, initiator:1(originator)
00:27:17.352 I (70975) stream: stream finished (silence): 1740 ms of audio sent (27 KB)
00:27:17.897 [status] up 71s | mic -32.6 dBFS (peak -18.5) | score max 1.00 | detections 8 | inferences 227 (22.7/s; model 1.02 ms each, paused in quiet 36%; features 1.36 ms per 30 ms) | CPU core0  3.8% core1  8.3% (wake word pipeline 7.80% of one core) | RAM used 181 KB (peak 197 KB, 172 KB free) | wifi OK, server OK | audio lost since boot: i2s 0 net 0
00:27:17.898 [tasks] % of one core (free stack): main@0=0.35(928) IDLE1@1=91.39(720) IDLE0@0=95.50(728) audio_kws@1=8.18(736) tiT@*=1.09(1420) websocket_task@*=0.26(956) ipc1@1=0.00(280) streamer@0=1.74(916) esp_timer@0=0.01(1600) wifi@0=1.46(3212) Tmr Svc@*=0.00(856) sys_evt@0=0.00(464) ipc0@0=0.00(272)
00:27:19.379 I (73006) stream: server: {"type":"response","text":"Increase the volume.","saved":"20260929_002715_392_e072a1d53274_marvin.wav"}
00:27:20.888 I (74492) kws: >>> WAKE WORD "marvin" DETECTED  (score 0.67, t = 74.13 s)
00:27:20.889 I (74513) stream: first audio sent 19 ms after the detection
00:27:21.870 I (75292) wake_word: score event: peak 1.00 over 750 ms -> detected
00:27:21.870 I (75501) wifi:[ADDBA]RX DELBA, reason:37, delete tid:0, initiator:1(originator)
00:27:22.584 I (76218) stream: stream finished (silence): 1720 ms of audio sent (26 KB)
00:27:24.590 I (78217) stream: server: {"type":"response","text":"Tell me a joke.","saved":"20260929_002720_653_e072a1d53274_marvin.wav"}
00:27:26.720 I (80351) wake_word: score event: peak 0.56 over 630 ms -> not detected (below threshold or in cool-down)
00:27:27.391 I (81015) wifi:[ADDBA]RX DELBA, reason:37, delete tid:0, initiator:1(originator)
00:27:27.876 [status] up 81s | mic -34.9 dBFS (peak -19.5) | score max 1.00 | detections 9 | inferences 223 (22.3/s; model 1.01 ms each, paused in quiet 36%; features 1.37 ms per 30 ms) | CPU core0  4.1% core1  8.3% (wake word pipeline 7.76% of one core) | RAM used 181 KB (peak 197 KB, 172 KB free) | wifi OK, server OK | audio lost since boot: i2s 0 net 0
00:27:30.590 I (84192) kws: >>> WAKE WORD "marvin" DETECTED  (score 0.72, t = 83.83 s)
00:27:30.590 I (84214) stream: first audio sent 20 ms after the detection
00:27:30.807 I (84441) wifi:[ADDBA]RX DELBA, reason:37, delete tid:0, initiator:1(originator)
00:27:31.458 I (85092) wake_word: score event: peak 0.99 over 900 ms -> detected
00:27:32.392 I (86015) stream: stream finished (silence): 1820 ms of audio sent (28 KB)
00:27:34.405 I (87926) wifi:[ADDBA]RX DELBA, reason:37, delete tid:0, initiator:1(originator)
00:27:34.405 I (88025) stream: server: {"type":"response","text":"What is the weather today?","saved":"20260929_002730_354_e072a1d53274_marvin.wav"}
00:27:35.902 I (89512) kws: >>> WAKE WORD "marvin" DETECTED  (score 0.61, t = 89.15 s)
00:27:35.902 I (89534) stream: first audio sent 20 ms after the detection
00:27:36.664 I (90291) wake_word: score event: peak 0.99 over 720 ms -> detected
00:27:37.381 I (91018) stream: stream finished (silence): 1500 ms of audio sent (23 KB)
00:27:37.913 [status] up 91s | mic -36.1 dBFS (peak -23.0) | score max 0.99 | detections 11 | inferences 221 (22.1/s; model 1.14 ms each, paused in quiet 37%; features 1.42 ms per 30 ms) | CPU core0  6.4% core1  9.0% (wake word pipeline 8.18% of one core) | RAM used 181 KB (peak 197 KB, 172 KB free) | wifi OK, server OK | audio lost since boot: i2s 0 net 0
00:27:37.913 I (91545) wifi:[ADDBA]RX DELBA, reason:37, delete tid:0, initiator:1(originator)
00:27:39.425 I (93053) stream: server: {"type":"response","text":"Play some music.","saved":"20260929_002735_671_e072a1d53274_marvin.wav"}
00:27:40.919 I (94532) kws: >>> WAKE WORD "marvin" DETECTED  (score 0.62, t = 94.17 s)
00:27:40.919 I (94554) stream: first audio sent 20 ms after the detection
00:27:41.728 I (95351) wake_word: score event: peak 1.00 over 750 ms -> detected
00:27:42.634 I (96258) stream: stream finished (silence): 1720 ms of audio sent (26 KB)
00:27:43.279 I (96915) wifi:[ADDBA]RX DELBA, reason:37, delete tid:0, initiator:1(originator)
00:27:44.600 I (98231) stream: server: {"type":"response","text":"Send an alarm for seven...","saved":"20260929_002740_693_e072a1d53274_marvin.wav"}
00:27:46.741 I (100352) kws: >>> WAKE WORD "marvin" DETECTED  (score 0.61, t = 99.99 s)
00:27:46.742 I (100374) stream: first audio sent 20 ms after the detection
00:27:47.146 I (100772) wake_word: score event: peak 0.61 over 390 ms -> detected
00:27:48.221 [status] up 101s | mic -34.7 dBFS (peak -21.6) | score max 1.00 | detections 13 | inferences 212 (21.2/s; model 1.10 ms each, paused in quiet 40%; features 1.39 ms per 30 ms) | CPU core0  5.5% core1  8.7% (wake word pipeline 7.93% of one core) | RAM used 181 KB (peak 197 KB, 172 KB free) | wifi OK, server OK | audio lost since boot: i2s 0 net 0
00:27:48.221 I (101661) wifi:[ADDBA]RX DELBA, reason:37, delete tid:0, initiator:1(originator)
00:27:48.221 I (101856) stream: stream finished (silence): 1500 ms of audio sent (23 KB)
00:27:50.262 I (103896) stream: server: {"type":"response","text":"Call my mother.","saved":"20260929_002746_511_e072a1d53274_marvin.wav"}
00:27:52.397 I (106031) wake_word: score event: peak 0.46 over 570 ms -> not detected (below threshold or in cool-down)
00:27:54.535 I (108166) wifi:[ADDBA]RX DELBA, reason:37, delete tid:0, initiator:1(originator)
00:27:56.706 I (110331) wake_word: score event: peak 0.36 over 180 ms -> not detected (below threshold or in cool-down)
00:27:57.920 [status] up 111s | mic -36.1 dBFS (peak -22.4) | score max 0.46 | detections 13 | inferences 214 (21.4/s; model 0.91 ms each, paused in quiet 39%; features 1.33 ms per 30 ms) | CPU core0  1.7% core1  7.6% (wake word pipeline 7.30% of one core) | RAM used 181 KB (peak 197 KB, 172 KB free) | wifi OK, server OK | audio lost since boot: i2s 0 net 0
00:28:05.579 I (119192) kws: >>> WAKE WORD "marvin" DETECTED  (score 0.69, t = 118.83 s)
00:28:05.579 I (119214) stream: first audio sent 20 ms after the detection
00:28:06.282 I (119911) wake_word: score event: peak 0.99 over 720 ms -> detected
00:28:07.399 I (121036) stream: stream finished (silence): 1840 ms of audio sent (28 KB)
00:28:07.935 [status] up 121s | mic -34.8 dBFS (peak -19.8) | score max 0.99 | detections 14 | inferences 215 (21.5/s; model 1.03 ms each, paused in quiet 39%; features 1.36 ms per 30 ms) | CPU core0  3.8% core1  8.2% (wake word pipeline 7.69% of one core) | RAM used 181 KB (peak 197 KB, 172 KB free) | wifi OK, server OK | audio lost since boot: i2s 0 net 0
00:28:09.363 I (122988) stream: server: {"type":"response","text":"Increase the volume.","saved":"20260929_002805_350_e072a1d53274_marvin.wav"}
00:28:10.703 I (124337) wifi:[ADDBA]RX DELBA, reason:37, delete tid:0, initiator:1(originator)
00:28:11.167 I (124772) kws: >>> WAKE WORD "marvin" DETECTED  (score 0.65, t = 124.41 s)
00:28:11.167 I (124794) stream: first audio sent 20 ms after the detection
00:28:11.822 I (125452) wake_word: score event: peak 0.90 over 630 ms -> detected
00:28:13.009 I (126637) stream: stream finished (silence): 1860 ms of audio sent (29 KB)
00:28:13.607 I (127239) wifi:[ADDBA]RX DELBA, reason:37, delete tid:0, initiator:1(originator)
00:28:15.011 I (128637) stream: server: {"type":"response","text":"Tell me a joke.","saved":"20260929_002810_930_e072a1d53274_marvin.wav"}
00:28:17.956 I (131458) wifi:[ADDBA]RX DELBA, reason:37, delete tid:0, initiator:1(originator)
00:28:17.957 [status] up 131s | mic -35.3 dBFS (peak -19.0) | score max 0.90 | detections 15 | inferences 204 (20.4/s; model 1.03 ms each, paused in quiet 42%; features 1.37 ms per 30 ms) | CPU core0  4.1% core1  8.2% (wake word pipeline 7.60% of one core) | RAM used 181 KB (peak 197 KB, 172 KB free) | wifi OK, server OK | audio lost since boot: i2s 0 net 0
00:28:17.957 [tasks] % of one core (free stack): main@0=0.39(928) IDLE1@1=91.69(720) IDLE0@0=95.76(728) tiT@*=1.03(1420) audio_kws@1=7.91(736) websocket_task@*=0.25(956) ipc0@0=0.00(272) streamer@0=1.63(916) esp_timer@0=0.01(1600) ipc1@1=0.00(280) wifi@0=1.37(3212) Tmr Svc@*=0.00(856) sys_evt@0=0.00(464)
00:28:25.292 I (138921) wifi:[ADDBA]RX DELBA, reason:37, delete tid:0, initiator:1(originator)
