21:28:56.184 ESP-ROM:esp32s3-20210327
21:28:56.184 Build:Mar 27 2021
21:28:56.184 rst:0x1 (POWERON),boot:0x8 (SPI_FAST_FLASH_BOOT)
21:28:56.184 SPIWP:0xee
21:28:56.184 mode:DIO, clock div:1
21:28:56.184 load:0x3fce2820,len:0x1668
21:28:56.184 load:0x403c8700,len:0xec0
21:28:56.184 load:0x403cb700,len:0x3178
21:28:56.184 entry 0x403c894c
21:28:56.185 I (24) boot: ESP-IDF v5.5.5 2nd stage bootloader
21:28:56.185 I (25) boot: compile time Sep 28 2026 21:09:30
21:28:56.185 I (25) boot: Multicore bootloader
21:28:56.185 I (25) boot: chip revision: v0.2
21:28:56.185 I (28) boot: efuse block revision: v1.4
21:28:56.185 I (31) qio_mode: Enabling default flash chip QIO
21:28:56.185 I (36) boot.esp32s3: Boot SPI Speed : 80MHz
21:28:56.188 I (40) boot.esp32s3: SPI Mode       : QIO
21:28:56.188 I (43) boot.esp32s3: SPI Flash Size : 4MB
21:28:56.188 I (47) boot: Enabling RNG early entropy source...
21:28:56.188 I (52) boot: Partition Table:
21:28:56.188 I (54) boot: ## Label            Usage          Type ST Offset   Length
21:28:56.188 I (60) boot:  0 nvs              WiFi data        01 02 00009000 00006000
21:28:56.188 I (67) boot:  1 phy_init         RF data          01 01 0000f000 00001000
21:28:56.189 I (73) boot:  2 factory          factory app      00 00 00010000 00177000
21:28:56.189 I (80) boot: End of partition table
21:28:56.189 I (83) esp_image: segment 0: paddr=00010020 vaddr=3c0e0020 size=36dbch (224700) map
21:28:56.189 I (125) esp_image: segment 1: paddr=00046de4 vaddr=3fc98400 size=04c38h ( 19512) load
21:28:56.189 I (129) esp_image: segment 2: paddr=0004ba24 vaddr=40378000 size=045f4h ( 17908) load
21:28:56.189 I (133) esp_image: segment 3: paddr=00050020 vaddr=42000020 size=de59ch (910748) map
21:28:56.189 I (278) esp_image: segment 4: paddr=0012e5c4 vaddr=4037c5f4 size=0bddch ( 48604) load
21:28:56.189 I (288) esp_image: segment 5: paddr=0013a3a8 vaddr=50000000 size=00020h (    32) load
21:28:56.189 I (295) boot: Loaded app from partition at offset 0x10000
21:28:56.189 I (295) boot: Disabling RNG early entropy source...
21:28:56.189 I (305) cpu_start: Multicore app
21:28:56.189 I (314) cpu_start: GPIO 44 and 43 are used as console UART I/O pins
21:28:56.189 I (314) cpu_start: Pro cpu start user code
21:28:56.189 I (314) cpu_start: cpu freq: 240000000 Hz
21:28:56.189 I (316) app_init: Application information:
21:28:56.189 I (320) app_init: Project name:     kws_s3
21:28:56.189 I (324) app_init: App version:      ee80e50-dirty
21:28:56.189 I (328) app_init: Compile time:     Sep 28 2026 21:22:09
21:28:56.189 I (333) app_init: ELF file SHA256:  bedecd014...
21:28:56.189 I (337) app_init: ESP-IDF:          v5.5.5
21:28:56.189 I (341) efuse_init: Min chip rev:     v0.0
21:28:56.189 I (345) efuse_init: Max chip rev:     v0.99
21:28:56.189 I (349) efuse_init: Chip rev:         v0.2
21:28:56.189 I (353) heap_init: Initializing. RAM available for dynamic allocation:
21:28:56.189 I (359) heap_init: At 3FCA3130 len 000465E0 (281 KiB): RAM
21:28:56.189 I (364) heap_init: At 3FCE9710 len 00005724 (21 KiB): RAM
21:28:56.189 I (370) heap_init: At 600FE000 len 00001FE8 (7 KiB): RTCRAM
21:28:56.189 I (376) spi_flash: detected chip: boya
21:28:56.189 I (378) spi_flash: flash io: qio
21:28:56.189 W (381) spi_flash: Detected size(16384k) larger than the size in the binary image header(4096k). Using the size in the binary image header.
21:28:56.189 I (394) sleep_gpio: Configure to isolate all GPIO pins in sleep state
21:28:56.189 I (400) sleep_gpio: Enable automatic switching of GPIO sleep configuration
21:28:56.189 I (407) main_task: Started on CPU0
21:28:56.189 I (425) main_task: Calling app_main()
21:28:56.189 
21:28:56.189 ==================== SIH KWS firmware ====================
21:28:56.190  chip      : esp32s3 rev v0.2, 2 cores, flash 4 MB
21:28:56.190  ESP-IDF   : v5.5.5
21:28:56.190  RAM       : 43 KB static data, 286 KB heap free (code in IRAM: 65 KB, not counted)
21:28:56.190  model     : marvin.tflite (60896 bytes, stored in flash)
21:28:56.190 ===========================================================
21:28:56.190 
21:28:56.190 [heap] start of app_main            293136 B free (of 318700 B)
21:28:56.190 I (480) kws: model ready: wake word "marvin", threshold 0.60 (json), window 5, input 3x40 int8
21:28:56.190 I (485) kws: model RAM: tensor arena 25964 of 26624 bytes used; engine total 38 KB of heap
21:28:56.190 
21:28:56.190 ------------------------ SELF-TEST ------------------------
21:28:56.190  noise only (3 s)   : PASS - stayed quiet  (highest score 0.01, threshold 0.60)
21:28:56.190  wake word recording: skipped - no WAV file in the model folder (optional)
21:28:56.190 -----------------------------------------------------------
21:28:56.190 
21:28:56.190 [heap] model + features + self-test took  40720 B, 252416 B free
21:28:56.190 I (720) audio: I2S running: 16 kHz, 32-bit slots, both channels, SCK=16 WS=15 SD=17, gain x1
21:28:56.850 I (1222) kws: microphones: left (L/R to GND) -20.8 dBFS, right (L/R to 3V3) -18.5 dBFS, similarity 0.42 -> using both (average)
21:28:56.850 [heap] I2S + ring + audio task      took  20772 B, 231644 B free
21:28:56.850 I (1235) kws: listening for "marvin" ...
21:28:56.850 I (1241) pp: pp rom version: e7ae62f
21:28:56.850 I (1243) net80211: net80211 rom version: e7ae62f
21:28:56.850 I (1247) wifi:wifi driver task: 3fcb7710, prio:23, stack:6656, core=0
21:28:56.850 I (1255) wifi:wifi firmware version: b9f67df
21:28:56.850 I (1257) wifi:wifi certification version: v7.0
21:28:56.850 I (1260) wifi:config NVS flash: disabled
21:28:56.850 I (1265) wifi:config nano formatting: disabled
21:28:56.850 I (1268) wifi:Init data frame dynamic rx buffer num: 8
21:28:56.850 I (1274) wifi:Init static rx mgmt buffer num: 5
21:28:56.850 I (1279) wifi:Init management short buffer num: 10
21:28:56.850 I (1282) wifi:Init dynamic tx buffer num: 8
21:28:56.850 I (1288) wifi:Init static tx FG buffer num: 2
21:28:56.850 I (1291) wifi:Init static rx buffer size: 1600
21:28:56.850 I (1296) wifi:Init static rx buffer num: 3
21:28:56.850 I (1299) wifi:Init dynamic rx buffer num: 8
21:28:56.850 I (1302) wifi_init: accept mbox: 6
21:28:56.850 I (1304) wifi_init: tcpip mbox: 32
21:28:56.850 I (1310) wifi_init: udp mbox: 6
21:28:56.850 I (1312) wifi_init: tcp mbox: 6
21:28:56.850 I (1315) wifi_init: tcp tx win: 2880
21:28:56.850 I (1318) wifi_init: tcp rx win: 2880
21:28:56.850 I (1321) wifi_init: tcp mss: 1440
21:28:56.850 I (1324) phy_init: phy_version 712,87e8c20e,Apr 13 2026,18:51:10
21:28:56.850 I (1358) wifi:mode : sta (e0:72:a1:d5:32:74)
21:28:56.850 I (1360) wifi:enable tsf
21:28:56.850 I (1361) wifi:Set ps type: 0, coexist: 0
21:28:56.850 
21:28:56.850 I (1366) wifi: connecting to "ARYA 9252" ...
21:28:56.850 [heap] Wi-Fi driver + netif         took  36540 B, 195104 B free
21:28:56.850 W (1376) stream: cannot reach the server ws://192.168.137.1:3000/ws (is it running? same network?) - retrying every second
21:28:56.850 [heap] WebSocket client + streamer  took  12900 B, 182204 B free
21:28:59.237 W (3775) wifi: cannot connect (reason 201). Check the name/password in menuconfig; the ESP32 needs a 2.4 GHz network (201 = network not found, 15/204 = wrong password)
21:29:00.833 I (5383) kws: >>> WAKE WORD "marvin" DETECTED  (score 0.61, t = 5.01 s)
21:29:01.865 W (6385) stream: no server connection: detection not streamed
21:29:01.865 I (6386) stream: stream finished (no_server): 0 ms of audio sent (0 KB)
21:29:01.865 I (6403) wake_word: score event: peak 0.99 over 960 ms -> detected
21:29:05.002 I (9543) kws: >>> WAKE WORD "marvin" DETECTED  (score 0.60, t = 9.17 s)
21:29:05.593 I (10142) wake_word: score event: peak 0.94 over 540 ms -> detected
21:29:06.010 W (10545) stream: no server connection: detection not streamed
21:29:06.010 I (10546) stream: stream finished (no_server): 0 ms of audio sent (0 KB)
21:29:06.898 [status] up 11s | mic -38.7 dBFS (peak -25.8) | score max 0.99 | detections 2 | inferences 296 (29.6/s; model 0.90 ms each, paused in quiet 17%; features 1.33 ms per 30 ms) | CPU core0 -1.0% core1 -1.0% (wake word pipeline 8.11% of one core) | RAM used 176 KB (peak 177 KB, 177 KB free) | wifi --, server -- | audio lost since boot: i2s 0 net 0
21:29:06.899 [tasks] % of one core (free stack): main@0=-1.00(936) IDLE1@1=-1.00(824) IDLE0@0=-1.00(816) audio_kws@1=-1.00(832) tiT@*=-1.00(1948) websocket_task@*=-1.00(948) Tmr Svc@*=-1.00(848) streamer@0=-1.00(924) sys_evt@0=-1.00(416) wifi@0=-1.00(4100) esp_timer@0=-1.00(1608) ipc0@0=-1.00(280) ipc1@1=-1.00(272)
21:29:08.759 I (13302) wake_word: score event: peak 0.56 over 270 ms -> not detected (below threshold or in cool-down)
21:29:11.815 I (16363) kws: >>> WAKE WORD "marvin" DETECTED  (score 0.68, t = 15.99 s)
21:29:12.530 I (17082) wake_word: score event: peak 0.94 over 660 ms -> detected
21:29:12.826 W (17365) stream: no server connection: detection not streamed
21:29:12.827 I (17366) stream: stream finished (no_server): 0 ms of audio sent (0 KB)
21:29:16.033 I (20583) kws: >>> WAKE WORD "marvin" DETECTED  (score 0.71, t = 20.21 s)
21:29:17.045 I (21383) wake_word: score event: peak 0.99 over 780 ms -> detected
21:29:17.045 [status] up 21s | mic -38.2 dBFS (peak -26.7) | score max 0.99 | detections 4 | inferences 229 (22.9/s; model 0.90 ms each, paused in quiet 35%; features 1.33 ms per 30 ms) | CPU core0  0.9% core1  7.6% (wake word pipeline 7.42% of one core) | RAM used 176 KB (peak 177 KB, 177 KB free) | wifi --, server -- | audio lost since boot: i2s 0 net 0
21:29:17.046 W (21585) stream: no server connection: detection not streamed
21:29:17.046 I (21586) stream: stream finished (no_server): 0 ms of audio sent (0 KB)
21:29:19.666 I (24203) kws: >>> WAKE WORD "marvin" DETECTED  (score 0.65, t = 23.83 s)
21:29:20.290 I (24842) wake_word: score event: peak 0.85 over 570 ms -> detected
21:29:20.664 W (25205) stream: no server connection: detection not streamed
21:29:20.664 I (25206) stream: stream finished (no_server): 0 ms of audio sent (0 KB)
21:29:23.335 I (27843) kws: >>> WAKE WORD "marvin" DETECTED  (score 0.67, t = 27.47 s)
21:29:23.335 W (27875) wifi: cannot connect (reason 201). Check the name/password in menuconfig; the ESP32 needs a 2.4 GHz network (201 = network not found, 15/204 = wrong password)
21:29:24.314 I (28842) wake_word: score event: peak 1.00 over 960 ms -> detected
21:29:24.314 W (28845) stream: no server connection: detection not streamed
21:29:24.314 I (28849) stream: stream finished (no_server): 0 ms of audio sent (0 KB)
21:29:26.895 [status] up 31s | mic -38.1 dBFS (peak -26.3) | score max 1.00 | detections 6 | inferences 250 (25.0/s; model 0.88 ms each, paused in quiet 29%; features 1.32 ms per 30 ms) | CPU core0  0.9% core1  7.7% (wake word pipeline 7.54% of one core) | RAM used 176 KB (peak 177 KB, 177 KB free) | wifi --, server -- | audio lost since boot: i2s 0 net 0
21:29:28.599 I (33143) kws: >>> WAKE WORD "marvin" DETECTED  (score 0.67, t = 32.77 s)
21:29:29.382 I (33923) wake_word: score event: peak 0.98 over 780 ms -> detected
21:29:29.601 W (34145) stream: no server connection: detection not streamed
21:29:29.602 I (34146) stream: stream finished (no_server): 0 ms of audio sent (0 KB)
21:29:34.162 I (38703) kws: >>> WAKE WORD "marvin" DETECTED  (score 0.70, t = 38.33 s)
21:29:34.864 I (39402) wake_word: score event: peak 0.70 over 660 ms -> detected
21:29:35.159 W (39705) stream: no server connection: detection not streamed
21:29:35.159 I (39706) stream: stream finished (no_server): 0 ms of audio sent (0 KB)
21:29:36.911 [status] up 41s | mic -38.1 dBFS (peak -24.8) | score max 0.98 | detections 8 | inferences 209 (20.9/s; model 0.89 ms each, paused in quiet 41%; features 1.32 ms per 30 ms) | CPU core0  0.9% core1  7.4% (wake word pipeline 7.20% of one core) | RAM used 176 KB (peak 177 KB, 177 KB free) | wifi --, server -- | audio lost since boot: i2s 0 net 0
21:29:38.861 I (43403) kws: >>> WAKE WORD "marvin" DETECTED  (score 0.63, t = 43.03 s)
21:29:39.623 I (44162) wake_word: score event: peak 0.94 over 690 ms -> detected
21:29:39.870 W (44405) stream: no server connection: detection not streamed
21:29:39.870 I (44406) stream: stream finished (no_server): 0 ms of audio sent (0 KB)
21:29:44.504 I (49042) wake_word: score event: peak 0.31 over 270 ms -> not detected (below threshold or in cool-down)
21:29:46.908 [status] up 51s | mic -37.1 dBFS (peak -23.8) | score max 0.94 | detections 9 | inferences 242 (24.2/s; model 0.89 ms each, paused in quiet 31%; features 1.32 ms per 30 ms) | CPU core0  1.1% core1  7.7% (wake word pipeline 7.49% of one core) | RAM used 176 KB (peak 177 KB, 177 KB free) | wifi --, server -- | audio lost since boot: i2s 0 net 0
21:29:47.442 W (51976) wifi: cannot connect (reason 201). Check the name/password in menuconfig; the ESP32 needs a 2.4 GHz network (201 = network not found, 15/204 = wrong password)
21:29:48.476 I (53023) kws: >>> WAKE WORD "marvin" DETECTED  (score 0.61, t = 52.65 s)
21:29:48.961 I (53502) wake_word: score event: peak 0.65 over 450 ms -> detected
21:29:49.479 W (54025) stream: no server connection: detection not streamed
21:29:49.480 I (54026) stream: stream finished (no_server): 0 ms of audio sent (0 KB)
21:29:53.196 I (57743) kws: >>> WAKE WORD "marvin" DETECTED  (score 0.73, t = 57.37 s)
21:29:53.881 I (58422) wake_word: score event: peak 0.89 over 660 ms -> detected
21:29:54.208 W (58745) stream: no server connection: detection not streamed
21:29:54.208 I (58746) stream: stream finished (no_server): 0 ms of audio sent (0 KB)
21:29:56.925 [status] up 61s | mic -37.9 dBFS (peak -25.3) | score max 0.89 | detections 11 | inferences 208 (20.8/s; model 0.89 ms each, paused in quiet 41%; features 1.32 ms per 30 ms) | CPU core0  1.1% core1  7.4% (wake word pipeline 7.18% of one core) | RAM used 176 KB (peak 177 KB, 177 KB free) | wifi --, server -- | audio lost since boot: i2s 0 net 0
21:29:58.376 I (62923) kws: >>> WAKE WORD "marvin" DETECTED  (score 0.71, t = 62.55 s)
21:29:59.075 I (63622) wake_word: score event: peak 0.90 over 660 ms -> detected
21:29:59.390 W (63925) stream: no server connection: detection not streamed
21:29:59.391 I (63926) stream: stream finished (no_server): 0 ms of audio sent (0 KB)
21:30:03.904 I (68443) kws: >>> WAKE WORD "marvin" DETECTED  (score 0.72, t = 68.07 s)
21:30:04.622 I (69162) wake_word: score event: peak 0.97 over 690 ms -> detected
21:30:04.903 W (69445) stream: no server connection: detection not streamed
21:30:04.903 I (69446) stream: stream finished (no_server): 0 ms of audio sent (0 KB)
21:30:06.958 [status] up 71s | mic -36.3 dBFS (peak -22.0) | score max 0.97 | detections 13 | inferences 254 (25.4/s; model 0.88 ms each, paused in quiet 28%; features 1.33 ms per 30 ms) | CPU core0  1.1% core1  7.8% (wake word pipeline 7.58% of one core) | RAM used 176 KB (peak 177 KB, 177 KB free) | wifi --, server -- | audio lost since boot: i2s 0 net 0
21:30:06.958 [tasks] % of one core (free stack): main@0=0.23(936) IDLE1@1=92.41(728) IDLE0@0=98.98(720) websocket_task@*=0.11(948) audio_kws@1=7.56(832) tiT@*=0.06(1948) streamer@0=0.04(924) sys_evt@0=0.02(416) wifi@0=0.52(4100) esp_timer@0=0.08(1608) ipc0@0=0.00(280) ipc1@1=0.00(272) Tmr Svc@*=0.00(848)
21:30:09.181 I (73723) kws: >>> WAKE WORD "marvin" DETECTED  (score 0.74, t = 73.35 s)
21:30:09.790 I (74342) wake_word: score event: peak 0.95 over 600 ms -> detected
21:30:10.180 W (74725) stream: no server connection: detection not streamed
21:30:10.181 I (74726) stream: stream finished (no_server): 0 ms of audio sent (0 KB)
21:30:11.534 W (76076) wifi: cannot connect (reason 201). Check the name/password in menuconfig; the ESP32 needs a 2.4 GHz network (201 = network not found, 15/204 = wrong password)
21:30:14.825 I (79363) wake_word: score event: peak 0.30 over 360 ms -> not detected (below threshold or in cool-down)
21:30:16.948 [status] up 81s | mic -36.8 dBFS (peak -21.2) | score max 0.95 | detections 14 | inferences 216 (21.6/s; model 0.88 ms each, paused in quiet 39%; features 1.33 ms per 30 ms) | CPU core0  0.9% core1  7.4% (wake word pipeline 7.24% of one core) | RAM used 176 KB (peak 177 KB, 177 KB free) | wifi --, server -- | audio lost since boot: i2s 0 net 0
21:30:18.892 I (83443) kws: >>> WAKE WORD "marvin" DETECTED  (score 0.65, t = 83.07 s)
21:30:19.515 I (84062) wake_word: score event: peak 0.90 over 570 ms -> detected
21:30:19.905 W (84446) stream: no server connection: detection not streamed
21:30:19.906 I (84447) stream: stream finished (no_server): 0 ms of audio sent (0 KB)
21:30:23.817 I (88363) kws: >>> WAKE WORD "marvin" DETECTED  (score 0.65, t = 87.99 s)
21:30:24.817 I (89223) wake_word: score event: peak 1.00 over 870 ms -> detected
21:30:24.818 W (89365) stream: no server connection: detection not streamed
21:30:24.819 I (89366) stream: stream finished (no_server): 0 ms of audio sent (0 KB)
21:30:26.956 [status] up 91s | mic -38.0 dBFS (peak -25.8) | score max 1.00 | detections 16 | inferences 215 (21.5/s; model 0.89 ms each, paused in quiet 39%; features 1.33 ms per 30 ms) | CPU core0  1.1% core1  7.4% (wake word pipeline 7.23% of one core) | RAM used 176 KB (peak 177 KB, 177 KB free) | wifi --, server -- | audio lost since boot: i2s 0 net 0
21:30:29.557 I (94102) wake_word: score event: peak 0.46 over 480 ms -> not detected (below threshold or in cool-down)
21:30:35.633 W (100174) wifi: cannot connect (reason 201). Check the name/password in menuconfig; the ESP32 needs a 2.4 GHz network (201 = network not found, 15/204 = wrong password)
21:30:36.964 [status] up 101s | mic -38.3 dBFS (peak -26.3) | score max 0.46 | detections 16 | inferences 135 (13.5/s; model 0.89 ms each, paused in quiet 61%; features 1.35 ms per 30 ms) | CPU core0  0.8% core1  6.7% (wake word pipeline 6.50% of one core) | RAM used 176 KB (peak 177 KB, 177 KB free) | wifi --, server -- | audio lost since boot: i2s 0 net 0
