21:25:49.427 ESP-ROM:esp32s3-20210327
21:25:49.427 Build:Mar 27 2021
21:25:49.428 rst:0x1 (POWERON),boot:0x8 (SPI_FAST_FLASH_BOOT)
21:25:49.428 SPIWP:0xee
21:25:49.428 mode:DIO, clock div:1
21:25:49.428 load:0x3fce2820,len:0x1668
21:25:49.428 load:0x403c8700,len:0xec0
21:25:49.428 load:0x403cb700,len:0x3178
21:25:49.428 entry 0x403c894c
21:25:49.428 I (24) boot: ESP-IDF v5.5.5 2nd stage bootloader
21:25:49.428 I (25) boot: compile time Sep 28 2026 21:09:30
21:25:49.428 I (25) boot: Multicore bootloader
21:25:49.429 I (25) boot: chip revision: v0.2
21:25:49.429 I (28) boot: efuse block revision: v1.4
21:25:49.429 I (31) qio_mode: Enabling default flash chip QIO
21:25:49.433 I (36) boot.esp32s3: Boot SPI Speed : 80MHz
21:25:49.433 I (40) boot.esp32s3: SPI Mode       : QIO
21:25:49.433 I (43) boot.esp32s3: SPI Flash Size : 4MB
21:25:49.433 I (47) boot: Enabling RNG early entropy source...
21:25:49.433 I (52) boot: Partition Table:
21:25:49.433 I (54) boot: ## Label            Usage          Type ST Offset   Length
21:25:49.433 I (60) boot:  0 nvs              WiFi data        01 02 00009000 00006000
21:25:49.433 I (67) boot:  1 phy_init         RF data          01 01 0000f000 00001000
21:25:49.434 I (73) boot:  2 factory          factory app      00 00 00010000 00177000
21:25:49.434 I (80) boot: End of partition table
21:25:49.434 I (83) esp_image: segment 0: paddr=00010020 vaddr=3c0e0020 size=36dbch (224700) map
21:25:49.434 I (125) esp_image: segment 1: paddr=00046de4 vaddr=3fc98400 size=04c38h ( 19512) load
21:25:49.434 I (129) esp_image: segment 2: paddr=0004ba24 vaddr=40378000 size=045f4h ( 17908) load
21:25:49.434 I (133) esp_image: segment 3: paddr=00050020 vaddr=42000020 size=de59ch (910748) map
21:25:49.434 I (278) esp_image: segment 4: paddr=0012e5c4 vaddr=4037c5f4 size=0bddch ( 48604) load
21:25:49.434 I (288) esp_image: segment 5: paddr=0013a3a8 vaddr=50000000 size=00020h (    32) load
21:25:49.434 I (295) boot: Loaded app from partition at offset 0x10000
21:25:49.434 I (295) boot: Disabling RNG early entropy source...
21:25:49.434 I (305) cpu_start: Multicore app
21:25:49.434 I (314) cpu_start: GPIO 44 and 43 are used as console UART I/O pins
21:25:49.434 I (314) cpu_start: Pro cpu start user code
21:25:49.434 I (314) cpu_start: cpu freq: 240000000 Hz
21:25:49.435 I (316) app_init: Application information:
21:25:49.435 I (320) app_init: Project name:     kws_s3
21:25:49.435 I (324) app_init: App version:      ee80e50-dirty
21:25:49.435 I (328) app_init: Compile time:     Sep 28 2026 21:22:09
21:25:49.435 I (333) app_init: ELF file SHA256:  bedecd014...
21:25:49.435 I (337) app_init: ESP-IDF:          v5.5.5
21:25:49.435 I (341) efuse_init: Min chip rev:     v0.0
21:25:49.435 I (345) efuse_init: Max chip rev:     v0.99
21:25:49.435 I (349) efuse_init: Chip rev:         v0.2
21:25:49.435 I (353) heap_init: Initializing. RAM available for dynamic allocation:
21:25:49.435 I (359) heap_init: At 3FCA3130 len 000465E0 (281 KiB): RAM
21:25:49.435 I (364) heap_init: At 3FCE9710 len 00005724 (21 KiB): RAM
21:25:49.435 I (370) heap_init: At 600FE000 len 00001FE8 (7 KiB): RTCRAM
21:25:49.435 I (376) spi_flash: detected chip: boya
21:25:49.435 I (378) spi_flash: flash io: qio
21:25:49.435 W (381) spi_flash: Detected size(16384k) larger than the size in the binary image header(4096k). Using the size in the binary image header.
21:25:49.436 I (394) sleep_gpio: Configure to isolate all GPIO pins in sleep state
21:25:49.436 I (400) sleep_gpio: Enable automatic switching of GPIO sleep configuration
21:25:49.436 I (407) main_task: Started on CPU0
21:25:49.436 I (425) main_task: Calling app_main()
21:25:49.436 
21:25:49.436 ==================== SIH KWS firmware ====================
21:25:49.436  chip      : esp32s3 rev v0.2, 2 cores, flash 4 MB
21:25:49.436  ESP-IDF   : v5.5.5
21:25:49.436  RAM       : 43 KB static data, 286 KB heap free (code in IRAM: 65 KB, not counted)
21:25:49.436  model     : marvin.tflite (60896 bytes, stored in flash)
21:25:49.436 ===========================================================
21:25:49.436 
21:25:49.436 [heap] start of app_main            293136 B free (of 318700 B)
21:25:49.437 I (480) kws: model ready: wake word "marvin", threshold 0.60 (json), window 5, input 3x40 int8
21:25:49.437 I (485) kws: model RAM: tensor arena 25964 of 26624 bytes used; engine total 38 KB of heap
21:25:49.437 
21:25:49.437 ------------------------ SELF-TEST ------------------------
21:25:49.437  noise only (3 s)   : PASS - stayed quiet  (highest score 0.01, threshold 0.60)
21:25:49.437  wake word recording: skipped - no WAV file in the model folder (optional)
21:25:49.437 -----------------------------------------------------------
21:25:49.437 
21:25:49.437 [heap] model + features + self-test took  40720 B, 252416 B free
21:25:49.437 I (720) audio: I2S running: 16 kHz, 32-bit slots, both channels, SCK=16 WS=15 SD=17, gain x1
21:25:50.097 I (1222) kws: microphones: left (L/R to GND) -19.3 dBFS, right (L/R to 3V3) -18.8 dBFS, similarity 0.41 -> using both (average)
21:25:50.098 [heap] I2S + ring + audio task      took  20772 B, 231644 B free
21:25:50.098 I (1235) kws: listening for "marvin" ...
21:25:50.098 I (1241) pp: pp rom version: e7ae62f
21:25:50.098 I (1243) net80211: net80211 rom version: e7ae62f
21:25:50.098 I (1247) wifi:wifi driver task: 3fcb7710, prio:23, stack:6656, core=0
21:25:50.098 I (1255) wifi:wifi firmware version: b9f67df
21:25:50.098 I (1257) wifi:wifi certification version: v7.0
21:25:50.098 I (1260) wifi:config NVS flash: disabled
21:25:50.098 I (1265) wifi:config nano formatting: disabled
21:25:50.098 I (1268) wifi:Init data frame dynamic rx buffer num: 8
21:25:50.098 I (1274) wifi:Init static rx mgmt buffer num: 5
21:25:50.098 I (1279) wifi:Init management short buffer num: 10
21:25:50.098 I (1282) wifi:Init dynamic tx buffer num: 8
21:25:50.098 I (1288) wifi:Init static tx FG buffer num: 2
21:25:50.098 I (1291) wifi:Init static rx buffer size: 1600
21:25:50.099 I (1296) wifi:Init static rx buffer num: 3
21:25:50.099 I (1299) wifi:Init dynamic rx buffer num: 8
21:25:50.099 I (1302) wifi_init: accept mbox: 6
21:25:50.099 I (1304) wifi_init: tcpip mbox: 32
21:25:50.099 I (1310) wifi_init: udp mbox: 6
21:25:50.099 I (1312) wifi_init: tcp mbox: 6
21:25:50.099 I (1315) wifi_init: tcp tx win: 2880
21:25:50.099 I (1318) wifi_init: tcp rx win: 2880
21:25:50.099 I (1321) wifi_init: tcp mss: 1440
21:25:50.099 I (1324) phy_init: phy_version 712,87e8c20e,Apr 13 2026,18:51:10
21:25:50.099 I (1357) wifi:mode : sta (e0:72:a1:d5:32:74)
21:25:50.099 I (1358) wifi:enable tsf
21:25:50.099 I (1360) wifi:Set ps type: 0, coexist: 0
21:25:50.099 
21:25:50.099 I (1365) wifi: connecting to "ARYA 9252" ...
21:25:50.100 [heap] Wi-Fi driver + netif         took  36540 B, 195104 B free
21:25:50.100 [heap] WebSocket client + streamer  took  12664 B, 182440 B free
21:25:50.100 W (1374) stream: cannot reach the server ws://192.168.137.1:3000/ws (is it running? same network?) - retrying every second
21:25:52.487 W (3774) wifi: cannot connect (reason 201). Check the name/password in menuconfig; the ESP32 needs a 2.4 GHz network (201 = network not found, 15/204 = wrong password)
21:25:54.871 I (6162) wake_word: score event: peak 0.50 over 300 ms -> not detected (below threshold or in cool-down)
21:26:00.158 [status] up 11s | mic -39.7 dBFS (peak -31.0) | score max 0.50 | detections 0 | inferences 211 (21.1/s; model 0.90 ms each, paused in quiet 42%; features 1.31 ms per 30 ms) | CPU core0 -1.0% core1 -1.0% (wake word pipeline 7.29% of one core) | RAM used 176 KB (peak 177 KB, 177 KB free) | wifi --, server -- | audio lost since boot: i2s 0 net 0
21:26:00.158 [tasks] % of one core (free stack): main@0=-1.00(936) IDLE1@1=-1.00(824) IDLE0@0=-1.00(768) audio_kws@1=-1.00(832) tiT@*=-1.00(1948) websocket_task@*=-1.00(948) Tmr Svc@*=-1.00(848) streamer@0=-1.00(2436) sys_evt@0=-1.00(416) wifi@0=-1.00(4100) esp_timer@0=-1.00(1608) ipc0@0=-1.00(280) ipc1@1=-1.00(272)
21:26:05.749 I (17043) wake_word: score event: peak 0.47 over 270 ms -> not detected (below threshold or in cool-down)
21:26:10.150 I (21242) wake_word: score event: peak 0.25 over 150 ms -> not detected (below threshold or in cool-down)
21:26:10.151 [status] up 21s | mic -39.8 dBFS (peak -34.5) | score max 0.47 | detections 0 | inferences 203 (20.3/s; model 0.90 ms each, paused in quiet 43%; features 1.32 ms per 30 ms) | CPU core0  1.3% core1  7.3% (wake word pipeline 7.17% of one core) | RAM used 176 KB (peak 177 KB, 177 KB free) | wifi --, server -- | audio lost since boot: i2s 0 net 0
21:26:16.593 W (27871) wifi: cannot connect (reason 201). Check the name/password in menuconfig; the ESP32 needs a 2.4 GHz network (201 = network not found, 15/204 = wrong password)
21:26:20.156 [status] up 31s | mic -39.7 dBFS (peak -32.8) | score max 0.05 | detections 0 | inferences 258 (25.8/s; model 0.89 ms each, paused in quiet 25%; features 1.35 ms per 30 ms) | CPU core0  0.9% core1  7.8% (wake word pipeline 7.60% of one core) | RAM used 176 KB (peak 177 KB, 177 KB free) | wifi --, server -- | audio lost since boot: i2s 0 net 0
21:26:30.154 [status] up 41s | mic -40.0 dBFS (peak -33.3) | score max 0.01 | detections 0 | inferences 165 (16.5/s; model 0.89 ms each, paused in quiet 53%; features 1.31 ms per 30 ms) | CPU core0  0.8% core1  6.9% (wake word pipeline 6.74% of one core) | RAM used 176 KB (peak 177 KB, 177 KB free) | wifi --, server -- | audio lost since boot: i2s 0 net 0
21:26:40.162 [status] up 51s | mic -39.8 dBFS (peak -33.3) | score max 0.03 | detections 0 | inferences 180 (18.0/s; model 0.88 ms each, paused in quiet 49%; features 1.31 ms per 30 ms) | CPU core0  1.0% core1  7.0% (wake word pipeline 6.85% of one core) | RAM used 176 KB (peak 177 KB, 177 KB free) | wifi --, server -- | audio lost since boot: i2s 0 net 0
21:26:40.676 W (51966) wifi: cannot connect (reason 201). Check the name/password in menuconfig; the ESP32 needs a 2.4 GHz network (201 = network not found, 15/204 = wrong password)
21:26:50.176 [status] up 61s | mic -40.1 dBFS (peak -33.3) | score max 0.01 | detections 0 | inferences 233 (23.3/s; model 0.87 ms each, paused in quiet 35%; features 1.28 ms per 30 ms) | CPU core0  1.2% core1  7.5% (wake word pipeline 7.31% of one core) | RAM used 176 KB (peak 177 KB, 177 KB free) | wifi --, server -- | audio lost since boot: i2s 0 net 0
21:27:00.213 [status] up 71s | mic -39.2 dBFS (peak -30.1) | score max 0.03 | detections 0 | inferences 272 (27.2/s; model 0.88 ms each, paused in quiet 23%; features 1.31 ms per 30 ms) | CPU core0  0.9% core1  7.9% (wake word pipeline 7.69% of one core) | RAM used 176 KB (peak 177 KB, 177 KB free) | wifi --, server -- | audio lost since boot: i2s 0 net 0
21:27:00.214 [tasks] % of one core (free stack): main@0=0.28(936) IDLE1@1=92.60(776) IDLE0@0=99.02(720) websocket_task@*=0.11(948) audio_kws@1=7.38(832) tiT@*=0.06(1948) ipc1@1=0.00(272) sys_evt@0=0.03(416) esp_timer@0=0.08(1608) Tmr Svc@*=0.00(848) wifi@0=0.50(4100) streamer@0=0.00(2436) ipc0@0=0.00(280)
21:27:04.781 W (76064) wifi: cannot connect (reason 201). Check the name/password in menuconfig; the ESP32 needs a 2.4 GHz network (201 = network not found, 15/204 = wrong password)
21:27:10.196 [status] up 81s | mic -39.8 dBFS (peak -30.8) | score max 0.03 | detections 0 | inferences 250 (25.0/s; model 0.89 ms each, paused in quiet 29%; features 1.32 ms per 30 ms) | CPU core0  0.9% core1  7.7% (wake word pipeline 7.52% of one core) | RAM used 176 KB (peak 177 KB, 177 KB free) | wifi --, server -- | audio lost since boot: i2s 0 net 0
21:27:20.206 [status] up 91s | mic -39.9 dBFS (peak -32.1) | score max 0.02 | detections 0 | inferences 160 (16.0/s; model 0.88 ms each, paused in quiet 56%; features 1.28 ms per 30 ms) | CPU core0  0.8% core1  6.9% (wake word pipeline 6.67% of one core) | RAM used 176 KB (peak 177 KB, 177 KB free) | wifi --, server -- | audio lost since boot: i2s 0 net 0
21:27:28.869 W (100163) wifi: cannot connect (reason 201). Check the name/password in menuconfig; the ESP32 needs a 2.4 GHz network (201 = network not found, 15/204 = wrong password)
21:27:30.210 [status] up 101s | mic -40.0 dBFS (peak -33.4) | score max 0.08 | detections 0 | inferences 272 (27.2/s; model 0.88 ms each, paused in quiet 23%; features 1.32 ms per 30 ms) | CPU core0  0.9% core1  7.9% (wake word pipeline 7.73% of one core) | RAM used 176 KB (peak 177 KB, 177 KB free) | wifi --, server -- | audio lost since boot: i2s 0 net 0
