21:33:46.782 ESP-ROM:esp32s3-20210327
21:33:46.783 Build:Mar 27 2021
21:33:46.783 rst:0x1 (POWERON),boot:0xa (SPI_FAST_FLASH_BOOT)
21:33:46.783 SPIWP:0xee
21:33:46.783 mode:DIO, clock div:1
21:33:46.783 load:0x3fce2820,len:0x1668
21:33:46.783 load:0x403c8700,len:0xec0
21:33:46.783 load:0x403cb700,len:0x3178
21:33:46.783 entry 0x403c894c
21:33:46.783 I (24) boot: ESP-IDF v5.5.5 2nd stage bootloader
21:33:46.783 I (25) boot: compile time Sep 28 2026 21:09:30
21:33:46.783 I (25) boot: Multicore bootloader
21:33:46.783 I (25) boot: chip revision: v0.2
21:33:46.783 I (28) boot: efuse block revision: v1.4
21:33:46.783 I (31) qio_mode: Enabling default flash chip QIO
21:33:46.783 I (36) boot.esp32s3: Boot SPI Speed : 80MHz
21:33:46.786 I (40) boot.esp32s3: SPI Mode       : QIO
21:33:46.786 I (43) boot.esp32s3: SPI Flash Size : 4MB
21:33:46.786 I (47) boot: Enabling RNG early entropy source...
21:33:46.786 I (52) boot: Partition Table:
21:33:46.786 I (54) boot: ## Label            Usage          Type ST Offset   Length
21:33:46.786 I (60) boot:  0 nvs              WiFi data        01 02 00009000 00006000
21:33:46.786 I (67) boot:  1 phy_init         RF data          01 01 0000f000 00001000
21:33:46.786 I (73) boot:  2 factory          factory app      00 00 00010000 00177000
21:33:46.786 I (80) boot: End of partition table
21:33:46.786 I (83) esp_image: segment 0: paddr=00010020 vaddr=3c0e0020 size=36dbch (224700) map
21:33:46.786 I (125) esp_image: segment 1: paddr=00046de4 vaddr=3fc98400 size=04c38h ( 19512) load
21:33:46.786 I (129) esp_image: segment 2: paddr=0004ba24 vaddr=40378000 size=045f4h ( 17908) load
21:33:46.786 I (133) esp_image: segment 3: paddr=00050020 vaddr=42000020 size=de51ch (910620) map
21:33:46.786 I (278) esp_image: segment 4: paddr=0012e544 vaddr=4037c5f4 size=0bddch ( 48604) load
21:33:46.786 I (288) esp_image: segment 5: paddr=0013a328 vaddr=50000000 size=00020h (    32) load
21:33:46.786 I (295) boot: Loaded app from partition at offset 0x10000
21:33:46.786 I (295) boot: Disabling RNG early entropy source...
21:33:46.786 I (305) cpu_start: Multicore app
21:33:46.786 I (314) cpu_start: GPIO 44 and 43 are used as console UART I/O pins
21:33:46.786 I (314) cpu_start: Pro cpu start user code
21:33:46.786 I (314) cpu_start: cpu freq: 240000000 Hz
21:33:46.786 I (316) app_init: Application information:
21:33:46.786 I (320) app_init: Project name:     kws_s3
21:33:46.786 I (324) app_init: App version:      ee80e50-dirty
21:33:46.786 I (328) app_init: Compile time:     Sep 28 2026 21:32:04
21:33:46.786 I (333) app_init: ELF file SHA256:  265535848...
21:33:46.786 I (337) app_init: ESP-IDF:          v5.5.5
21:33:46.786 I (341) efuse_init: Min chip rev:     v0.0
21:33:46.786 I (345) efuse_init: Max chip rev:     v0.99
21:33:46.787 I (349) efuse_init: Chip rev:         v0.2
21:33:46.787 I (353) heap_init: Initializing. RAM available for dynamic allocation:
21:33:46.787 I (359) heap_init: At 3FCA3130 len 000465E0 (281 KiB): RAM
21:33:46.787 I (364) heap_init: At 3FCE9710 len 00005724 (21 KiB): RAM
21:33:46.787 I (369) heap_init: At 600FE000 len 00001FE8 (7 KiB): RTCRAM
21:33:46.787 I (375) spi_flash: detected chip: boya
21:33:46.787 I (378) spi_flash: flash io: qio
21:33:46.787 W (381) spi_flash: Detected size(16384k) larger than the size in the binary image header(4096k). Using the size in the binary image header.
21:33:46.787 I (394) sleep_gpio: Configure to isolate all GPIO pins in sleep state
21:33:46.787 I (400) sleep_gpio: Enable automatic switching of GPIO sleep configuration
21:33:46.787 I (407) main_task: Started on CPU0
21:33:46.787 I (425) main_task: Calling app_main()
21:33:46.787 
21:33:46.787 ==================== SIH KWS firmware ====================
21:33:46.787  chip      : esp32s3 rev v0.2, 2 cores, flash 4 MB
21:33:46.787  ESP-IDF   : v5.5.5
21:33:46.787  RAM       : 43 KB static data, 286 KB heap free (code in IRAM: 65 KB, not counted)
21:33:46.787  model     : marvin.tflite (60896 bytes, stored in flash)
21:33:46.787 ===========================================================
21:33:46.787 
21:33:46.787 [heap] start of app_main            293136 B free (of 318700 B)
21:33:46.787 I (480) kws: model ready: wake word "marvin", threshold 0.60 (json), window 5, input 3x40 int8
21:33:46.787 I (485) kws: model RAM: tensor arena 25964 of 26624 bytes used; engine total 38 KB of heap
21:33:46.787 
21:33:46.787 ------------------------ SELF-TEST ------------------------
21:33:46.787  noise only (3 s)   : PASS - stayed quiet  (highest score 0.01, threshold 0.60)
21:33:46.787  wake word recording: skipped - no WAV file in the model folder (optional)
21:33:46.787 -----------------------------------------------------------
21:33:46.787 
21:33:46.787 [heap] model + features + self-test took  40720 B, 252416 B free
21:33:46.787 I (723) audio: I2S running: 16 kHz, 32-bit slots, both channels, SCK=16 WS=15 SD=17, gain x1
21:33:47.450 I (1225) kws: microphones: left (L/R to GND) -20.8 dBFS, right (L/R to 3V3) -18.0 dBFS (not used), similarity 0.43 -> using left
21:33:47.450 [heap] I2S + ring + audio task      took  20772 B, 231644 B free
21:33:47.450 I (1238) kws: listening for "marvin" ...
21:33:47.450 I (1244) pp: pp rom version: e7ae62f
21:33:47.450 I (1246) net80211: net80211 rom version: e7ae62f
21:33:47.450 I (1250) wifi:wifi driver task: 3fcb7710, prio:23, stack:6656, core=0
21:33:47.450 I (1257) wifi:wifi firmware version: b9f67df
21:33:47.450 I (1260) wifi:wifi certification version: v7.0
21:33:47.450 I (1265) wifi:config NVS flash: disabled
21:33:47.450 I (1268) wifi:config nano formatting: disabled
21:33:47.450 I (1271) wifi:Init data frame dynamic rx buffer num: 8
21:33:47.450 I (1276) wifi:Init static rx mgmt buffer num: 5
21:33:47.450 I (1282) wifi:Init management short buffer num: 10
21:33:47.450 I (1285) wifi:Init dynamic tx buffer num: 8
21:33:47.450 I (1290) wifi:Init static tx FG buffer num: 2
21:33:47.450 I (1293) wifi:Init static rx buffer size: 1600
21:33:47.450 I (1298) wifi:Init static rx buffer num: 3
21:33:47.451 I (1301) wifi:Init dynamic rx buffer num: 8
21:33:47.451 I (1305) wifi_init: accept mbox: 6
21:33:47.451 I (1310) wifi_init: tcpip mbox: 32
21:33:47.451 I (1312) wifi_init: udp mbox: 6
21:33:47.451 I (1315) wifi_init: tcp mbox: 6
21:33:47.451 I (1318) wifi_init: tcp tx win: 2880
21:33:47.451 I (1321) wifi_init: tcp rx win: 2880
21:33:47.451 I (1324) wifi_init: tcp mss: 1440
21:33:47.451 I (1327) phy_init: phy_version 712,87e8c20e,Apr 13 2026,18:51:10
21:33:47.451 I (1361) wifi:mode : sta (e0:72:a1:d5:32:74)
21:33:47.451 I (1362) wifi:enable tsf
21:33:47.451 I (1364) wifi:Set ps type: 0, coexist: 0
21:33:47.451 
21:33:47.451 I (1369) wifi: connecting to "ARYA 9252" ...
21:33:47.451 [heap] Wi-Fi driver + netif         took  36540 B, 195104 B free
21:33:47.451 [heap] WebSocket client + streamer  took  13072 B, 182032 B free
21:33:47.451 W (1379) stream: cannot reach the server ws://192.168.137.1:3000/ws (is it running? same network?) - retrying every second
21:33:49.852 W (3778) wifi: cannot connect (reason 201). Check the name/password in menuconfig; the ESP32 needs a 2.4 GHz network (201 = network not found, 15/204 = wrong password)
21:33:51.585 I (5525) kws: >>> WAKE WORD "marvin" DETECTED  (score 0.72, t = 5.15 s)
21:33:52.602 W (6527) stream: no server connection: detection not streamed
21:33:52.602 I (6528) stream: stream finished (no_server): 0 ms of audio sent (0 KB)
21:33:52.602 I (6545) wake_word: score event: peak 1.00 over 990 ms -> detected
21:33:55.720 I (9665) kws: >>> WAKE WORD "marvin" DETECTED  (score 0.66, t = 9.29 s)
21:33:56.486 I (10425) wake_word: score event: peak 0.91 over 720 ms -> detected
21:33:56.738 W (10667) stream: no server connection: detection not streamed
21:33:56.738 I (10668) stream: stream finished (no_server): 0 ms of audio sent (0 KB)
21:33:57.503 [status] up 11s | mic -37.9 dBFS (peak -25.7) | score max 1.00 | detections 2 | inferences 195 (19.5/s; model 0.91 ms each, paused in quiet 45%; features 1.33 ms per 30 ms) | CPU core0 -1.0% core1 -1.0% (wake word pipeline 7.20% of one core) | RAM used 176 KB (peak 177 KB, 177 KB free) | wifi --, server -- | audio lost since boot: i2s 0 net 0
21:33:57.503 [tasks] % of one core (free stack): main@0=-1.00(936) IDLE1@1=-1.00(728) IDLE0@0=-1.00(816) websocket_task@*=-1.00(948) audio_kws@1=-1.00(832) tiT@*=-1.00(1948) Tmr Svc@*=-1.00(848) streamer@0=-1.00(912) sys_evt@0=-1.00(512) wifi@0=-1.00(4052) esp_timer@0=-1.00(1608) ipc0@0=-1.00(280) ipc1@1=-1.00(272)
21:34:02.372 I (16305) kws: >>> WAKE WORD "marvin" DETECTED  (score 0.61, t = 15.93 s)
21:34:03.372 I (17304) wake_word: score event: peak 0.97 over 990 ms -> detected
21:34:03.372 W (17307) stream: no server connection: detection not streamed
21:34:03.373 I (17311) stream: stream finished (no_server): 0 ms of audio sent (0 KB)
21:34:06.600 I (20545) kws: >>> WAKE WORD "marvin" DETECTED  (score 0.67, t = 20.17 s)
21:34:07.618 [status] up 21s | mic -36.8 dBFS (peak -25.5) | score max 1.00 | detections 4 | inferences 302 (30.2/s; model 0.89 ms each, paused in quiet 12%; features 1.35 ms per 30 ms) | CPU core0  1.4% core1  8.2% (wake word pipeline 8.04% of one core) | RAM used 176 KB (peak 177 KB, 177 KB free) | wifi --, server -- | audio lost since boot: i2s 0 net 0
21:34:07.618 I (21445) wake_word: score event: peak 1.00 over 930 ms -> detected
21:34:07.618 W (21547) stream: no server connection: detection not streamed
21:34:07.618 I (21548) stream: stream finished (no_server): 0 ms of audio sent (0 KB)
21:34:10.358 I (24306) kws: >>> WAKE WORD "marvin" DETECTED  (score 0.71, t = 23.93 s)
21:34:11.075 I (25025) wake_word: score event: peak 0.92 over 660 ms -> detected
21:34:11.369 W (25308) stream: no server connection: detection not streamed
21:34:11.369 I (25309) stream: stream finished (no_server): 0 ms of audio sent (0 KB)
21:34:13.950 W (27878) wifi: cannot connect (reason 201). Check the name/password in menuconfig; the ESP32 needs a 2.4 GHz network (201 = network not found, 15/204 = wrong password)
21:34:14.245 I (28185) kws: >>> WAKE WORD "marvin" DETECTED  (score 0.64, t = 27.81 s)
21:34:14.978 I (28925) wake_word: score event: peak 0.97 over 840 ms -> detected
21:34:15.257 W (29187) stream: no server connection: detection not streamed
21:34:15.258 I (29188) stream: stream finished (no_server): 0 ms of audio sent (0 KB)
21:34:17.504 [status] up 31s | mic -37.0 dBFS (peak -25.0) | score max 0.97 | detections 6 | inferences 261 (26.1/s; model 0.89 ms each, paused in quiet 26%; features 1.32 ms per 30 ms) | CPU core0  1.5% core1  7.9% (wake word pipeline 7.69% of one core) | RAM used 176 KB (peak 177 KB, 177 KB free) | wifi --, server -- | audio lost since boot: i2s 0 net 0
21:34:19.471 I (33405) kws: >>> WAKE WORD "marvin" DETECTED  (score 0.67, t = 33.03 s)
21:34:20.141 I (34085) wake_word: score event: peak 0.93 over 750 ms -> detected
21:34:20.469 W (34407) stream: no server connection: detection not streamed
21:34:20.470 I (34408) stream: stream finished (no_server): 0 ms of audio sent (0 KB)
21:34:24.702 I (38646) kws: >>> WAKE WORD "marvin" DETECTED  (score 0.61, t = 38.27 s)
21:34:25.715 I (39544) wake_word: score event: peak 1.00 over 840 ms -> detected
21:34:25.715 W (39648) stream: no server connection: detection not streamed
21:34:25.715 I (39649) stream: stream finished (no_server): 0 ms of audio sent (0 KB)
21:34:27.500 [status] up 41s | mic -37.0 dBFS (peak -24.6) | score max 1.00 | detections 8 | inferences 267 (26.7/s; model 0.89 ms each, paused in quiet 22%; features 1.37 ms per 30 ms) | CPU core0  1.1% core1  7.9% (wake word pipeline 7.72% of one core) | RAM used 176 KB (peak 177 KB, 177 KB free) | wifi --, server -- | audio lost since boot: i2s 0 net 0
21:34:29.663 I (43605) kws: >>> WAKE WORD "marvin" DETECTED  (score 0.65, t = 43.23 s)
21:34:30.146 I (44084) wake_word: score event: peak 0.65 over 420 ms -> detected
21:34:30.678 W (44607) stream: no server connection: detection not streamed
21:34:30.678 I (44608) stream: stream finished (no_server): 0 ms of audio sent (0 KB)
21:34:35.299 I (49245) wake_word: score event: peak 0.47 over 240 ms -> not detected (below threshold or in cool-down)
21:34:37.509 [status] up 51s | mic -36.2 dBFS (peak -22.9) | score max 0.65 | detections 9 | inferences 265 (26.5/s; model 0.88 ms each, paused in quiet 25%; features 1.33 ms per 30 ms) | CPU core0  1.2% core1  7.9% (wake word pipeline 7.69% of one core) | RAM used 176 KB (peak 177 KB, 177 KB free) | wifi --, server -- | audio lost since boot: i2s 0 net 0
21:34:38.055 W (51981) wifi: cannot connect (reason 201). Check the name/password in menuconfig; the ESP32 needs a 2.4 GHz network (201 = network not found, 15/204 = wrong password)
21:34:39.710 I (53645) wake_word: score event: peak 0.58 over 300 ms -> not detected (below threshold or in cool-down)
21:34:44.745 I (58685) wake_word: score event: peak 0.57 over 600 ms -> not detected (below threshold or in cool-down)
21:34:47.518 [status] up 61s | mic -37.2 dBFS (peak -25.1) | score max 0.58 | detections 9 | inferences 282 (28.2/s; model 0.89 ms each, paused in quiet 18%; features 1.35 ms per 30 ms) | CPU core0  1.1% core1  8.0% (wake word pipeline 7.88% of one core) | RAM used 176 KB (peak 177 KB, 177 KB free) | wifi --, server -- | audio lost since boot: i2s 0 net 0
21:34:49.257 I (63205) kws: >>> WAKE WORD "marvin" DETECTED  (score 0.71, t = 62.83 s)
21:34:49.973 I (63924) wake_word: score event: peak 0.95 over 930 ms -> detected
21:34:50.269 W (64207) stream: no server connection: detection not streamed
21:34:50.269 I (64208) stream: stream finished (no_server): 0 ms of audio sent (0 KB)
21:34:54.676 I (68625) kws: >>> WAKE WORD "marvin" DETECTED  (score 0.61, t = 68.25 s)
21:34:55.689 I (69485) wake_word: score event: peak 1.00 over 930 ms -> detected
21:34:55.689 W (69627) stream: no server connection: detection not streamed
21:34:55.690 I (69628) stream: stream finished (no_server): 0 ms of audio sent (0 KB)
21:34:57.560 [status] up 71s | mic -35.5 dBFS (peak -21.2) | score max 1.00 | detections 11 | inferences 328 (32.8/s; model 0.89 ms each, paused in quiet 6%; features 1.35 ms per 30 ms) | CPU core0  1.3% core1  8.5% (wake word pipeline 8.31% of one core) | RAM used 176 KB (peak 177 KB, 177 KB free) | wifi --, server -- | audio lost since boot: i2s 0 net 0
21:34:57.560 [tasks] % of one core (free stack): main@0=0.38(936) IDLE1@1=91.94(728) IDLE0@0=98.73(720) audio_kws@1=8.05(832) websocket_task@*=0.11(948) tiT@*=0.06(1948) streamer@0=0.08(912) sys_evt@0=0.03(416) esp_timer@0=0.09(1608) ipc0@0=0.00(280) wifi@0=0.54(4052) ipc1@1=0.00(272) Tmr Svc@*=0.00(848)
21:35:00.037 I (73985) kws: >>> WAKE WORD "marvin" DETECTED  (score 0.70, t = 73.61 s)
21:35:01.057 I (74785) wake_word: score event: peak 0.92 over 780 ms -> detected
21:35:01.058 W (74987) stream: no server connection: detection not streamed
21:35:01.058 I (74988) stream: stream finished (no_server): 0 ms of audio sent (0 KB)
21:35:02.154 W (76086) wifi: cannot connect (reason 201). Check the name/password in menuconfig; the ESP32 needs a 2.4 GHz network (201 = network not found, 15/204 = wrong password)
21:35:05.757 I (79704) wake_word: score event: peak 0.58 over 540 ms -> not detected (below threshold or in cool-down)
21:35:07.533 [status] up 81s | mic -35.6 dBFS (peak -20.5) | score max 0.92 | detections 12 | inferences 236 (23.6/s; model 0.89 ms each, paused in quiet 33%; features 1.33 ms per 30 ms) | CPU core0  1.5% core1  7.6% (wake word pipeline 7.43% of one core) | RAM used 176 KB (peak 177 KB, 177 KB free) | wifi --, server -- | audio lost since boot: i2s 0 net 0
21:35:09.764 I (83706) kws: >>> WAKE WORD "marvin" DETECTED  (score 0.66, t = 83.33 s)
21:35:10.777 I (84584) wake_word: score event: peak 0.99 over 840 ms -> detected
21:35:10.778 W (84708) stream: no server connection: detection not streamed
21:35:10.778 I (84709) stream: stream finished (no_server): 0 ms of audio sent (0 KB)
21:35:14.765 I (88705) kws: >>> WAKE WORD "marvin" DETECTED  (score 0.65, t = 88.33 s)
21:35:15.762 I (89505) wake_word: score event: peak 0.97 over 750 ms -> detected
21:35:15.763 W (89707) stream: no server connection: detection not streamed
21:35:15.763 I (89708) stream: stream finished (no_server): 0 ms of audio sent (0 KB)
21:35:17.549 [status] up 91s | mic -36.2 dBFS (peak -24.5) | score max 0.99 | detections 14 | inferences 284 (28.4/s; model 0.89 ms each, paused in quiet 19%; features 1.33 ms per 30 ms) | CPU core0  1.2% core1  8.1% (wake word pipeline 7.91% of one core) | RAM used 176 KB (peak 177 KB, 177 KB free) | wifi --, server -- | audio lost since boot: i2s 0 net 0
21:35:19.823 I (93765) kws: >>> WAKE WORD "marvin" DETECTED  (score 0.65, t = 93.39 s)
21:35:20.602 I (94545) wake_word: score event: peak 0.98 over 750 ms -> detected
21:35:20.833 W (94767) stream: no server connection: detection not streamed
21:35:20.833 I (94768) stream: stream finished (no_server): 0 ms of audio sent (0 KB)
21:35:26.248 W (100190) wifi: cannot connect (reason 201). Check the name/password in menuconfig; the ESP32 needs a 2.4 GHz network (201 = network not found, 15/204 = wrong password)
21:35:27.561 [status] up 101s | mic -36.8 dBFS (peak -24.7) | score max 0.98 | detections 15 | inferences 285 (28.5/s; model 0.89 ms each, paused in quiet 17%; features 1.35 ms per 30 ms) | CPU core0  1.3% core1  8.0% (wake word pipeline 7.86% of one core) | RAM used 176 KB (peak 177 KB, 177 KB free) | wifi --, server -- | audio lost since boot: i2s 0 net 0
