21:37:06.188 ESP-ROM:esp32s3-20210327
21:37:06.188 Build:Mar 27 2021
21:37:06.188 rst:0x1 (POWERON),boot:0x8 (SPI_FAST_FLASH_BOOT)
21:37:06.189 SPIWP:0xee
21:37:06.189 mode:DIO, clock div:1
21:37:06.189 load:0x3fce2820,len:0x1668
21:37:06.189 load:0x403c8700,len:0xec0
21:37:06.189 load:0x403cb700,len:0x3178
21:37:06.189 entry 0x403c894c
21:37:06.189 I (24) boot: ESP-IDF v5.5.5 2nd stage bootloader
21:37:06.189 I (25) boot: compile time Sep 28 2026 21:09:30
21:37:06.189 I (25) boot: Multicore bootloader
21:37:06.189 I (25) boot: chip revision: v0.2
21:37:06.189 I (28) boot: efuse block revision: v1.4
21:37:06.189 I (31) qio_mode: Enabling default flash chip QIO
21:37:06.189 I (36) boot.esp32s3: Boot SPI Speed : 80MHz
21:37:06.192 I (40) boot.esp32s3: SPI Mode       : QIO
21:37:06.192 I (43) boot.esp32s3: SPI Flash Size : 4MB
21:37:06.192 I (47) boot: Enabling RNG early entropy source...
21:37:06.192 I (52) boot: Partition Table:
21:37:06.192 I (54) boot: ## Label            Usage          Type ST Offset   Length
21:37:06.192 I (60) boot:  0 nvs              WiFi data        01 02 00009000 00006000
21:37:06.192 I (67) boot:  1 phy_init         RF data          01 01 0000f000 00001000
21:37:06.192 I (73) boot:  2 factory          factory app      00 00 00010000 00177000
21:37:06.192 I (80) boot: End of partition table
21:37:06.192 I (83) esp_image: segment 0: paddr=00010020 vaddr=3c0e0020 size=36dbch (224700) map
21:37:06.192 I (125) esp_image: segment 1: paddr=00046de4 vaddr=3fc98400 size=04c38h ( 19512) load
21:37:06.192 I (129) esp_image: segment 2: paddr=0004ba24 vaddr=40378000 size=045f4h ( 17908) load
21:37:06.192 I (133) esp_image: segment 3: paddr=00050020 vaddr=42000020 size=de59ch (910748) map
21:37:06.192 I (278) esp_image: segment 4: paddr=0012e5c4 vaddr=4037c5f4 size=0bddch ( 48604) load
21:37:06.192 I (288) esp_image: segment 5: paddr=0013a3a8 vaddr=50000000 size=00020h (    32) load
21:37:06.192 I (295) boot: Loaded app from partition at offset 0x10000
21:37:06.192 I (295) boot: Disabling RNG early entropy source...
21:37:06.192 I (305) cpu_start: Multicore app
21:37:06.192 I (314) cpu_start: GPIO 44 and 43 are used as console UART I/O pins
21:37:06.192 I (314) cpu_start: Pro cpu start user code
21:37:06.192 I (314) cpu_start: cpu freq: 240000000 Hz
21:37:06.192 I (316) app_init: Application information:
21:37:06.192 I (320) app_init: Project name:     kws_s3
21:37:06.192 I (324) app_init: App version:      ee80e50-dirty
21:37:06.192 I (328) app_init: Compile time:     Sep 28 2026 21:36:18
21:37:06.192 I (333) app_init: ELF file SHA256:  3a7e0e7e8...
21:37:06.192 I (337) app_init: ESP-IDF:          v5.5.5
21:37:06.192 I (341) efuse_init: Min chip rev:     v0.0
21:37:06.192 I (345) efuse_init: Max chip rev:     v0.99
21:37:06.192 I (349) efuse_init: Chip rev:         v0.2
21:37:06.192 I (353) heap_init: Initializing. RAM available for dynamic allocation:
21:37:06.192 I (359) heap_init: At 3FCA3130 len 000465E0 (281 KiB): RAM
21:37:06.192 I (364) heap_init: At 3FCE9710 len 00005724 (21 KiB): RAM
21:37:06.192 I (370) heap_init: At 600FE000 len 00001FE8 (7 KiB): RTCRAM
21:37:06.192 I (376) spi_flash: detected chip: boya
21:37:06.192 I (378) spi_flash: flash io: qio
21:37:06.192 W (381) spi_flash: Detected size(16384k) larger than the size in the binary image header(4096k). Using the size in the binary image header.
21:37:06.192 I (394) sleep_gpio: Configure to isolate all GPIO pins in sleep state
21:37:06.192 I (400) sleep_gpio: Enable automatic switching of GPIO sleep configuration
21:37:06.192 I (407) main_task: Started on CPU0
21:37:06.192 I (425) main_task: Calling app_main()
21:37:06.192 
21:37:06.192 ==================== SIH KWS firmware ====================
21:37:06.192  chip      : esp32s3 rev v0.2, 2 cores, flash 4 MB
21:37:06.193  ESP-IDF   : v5.5.5
21:37:06.193  RAM       : 43 KB static data, 286 KB heap free (code in IRAM: 65 KB, not counted)
21:37:06.193  model     : marvin.tflite (60896 bytes, stored in flash)
21:37:06.193 ===========================================================
21:37:06.193 
21:37:06.193 [heap] start of app_main            293136 B free (of 318700 B)
21:37:06.193 I (480) kws: model ready: wake word "marvin", threshold 0.60 (json), window 5, input 3x40 int8
21:37:06.193 I (485) kws: model RAM: tensor arena 25964 of 26624 bytes used; engine total 38 KB of heap
21:37:06.437 
21:37:06.437 ------------------------ SELF-TEST ------------------------
21:37:06.437  noise only (3 s)   : PASS - stayed quiet  (highest score 0.01, threshold 0.60)
21:37:06.437  wake word recording: skipped - no WAV file in the model folder (optional)
21:37:06.437 -----------------------------------------------------------
21:37:06.437 
21:37:06.437 [heap] model + features + self-test took  40720 B, 252416 B free
21:37:06.437 I (720) audio: I2S running: 16 kHz, 32-bit slots, both channels, SCK=16 WS=15 SD=17, gain x1
21:37:07.097 I (1222) kws: microphones: left (L/R to GND) -19.4 dBFS, right (L/R to 3V3) -17.6 dBFS, similarity 0.46 -> using both (average)
21:37:07.097 [heap] I2S + ring + audio task      took  20772 B, 231644 B free
21:37:07.097 I (1235) kws: listening for "marvin" ...
21:37:07.097 I (1241) pp: pp rom version: e7ae62f
21:37:07.097 I (1243) net80211: net80211 rom version: e7ae62f
21:37:07.097 I (1247) wifi:wifi driver task: 3fcb7710, prio:23, stack:6656, core=0
21:37:07.097 I (1255) wifi:wifi firmware version: b9f67df
21:37:07.097 I (1257) wifi:wifi certification version: v7.0
21:37:07.097 I (1260) wifi:config NVS flash: disabled
21:37:07.097 I (1265) wifi:config nano formatting: disabled
21:37:07.097 I (1268) wifi:Init data frame dynamic rx buffer num: 8
21:37:07.097 I (1274) wifi:Init static rx mgmt buffer num: 5
21:37:07.097 I (1279) wifi:Init management short buffer num: 10
21:37:07.097 I (1282) wifi:Init dynamic tx buffer num: 8
21:37:07.097 I (1288) wifi:Init static tx FG buffer num: 2
21:37:07.097 I (1291) wifi:Init static rx buffer size: 1600
21:37:07.097 I (1296) wifi:Init static rx buffer num: 3
21:37:07.097 I (1299) wifi:Init dynamic rx buffer num: 8
21:37:07.097 I (1302) wifi_init: accept mbox: 6
21:37:07.097 I (1304) wifi_init: tcpip mbox: 32
21:37:07.097 I (1310) wifi_init: udp mbox: 6
21:37:07.097 I (1312) wifi_init: tcp mbox: 6
21:37:07.097 I (1315) wifi_init: tcp tx win: 2880
21:37:07.097 I (1318) wifi_init: tcp rx win: 2880
21:37:07.097 I (1321) wifi_init: tcp mss: 1440
21:37:07.097 I (1324) phy_init: phy_version 712,87e8c20e,Apr 13 2026,18:51:10
21:37:07.097 I (1357) wifi:mode : sta (e0:72:a1:d5:32:74)
21:37:07.097 I (1359) wifi:enable tsf
21:37:07.097 I (1360) wifi:Set ps type: 0, coexist: 0
21:37:07.097 
21:37:07.097 I (1366) wifi: connecting to "ARYA 9252" ...
21:37:07.097 [heap] Wi-Fi driver + netif         took  36540 B, 195104 B free
21:37:07.097 [heap] WebSocket client + streamer  took  13072 B, 182032 B free
21:37:07.097 W (1376) stream: cannot reach the server ws://192.168.137.1:3000/ws (is it running? same network?) - retrying every second
21:37:09.493 W (3774) wifi: cannot connect (reason 201). Check the name/password in menuconfig; the ESP32 needs a 2.4 GHz network (201 = network not found, 15/204 = wrong password)
21:37:11.256 I (5543) kws: >>> WAKE WORD "marvin" DETECTED  (score 0.66, t = 5.17 s)
21:37:12.258 I (6442) wake_word: score event: peak 0.99 over 930 ms -> detected
21:37:12.258 W (6545) stream: no server connection: detection not streamed
21:37:12.258 I (6546) stream: stream finished (no_server): 0 ms of audio sent (0 KB)
21:37:15.280 I (9583) kws: >>> WAKE WORD "marvin" DETECTED  (score 0.62, t = 9.21 s)
21:37:16.298 I (10422) wake_word: score event: peak 0.99 over 780 ms -> detected
21:37:16.298 W (10585) stream: no server connection: detection not streamed
21:37:16.298 I (10586) stream: stream finished (no_server): 0 ms of audio sent (0 KB)
21:37:17.152 [status] up 11s | mic -38.1 dBFS (peak -26.3) | score max 0.99 | detections 2 | inferences 267 (26.6/s; model 0.91 ms each, paused in quiet 23%; features 1.37 ms per 30 ms) | CPU core0 -1.0% core1 -1.0% (wake word pipeline 7.87% of one core) | RAM used 176 KB (peak 177 KB, 177 KB free) | wifi --, server -- | audio lost since boot: i2s 0 net 0
21:37:17.152 [tasks] % of one core (free stack): main@0=-1.00(936) IDLE1@1=-1.00(728) IDLE0@0=-1.00(736) audio_kws@1=-1.00(832) tiT@*=-1.00(1948) websocket_task@*=-1.00(948) Tmr Svc@*=-1.00(848) streamer@0=-1.00(912) sys_evt@0=-1.00(416) wifi@0=-1.00(4100) esp_timer@0=-1.00(1608) ipc0@0=-1.00(280) ipc1@1=-1.00(272)
21:37:22.862 I (17163) wake_word: score event: peak 0.50 over 240 ms -> not detected (below threshold or in cool-down)
21:37:27.230 [status] up 21s | mic -37.5 dBFS (peak -26.5) | score max 0.50 | detections 2 | inferences 179 (17.9/s; model 0.88 ms each, paused in quiet 50%; features 1.29 ms per 30 ms) | CPU core0  0.9% core1  7.0% (wake word pipeline 6.89% of one core) | RAM used 176 KB (peak 177 KB, 177 KB free) | wifi --, server -- | audio lost since boot: i2s 0 net 0
21:37:27.230 I (21522) wake_word: score event: peak 0.35 over 450 ms -> not detected (below threshold or in cool-down)
21:37:33.585 W (27870) wifi: cannot connect (reason 201). Check the name/password in menuconfig; the ESP32 needs a 2.4 GHz network (201 = network not found, 15/204 = wrong password)
21:37:33.961 I (28263) kws: >>> WAKE WORD "marvin" DETECTED  (score 0.62, t = 27.89 s)
21:37:34.977 I (29122) wake_word: score event: peak 1.00 over 960 ms -> detected
21:37:34.978 W (29266) stream: no server connection: detection not streamed
21:37:34.978 I (29267) stream: stream finished (no_server): 0 ms of audio sent (0 KB)
21:37:37.144 [status] up 31s | mic -38.3 dBFS (peak -26.4) | score max 1.00 | detections 3 | inferences 212 (21.2/s; model 0.89 ms each, paused in quiet 40%; features 1.32 ms per 30 ms) | CPU core0  1.0% core1  7.4% (wake word pipeline 7.22% of one core) | RAM used 176 KB (peak 177 KB, 177 KB free) | wifi --, server -- | audio lost since boot: i2s 0 net 0
21:37:39.270 I (33563) kws: >>> WAKE WORD "marvin" DETECTED  (score 0.65, t = 33.19 s)
21:37:39.892 I (34182) wake_word: score event: peak 0.79 over 570 ms -> detected
21:37:40.267 W (34565) stream: no server connection: detection not streamed
21:37:40.268 I (34566) stream: stream finished (no_server): 0 ms of audio sent (0 KB)
21:37:44.511 I (38803) kws: >>> WAKE WORD "marvin" DETECTED  (score 0.66, t = 38.43 s)
21:37:45.507 I (39702) wake_word: score event: peak 1.00 over 930 ms -> detected
21:37:45.507 W (39805) stream: no server connection: detection not streamed
21:37:45.507 I (39806) stream: stream finished (no_server): 0 ms of audio sent (0 KB)
21:37:47.160 [status] up 41s | mic -37.8 dBFS (peak -24.7) | score max 1.00 | detections 5 | inferences 251 (25.1/s; model 0.89 ms each, paused in quiet 29%; features 1.33 ms per 30 ms) | CPU core0  0.9% core1  7.8% (wake word pipeline 7.57% of one core) | RAM used 176 KB (peak 177 KB, 177 KB free) | wifi --, server -- | audio lost since boot: i2s 0 net 0
21:37:49.313 I (43603) kws: >>> WAKE WORD "marvin" DETECTED  (score 0.72, t = 43.23 s)
21:37:50.026 I (44322) wake_word: score event: peak 0.98 over 810 ms -> detected
21:37:50.321 W (44605) stream: no server connection: detection not streamed
21:37:50.322 I (44606) stream: stream finished (no_server): 0 ms of audio sent (0 KB)
21:37:55.027 I (49322) wake_word: score event: peak 0.26 over 150 ms -> not detected (below threshold or in cool-down)
21:37:57.165 [status] up 51s | mic -37.1 dBFS (peak -24.3) | score max 0.98 | detections 6 | inferences 292 (29.2/s; model 0.88 ms each, paused in quiet 17%; features 1.33 ms per 30 ms) | CPU core0  0.9% core1  8.1% (wake word pipeline 7.93% of one core) | RAM used 176 KB (peak 177 KB, 177 KB free) | wifi --, server -- | audio lost since boot: i2s 0 net 0
21:37:57.682 W (51974) wifi: cannot connect (reason 201). Check the name/password in menuconfig; the ESP32 needs a 2.4 GHz network (201 = network not found, 15/204 = wrong password)
21:37:59.007 I (53303) kws: >>> WAKE WORD "marvin" DETECTED  (score 0.68, t = 52.93 s)
21:37:59.598 I (53902) wake_word: score event: peak 0.68 over 570 ms -> detected
21:38:00.011 W (54305) stream: no server connection: detection not streamed
21:38:00.012 I (54306) stream: stream finished (no_server): 0 ms of audio sent (0 KB)
21:38:03.588 I (57883) kws: >>> WAKE WORD "marvin" DETECTED  (score 0.62, t = 57.51 s)
21:38:04.370 I (58662) wake_word: score event: peak 0.97 over 930 ms -> detected
21:38:04.589 W (58885) stream: no server connection: detection not streamed
21:38:04.590 I (58886) stream: stream finished (no_server): 0 ms of audio sent (0 KB)
21:38:07.165 [status] up 61s | mic -37.9 dBFS (peak -26.6) | score max 0.97 | detections 8 | inferences 265 (26.5/s; model 0.88 ms each, paused in quiet 25%; features 1.33 ms per 30 ms) | CPU core0  0.9% core1  7.9% (wake word pipeline 7.69% of one core) | RAM used 176 KB (peak 177 KB, 177 KB free) | wifi --, server -- | audio lost since boot: i2s 0 net 0
21:38:08.903 I (63203) kws: >>> WAKE WORD "marvin" DETECTED  (score 0.66, t = 62.83 s)
21:38:09.570 I (63862) wake_word: score event: peak 0.78 over 600 ms -> detected
21:38:09.911 W (64205) stream: no server connection: detection not streamed
21:38:09.912 I (64206) stream: stream finished (no_server): 0 ms of audio sent (0 KB)
21:38:14.318 I (68623) kws: >>> WAKE WORD "marvin" DETECTED  (score 0.76, t = 68.25 s)
21:38:15.326 I (69463) wake_word: score event: peak 0.99 over 810 ms -> detected
21:38:15.326 W (69625) stream: no server connection: detection not streamed
21:38:15.327 I (69626) stream: stream finished (no_server): 0 ms of audio sent (0 KB)
21:38:17.205 [status] up 71s | mic -36.2 dBFS (peak -22.2) | score max 0.99 | detections 10 | inferences 293 (29.3/s; model 0.88 ms each, paused in quiet 17%; features 1.32 ms per 30 ms) | CPU core0  1.0% core1  8.1% (wake word pipeline 7.93% of one core) | RAM used 176 KB (peak 177 KB, 177 KB free) | wifi --, server -- | audio lost since boot: i2s 0 net 0
21:38:17.206 [tasks] % of one core (free stack): main@0=0.12(936) IDLE1@1=92.28(728) IDLE0@0=99.08(720) websocket_task@*=0.11(948) audio_kws@1=7.70(832) tiT@*=0.06(1948) streamer@0=0.03(912) sys_evt@0=0.03(416) wifi@0=0.52(4100) esp_timer@0=0.08(1608) ipc0@0=0.00(280) ipc1@1=0.00(272) Tmr Svc@*=0.00(848)
21:38:19.543 I (73843) kws: >>> WAKE WORD "marvin" DETECTED  (score 0.70, t = 73.47 s)
21:38:20.557 I (74682) wake_word: score event: peak 0.99 over 780 ms -> detected
21:38:20.557 W (74845) stream: no server connection: detection not streamed
21:38:20.557 I (74846) stream: stream finished (no_server): 0 ms of audio sent (0 KB)
21:38:21.792 W (76079) wifi: cannot connect (reason 201). Check the name/password in menuconfig; the ESP32 needs a 2.4 GHz network (201 = network not found, 15/204 = wrong password)
21:38:24.649 I (78943) kws: >>> WAKE WORD "marvin" DETECTED  (score 0.63, t = 78.57 s)
21:38:25.646 I (79742) wake_word: score event: peak 0.93 over 750 ms -> detected
21:38:25.647 W (79945) stream: no server connection: detection not streamed
21:38:25.647 I (79946) stream: stream finished (no_server): 0 ms of audio sent (0 KB)
21:38:27.189 [status] up 81s | mic -36.7 dBFS (peak -21.8) | score max 0.99 | detections 12 | inferences 289 (28.9/s; model 0.89 ms each, paused in quiet 18%; features 1.33 ms per 30 ms) | CPU core0  1.0% core1  8.1% (wake word pipeline 7.93% of one core) | RAM used 176 KB (peak 177 KB, 177 KB free) | wifi --, server -- | audio lost since boot: i2s 0 net 0
21:38:29.353 I (83643) kws: >>> WAKE WORD "marvin" DETECTED  (score 0.71, t = 83.27 s)
21:38:30.349 I (84462) wake_word: score event: peak 0.71 over 780 ms -> detected
21:38:30.349 W (84645) stream: no server connection: detection not streamed
21:38:30.349 I (84646) stream: stream finished (no_server): 0 ms of audio sent (0 KB)
21:38:34.310 I (88603) kws: >>> WAKE WORD "marvin" DETECTED  (score 0.63, t = 88.23 s)
21:38:35.308 I (89462) wake_word: score event: peak 0.99 over 840 ms -> detected
21:38:35.309 W (89605) stream: no server connection: detection not streamed
21:38:35.309 I (89606) stream: stream finished (no_server): 0 ms of audio sent (0 KB)
21:38:37.202 [status] up 91s | mic -37.4 dBFS (peak -25.9) | score max 0.99 | detections 14 | inferences 272 (27.2/s; model 0.89 ms each, paused in quiet 20%; features 1.37 ms per 30 ms) | CPU core0  0.9% core1  7.9% (wake word pipeline 7.76% of one core) | RAM used 176 KB (peak 177 KB, 177 KB free) | wifi --, server -- | audio lost since boot: i2s 0 net 0
21:38:39.811 I (94102) wake_word: score event: peak 0.24 over 150 ms -> not detected (below threshold or in cool-down)
21:38:45.898 W (100181) wifi: cannot connect (reason 201). Check the name/password in menuconfig; the ESP32 needs a 2.4 GHz network (201 = network not found, 15/204 = wrong password)
21:38:47.214 [status] up 101s | mic -38.0 dBFS (peak -25.5) | score max 0.24 | detections 14 | inferences 185 (18.5/s; model 0.88 ms each, paused in quiet 46%; features 1.36 ms per 30 ms) | CPU core0  0.9% core1  7.1% (wake word pipeline 6.95% of one core) | RAM used 176 KB (peak 177 KB, 177 KB free) | wifi --, server -- | audio lost since boot: i2s 0 net 0
