03:13:43.849 ESP-ROM:esp32s3-20210327
03:13:43.849 Build:Mar 27 2021
03:13:43.849 rst:0x1 (POWERON),boot:0x8 (SPI_FAST_FLASH_BOOT)
03:13:43.849 SPIWP:0xee
03:13:43.849 mode:DIO, clock div:1
03:13:43.849 load:0x3fce2820,len:0x1668
03:13:43.849 load:0x403c8700,len:0xec0
03:13:43.849 load:0x403cb700,len:0x3178
03:13:43.849 entry 0x403c894c
03:13:43.849 I (24) boot: ESP-IDF v5.5.5 2nd stage bootloader
03:13:43.849 I (25) boot: compile time Sep 29 2026 00:37:58
03:13:43.849 I (25) boot: Multicore bootloader
03:13:43.849 I (25) boot: chip revision: v0.2
03:13:43.849 I (28) boot: efuse block revision: v1.4
03:13:43.849 I (31) qio_mode: Enabling default flash chip QIO
03:13:43.849 I (36) boot.esp32s3: Boot SPI Speed : 80MHz
03:13:43.850 I (40) boot.esp32s3: SPI Mode       : QIO
03:13:43.850 I (43) boot.esp32s3: SPI Flash Size : 4MB
03:13:43.850 I (47) boot: Enabling RNG early entropy source...
03:13:43.850 I (52) boot: Partition Table:
03:13:43.850 I (54) boot: ## Label            Usage          Type ST Offset   Length
03:13:43.850 I (60) boot:  0 nvs              WiFi data        01 02 00009000 00006000
03:13:43.850 I (67) boot:  1 phy_init         RF data          01 01 0000f000 00001000
03:13:43.850 I (73) boot:  2 factory          factory app      00 00 00010000 00177000
03:13:43.850 I (80) boot: End of partition table
03:13:43.850 I (83) esp_image: segment 0: paddr=00010020 vaddr=3c0d0020 size=35c90h (220304) map
03:13:43.850 I (125) esp_image: segment 1: paddr=00045cb8 vaddr=3fc95800 size=04c38h ( 19512) load
03:13:43.850 I (129) esp_image: segment 2: paddr=0004a8f8 vaddr=40378000 size=05720h ( 22304) load
03:13:43.850 I (134) esp_image: segment 3: paddr=00050020 vaddr=42000020 size=ceaach (846508) map
03:13:43.850 I (267) esp_image: segment 4: paddr=0011ead4 vaddr=4037d720 size=07fd8h ( 32728) load
03:13:43.850 I (274) esp_image: segment 5: paddr=00126ab4 vaddr=50000000 size=00020h (    32) load
03:13:43.850 I (280) boot: Loaded app from partition at offset 0x10000
03:13:43.850 I (280) boot: Disabling RNG early entropy source...
03:13:43.850 I (292) cpu_start: Multicore app
03:13:43.850 I (301) cpu_start: GPIO 44 and 43 are used as console UART I/O pins
03:13:43.850 I (301) cpu_start: Pro cpu start user code
03:13:43.850 I (301) cpu_start: cpu freq: 240000000 Hz
03:13:43.850 I (303) app_init: Application information:
03:13:43.850 I (307) app_init: Project name:     kws_s3
03:13:43.850 I (311) app_init: App version:      5eda810
03:13:43.850 I (315) app_init: Compile time:     Sep 30 2026 03:12:18
03:13:43.850 I (320) app_init: ELF file SHA256:  5a88f625a...
03:13:43.850 I (324) app_init: ESP-IDF:          v5.5.5
03:13:43.850 I (328) efuse_init: Min chip rev:     v0.0
03:13:43.850 I (332) efuse_init: Max chip rev:     v0.99
03:13:43.850 I (336) efuse_init: Chip rev:         v0.2
03:13:43.850 I (339) heap_init: Initializing. RAM available for dynamic allocation:
03:13:43.850 I (346) heap_init: At 3FCA0028 len 000496E8 (293 KiB): RAM
03:13:43.850 I (351) heap_init: At 3FCE9710 len 00005724 (21 KiB): RAM
03:13:43.850 I (356) heap_init: At 600FE000 len 00001FE8 (7 KiB): RTCRAM
03:13:43.850 I (362) spi_flash: detected chip: boya
03:13:43.850 I (365) spi_flash: flash io: qio
03:13:43.850 W (368) spi_flash: Detected size(16384k) larger than the size in the binary image header(4096k). Using the size in the binary image header.
03:13:43.850 I (380) sleep_gpio: Configure to isolate all GPIO pins in sleep state
03:13:43.850 I (386) sleep_gpio: Enable automatic switching of GPIO sleep configuration
03:13:43.850 I (393) main_task: Started on CPU0
03:13:43.850 I (411) main_task: Calling app_main()
03:13:43.850 W (412) kws: RAM limit test: 163 KB reserved, the firmware has 202 KB (static data + heap) + 54 KB IRAM code = 256 KB to work with
03:13:43.851 
03:13:43.851 ==================== SIH KWS firmware ====================
03:13:43.851  chip      : esp32s3 rev v0.2, 2 cores, flash 4 MB
03:13:43.851  ESP-IDF   : v5.5.5
03:13:43.851  RAM       : 42 KB static data, 134 KB heap free (code in IRAM: 54 KB, counted in the SIH total)
03:13:43.851  model     : marvin.tflite (60896 bytes, stored in flash)
03:13:43.851 ===========================================================
03:13:43.851 
03:13:43.851 [heap] start of app_main            137748 B free (of 331252 B)
03:13:43.851 I (480) kws: model ready: wake word "marvin", threshold 0.60 (json), window 5, input 3x40 int8
03:13:43.851 I (485) kws: model RAM: tensor arena 25964 of 26624 bytes used; engine total 38 KB of heap
03:13:43.851 
03:13:43.851 ------------------------ SELF-TEST ------------------------
03:13:43.851  noise only (3 s)   : PASS - stayed quiet  (highest score 0.01, threshold 0.60)
03:13:43.851  wake word recording: skipped - no WAV file in the model folder (optional)
03:13:43.851 -----------------------------------------------------------
03:13:43.851 
03:13:43.851 [heap] model + features + self-test took  40720 B,  97028 B free
03:13:44.058 I (720) audio: I2S running: 16 kHz, 32-bit slots, both channels, SCK=16 WS=15 SD=17, gain x1
03:13:44.821 I (1222) kws: microphones: left (L/R to GND) -24.0 dBFS, right (L/R to 3V3) -19.7 dBFS, similarity 0.58 -> using both (time-aligned, mixed by their noise)
03:13:44.821 [heap] I2S + ring + audio task      took  20772 B,  76256 B free
03:13:44.822 I (1237) kws: listening for "marvin" ...
03:13:44.822 I (1241) pp: pp rom version: e7ae62f
03:13:44.822 I (1245) net80211: net80211 rom version: e7ae62f
03:13:44.822 I (1249) wifi:wifi driver task: 3fcdd4e8, prio:23, stack:6656, core=0
03:13:44.822 I (1254) wifi:wifi firmware version: b9f67df
03:13:44.822 I (1259) wifi:wifi certification version: v7.0
03:13:44.822 I (1262) wifi:config NVS flash: disabled
03:13:44.822 I (1267) wifi:config nano formatting: disabled
03:13:44.822 I (1270) wifi:Init data frame dynamic rx buffer num: 16
03:13:44.822 I (1276) wifi:Init static rx mgmt buffer num: 5
03:13:44.822 I (1279) wifi:Init management short buffer num: 10
03:13:44.822 I (1284) wifi:Init dynamic tx buffer num: 16
03:13:44.822 I (1290) wifi:Init static tx FG buffer num: 2
03:13:44.822 I (1292) wifi:Init static rx buffer size: 1600
03:13:44.822 I (1298) wifi:Init static rx buffer num: 4
03:13:44.822 I (1301) wifi:Init dynamic rx buffer num: 16
03:13:44.822 I (1304) wifi_init: accept mbox: 6
03:13:44.822 I (1306) wifi_init: tcpip mbox: 32
03:13:44.822 I (1312) wifi_init: udp mbox: 6
03:13:44.822 I (1314) wifi_init: tcp mbox: 6
03:13:44.822 I (1317) wifi_init: tcp tx win: 5760
03:13:44.822 I (1320) wifi_init: tcp rx win: 5760
03:13:44.822 I (1323) wifi_init: tcp mss: 1440
03:13:44.822 I (1326) phy_init: phy_version 712,87e8c20e,Apr 13 2026,18:51:10
03:13:44.822 I (1360) wifi:mode : sta (e0:72:a1:d5:32:74)
03:13:44.822 I (1361) wifi:enable tsf
03:13:44.822 I (1364) wifi:Set ps type: 0, coexist: 0
03:13:44.822 
03:13:44.822 I (1367) wifi: connecting to "ARYA 9252" ...
03:13:44.822 [heap] Wi-Fi driver + netif         took  37896 B,  38360 B free
03:13:44.822 W (1379) stream: cannot reach the server ws://192.168.137.1:3000/ws (is it running? same network?) - retrying every second
03:13:44.822 [heap] WebSocket client + streamer  took  12900 B,  25460 B free
03:13:44.822 I (1495) wifi:state: init -> auth (0xb0)
03:13:45.844 I (2496) wifi:state: auth -> init (0x200)
03:13:45.844 W (2498) wifi: cannot connect (reason 2). Check the name/password in menuconfig; the ESP32 needs a 2.4 GHz network (201 = network not found, 15/204 = wrong password)
03:13:48.189 I (4864) wifi:state: init -> auth (0xb0)
03:13:49.195 I (5866) wifi:state: auth -> init (0x200)
03:13:51.566 I (8241) wifi:state: init -> auth (0xb0)
03:13:52.580 I (9243) wifi:state: auth -> init (0x200)
03:13:54.950 [status] up 11s | mic -39.8 dBFS (peak -33.5) | score max 0.01 | detections 0 | inferences 206 (20.6/s; model 0.94 ms each, paused in quiet 42%; features 1.32 ms per 30 ms) | CPU core0 -1.0% core1 -1.0% (wake word pipeline 7.51% of one core) | RAM used 177 KB (peak 177 KB; peak + IRAM code 231 KB of the 256 KB limit, 24 KB free) | wifi --, server -- | mics: mix left 47% right 53% (right noise -0.6 dB), right +11 us after left (talker 4 deg to the left), 39 estimates | audio lost since boot: i2s 0 net 0
03:13:54.951 [tasks] % of one core (free stack): main@0=-1.00(912) IDLE1@1=-1.00(720) IDLE0@0=-1.00(728) audio_kws@1=-1.00(832) tiT@*=-1.00(2092) websocket_task@*=-1.00(956) Tmr Svc@*=-1.00(856) streamer@0=-1.00(2436) sys_evt@0=-1.00(576) wifi@0=-1.00(3244) esp_timer@0=-1.00(1600) ipc0@0=-1.00(272) ipc1@1=-1.00(280)
03:13:54.951 I (11623) wifi:state: init -> auth (0xb0)
03:13:55.961 I (12625) wifi:state: auth -> init (0x200)
03:13:58.324 I (15000) wifi:state: init -> auth (0xb0)
03:13:59.331 I (16001) wifi:state: auth -> init (0x200)
03:14:01.705 I (18380) wifi:state: init -> auth (0xb0)
03:14:02.706 I (19382) wifi:state: auth -> init (0x200)
03:14:04.772 [status] up 21s | mic -38.7 dBFS (peak -30.1) | score max 0.00 | detections 0 | inferences 258 (25.8/s; model 0.92 ms each, paused in quiet 27%; features 1.32 ms per 30 ms) | CPU core0  1.1% core1  8.1% (wake word pipeline 7.82% of one core) | RAM used 177 KB (peak 178 KB; peak + IRAM code 232 KB of the 256 KB limit, 24 KB free) | wifi --, server -- | mics: mix left 46% right 54% (right noise -0.7 dB), right +11 us after left (talker 4 deg to the left), 39 estimates | audio lost since boot: i2s 0 net 0
03:14:05.091 I (21758) wifi:state: init -> auth (0xb0)
03:14:06.091 I (22760) wifi:state: auth -> init (0x200)
03:14:08.390 I (25057) wifi:state: init -> auth (0xb0)
03:14:09.391 I (26058) wifi:state: auth -> init (0x200)
03:14:11.747 I (28414) wifi:state: init -> auth (0xb0)
03:14:12.750 I (29416) wifi:state: auth -> init (0x200)
03:14:14.785 [status] up 31s | mic -39.9 dBFS (peak -32.8) | score max 0.00 | detections 0 | inferences 102 (10.2/s; model 0.90 ms each, paused in quiet 70%; features 1.34 ms per 30 ms) | CPU core0  1.2% core1  6.5% (wake word pipeline 6.27% of one core) | RAM used 177 KB (peak 178 KB; peak + IRAM code 232 KB of the 256 KB limit, 24 KB free) | wifi --, server -- | mics: mix left 45% right 55% (right noise -0.9 dB), right +11 us after left (talker 4 deg to the left), 39 estimates | audio lost since boot: i2s 0 net 0
03:14:15.033 I (31711) wifi:state: init -> auth (0xb0)
03:14:16.049 I (32713) wifi:state: auth -> init (0x200)
03:14:18.400 I (35070) wifi:state: init -> auth (0xb0)
03:14:19.421 I (36072) wifi:state: auth -> init (0x200)
03:14:19.421 W (36074) wifi: cannot connect (reason 2). Check the name/password in menuconfig; the ESP32 needs a 2.4 GHz network (201 = network not found, 15/204 = wrong password)
03:14:21.773 I (38450) wifi:state: init -> auth (0xb0)
03:14:22.788 I (39452) wifi:state: auth -> init (0x200)
03:14:24.788 [status] up 41s | mic -40.0 dBFS (peak -35.4) | score max 0.00 | detections 0 | inferences 0 (0.0/s; model 0.00 ms each, paused in quiet 100%; features 1.37 ms per 30 ms) | CPU core0  1.0% core1  5.5% (wake word pipeline 5.33% of one core) | RAM used 177 KB (peak 178 KB; peak + IRAM code 232 KB of the 256 KB limit, 24 KB free) | wifi --, server -- | mics: mix left 45% right 55% (right noise -0.9 dB), right +11 us after left (talker 4 deg to the left), 39 estimates | audio lost since boot: i2s 0 net 0
03:14:25.160 I (41829) wifi:state: init -> auth (0xb0)
03:14:26.163 I (42831) wifi:state: auth -> init (0x200)
03:14:28.530 I (45208) wifi:state: init -> auth (0xb0)
03:14:29.541 I (46210) wifi:state: auth -> init (0x200)
03:14:31.914 I (48589) wifi:state: init -> auth (0xb0)
03:14:32.919 I (49591) wifi:state: auth -> init (0x200)
03:14:34.791 [status] up 51s | mic -40.6 dBFS (peak -35.5) | score max 0.00 | detections 0 | inferences 83 (8.3/s; model 0.88 ms each, paused in quiet 76%; features 1.30 ms per 30 ms) | CPU core0  0.9% core1  6.3% (wake word pipeline 6.08% of one core) | RAM used 177 KB (peak 178 KB; peak + IRAM code 232 KB of the 256 KB limit, 24 KB free) | wifi --, server -- | mics: mix left 46% right 54% (right noise -0.7 dB), right +11 us after left (talker 4 deg to the left), 39 estimates | audio lost since boot: i2s 0 net 0
03:14:35.301 I (51967) wifi:state: init -> auth (0xb0)
03:14:36.301 I (52969) wifi:state: auth -> init (0x200)
03:14:38.670 I (55347) wifi:state: init -> auth (0xb0)
03:14:39.675 I (56349) wifi:state: auth -> init (0x200)
03:14:41.967 I (58646) wifi:state: init -> auth (0xb0)
03:14:42.972 I (59648) wifi:state: auth -> init (0x200)
03:14:44.782 [status] up 61s | mic -39.6 dBFS (peak -33.5) | score max 0.00 | detections 0 | inferences 256 (25.6/s; model 0.91 ms each, paused in quiet 28%; features 1.31 ms per 30 ms) | CPU core0  1.0% core1  8.0% (wake word pipeline 7.77% of one core) | RAM used 177 KB (peak 178 KB; peak + IRAM code 232 KB of the 256 KB limit, 24 KB free) | wifi --, server -- | mics: mix left 45% right 55% (right noise -0.8 dB), right +11 us after left (talker 4 deg to the left), 39 estimates | audio lost since boot: i2s 0 net 0
03:14:45.330 I (62005) wifi:state: init -> auth (0xb0)
03:14:46.337 I (63007) wifi:state: auth -> init (0x200)
03:14:48.714 I (65383) wifi:state: init -> auth (0xb0)
03:14:49.711 I (66385) wifi:state: auth -> init (0x200)
03:14:52.015 I (68680) wifi:state: init -> auth (0xb0)
03:14:53.025 I (69682) wifi:state: auth -> init (0x200)
03:14:53.025 W (69684) wifi: cannot connect (reason 2). Check the name/password in menuconfig; the ESP32 needs a 2.4 GHz network (201 = network not found, 15/204 = wrong password)
03:14:54.815 [status] up 71s | mic -39.9 dBFS (peak -34.9) | score max 0.00 | detections 0 | inferences 70 (7.0/s; model 0.92 ms each, paused in quiet 80%; features 1.34 ms per 30 ms) | CPU core0  1.4% core1  6.2% (wake word pipeline 5.99% of one core) | RAM used 177 KB (peak 178 KB; peak + IRAM code 232 KB of the 256 KB limit, 24 KB free) | wifi --, server -- | mics: mix left 47% right 53% (right noise -0.6 dB), right +11 us after left (talker 4 deg to the left), 39 estimates | audio lost since boot: i2s 0 net 0
03:14:54.815 [tasks] % of one core (free stack): main@0=0.26(912) IDLE1@1=93.26(720) IDLE0@0=98.89(728) audio_kws@1=6.71(832) websocket_task@*=0.11(956) tiT@*=0.06(2092) ipc1@1=0.00(280) sys_evt@0=0.05(544) wifi@0=0.59(3148) esp_timer@0=0.08(1600) Tmr Svc@*=0.00(856) streamer@0=0.00(2436) ipc0@0=0.00(272)
03:14:55.364 I (72038) wifi:state: init -> auth (0xb0)
03:14:56.367 I (73040) wifi:state: auth -> init (0x200)
03:14:58.743 I (75420) wifi:state: init -> auth (0xb0)
03:14:59.756 I (76422) wifi:state: auth -> init (0x200)
03:15:02.128 I (78797) wifi:state: init -> auth (0xb0)
03:15:03.120 I (79799) wifi:state: auth -> init (0x200)
03:15:04.796 [status] up 81s | mic -39.6 dBFS (peak -32.8) | score max 0.00 | detections 0 | inferences 91 (9.1/s; model 0.93 ms each, paused in quiet 73%; features 1.34 ms per 30 ms) | CPU core0  1.0% core1  6.4% (wake word pipeline 6.23% of one core) | RAM used 177 KB (peak 178 KB; peak + IRAM code 232 KB of the 256 KB limit, 24 KB free) | wifi --, server -- | mics: mix left 43% right 57% (right noise -1.3 dB), right +11 us after left (talker 4 deg to the left), 39 estimates | audio lost since boot: i2s 0 net 0
03:15:05.510 I (82175) wifi:state: init -> auth (0xb0)
03:15:06.510 I (83177) wifi:state: auth -> init (0x200)
03:15:08.890 I (85557) wifi:state: init -> auth (0xb0)
03:15:09.882 I (86558) wifi:state: auth -> init (0x200)
03:15:12.182 I (88854) wifi:state: init -> auth (0xb0)
03:15:13.178 I (89855) wifi:state: auth -> init (0x200)
03:15:14.798 [status] up 91s | mic -39.9 dBFS (peak -33.2) | score max 0.00 | detections 0 | inferences 124 (12.4/s; model 0.91 ms each, paused in quiet 65%; features 1.31 ms per 30 ms) | CPU core0  1.0% core1  6.7% (wake word pipeline 6.50% of one core) | RAM used 177 KB (peak 178 KB; peak + IRAM code 232 KB of the 256 KB limit, 24 KB free) | wifi --, server -- | mics: mix left 45% right 55% (right noise -0.9 dB), right +11 us after left (talker 4 deg to the left), 39 estimates | audio lost since boot: i2s 0 net 0
03:15:15.542 I (92214) wifi:state: init -> auth (0xb0)
03:15:16.541 I (93216) wifi:state: auth -> init (0x200)
03:15:18.915 I (95593) wifi:state: init -> auth (0xb0)
03:15:19.925 I (96594) wifi:state: auth -> init (0x200)
03:15:22.298 I (98973) wifi:state: init -> auth (0xb0)
03:15:23.297 I (99975) wifi:state: auth -> init (0x200)
03:15:24.792 [status] up 101s | mic -32.3 dBFS (peak -19.0) | score max 0.02 | detections 0 | inferences 334 (33.4/s; model 0.91 ms each, paused in quiet 2%; features 1.36 ms per 30 ms) | CPU core0  1.0% core1  8.8% (wake word pipeline 8.50% of one core) | RAM used 177 KB (peak 178 KB; peak + IRAM code 232 KB of the 256 KB limit, 24 KB free) | wifi --, server -- | mics: mix left 45% right 55% (right noise -0.8 dB), right +56 us after left (talker 20 deg to the left), 45 estimates | audio lost since boot: i2s 0 net 0
03:15:25.686 I (102353) wifi:state: init -> auth (0xb0)
03:15:26.692 I (103354) wifi:state: auth -> init (0x200)
03:15:26.692 W (103356) wifi: cannot connect (reason 2). Check the name/password in menuconfig; the ESP32 needs a 2.4 GHz network (201 = network not found, 15/204 = wrong password)
03:15:29.053 I (105732) wifi:state: init -> auth (0xb0)
03:15:30.063 I (106733) wifi:state: auth -> init (0x200)
03:15:32.443 I (109111) wifi:state: init -> auth (0xb0)
03:15:33.439 I (110113) wifi:state: auth -> init (0x200)
03:15:34.795 [status] up 111s | mic -31.4 dBFS (peak -19.3) | score max 0.01 | detections 0 | inferences 332 (33.3/s; model 0.91 ms each, paused in quiet 0%; features 1.40 ms per 30 ms) | CPU core0  1.5% core1  8.7% (wake word pipeline 8.50% of one core) | RAM used 177 KB (peak 178 KB; peak + IRAM code 232 KB of the 256 KB limit, 24 KB free) | wifi --, server -- | mics: mix left 44% right 56% (right noise -1.1 dB), right +59 us after left (talker 21 deg to the left), 56 estimates | audio lost since boot: i2s 0 net 0
03:15:35.816 I (112490) wifi:state: init -> auth (0xb0)
03:15:36.812 I (113491) wifi:state: auth -> init (0x200)
03:15:39.202 I (115869) wifi:state: init -> auth (0xb0)
03:15:40.197 I (116870) wifi:state: auth -> init (0x200)
03:15:42.489 I (119168) wifi:state: init -> auth (0xb0)
03:15:43.503 I (120170) wifi:state: auth -> init (0x200)
03:15:44.795 [status] up 121s | mic -30.3 dBFS (peak -16.9) | score max 0.00 | detections 0 | inferences 334 (33.4/s; model 0.91 ms each, paused in quiet 0%; features 1.39 ms per 30 ms) | CPU core0  1.1% core1  8.7% (wake word pipeline 8.49% of one core) | RAM used 177 KB (peak 178 KB; peak + IRAM code 232 KB of the 256 KB limit, 24 KB free) | wifi --, server -- | mics: mix left 41% right 59% (right noise -1.6 dB), right +75 us after left (talker 28 deg to the left), 67 estimates | audio lost since boot: i2s 0 net 0
03:15:45.859 I (122526) wifi:state: init -> auth (0xb0)
03:15:46.857 I (123528) wifi:state: auth -> init (0x200)
03:15:49.159 I (125829) wifi:state: init -> auth (0xb0)
03:15:50.152 I (126830) wifi:state: auth -> init (0x200)
03:15:52.503 I (129182) wifi:state: init -> auth (0xb0)
03:15:53.510 I (130184) wifi:state: auth -> init (0x200)
03:15:54.831 [status] up 131s | mic -32.8 dBFS (peak -19.7) | score max 0.00 | detections 0 | inferences 333 (33.3/s; model 0.90 ms each, paused in quiet 0%; features 1.40 ms per 30 ms) | CPU core0  1.1% core1  8.7% (wake word pipeline 8.47% of one core) | RAM used 177 KB (peak 178 KB; peak + IRAM code 232 KB of the 256 KB limit, 24 KB free) | wifi --, server -- | mics: mix left 39% right 61% (right noise -1.9 dB), right +39 us after left (talker 14 deg to the left), 72 estimates | audio lost since boot: i2s 0 net 0
03:15:54.831 [tasks] % of one core (free stack): main@0=0.21(912) IDLE1@1=91.99(720) IDLE0@0=98.90(728) audio_kws@1=7.98(832) websocket_task@*=0.11(956) tiT@*=0.06(2076) ipc0@0=0.00(272) sys_evt@0=0.01(416) esp_timer@0=0.09(1600) ipc1@1=0.00(280) wifi@0=0.66(3148) Tmr Svc@*=0.00(856) streamer@0=0.00(2436)
03:15:55.888 I (132562) wifi:state: init -> auth (0xb0)
03:15:56.891 I (133563) wifi:state: auth -> init (0x200)
03:15:59.268 I (135941) wifi:state: init -> auth (0xb0)
03:16:00.289 I (136943) wifi:state: auth -> init (0x200)
03:16:00.289 W (136944) wifi: cannot connect (reason 2). Check the name/password in menuconfig; the ESP32 needs a 2.4 GHz network (201 = network not found, 15/204 = wrong password)
03:16:02.653 I (139320) wifi:state: init -> auth (0xb0)
03:16:03.651 I (140322) wifi:state: auth -> init (0x200)
03:16:04.815 [status] up 141s | mic -32.5 dBFS (peak -20.3) | score max 0.00 | detections 0 | inferences 334 (33.4/s; model 0.91 ms each, paused in quiet 0%; features 1.40 ms per 30 ms) | CPU core0  1.2% core1  8.8% (wake word pipeline 8.52% of one core) | RAM used 177 KB (peak 178 KB; peak + IRAM code 232 KB of the 256 KB limit, 24 KB free) | wifi --, server -- | mics: mix left 43% right 57% (right noise -1.3 dB), right +43 us after left (talker 16 deg to the left), 79 estimates | audio lost since boot: i2s 0 net 0
03:16:06.021 I (142698) wifi:state: init -> auth (0xb0)
03:16:07.032 I (143700) wifi:state: auth -> init (0x200)
03:16:09.318 I (145998) wifi:state: init -> auth (0xb0)
03:16:10.330 I (147000) wifi:state: auth -> init (0x200)
03:16:12.678 I (149356) wifi:state: init -> auth (0xb0)
03:16:13.688 I (150357) wifi:state: auth -> init (0x200)
03:16:14.811 [status] up 151s | mic -30.9 dBFS (peak -17.2) | score max 0.00 | detections 0 | inferences 333 (33.3/s; model 0.90 ms each, paused in quiet 0%; features 1.40 ms per 30 ms) | CPU core0  1.4% core1  8.7% (wake word pipeline 8.48% of one core) | RAM used 177 KB (peak 178 KB; peak + IRAM code 232 KB of the 256 KB limit, 24 KB free) | wifi --, server -- | mics: mix left 44% right 56% (right noise -1.0 dB), right +50 us after left (talker 18 deg to the left), 92 estimates | audio lost since boot: i2s 0 net 0
03:16:16.067 I (152735) wifi:state: init -> auth (0xb0)
03:16:17.060 I (153736) wifi:state: auth -> init (0x200)
03:16:19.435 I (156114) wifi:state: init -> auth (0xb0)
03:16:20.441 I (157116) wifi:state: auth -> init (0x200)
03:16:22.823 I (159494) wifi:state: init -> auth (0xb0)
03:16:23.819 I (160495) wifi:state: auth -> init (0x200)
03:16:24.813 [status] up 161s | mic -31.2 dBFS (peak -19.5) | score max 0.00 | detections 0 | inferences 334 (33.4/s; model 0.90 ms each, paused in quiet 0%; features 1.39 ms per 30 ms) | CPU core0  1.0% core1  8.7% (wake word pipeline 8.47% of one core) | RAM used 177 KB (peak 178 KB; peak + IRAM code 232 KB of the 256 KB limit, 24 KB free) | wifi --, server -- | mics: mix left 40% right 60% (right noise -1.8 dB), right +61 us after left (talker 22 deg to the left), 101 estimates | audio lost since boot: i2s 0 net 0
03:16:26.202 I (162873) wifi:state: init -> auth (0xb0)
03:16:27.201 I (163875) wifi:state: auth -> init (0x200)
03:16:29.502 I (166175) wifi:state: init -> auth (0xb0)
03:16:30.493 I (167176) wifi:state: auth -> init (0x200)
03:16:32.849 I (169529) wifi:state: init -> auth (0xb0)
03:16:33.873 I (170531) wifi:state: auth -> init (0x200)
03:16:33.873 W (170533) wifi: cannot connect (reason 2). Check the name/password in menuconfig; the ESP32 needs a 2.4 GHz network (201 = network not found, 15/204 = wrong password)
03:16:34.821 [status] up 171s | mic -33.3 dBFS (peak -22.9) | score max 0.00 | detections 0 | inferences 333 (33.3/s; model 0.90 ms each, paused in quiet 0%; features 1.40 ms per 30 ms) | CPU core0  1.1% core1  8.7% (wake word pipeline 8.48% of one core) | RAM used 177 KB (peak 178 KB; peak + IRAM code 232 KB of the 256 KB limit, 24 KB free) | wifi --, server -- | mics: mix left 44% right 56% (right noise -1.1 dB), right +51 us after left (talker 18 deg to the left), 108 estimates | audio lost since boot: i2s 0 net 0
03:16:36.226 I (172909) wifi:state: init -> auth (0xb0)
03:16:37.231 I (173910) wifi:state: auth -> init (0x200)
03:16:39.618 I (176289) wifi:state: init -> auth (0xb0)
03:16:40.610 I (177290) wifi:state: auth -> init (0x200)
03:16:42.998 I (179667) wifi:state: init -> auth (0xb0)
03:16:43.994 I (180669) wifi:state: auth -> init (0x200)
03:16:44.818 [status] up 181s | mic -33.7 dBFS (peak -21.0) | score max 0.00 | detections 0 | inferences 333 (33.4/s; model 0.91 ms each, paused in quiet 0%; features 1.39 ms per 30 ms) | CPU core0  1.4% core1  8.7% (wake word pipeline 8.48% of one core) | RAM used 177 KB (peak 178 KB; peak + IRAM code 232 KB of the 256 KB limit, 24 KB free) | wifi --, server -- | mics: mix left 45% right 55% (right noise -1.0 dB), right +72 us after left (talker 27 deg to the left), 115 estimates | audio lost since boot: i2s 0 net 0
03:16:46.376 I (183046) wifi:state: init -> auth (0xb0)
03:16:47.374 I (184047) wifi:state: auth -> init (0x200)
03:16:49.755 I (186425) wifi:state: init -> auth (0xb0)
03:16:50.747 I (187426) wifi:state: auth -> init (0x200)
03:16:53.133 I (189804) wifi:state: init -> auth (0xb0)
03:16:54.124 I (190806) wifi:state: auth -> init (0x200)
03:16:54.851 [status] up 191s | mic -30.9 dBFS (peak -19.6) | score max 0.00 | detections 0 | inferences 333 (33.3/s; model 0.92 ms each, paused in quiet 1%; features 1.38 ms per 30 ms) | CPU core0  1.1% core1  8.8% (wake word pipeline 8.53% of one core) | RAM used 177 KB (peak 178 KB; peak + IRAM code 232 KB of the 256 KB limit, 24 KB free) | wifi --, server -- | mics: mix left 40% right 60% (right noise -1.7 dB), right +48 us after left (talker 17 deg to the left), 130 estimates | audio lost since boot: i2s 0 net 0
03:16:54.851 [tasks] % of one core (free stack): main@0=0.27(912) IDLE1@1=91.26(720) IDLE0@0=98.78(728) audio_kws@1=8.70(736) websocket_task@*=0.11(956) tiT@*=0.06(2076) streamer@0=0.00(2436) sys_evt@0=0.03(416) ipc0@0=0.00(272) wifi@0=0.69(3148) esp_timer@0=0.09(1600) ipc1@1=0.00(280) Tmr Svc@*=0.00(856)
03:16:56.430 I (193104) wifi:state: init -> auth (0xb0)
03:16:57.423 I (194106) wifi:state: auth -> init (0x200)
03:16:59.793 I (196462) wifi:state: init -> auth (0xb0)
03:17:00.794 I (197463) wifi:state: auth -> init (0x200)
03:17:03.161 I (199841) wifi:state: init -> auth (0xb0)
03:17:04.166 I (200843) wifi:state: auth -> init (0x200)
03:17:04.835 [status] up 201s | mic -32.0 dBFS (peak -18.4) | score max 0.00 | detections 0 | inferences 334 (33.4/s; model 0.91 ms each, paused in quiet 0%; features 1.40 ms per 30 ms) | CPU core0  1.1% core1  8.8% (wake word pipeline 8.52% of one core) | RAM used 177 KB (peak 178 KB; peak + IRAM code 232 KB of the 256 KB limit, 24 KB free) | wifi --, server -- | mics: mix left 42% right 58% (right noise -1.3 dB), right +77 us after left (talker 29 deg to the left), 138 estimates | audio lost since boot: i2s 0 net 0
03:17:06.539 I (203220) wifi:state: init -> auth (0xb0)
03:17:07.562 I (204222) wifi:state: auth -> init (0x200)
03:17:07.562 W (204224) wifi: cannot connect (reason 2). Check the name/password in menuconfig; the ESP32 needs a 2.4 GHz network (201 = network not found, 15/204 = wrong password)
03:17:09.925 I (206599) wifi:state: init -> auth (0xb0)
03:17:10.922 I (207601) wifi:state: auth -> init (0x200)
03:17:13.477 I (209979) wifi:state: init -> auth (0xb0)
03:17:13.477 I (209994) wifi:state: auth -> assoc (0x0)
03:17:13.477 I (210011) wifi:state: assoc -> run (0x10)
03:17:13.477 I (210055) wifi:connected with ARYA 9252, aid = 6, channel 1, BW20, bssid = 9a:5f:41:45:73:c9
03:17:13.477 I (210059) wifi:security: WPA2-PSK, phy: bgn, rssi: -28, cipher(pairwise:0x3, group:0x3), pmf:0
03:17:13.477 I (210067) wifi:pm start, type: 0
03:17:13.477 
03:17:13.477 I (210070) wifi:dp: 1, bi: 102400, li: 3, scale listen interval from 307200 us to 307200 us
03:17:13.477 I (210078) wifi:set rx beacon pti, rx_bcn_pti: 0, bcn_timeout: 25000, mt_pti: 0, mt_time: 10000
03:17:13.477 I (210146) wifi:AP's beacon interval = 102400 us, DTIM period = 3
03:17:14.843 [status] up 211s | mic -31.8 dBFS (peak -19.1) | score max 0.00 | detections 0 | inferences 332 (33.2/s; model 0.90 ms each, paused in quiet 0%; features 1.40 ms per 30 ms) | CPU core0  1.3% core1  8.7% (wake word pipeline 8.48% of one core) | RAM used 177 KB (peak 179 KB; peak + IRAM code 233 KB of the 256 KB limit, 24 KB free) | wifi --, server -- | mics: mix left 42% right 58% (right noise -1.4 dB), right +79 us after left (talker 30 deg to the left), 150 estimates | audio lost since boot: i2s 0 net 0
03:17:24.847 [status] up 221s | mic -32.9 dBFS (peak -20.4) | score max 0.00 | detections 0 | inferences 334 (33.4/s; model 0.89 ms each, paused in quiet 0%; features 1.39 ms per 30 ms) | CPU core0  0.6% core1  8.7% (wake word pipeline 8.43% of one core) | RAM used 177 KB (peak 179 KB; peak + IRAM code 233 KB of the 256 KB limit, 24 KB free) | wifi --, server -- | mics: mix left 44% right 56% (right noise -1.0 dB), right +78 us after left (talker 29 deg to the left), 157 estimates | audio lost since boot: i2s 0 net 0
03:17:34.852 [status] up 231s | mic -31.2 dBFS (peak -16.7) | score max 0.00 | detections 0 | inferences 334 (33.4/s; model 0.89 ms each, paused in quiet 0%; features 1.39 ms per 30 ms) | CPU core0  1.0% core1  8.6% (wake word pipeline 8.41% of one core) | RAM used 177 KB (peak 179 KB; peak + IRAM code 233 KB of the 256 KB limit, 24 KB free) | wifi --, server -- | mics: mix left 45% right 55% (right noise -0.8 dB), right +69 us after left (talker 25 deg to the left), 167 estimates | audio lost since boot: i2s 0 net 0
03:17:36.077 I (232746) esp_netif_handlers: sta ip: 192.168.137.254, mask: 255.255.255.0, gw: 192.168.137.1
03:17:36.077 I (232750) wifi: connected, IP address 192.168.137.254
03:17:36.295 I (232962) wifi:[ADDBA]RX DELBA, reason:37, delete tid:0, initiator:1(originator)
03:17:36.970 I (233650) stream: connected to the server ws://192.168.137.1:3000/ws
03:17:44.865 [status] up 241s | mic -31.1 dBFS (peak -19.1) | score max 0.00 | detections 0 | inferences 332 (33.2/s; model 0.91 ms each, paused in quiet 0%; features 1.40 ms per 30 ms) | CPU core0  1.0% core1  8.8% (wake word pipeline 8.49% of one core) | RAM used 178 KB (peak 181 KB; peak + IRAM code 235 KB of the 256 KB limit, 23 KB free) | wifi OK, server OK | mics: mix left 46% right 54% (right noise -0.8 dB), right +72 us after left (talker 27 deg to the left), 179 estimates | audio lost since boot: i2s 0 net 0
03:17:54.885 [status] up 251s | mic -32.3 dBFS (peak -20.8) | score max 0.00 | detections 0 | inferences 334 (33.4/s; model 0.89 ms each, paused in quiet 0%; features 1.39 ms per 30 ms) | CPU core0  0.7% core1  8.7% (wake word pipeline 8.43% of one core) | RAM used 178 KB (peak 181 KB; peak + IRAM code 235 KB of the 256 KB limit, 23 KB free) | wifi OK, server OK | mics: mix left 40% right 60% (right noise -1.8 dB), right +85 us after left (talker 32 deg to the left), 188 estimates | audio lost since boot: i2s 0 net 0
03:17:54.885 [tasks] % of one core (free stack): main@0=0.24(912) IDLE1@1=91.28(720) IDLE0@0=98.98(728) audio_kws@1=8.67(736) tiT@*=0.11(1452) websocket_task@*=0.15(956) sys_evt@0=0.04(416) Tmr Svc@*=0.00(856) esp_timer@0=0.04(1600) streamer@0=0.00(2436) wifi@0=0.46(3148) ipc0@0=0.00(272) ipc1@1=0.00(280)
03:18:04.862 [status] up 261s | mic -32.6 dBFS (peak -20.0) | score max 0.00 | detections 0 | inferences 334 (33.4/s; model 0.89 ms each, paused in quiet 0%; features 1.39 ms per 30 ms) | CPU core0  1.3% core1  8.7% (wake word pipeline 8.43% of one core) | RAM used 178 KB (peak 181 KB; peak + IRAM code 235 KB of the 256 KB limit, 23 KB free) | wifi OK, server OK | mics: mix left 44% right 56% (right noise -1.0 dB), right +66 us after left (talker 24 deg to the left), 198 estimates | audio lost since boot: i2s 0 net 0
03:18:12.299 I (268966) wifi:[ADDBA]RX DELBA, reason:37, delete tid:0, initiator:1(originator)
03:18:14.871 [status] up 271s | mic -32.4 dBFS (peak -19.0) | score max 0.00 | detections 0 | inferences 333 (33.3/s; model 0.90 ms each, paused in quiet 0%; features 1.39 ms per 30 ms) | CPU core0  0.8% core1  8.7% (wake word pipeline 8.44% of one core) | RAM used 178 KB (peak 181 KB; peak + IRAM code 235 KB of the 256 KB limit, 23 KB free) | wifi OK, server OK | mics: mix left 43% right 57% (right noise -1.2 dB), right +40 us after left (talker 15 deg to the left), 205 estimates | audio lost since boot: i2s 0 net 0
03:18:20.908 I (277580) wifi:[ADDBA]RX DELBA, reason:37, delete tid:0, initiator:1(originator)
03:18:24.870 [status] up 281s | mic -31.3 dBFS (peak -19.4) | score max 0.00 | detections 0 | inferences 333 (33.3/s; model 0.90 ms each, paused in quiet 0%; features 1.39 ms per 30 ms) | CPU core0  0.8% core1  8.7% (wake word pipeline 8.44% of one core) | RAM used 178 KB (peak 181 KB; peak + IRAM code 235 KB of the 256 KB limit, 23 KB free) | wifi OK, server OK | mics: mix left 44% right 56% (right noise -1.0 dB), right +59 us after left (talker 22 deg to the left), 215 estimates | audio lost since boot: i2s 0 net 0
03:18:34.867 [status] up 291s | mic -31.3 dBFS (peak -17.5) | score max 0.00 | detections 0 | inferences 334 (33.4/s; model 0.89 ms each, paused in quiet 0%; features 1.39 ms per 30 ms) | CPU core0  1.1% core1  8.7% (wake word pipeline 8.42% of one core) | RAM used 178 KB (peak 181 KB; peak + IRAM code 235 KB of the 256 KB limit, 23 KB free) | wifi OK, server OK | mics: mix left 44% right 56% (right noise -1.1 dB), right +57 us after left (talker 21 deg to the left), 221 estimates | audio lost since boot: i2s 0 net 0
03:18:44.864 [status] up 301s | mic -31.3 dBFS (peak -16.9) | score max 0.00 | detections 0 | inferences 333 (33.3/s; model 0.89 ms each, paused in quiet 0%; features 1.40 ms per 30 ms) | CPU core0  0.7% core1  8.7% (wake word pipeline 8.42% of one core) | RAM used 178 KB (peak 181 KB; peak + IRAM code 235 KB of the 256 KB limit, 23 KB free) | wifi OK, server OK | mics: mix left 46% right 54% (right noise -0.6 dB), right +76 us after left (talker 28 deg to the left), 226 estimates | audio lost since boot: i2s 0 net 0
03:18:54.903 [status] up 311s | mic -31.9 dBFS (peak -20.6) | score max 0.00 | detections 0 | inferences 333 (33.3/s; model 0.89 ms each, paused in quiet 0%; features 1.39 ms per 30 ms) | CPU core0  0.7% core1  8.7% (wake word pipeline 8.41% of one core) | RAM used 178 KB (peak 181 KB; peak + IRAM code 235 KB of the 256 KB limit, 23 KB free) | wifi OK, server OK | mics: mix left 43% right 57% (right noise -1.3 dB), right +60 us after left (talker 22 deg to the left), 233 estimates | audio lost since boot: i2s 0 net 0
03:18:54.903 [tasks] % of one core (free stack): main@0=0.30(912) IDLE1@1=91.31(720) IDLE0@0=99.09(728) audio_kws@1=8.63(736) tiT@*=0.14(1452) websocket_task@*=0.19(956) streamer@0=0.00(2436) ipc0@0=0.00(272) esp_timer@0=0.01(1600) ipc1@1=0.00(280) wifi@0=0.31(3148) sys_evt@0=0.00(416) Tmr Svc@*=0.00(856)
03:19:04.875 [status] up 321s | mic -30.9 dBFS (peak -17.3) | score max 0.00 | detections 0 | inferences 333 (33.3/s; model 0.89 ms each, paused in quiet 0%; features 1.39 ms per 30 ms) | CPU core0  1.3% core1  8.7% (wake word pipeline 8.41% of one core) | RAM used 178 KB (peak 181 KB; peak + IRAM code 235 KB of the 256 KB limit, 23 KB free) | wifi OK, server OK | mics: mix left 45% right 55% (right noise -0.8 dB), right +51 us after left (talker 19 deg to the left), 242 estimates | audio lost since boot: i2s 0 net 0
03:19:14.885 [status] up 331s | mic -31.6 dBFS (peak -19.7) | score max 0.00 | detections 0 | inferences 333 (33.3/s; model 0.89 ms each, paused in quiet 0%; features 1.39 ms per 30 ms) | CPU core0  0.7% core1  8.7% (wake word pipeline 8.40% of one core) | RAM used 178 KB (peak 181 KB; peak + IRAM code 235 KB of the 256 KB limit, 23 KB free) | wifi OK, server OK | mics: mix left 44% right 56% (right noise -1.1 dB), right +72 us after left (talker 27 deg to the left), 249 estimates | audio lost since boot: i2s 0 net 0
03:19:24.877 [status] up 341s | mic -32.3 dBFS (peak -19.4) | score max 0.00 | detections 0 | inferences 334 (33.4/s; model 0.89 ms each, paused in quiet 0%; features 1.39 ms per 30 ms) | CPU core0  0.7% core1  8.7% (wake word pipeline 8.42% of one core) | RAM used 178 KB (peak 181 KB; peak + IRAM code 235 KB of the 256 KB limit, 23 KB free) | wifi OK, server OK | mics: mix left 45% right 55% (right noise -0.9 dB), right +41 us after left (talker 15 deg to the left), 253 estimates | audio lost since boot: i2s 0 net 0
03:19:34.886 [status] up 351s | mic -33.3 dBFS (peak -21.5) | score max 0.00 | detections 0 | inferences 334 (33.4/s; model 0.91 ms each, paused in quiet 0%; features 1.40 ms per 30 ms) | CPU core0  0.9% core1  8.8% (wake word pipeline 8.52% of one core) | RAM used 178 KB (peak 181 KB; peak + IRAM code 235 KB of the 256 KB limit, 23 KB free) | wifi OK, server OK | mics: mix left 45% right 55% (right noise -0.8 dB), right +43 us after left (talker 16 deg to the left), 257 estimates | audio lost since boot: i2s 0 net 0
03:19:44.888 [status] up 361s | mic -31.7 dBFS (peak -19.1) | score max 0.01 | detections 0 | inferences 333 (33.3/s; model 0.92 ms each, paused in quiet 1%; features 1.39 ms per 30 ms) | CPU core0  1.0% core1  8.9% (wake word pipeline 8.59% of one core) | RAM used 178 KB (peak 181 KB; peak + IRAM code 235 KB of the 256 KB limit, 23 KB free) | wifi OK, server OK | mics: mix left 46% right 54% (right noise -0.7 dB), right +76 us after left (talker 28 deg to the left), 267 estimates | audio lost since boot: i2s 0 net 0
03:19:54.908 [status] up 371s | mic -32.3 dBFS (peak -19.1) | score max 0.00 | detections 0 | inferences 333 (33.3/s; model 0.89 ms each, paused in quiet 0%; features 1.40 ms per 30 ms) | CPU core0  0.8% core1  8.7% (wake word pipeline 8.42% of one core) | RAM used 178 KB (peak 181 KB; peak + IRAM code 235 KB of the 256 KB limit, 23 KB free) | wifi OK, server OK | mics: mix left 44% right 56% (right noise -1.0 dB), right +70 us after left (talker 26 deg to the left), 272 estimates | audio lost since boot: i2s 0 net 0
03:19:54.908 [tasks] % of one core (free stack): main@0=0.24(912) IDLE1@1=91.28(720) IDLE0@0=99.15(728) audio_kws@1=8.67(736) tiT@*=0.14(1452) websocket_task@*=0.19(956) ipc1@1=0.00(280) sys_evt@0=0.00(416) esp_timer@0=0.01(1600) Tmr Svc@*=0.00(856) wifi@0=0.37(3148) streamer@0=0.00(2436) ipc0@0=0.00(272)
03:20:04.885 [status] up 381s | mic -31.5 dBFS (peak -18.2) | score max 0.00 | detections 0 | inferences 333 (33.3/s; model 0.89 ms each, paused in quiet 0%; features 1.40 ms per 30 ms) | CPU core0  0.8% core1  8.7% (wake word pipeline 8.42% of one core) | RAM used 178 KB (peak 181 KB; peak + IRAM code 235 KB of the 256 KB limit, 23 KB free) | wifi OK, server OK | mics: mix left 44% right 56% (right noise -1.0 dB), right +76 us after left (talker 28 deg to the left), 279 estimates | audio lost since boot: i2s 0 net 0
03:20:14.889 [status] up 391s | mic -31.6 dBFS (peak -19.6) | score max 0.00 | detections 0 | inferences 334 (33.4/s; model 0.90 ms each, paused in quiet 0%; features 1.39 ms per 30 ms) | CPU core0  0.7% core1  8.7% (wake word pipeline 8.44% of one core) | RAM used 178 KB (peak 181 KB; peak + IRAM code 235 KB of the 256 KB limit, 23 KB free) | wifi OK, server OK | mics: mix left 46% right 54% (right noise -0.7 dB), right +61 us after left (talker 22 deg to the left), 287 estimates | audio lost since boot: i2s 0 net 0
03:20:24.892 [status] up 401s | mic -32.4 dBFS (peak -18.5) | score max 0.00 | detections 0 | inferences 332 (33.3/s; model 0.89 ms each, paused in quiet 0%; features 1.40 ms per 30 ms) | CPU core0  0.7% core1  8.7% (wake word pipeline 8.40% of one core) | RAM used 178 KB (peak 181 KB; peak + IRAM code 235 KB of the 256 KB limit, 23 KB free) | wifi OK, server OK | mics: mix left 44% right 56% (right noise -1.0 dB), right +77 us after left (talker 29 deg to the left), 294 estimates | audio lost since boot: i2s 0 net 0
03:20:34.901 [status] up 411s | mic -30.5 dBFS (peak -16.9) | score max 0.00 | detections 0 | inferences 334 (33.4/s; model 0.90 ms each, paused in quiet 0%; features 1.39 ms per 30 ms) | CPU core0  0.7% core1  8.7% (wake word pipeline 8.45% of one core) | RAM used 178 KB (peak 181 KB; peak + IRAM code 235 KB of the 256 KB limit, 23 KB free) | wifi OK, server OK | mics: mix left 43% right 57% (right noise -1.2 dB), right +66 us after left (talker 24 deg to the left), 308 estimates | audio lost since boot: i2s 0 net 0
03:20:44.898 [status] up 421s | mic -31.7 dBFS (peak -19.0) | score max 0.00 | detections 0 | inferences 333 (33.3/s; model 0.89 ms each, paused in quiet 0%; features 1.40 ms per 30 ms) | CPU core0  0.7% core1  8.7% (wake word pipeline 8.42% of one core) | RAM used 178 KB (peak 181 KB; peak + IRAM code 235 KB of the 256 KB limit, 23 KB free) | wifi OK, server OK | mics: mix left 41% right 59% (right noise -1.6 dB), right +73 us after left (talker 27 deg to the left), 315 estimates | audio lost since boot: i2s 0 net 0
03:20:54.917 [status] up 431s | mic -33.5 dBFS (peak -22.8) | score max 0.00 | detections 0 | inferences 333 (33.3/s; model 0.89 ms each, paused in quiet 0%; features 1.39 ms per 30 ms) | CPU core0  0.7% core1  8.7% (wake word pipeline 8.41% of one core) | RAM used 178 KB (peak 181 KB; peak + IRAM code 235 KB of the 256 KB limit, 23 KB free) | wifi OK, server OK | mics: mix left 43% right 57% (right noise -1.1 dB), right +83 us after left (talker 31 deg to the left), 321 estimates | audio lost since boot: i2s 0 net 0
03:20:54.918 [tasks] % of one core (free stack): audio_kws@1=8.63(736) main@0=0.15(912) IDLE1@1=91.31(720) IDLE0@0=99.21(728) tiT@*=0.14(1452) websocket_task@*=0.19(956) Tmr Svc@*=0.00(856) streamer@0=0.00(2436) esp_timer@0=0.01(1600) ipc0@0=0.00(272) wifi@0=0.29(3148) ipc1@1=0.00(280) sys_evt@0=0.00(416)
03:21:01.442 I (438124) wifi:[ADDBA]RX DELBA, reason:37, delete tid:0, initiator:1(originator)
03:21:04.908 [status] up 441s | mic -32.0 dBFS (peak -18.2) | score max 0.00 | detections 0 | inferences 334 (33.4/s; model 0.90 ms each, paused in quiet 0%; features 1.39 ms per 30 ms) | CPU core0  1.3% core1  8.7% (wake word pipeline 8.44% of one core) | RAM used 178 KB (peak 181 KB; peak + IRAM code 235 KB of the 256 KB limit, 23 KB free) | wifi OK, server OK | mics: mix left 44% right 56% (right noise -1.1 dB), right +58 us after left (talker 21 deg to the left), 330 estimates | audio lost since boot: i2s 0 net 0
03:21:14.914 [status] up 451s | mic -31.2 dBFS (peak -19.4) | score max 0.00 | detections 0 | inferences 334 (33.4/s; model 0.89 ms each, paused in quiet 0%; features 1.39 ms per 30 ms) | CPU core0  1.1% core1  8.7% (wake word pipeline 8.41% of one core) | RAM used 178 KB (peak 181 KB; peak + IRAM code 235 KB of the 256 KB limit, 23 KB free) | wifi OK, server OK | mics: mix left 43% right 57% (right noise -1.3 dB), right +52 us after left (talker 19 deg to the left), 339 estimates | audio lost since boot: i2s 0 net 0
03:21:17.824 I (454507) wifi:[ADDBA]RX DELBA, reason:37, delete tid:0, initiator:1(originator)
03:21:24.904 [status] up 461s | mic -30.9 dBFS (peak -17.5) | score max 0.00 | detections 0 | inferences 333 (33.3/s; model 0.89 ms each, paused in quiet 0%; features 1.39 ms per 30 ms) | CPU core0  1.1% core1  8.7% (wake word pipeline 8.41% of one core) | RAM used 178 KB (peak 181 KB; peak + IRAM code 235 KB of the 256 KB limit, 23 KB free) | wifi OK, server OK | mics: mix left 45% right 55% (right noise -0.9 dB), right +63 us after left (talker 23 deg to the left), 350 estimates | audio lost since boot: i2s 0 net 0
03:21:32.618 I (469295) wifi:[ADDBA]RX DELBA, reason:37, delete tid:0, initiator:1(originator)
03:21:34.908 [status] up 471s | mic -31.4 dBFS (peak -17.0) | score max 0.00 | detections 0 | inferences 333 (33.4/s; model 0.89 ms each, paused in quiet 0%; features 1.39 ms per 30 ms) | CPU core0  0.7% core1  8.7% (wake word pipeline 8.40% of one core) | RAM used 178 KB (peak 181 KB; peak + IRAM code 235 KB of the 256 KB limit, 23 KB free) | wifi OK, server OK | mics: mix left 43% right 57% (right noise -1.2 dB), right +45 us after left (talker 16 deg to the left), 357 estimates | audio lost since boot: i2s 0 net 0
03:21:44.905 [status] up 481s | mic -32.4 dBFS (peak -20.5) | score max 0.00 | detections 0 | inferences 333 (33.3/s; model 0.89 ms each, paused in quiet 0%; features 1.39 ms per 30 ms) | CPU core0  0.7% core1  8.7% (wake word pipeline 8.41% of one core) | RAM used 178 KB (peak 181 KB; peak + IRAM code 235 KB of the 256 KB limit, 23 KB free) | wifi OK, server OK | mics: mix left 45% right 55% (right noise -0.9 dB), right +61 us after left (talker 22 deg to the left), 367 estimates | audio lost since boot: i2s 0 net 0
03:21:54.942 [status] up 491s | mic -30.9 dBFS (peak -17.5) | score max 0.00 | detections 0 | inferences 333 (33.3/s; model 0.89 ms each, paused in quiet 0%; features 1.39 ms per 30 ms) | CPU core0  0.7% core1  8.7% (wake word pipeline 8.42% of one core) | RAM used 178 KB (peak 181 KB; peak + IRAM code 235 KB of the 256 KB limit, 23 KB free) | wifi OK, server OK | mics: mix left 46% right 54% (right noise -0.7 dB), right +64 us after left (talker 24 deg to the left), 378 estimates | audio lost since boot: i2s 0 net 0
03:21:54.943 [tasks] % of one core (free stack): main@0=0.37(912) IDLE1@1=91.32(720) IDLE0@0=99.10(728) websocket_task@*=0.19(956) audio_kws@1=8.62(736) tiT@*=0.14(1452) ipc0@0=0.00(272) ipc1@1=0.00(280) esp_timer@0=0.01(1600) sys_evt@0=0.00(416) wifi@0=0.31(3148) Tmr Svc@*=0.00(856) streamer@0=0.00(2436)
03:22:04.911 [status] up 501s | mic -31.1 dBFS (peak -19.7) | score max 0.00 | detections 0 | inferences 334 (33.4/s; model 0.89 ms each, paused in quiet 0%; features 1.39 ms per 30 ms) | CPU core0  0.8% core1  8.7% (wake word pipeline 8.44% of one core) | RAM used 178 KB (peak 181 KB; peak + IRAM code 235 KB of the 256 KB limit, 23 KB free) | wifi OK, server OK | mics: mix left 45% right 55% (right noise -0.9 dB), right +62 us after left (talker 23 deg to the left), 389 estimates | audio lost since boot: i2s 0 net 0
03:22:14.924 [status] up 511s | mic -32.3 dBFS (peak -19.1) | score max 0.00 | detections 0 | inferences 334 (33.4/s; model 0.89 ms each, paused in quiet 0%; features 1.39 ms per 30 ms) | CPU core0  1.0% core1  8.7% (wake word pipeline 8.39% of one core) | RAM used 178 KB (peak 181 KB; peak + IRAM code 235 KB of the 256 KB limit, 23 KB free) | wifi OK, server OK | mics: mix left 45% right 55% (right noise -0.8 dB), right +61 us after left (talker 22 deg to the left), 394 estimates | audio lost since boot: i2s 0 net 0
