04:36:44.958 ESP-ROM:esp32s3-20210327
04:36:44.958 Build:Mar 27 2021
04:36:44.958 rst:0x1 (POWERON),boot:0x8 (SPI_FAST_FLASH_BOOT)
04:36:44.959 SPIWP:0xee
04:36:44.959 mode:DIO, clock div:1
04:36:44.959 load:0x3fce2820,len:0x1668
04:36:44.959 load:0x403c8700,len:0xec0
04:36:44.959 load:0x403cb700,len:0x3178
04:36:44.959 entry 0x403c894c
04:36:44.959 I (24) boot: ESP-IDF v5.5.5 2nd stage bootloader
04:36:44.959 I (25) boot: compile time Sep 30 2026 03:29:55
04:36:44.960 I (25) boot: Multicore bootloader
04:36:44.960 I (25) boot: chip revision: v0.2
04:36:44.960 I (28) boot: efuse block revision: v1.4
04:36:44.960 I (31) qio_mode: Enabling default flash chip QIO
04:36:44.964 I (36) boot.esp32s3: Boot SPI Speed : 80MHz
04:36:44.964 I (40) boot.esp32s3: SPI Mode       : QIO
04:36:44.964 I (43) boot.esp32s3: SPI Flash Size : 4MB
04:36:44.964 I (47) boot: Enabling RNG early entropy source...
04:36:44.964 I (52) boot: Partition Table:
04:36:44.964 I (54) boot: ## Label            Usage          Type ST Offset   Length
04:36:44.965 I (60) boot:  0 nvs              WiFi data        01 02 00009000 00006000
04:36:44.965 I (67) boot:  1 phy_init         RF data          01 01 0000f000 00001000
04:36:44.965 I (73) boot:  2 factory          factory app      00 00 00010000 00177000
04:36:44.965 I (80) boot: End of partition table
04:36:44.965 I (83) esp_image: segment 0: paddr=00010020 vaddr=3c0d0020 size=35f00h (220928) map
04:36:44.965 I (125) esp_image: segment 1: paddr=00045f28 vaddr=3fc95800 size=04c98h ( 19608) load
04:36:44.965 I (129) esp_image: segment 2: paddr=0004abc8 vaddr=40378000 size=05450h ( 21584) load
04:36:44.965 I (133) esp_image: segment 3: paddr=00050020 vaddr=42000020 size=cf178h (848248) map
04:36:44.965 I (267) esp_image: segment 4: paddr=0011f1a0 vaddr=4037d450 size=082e4h ( 33508) load
04:36:44.965 I (274) esp_image: segment 5: paddr=0012748c vaddr=50000000 size=00020h (    32) load
04:36:44.965 I (281) boot: Loaded app from partition at offset 0x10000
04:36:44.965 I (281) boot: Disabling RNG early entropy source...
04:36:44.965 I (293) cpu_start: Multicore app
04:36:44.965 I (301) cpu_start: GPIO 44 and 43 are used as console UART I/O pins
04:36:44.965 I (302) cpu_start: Pro cpu start user code
04:36:44.966 I (302) cpu_start: cpu freq: 240000000 Hz
04:36:44.966 I (303) app_init: Application information:
04:36:44.966 I (307) app_init: Project name:     kws_s3
04:36:44.966 I (311) app_init: App version:      7df1c37-dirty
04:36:44.966 I (315) app_init: Compile time:     Sep 30 2026 04:19:53
04:36:44.966 I (320) app_init: ELF file SHA256:  35fa64b7d...
04:36:44.966 I (325) app_init: ESP-IDF:          v5.5.5
04:36:44.966 I (329) efuse_init: Min chip rev:     v0.0
04:36:44.966 I (332) efuse_init: Max chip rev:     v0.99
04:36:44.966 I (336) efuse_init: Chip rev:         v0.2
04:36:44.966 I (340) heap_init: Initializing. RAM available for dynamic allocation:
04:36:44.966 I (347) heap_init: At 3FCA00C0 len 00049650 (293 KiB): RAM
04:36:44.966 I (352) heap_init: At 3FCE9710 len 00005724 (21 KiB): RAM
04:36:44.966 I (357) heap_init: At 600FE000 len 00001FE8 (7 KiB): RTCRAM
04:36:44.967 I (363) spi_flash: detected chip: boya
04:36:44.967 I (366) spi_flash: flash io: qio
04:36:44.967 W (369) spi_flash: Detected size(16384k) larger than the size in the binary image header(4096k). Using the size in the binary image header.
04:36:44.967 I (381) sleep_gpio: Configure to isolate all GPIO pins in sleep state
04:36:44.967 I (387) sleep_gpio: Enable automatic switching of GPIO sleep configuration
04:36:44.967 I (394) main_task: Started on CPU0
04:36:44.967 I (412) main_task: Calling app_main()
04:36:44.967 W (413) kws: RAM limit test: 163 KB reserved, the firmware has 202 KB (static data + heap) + 54 KB IRAM code = 256 KB to work with
04:36:44.967 
04:36:44.967 ==================== SIH KWS firmware ====================
04:36:44.967  chip      : esp32s3 rev v0.2, 2 cores, flash 4 MB
04:36:44.967  ESP-IDF   : v5.5.5
04:36:44.967  reset     : power-on
04:36:44.967  RAM       : 42 KB static data, 134 KB heap free (code in IRAM: 54 KB, counted in the SIH total)
04:36:44.968  model     : marvin.tflite (60896 bytes, stored in flash)
04:36:44.968 ===========================================================
04:36:44.968 
04:36:44.968 [heap] start of app_main            137596 B free (of 331100 B)
04:36:44.968 I (481) kws: model ready: wake word "marvin", threshold 0.60 (json), window 5, input 3x40 int8
04:36:44.968 I (487) kws: model RAM: tensor arena 25964 of 26624 bytes used; engine total 38 KB of heap
04:36:44.968 
04:36:44.968 ------------------------ SELF-TEST ------------------------
04:36:44.968  noise only (3 s)   : PASS - stayed quiet  (highest score 0.01, threshold 0.60)
04:36:44.968  wake word recording: skipped - no WAV file in the model folder (optional)
04:36:44.968 -----------------------------------------------------------
04:36:44.968 
04:36:44.968 [heap] model + features + self-test took  40720 B,  96876 B free
04:36:45.174 I (723) audio: I2S running: 16 kHz, 32-bit slots, both channels, SCK=16 WS=15 SD=17, gain x1
04:36:46.054 I (1225) kws: microphones: left (L/R to GND) -24.1 dBFS, right (L/R to 3V3) -18.7 dBFS, similarity 0.59 -> using both (time-aligned, mixed by their noise)
04:36:46.054 [heap] I2S + ring + audio task      took  20772 B,  76104 B free
04:36:46.054 I (1240) kws: listening for "marvin" ...
04:36:46.054 I (1244) pp: pp rom version: e7ae62f
04:36:46.054 I (1248) net80211: net80211 rom version: e7ae62f
04:36:46.054 I (1252) wifi:wifi driver task: 3fcdd594, prio:23, stack:6656, core=0
04:36:46.054 I (1257) wifi:wifi firmware version: b9f67df
04:36:46.054 I (1262) wifi:wifi certification version: v7.0
04:36:46.054 I (1265) wifi:config NVS flash: disabled
04:36:46.054 I (1270) wifi:config nano formatting: disabled
04:36:46.054 I (1274) wifi:Init data frame dynamic rx buffer num: 16
04:36:46.054 I (1279) wifi:Init static rx mgmt buffer num: 5
04:36:46.054 I (1282) wifi:Init management short buffer num: 10
04:36:46.054 I (1287) wifi:Init dynamic tx buffer num: 16
04:36:46.054 I (1293) wifi:Init static tx FG buffer num: 2
04:36:46.054 I (1296) wifi:Init static rx buffer size: 1600
04:36:46.054 I (1299) wifi:Init static rx buffer num: 4
04:36:46.054 I (1304) wifi:Init dynamic rx buffer num: 16
04:36:46.054 I (1307) wifi_init: accept mbox: 6
04:36:46.054 I (1310) wifi_init: tcpip mbox: 32
04:36:46.054 I (1315) wifi_init: udp mbox: 6
04:36:46.054 I (1318) wifi_init: tcp mbox: 6
04:36:46.054 I (1320) wifi_init: tcp tx win: 5760
04:36:46.054 I (1323) wifi_init: tcp rx win: 5760
04:36:46.054 I (1326) wifi_init: tcp mss: 1440
04:36:46.054 I (1330) phy_init: phy_version 712,87e8c20e,Apr 13 2026,18:51:10
04:36:46.054 I (1362) wifi:mode : sta (e0:72:a1:d5:32:74)
04:36:46.054 I (1364) wifi:enable tsf
04:36:46.054 I (1368) wifi:Set ps type: 0, coexist: 0
04:36:46.054 
04:36:46.054 I (1370) wifi: connecting to "ARYA 9252" ...
04:36:46.054 [heap] Wi-Fi driver + netif         took  37916 B,  38188 B free
04:36:46.054 I (1421) wifi:state: init -> auth (0xb0)
04:36:46.054 [heap] WebSocket client + streamer  took  13304 B,  24884 B free
04:36:46.054 I (1430) wifi:W (1428) stream: cannot reach the server ws://192.168.137.1:3000/ws (is it running? same network?) - retrying every second
04:36:46.054 state: auth -> assoc (0x0)
04:36:46.054 I (1452) wifi:state: assoc -> run (0x10)
04:36:46.054 I (1518) wifi:connected with ARYA 9252, aid = 4, channel 1, BW20, bssid = 9a:5f:41:45:73:c9
04:36:46.054 I (1523) wifi:security: WPA2-PSK, phy: bgn, rssi: -35, cipher(pairwise:0x3, group:0x3), pmf:0
04:36:46.054 I (1532) wifi:pm start, type: 0
04:36:46.054 
04:36:46.054 I (1535) wifi:dp: 1, bi: 102400, li: 3, scale listen interval from 307200 us to 307200 us
04:36:46.054 I (1543) wifi:set rx beacon pti, rx_bcn_pti: 0, bcn_timeout: 25000, mt_pti: 0, mt_time: 10000
04:36:46.054 I (1616) wifi:AP's beacon interval = 102400 us, DTIM period = 3
04:36:47.090 I (2645) esp_netif_handlers: sta ip: 192.168.137.254, mask: 255.255.255.0, gw: 192.168.137.1
04:36:47.091 I (2650) wifi: connected, IP address 192.168.137.254
04:36:47.923 I (3486) stream: connected to the server ws://192.168.137.1:3000/ws
04:36:53.130 I (8687) wifi:[ADDBA]RX DELBA, reason:37, delete tid:0, initiator:1(originator)
04:36:56.033 [status] up 11s | mic -38.4 dBFS (peak -30.7) | score max 0.01 | detections 0 | inferences 222 (22.0/s; model 0.95 ms each, paused in quiet 40%; features 1.30 ms per 30 ms) | CPU core0 -1.0% core1 -1.0% (wake word pipeline 7.66% of one core) | RAM used 178 KB (peak 182 KB; peak + IRAM code 236 KB of the 256 KB limit, 23 KB free) | wifi OK, server OK | mics: mix left 46% right 54% (right noise -0.7 dB), right +0 us after left (talker 0 deg to the left), 0 estimates | audio lost since boot: i2s 0 net 0
04:36:56.034 [tasks] % of one core (free stack): main@0=-1.00(920) IDLE1@1=-1.00(728) IDLE0@0=-1.00(720) audio_kws@1=-1.00(880) tiT@0=-1.00(1420) websocket_task@*=-1.00(948) Tmr Svc@*=-1.00(848) streamer@0=-1.00(2376) sys_evt@0=-1.00(436) esp_timer@0=-1.00(1608) wifi@0=-1.00(3200) ipc0@0=-1.00(280) ipc1@1=-1.00(272)
04:37:01.500 I (17062) wifi:[ADDBA]RX DELBA, reason:37, delete tid:0, initiator:1(originator)
04:37:06.080 [status] up 21s | mic -38.9 dBFS (peak -25.6) | score max 0.00 | detections 0 | inferences 214 (21.5/s; model 0.94 ms each, paused in quiet 37%; features 1.36 ms per 30 ms) | CPU core0  1.2% core1  7.7% (wake word pipeline 7.46% of one core) | RAM used 178 KB (peak 182 KB; peak + IRAM code 236 KB of the 256 KB limit, 23 KB free) | wifi OK, server OK | mics: mix left 45% right 55% (right noise -0.8 dB), right +0 us after left (talker 0 deg to the left), 0 estimates | audio lost since boot: i2s 0 net 0
04:37:11.893 I (27429) kws: >>> WAKE WORD "marvin" DETECTED  (score 0.67, t = 27.06 s)
04:37:11.894 I (27450) stream: first audio sent 25 ms after the detection
04:37:12.175 I (27735) wifi:[ADDBA]RX DELBA, reason:37, delete tid:0, initiator:1(originator)
04:37:12.781 I (28332) kws: score event: peak 1.00 over 900 ms -> detected
04:37:13.501 I (29052) stream: stream finished (silence): 1620 ms of audio sent (25 KB), 0 ms lost, 0 resumes
04:37:15.505 I (31062) stream: server: {"type":"response","text":"Turn on the lights.","saved":"20260930_043711_658_e072a1d53274_marvin.wav"}
04:37:16.109 [status] up 31s | mic -37.2 dBFS (peak -25.0) | score max 1.00 | detections 1 | inferences 112 (11.3/s; model 1.10 ms each, paused in quiet 67%; features 1.38 ms per 30 ms) | CPU core0  3.9% core1  7.1% (wake word pipeline 6.78% of one core) | RAM used 179 KB (peak 185 KB; peak + IRAM code 239 KB of the 256 KB limit, 22 KB free) | wifi OK, server OK | mics: mix left 46% right 54% (right noise -0.8 dB), right +78 us after left (talker 29 deg to the left), 1 estimates | audio lost since boot: i2s 0 net 0
04:37:17.091 I (32629) kws: >>> WAKE WORD "marvin" DETECTED  (score 0.66, t = 32.26 s)
04:37:17.091 I (32650) stream: first audio sent 25 ms after the detection
04:37:17.587 I (33140) wifi:[ADDBA]RX DELBA, reason:37, delete tid:0, initiator:1(originator)
04:37:17.588 I (33144) wifi:[ADDBA]RX DELBA, reason:37, delete tid:0, initiator:1(originator)
04:37:17.868 I (33431) kws: score event: peak 0.98 over 690 ms -> detected
04:37:18.657 I (34211) stream: stream finished (silence): 1580 ms of audio sent (24 KB), 0 ms lost, 0 resumes
04:37:20.687 I (36235) stream: server: {"type":"response","text":"What is the weather today?","saved":"20260930_043716_859_e072a1d53274_marvin.wav"}
04:37:22.561 I (37989) kws: >>> WAKE WORD "marvin" DETECTED  (score 0.63, t = 37.62 s)
04:37:22.562 I (38010) stream: first audio sent 25 ms after the detection
04:37:22.562 I (38114) wifi:[ADDBA]RX DELBA, reason:37, delete tid:0, initiator:1(originator)
04:37:23.028 I (38592) kws: score event: peak 0.65 over 510 ms -> detected
04:37:23.927 I (39489) stream: stream finished (silence): 1500 ms of audio sent (23 KB), 0 ms lost, 0 resumes
04:37:26.169 I (41556) stream: server: {"type":"response","text":"Let's play some music.","saved":"20260930_043722_216_e072a1d53274_marvin.wav"}
04:37:26.169 [status] up 41s | mic -36.1 dBFS (peak -23.8) | score max 0.98 | detections 3 | inferences 275 (27.3/s; model 1.07 ms each, paused in quiet 20%; features 1.43 ms per 30 ms) | CPU core0  7.0% core1  9.1% (wake word pipeline 8.71% of one core) | RAM used 179 KB (peak 186 KB; peak + IRAM code 240 KB of the 256 KB limit, 22 KB free) | wifi OK, server OK | mics: mix left 43% right 57% (right noise -1.2 dB), right +83 us after left (talker 31 deg to the left), 4 estimates | audio lost since boot: i2s 0 net 0
04:37:27.774 I (43335) kws: score event: peak 0.28 over 180 ms -> not detected (below threshold or in cool-down)
04:37:36.216 [status] up 51s | mic -35.6 dBFS (peak -22.0) | score max 0.28 | detections 3 | inferences 216 (21.7/s; model 0.91 ms each, paused in quiet 38%; features 1.32 ms per 30 ms) | CPU core0  0.5% core1  7.7% (wake word pipeline 7.40% of one core) | RAM used 179 KB (peak 186 KB; peak + IRAM code 240 KB of the 256 KB limit, 22 KB free) | wifi OK, server OK | mics: mix left 46% right 54% (right noise -0.8 dB), right +91 us after left (talker 35 deg to the left), 8 estimates | audio lost since boot: i2s 0 net 0
04:37:37.168 I (52709) kws: >>> WAKE WORD "marvin" DETECTED  (score 0.67, t = 52.34 s)
04:37:37.168 I (52727) stream: first audio sent 22 ms after the detection
04:37:37.461 I (53012) wifi:[ADDBA]RX DELBA, reason:37, delete tid:0, initiator:1(originator)
04:37:37.758 I (53313) kws: score event: peak 0.67 over 510 ms -> detected
04:37:38.654 I (54212) stream: stream finished (silence): 1500 ms of audio sent (23 KB), 0 ms lost, 0 resumes
04:37:40.771 I (56239) stream: server: {"type":"response","text":"Open the door.","saved":"20260930_043736_937_e072a1d53274_marvin.wav"}
04:37:40.771 I (56324) wifi:[ADDBA]RX DELBA, reason:37, delete tid:0, initiator:1(originator)
04:37:42.111 I (57649) kws: >>> WAKE WORD "marvin" DETECTED  (score 0.66, t = 57.28 s)
04:37:42.111 I (57670) stream: first audio sent 25 ms after the detection
04:37:42.993 I (58432) wifi:[ADDBA]RX DELBA, reason:37, delete tid:0, initiator:1(originator)
04:37:42.993 I (58552) kws: score event: peak 1.00 over 810 ms -> detected
04:37:43.601 I (59151) stream: stream finished (silence): 1500 ms of audio sent (23 KB), 0 ms lost, 0 resumes
04:37:45.605 I (61155) stream: server: {"type":"response","text":"What time is it?","saved":"20260930_043741_877_e072a1d53274_marvin.wav"}
04:37:46.227 [status] up 61s | mic -36.5 dBFS (peak -24.0) | score max 1.00 | detections 5 | inferences 208 (20.8/s; model 1.13 ms each, paused in quiet 41%; features 1.39 ms per 30 ms) | CPU core0  7.2% core1  8.5% (wake word pipeline 8.09% of one core) | RAM used 179 KB (peak 186 KB; peak + IRAM code 240 KB of the 256 KB limit, 22 KB free) | wifi OK, server OK | mics: mix left 46% right 54% (right noise -0.6 dB), right +70 us after left (talker 26 deg to the left), 11 estimates | audio lost since boot: i2s 0 net 0
04:37:47.633 I (63195) kws: score event: peak 0.22 over 90 ms -> not detected (below threshold or in cool-down)
04:37:52.830 I (68369) kws: >>> WAKE WORD "marvin" DETECTED  (score 0.72, t = 68.00 s)
04:37:52.831 I (68390) stream: first audio sent 25 ms after the detection
04:37:53.295 I (68853) wifi:[ADDBA]RX DELBA, reason:37, delete tid:0, initiator:1(originator)
04:37:53.296 I (68855) wifi:[ADDBA]RX DELBA, reason:37, delete tid:0, initiator:1(originator)
04:37:53.712 I (69271) kws: score event: peak 0.98 over 810 ms -> detected
04:37:54.535 I (70091) stream: stream finished (silence): 1720 ms of audio sent (26 KB), 0 ms lost, 0 resumes
04:37:56.493 [status] up 71s | mic -34.4 dBFS (peak -19.8) | score max 0.98 | detections 6 | inferences 284 (28.3/s; model 1.01 ms each, paused in quiet 19%; features 1.37 ms per 30 ms) | CPU core0  4.2% core1  8.8% (wake word pipeline 8.50% of one core) | RAM used 179 KB (peak 194 KB; peak + IRAM code 248 KB of the 256 KB limit, 22 KB free) | wifi OK, server OK | mics: mix left 45% right 55% (right noise -0.9 dB), right +71 us after left (talker 26 deg to the left), 18 estimates | audio lost since boot: i2s 0 net 0
04:37:56.493 [tasks] % of one core (free stack): main@0=0.29(920) IDLE1@1=91.90(728) IDLE0@0=96.04(720) websocket_task@*=0.15(948) audio_kws@1=8.04(880) tiT@0=0.85(1420) ipc1@1=0.00(272) streamer@0=1.43(856) esp_timer@0=0.01(1608) Tmr Svc@*=0.00(848) wifi@0=1.34(3200) sys_evt@0=0.00(436) ipc0@0=0.00(280)
04:37:56.493 I (72034) stream: server: {"type":"response","text":"Increase the volume.","saved":"20260930_043752_598_e072a1d53274_marvin.wav"}
04:37:56.493 I (72034) wifi:[ADDBA]RX DELBA, reason:37, delete tid:0, initiator:1(originator)
04:37:58.036 I (73568) kws: >>> WAKE WORD "marvin" DETECTED  (score 0.70, t = 73.20 s)
04:37:58.036 I (73590) stream: first audio sent 25 ms after the detection
04:37:58.503 I (74060) wifi:[ADDBA]RX DELBA, reason:37, delete tid:0, initiator:1(originator)
04:37:58.814 I (74372) kws: score event: peak 0.94 over 750 ms -> detected
04:37:59.757 I (75314) stream: stream finished (silence): 1740 ms of audio sent (27 KB), 0 ms lost, 0 resumes
04:38:01.768 I (77325) stream: server: {"type":"response","text":"Tell me a joke.","saved":"20260930_043757_798_e072a1d53274_marvin.wav"}
04:38:03.067 I (78608) kws: >>> WAKE WORD "marvin" DETECTED  (score 0.62, t = 78.24 s)
04:38:03.071 I (78630) stream: first audio sent 25 ms after the detection
04:38:03.409 I (78962) wifi:[ADDBA]RX DELBA, reason:37, delete tid:0, initiator:1(originator)
04:38:03.953 I (79512) kws: score event: peak 0.99 over 840 ms -> detected
04:38:04.560 I (80112) stream: stream finished (silence): 1500 ms of audio sent (23 KB), 0 ms lost, 0 resumes
04:38:06.285 [status] up 81s | mic -35.1 dBFS (peak -19.8) | score max 0.99 | detections 8 | inferences 278 (27.7/s; model 1.10 ms each, paused in quiet 21%; features 1.41 ms per 30 ms) | CPU core0  7.6% core1  9.3% (wake word pipeline 8.90% of one core) | RAM used 179 KB (peak 194 KB; peak + IRAM code 248 KB of the 256 KB limit, 22 KB free) | wifi OK, server OK | mics: mix left 46% right 54% (right noise -0.6 dB), right +78 us after left (talker 29 deg to the left), 22 estimates | audio lost since boot: i2s 0 net 0
04:38:06.581 I (82135) stream: server: {"type":"response","text":"Turn on the lights.","saved":"20260930_043802_836_e072a1d53274_marvin.wav"}
04:38:06.581 I (82136) wifi:[ADDBA]RX DELBA, reason:37, delete tid:0, initiator:1(originator)
04:38:07.828 I (83369) kws: >>> WAKE WORD "marvin" DETECTED  (score 0.68, t = 83.00 s)
04:38:07.828 I (83390) stream: first audio sent 25 ms after the detection
04:38:08.918 I (84395) wifi:[ADDBA]RX DELBA, reason:37, delete tid:0, initiator:1(originator)
04:38:08.918 I (84473) kws: score event: peak 1.00 over 990 ms -> detected
04:38:09.733 I (85292) stream: stream finished (silence): 1920 ms of audio sent (30 KB), 0 ms lost, 0 resumes
04:38:11.846 I (87407) stream: server: {"type":"response","text":"What is the weather today?","saved":"20260930_043807_594_e072a1d53274_marvin.wav"}
04:38:13.166 I (88709) kws: >>> WAKE WORD "marvin" DETECTED  (score 0.61, t = 88.34 s)
04:38:13.166 I (88730) stream: first audio sent 25 ms after the detection
04:38:13.463 I (89016) wifi:[ADDBA]RX DELBA, reason:37, delete tid:0, initiator:1(originator)
04:38:14.052 I (89612) kws: score event: peak 0.99 over 930 ms -> detected
04:38:14.661 I (90213) stream: stream finished (silence): 1500 ms of audio sent (23 KB), 0 ms lost, 0 resumes
04:38:15.860 I (91426) wifi:[ADDBA]RX DELBA, reason:37, delete tid:0, initiator:1(originator)
04:38:16.294 [status] up 91s | mic -36.0 dBFS (peak -23.1) | score max 1.00 | detections 10 | inferences 293 (29.3/s; model 1.10 ms each, paused in quiet 16%; features 1.43 ms per 30 ms) | CPU core0  8.2% core1  9.5% (wake word pipeline 9.07% of one core) | RAM used 179 KB (peak 194 KB; peak + IRAM code 248 KB of the 256 KB limit, 22 KB free) | wifi OK, server OK | mics: mix left 48% right 52% (right noise -0.3 dB), right +63 us after left (talker 23 deg to the left), 24 estimates | audio lost since boot: i2s 0 net 0
04:38:16.637 I (92189) stream: server: {"type":"response","text":"Play some music.","saved":"20260930_043812_936_e072a1d53274_marvin.wav"}
04:38:18.566 I (93909) kws: >>> WAKE WORD "marvin" DETECTED  (score 0.68, t = 93.54 s)
04:38:18.566 I (93930) stream: first audio sent 25 ms after the detection
04:38:18.566 I (94113) wifi:[ADDBA]RX DELBA, reason:37, delete tid:0, initiator:1(originator)
04:38:18.566 I (94117) wifi:[ADDBA]RX DELBA, reason:37, delete tid:0, initiator:1(originator)
04:38:19.048 I (94611) kws: score event: peak 0.95 over 630 ms -> detected
04:38:20.696 I (96248) stream: stream finished (silence): 2220 ms of audio sent (34 KB), 0 ms lost, 0 resumes
04:38:22.843 I (98393) stream: server: {"type":"response","text":"Set an alarm for 7.","saved":"20260930_043818_137_e072a1d53274_marvin.wav"}
04:38:24.959 I (100513) kws: score event: peak 0.59 over 540 ms -> not detected (below threshold or in cool-down)
04:38:26.294 [status] up 101s | mic -34.8 dBFS (peak -22.0) | score max 0.95 | detections 11 | inferences 223 (22.3/s; model 1.04 ms each, paused in quiet 37%; features 1.37 ms per 30 ms) | CPU core0  4.2% core1  8.3% (wake word pipeline 7.97% of one core) | RAM used 179 KB (peak 195 KB; peak + IRAM code 249 KB of the 256 KB limit, 22 KB free) | wifi OK, server OK | mics: mix left 44% right 56% (right noise -1.0 dB), right +63 us after left (talker 23 deg to the left), 29 estimates | audio lost since boot: i2s 0 net 0 | failed allocations 1 (last 1150 B)
04:38:28.946 I (104489) kws: >>> WAKE WORD "marvin" DETECTED  (score 0.61, t = 104.12 s)
04:38:28.946 I (104510) stream: first audio sent 25 ms after the detection
04:38:29.538 I (104973) wifi:[ADDBA]RX DELBA, reason:37, delete tid:0, initiator:1(originator)
04:38:29.539 I (104976) wifi:[ADDBA]RX DELBA, reason:37, delete tid:0, initiator:1(originator)
04:38:29.539 I (105093) kws: score event: peak 0.61 over 510 ms -> detected
04:38:30.443 I (105992) stream: stream finished (silence): 1500 ms of audio sent (23 KB), 0 ms lost, 0 resumes
04:38:32.458 I (108007) stream: server: {"type":"response","text":"Open the door.","saved":"20260930_043828_715_e072a1d53274_marvin.wav"}
04:38:36.378 [status] up 111s | mic -36.2 dBFS (peak -22.3) | score max 0.61 | detections 12 | inferences 221 (22.2/s; model 1.02 ms each, paused in quiet 37%; features 1.36 ms per 30 ms) | CPU core0  3.8% core1  8.2% (wake word pipeline 7.85% of one core) | RAM used 179 KB (peak 195 KB; peak + IRAM code 249 KB of the 256 KB limit, 22 KB free) | wifi OK, server OK | mics: mix left 44% right 56% (right noise -1.0 dB), right +77 us after left (talker 29 deg to the left), 33 estimates | audio lost since boot: i2s 0 net 0 | failed allocations 1 (last 1150 B)
04:38:38.126 I (113669) kws: >>> WAKE WORD "marvin" DETECTED  (score 0.71, t = 113.30 s)
04:38:38.126 I (113690) stream: first audio sent 25 ms after the detection
04:38:38.609 I (114013) wifi:[ADDBA]RX DELBA, reason:37, delete tid:0, initiator:1(originator)
04:38:38.609 I (114171) kws: score event: peak 0.71 over 420 ms -> detected
04:38:39.632 I (115190) stream: stream finished (silence): 1500 ms of audio sent (23 KB), 0 ms lost, 0 resumes
04:38:41.687 I (117239) stream: server: {"type":"response","text":"Stop the music.","saved":"20260930_043837_895_e072a1d53274_marvin.wav"}
04:38:43.196 I (118729) kws: >>> WAKE WORD "marvin" DETECTED  (score 0.67, t = 118.36 s)
04:38:43.196 I (118750) stream: first audio sent 25 ms after the detection
04:38:43.426 I (118990) wifi:[ADDBA]RX DELBA, reason:37, delete tid:0, initiator:1(originator)
04:38:44.079 I (119634) kws: score event: peak 0.99 over 960 ms -> detected
04:38:45.170 I (120731) stream: stream finished (silence): 2000 ms of audio sent (31 KB), 0 ms lost, 0 resumes
04:38:46.411 [status] up 121s | mic -34.8 dBFS (peak -19.6) | score max 0.99 | detections 14 | inferences 303 (30.5/s; model 1.09 ms each, paused in quiet 14%; features 1.41 ms per 30 ms) | CPU core0  8.0% core1  9.5% (wake word pipeline 9.19% of one core) | RAM used 179 KB (peak 195 KB; peak + IRAM code 249 KB of the 256 KB limit, 22 KB free) | wifi OK, server OK | mics: mix left 46% right 54% (right noise -0.8 dB), right +76 us after left (talker 28 deg to the left), 37 estimates | audio lost since boot: i2s 0 net 0 | failed allocations 1 (last 1150 B)
04:38:47.577 I (123134) stream: server: {"type":"response","text":"Okay, go ahead and increase the volume.","saved":"20260930_043842_953_e072a1d53274_marvin.wav"}
04:38:49.364 I (124749) kws: >>> WAKE WORD "marvin" DETECTED  (score 0.67, t = 124.38 s)
04:38:49.364 I (124770) stream: first audio sent 25 ms after the detection
04:38:49.364 I (124918) wifi:[ADDBA]RX DELBA, reason:37, delete tid:0, initiator:1(originator)
04:38:49.889 I (125454) kws: score event: peak 0.92 over 660 ms -> detected
04:38:51.169 I (126719) stream: stream finished (silence): 1860 ms of audio sent (29 KB), 0 ms lost, 0 resumes
04:38:53.546 I (129098) stream: server: {"type":"response","text":"Tell me a joke.","saved":"20260930_043848_973_e072a1d53274_marvin.wav"}
04:38:56.458 [status] up 131s | mic -35.7 dBFS (peak -18.9) | score max 0.92 | detections 15 | inferences 194 (19.4/s; model 1.03 ms each, paused in quiet 45%; features 1.36 ms per 30 ms) | CPU core0  3.6% core1  7.9% (wake word pipeline 7.58% of one core) | RAM used 179 KB (peak 195 KB; peak + IRAM code 249 KB of the 256 KB limit, 22 KB free) | wifi OK, server OK | mics: mix left 46% right 54% (right noise -0.7 dB), right +78 us after left (talker 29 deg to the left), 40 estimates | audio lost since boot: i2s 0 net 0 | failed allocations 2 (last 1150 B)
04:38:56.459 [tasks] % of one core (free stack): main@0=0.27(920) IDLE1@1=91.23(728) IDLE0@0=94.04(720) tiT@0=1.28(1420) audio_kws@1=8.68(880) websocket_task@*=0.17(948) ipc0@0=0.00(280) streamer@0=2.29(856) esp_timer@0=0.01(1608) ipc1@1=0.00(272) wifi@0=1.98(3200) Tmr Svc@*=0.00(848) sys_evt@0=0.00(436)
