23:10:12.371 ESP-ROM:esp32s3-20210327
23:10:12.371 Build:Mar 27 2021
23:10:12.371 rst:0x1 (POWERON),boot:0x8 (SPI_FAST_FLASH_BOOT)
23:10:12.372 SPIWP:0xee
23:10:12.372 mode:DIO, clock div:1
23:10:12.372 load:0x3fce2820,len:0x1668
23:10:12.372 load:0x403c8700,len:0xec0
23:10:12.372 load:0x403cb700,len:0x3178
23:10:12.372 entry 0x403c894c
23:10:12.372 I (24) boot: ESP-IDF v5.5.5 2nd stage bootloader
23:10:12.372 I (25) boot: compile time Sep 28 2026 21:09:30
23:10:12.372 I (25) boot: Multicore bootloader
23:10:12.372 I (25) boot: chip revision: v0.2
23:10:12.372 I (28) boot: efuse block revision: v1.4
23:10:12.372 I (31) qio_mode: Enabling default flash chip QIO
23:10:12.375 I (36) boot.esp32s3: Boot SPI Speed : 80MHz
23:10:12.375 I (40) boot.esp32s3: SPI Mode       : QIO
23:10:12.375 I (43) boot.esp32s3: SPI Flash Size : 4MB
23:10:12.375 I (47) boot: Enabling RNG early entropy source...
23:10:12.375 I (52) boot: Partition Table:
23:10:12.375 I (54) boot: ## Label            Usage          Type ST Offset   Length
23:10:12.375 I (60) boot:  0 nvs              WiFi data        01 02 00009000 00006000
23:10:12.375 I (67) boot:  1 phy_init         RF data          01 01 0000f000 00001000
23:10:12.375 I (73) boot:  2 factory          factory app      00 00 00010000 00177000
23:10:12.375 I (80) boot: End of partition table
23:10:12.375 I (83) esp_image: segment 0: paddr=00010020 vaddr=3c0d0020 size=359c0h (219584) map
23:10:12.375 I (125) esp_image: segment 1: paddr=000459e8 vaddr=3fc98400 size=04c28h ( 19496) load
23:10:12.375 I (129) esp_image: segment 2: paddr=0004a618 vaddr=40378000 size=05a00h ( 23040) load
23:10:12.375 I (134) esp_image: segment 3: paddr=00050020 vaddr=42000020 size=ca6fch (829180) map
23:10:12.375 I (264) esp_image: segment 4: paddr=0011a724 vaddr=4037da00 size=0a9d0h ( 43472) load
23:10:12.375 I (273) esp_image: segment 5: paddr=001250fc vaddr=50000000 size=00020h (    32) load
23:10:12.375 I (280) boot: Loaded app from partition at offset 0x10000
23:10:12.375 I (280) boot: Disabling RNG early entropy source...
23:10:12.375 I (291) cpu_start: Multicore app
23:10:12.375 I (299) cpu_start: GPIO 44 and 43 are used as console UART I/O pins
23:10:12.375 I (300) cpu_start: Pro cpu start user code
23:10:12.375 I (300) cpu_start: cpu freq: 240000000 Hz
23:10:12.375 I (302) app_init: Application information:
23:10:12.375 I (305) app_init: Project name:     kws_s3
23:10:12.375 I (309) app_init: App version:      ee80e50-dirty
23:10:12.375 I (314) app_init: Compile time:     Sep 28 2026 21:44:57
23:10:12.375 I (319) app_init: ELF file SHA256:  69ffdf84d...
23:10:12.375 I (323) app_init: ESP-IDF:          v5.5.5
23:10:12.375 I (327) efuse_init: Min chip rev:     v0.0
23:10:12.375 I (331) efuse_init: Max chip rev:     v0.99
23:10:12.375 I (335) efuse_init: Chip rev:         v0.2
23:10:12.375 I (339) heap_init: Initializing. RAM available for dynamic allocation:
23:10:12.375 I (345) heap_init: At 3FCA2AE8 len 00046C28 (283 KiB): RAM
23:10:12.375 I (350) heap_init: At 3FCE9710 len 00005724 (21 KiB): RAM
23:10:12.375 I (355) heap_init: At 600FE000 len 00001FE8 (7 KiB): RTCRAM
23:10:12.375 I (361) spi_flash: detected chip: boya
23:10:12.375 I (364) spi_flash: flash io: qio
23:10:12.375 W (367) spi_flash: Detected size(16384k) larger than the size in the binary image header(4096k). Using the size in the binary image header.
23:10:12.375 I (379) sleep_gpio: Configure to isolate all GPIO pins in sleep state
23:10:12.375 I (385) sleep_gpio: Enable automatic switching of GPIO sleep configuration
23:10:12.375 I (392) main_task: Started on CPU0
23:10:12.375 I (410) main_task: Calling app_main()
23:10:12.375 
23:10:12.375 ==================== SIH KWS firmware ====================
23:10:12.375  chip      : esp32s3 rev v0.2, 2 cores, flash 4 MB
23:10:12.375  ESP-IDF   : v5.5.5
23:10:12.375  RAM       : 41 KB static data, 287 KB heap free (code in IRAM: 65 KB, not counted)
23:10:12.375  model     : marvin.tflite (60896 bytes, stored in flash)
23:10:12.375 ===========================================================
23:10:12.375 
23:10:12.375 [heap] start of app_main            294744 B free (of 320308 B)
23:10:12.375 I (465) kws: model ready: wake word "marvin", threshold 0.60 (json), window 5, input 3x40 int8
23:10:12.375 I (470) kws: model RAM: tensor arena 25964 of 26624 bytes used; engine total 38 KB of heap
23:10:12.375 
23:10:12.375 ------------------------ SELF-TEST ------------------------
23:10:12.375  noise only (3 s)   : PASS - stayed quiet  (highest score 0.01, threshold 0.60)
23:10:12.375  wake word recording: skipped - no WAV file in the model folder (optional)
23:10:12.375 -----------------------------------------------------------
23:10:12.375 
23:10:12.375 [heap] model + features + self-test took  40720 B, 254024 B free
23:10:12.375 I (707) audio: I2S running: 16 kHz, 32-bit slots, both channels, SCK=16 WS=15 SD=17, gain x1
23:10:13.126 I (1209) kws: microphones: left (L/R to GND) -23.2 dBFS, right (L/R to 3V3) -17.4 dBFS, similarity 0.53 -> using both (average)
23:10:13.126 [heap] I2S + ring + audio task      took  20772 B, 233252 B free
23:10:13.126 I (1222) kws: listening for "marvin" ...
23:10:13.126 I (1228) pp: pp rom version: e7ae62f
23:10:13.126 I (1230) net80211: net80211 rom version: e7ae62f
23:10:13.126 I (1234) wifi:wifi driver task: 3fcb6fa8, prio:23, stack:6656, core=0
23:10:13.126 I (1241) wifi:wifi firmware version: b9f67df
23:10:13.126 I (1244) wifi:wifi certification version: v7.0
23:10:13.126 I (1247) wifi:config NVS flash: disabled
23:10:13.126 I (1252) wifi:config nano formatting: disabled
23:10:13.126 I (1255) wifi:Init data frame dynamic rx buffer num: 8
23:10:13.126 I (1261) wifi:Init static rx mgmt buffer num: 5
23:10:13.126 I (1266) wifi:Init management short buffer num: 10
23:10:13.126 I (1269) wifi:Init dynamic tx buffer num: 8
23:10:13.126 I (1274) wifi:Init static tx FG buffer num: 2
23:10:13.126 I (1277) wifi:Init static rx buffer size: 1600
23:10:13.126 I (1283) wifi:Init static rx buffer num: 3
23:10:13.126 I (1285) wifi:Init dynamic rx buffer num: 8
23:10:13.126 I (1289) wifi_init: accept mbox: 6
23:10:13.126 I (1291) wifi_init: tcpip mbox: 32
23:10:13.126 I (1296) wifi_init: udp mbox: 6
23:10:13.126 I (1299) wifi_init: tcp mbox: 6
23:10:13.126 I (1302) wifi_init: tcp tx win: 2880
23:10:13.126 I (1305) wifi_init: tcp rx win: 2880
23:10:13.126 I (1308) wifi_init: tcp mss: 1440
23:10:13.126 I (1311) phy_init: phy_version 712,87e8c20e,Apr 13 2026,18:51:10
23:10:13.126 I (1348) wifi:mode : sta (e0:72:a1:d5:32:74)
23:10:13.126 I (1349) wifi:enable tsf
23:10:13.126 I (1352) wifi:Set ps type: 0, coexist: 0
23:10:13.126 
23:10:13.126 I (1357) wifi: connecting to "ARYA 9252" ...
23:10:13.126 [heap] Wi-Fi driver + netif         took  36252 B, 197000 B free
23:10:13.126 W (1366) stream: cannot reach the server ws://192.168.137.1:3000/ws (is it running? same network?) - retrying every second
23:10:13.126 [heap] WebSocket client + streamer  took  12664 B, 184336 B free
23:10:13.126 I (1478) wifi:state: init -> auth (0xb0)
23:10:14.151 I (2480) wifi:state: auth -> init (0x200)
23:10:14.151 W (2482) wifi: cannot connect (reason 2). Check the name/password in menuconfig; the ESP32 needs a 2.4 GHz network (201 = network not found, 15/204 = wrong password)
23:10:16.497 I (4846) wifi:state: init -> auth (0xb0)
23:10:17.499 I (5847) wifi:state: auth -> init (0x200)
23:10:19.791 I (8143) wifi:state: init -> auth (0xb0)
23:10:20.792 I (9144) wifi:state: auth -> init (0x200)
23:10:23.158 [status] up 11s | mic -39.0 dBFS (peak -34.3) | score max 0.02 | detections 0 | inferences 53 (5.3/s; model 0.97 ms each, paused in quiet 84%; features 1.38 ms per 30 ms) | CPU core0 -1.0% core1 -1.0% (wake word pipeline 5.86% of one core) | RAM used 174 KB (peak 175 KB, 179 KB free) | wifi --, server -- | audio lost since boot: i2s 0 net 0
23:10:23.159 [tasks] % of one core (free stack): audio_kws@1=-1.00(832) main@0=-1.00(928) IDLE1@1=-1.00(816) IDLE0@0=-1.00(728) websocket_task@*=-1.00(1052) tiT@*=-1.00(2172) Tmr Svc@*=-1.00(856) streamer@0=-1.00(2432) sys_evt@0=-1.00(512) wifi@0=-1.00(3148) esp_timer@0=-1.00(1600) ipc0@0=-1.00(272) ipc1@1=-1.00(280)
23:10:23.159 I (11501) wifi:state: init -> auth (0xb0)
23:10:24.151 I (12502) wifi:state: auth -> init (0x200)
23:10:26.442 I (14797) wifi:state: init -> auth (0xb0)
23:10:27.444 I (15799) wifi:state: auth -> init (0x200)
23:10:29.809 I (18159) wifi:state: init -> auth (0xb0)
23:10:30.813 I (19160) wifi:state: auth -> init (0x200)
23:10:33.196 [status] up 21s | mic -39.1 dBFS (peak -34.4) | score max 0.00 | detections 0 | inferences 0 (0.0/s; model 0.00 ms each, paused in quiet 100%; features 1.37 ms per 30 ms) | CPU core0  1.2% core1  5.4% (wake word pipeline 5.23% of one core) | RAM used 174 KB (peak 175 KB, 179 KB free) | wifi --, server -- | audio lost since boot: i2s 0 net 0
23:10:33.196 I (21537) wifi:state: init -> auth (0xb0)
23:10:34.194 I (22538) wifi:state: auth -> init (0x200)
23:10:36.486 I (24832) wifi:state: init -> auth (0xb0)
23:10:37.485 I (25834) wifi:state: auth -> init (0x200)
23:10:39.844 I (28192) wifi:state: init -> auth (0xb0)
23:10:40.842 I (29194) wifi:state: auth -> init (0x200)
23:10:43.135 [status] up 31s | mic -38.6 dBFS (peak -34.1) | score max 0.00 | detections 0 | inferences 0 (0.0/s; model 0.00 ms each, paused in quiet 100%; features 1.37 ms per 30 ms) | CPU core0  0.9% core1  5.4% (wake word pipeline 5.22% of one core) | RAM used 174 KB (peak 175 KB, 179 KB free) | wifi --, server -- | audio lost since boot: i2s 0 net 0
23:10:43.136 I (31488) wifi:state: init -> auth (0xb0)
23:10:44.136 I (32490) wifi:state: auth -> init (0x200)
23:10:46.508 I (34851) wifi:state: init -> auth (0xb0)
23:10:47.513 I (35853) wifi:state: auth -> init (0x200)
23:10:47.513 W (35855) wifi: cannot connect (reason 2). Check the name/password in menuconfig; the ESP32 needs a 2.4 GHz network (201 = network not found, 15/204 = wrong password)
23:10:49.973 I (38223) wifi:state: init -> auth (0xb0)
23:10:49.973 I (38237) wifi:state: auth -> assoc (0x0)
23:10:49.974 I (38245) wifi:state: assoc -> run (0x10)
23:10:49.974 I (38283) wifi:connected with ARYA 9252, aid = 7, channel 1, BW20, bssid = 9a:5f:41:45:73:c9
23:10:49.974 I (38288) wifi:security: WPA2-PSK, phy: bgn, rssi: -16, cipher(pairwise:0x3, group:0x3), pmf:0
23:10:49.974 I (38296) wifi:pm start, type: 0
23:10:49.974 
23:10:49.974 I (38299) wifi:dp: 1, bi: 102400, li: 3, scale listen interval from 307200 us to 307200 us
23:10:49.974 I (38307) wifi:set rx beacon pti, rx_bcn_pti: 0, bcn_timeout: 25000, mt_pti: 0, mt_time: 10000
23:10:49.974 I (38316) wifi:AP's beacon interval = 102400 us, DTIM period = 3
23:10:51.270 I (39363) esp_netif_handlers: sta ip: 192.168.137.250, mask: 255.255.255.0, gw: 192.168.137.1
23:10:51.271 I (39367) wifi: connected, IP address 192.168.137.250
23:10:51.271 I (39435) stream: connected to the server ws://192.168.137.1:3000/ws
23:10:51.271 I (39616) wifi:[ADDBA]RX DELBA, reason:37, delete tid:0, initiator:1(originator)
23:10:53.094 [status] up 41s | mic -38.7 dBFS (peak -32.7) | score max 0.00 | detections 0 | inferences 63 (6.3/s; model 0.89 ms each, paused in quiet 82%; features 1.34 ms per 30 ms) | CPU core0  1.6% core1  6.1% (wake word pipeline 5.83% of one core) | RAM used 176 KB (peak 179 KB, 178 KB free) | wifi OK, server OK | audio lost since boot: i2s 0 net 0
23:10:56.700 I (45041) wifi:[ADDBA]RX DELBA, reason:37, delete tid:0, initiator:1(originator)
23:11:03.116 [status] up 51s | mic -36.3 dBFS (peak -20.2) | score max 0.00 | detections 0 | inferences 198 (19.8/s; model 0.89 ms each, paused in quiet 45%; features 1.29 ms per 30 ms) | CPU core0  0.9% core1  7.2% (wake word pipeline 7.04% of one core) | RAM used 176 KB (peak 179 KB, 178 KB free) | wifi OK, server OK | audio lost since boot: i2s 0 net 0
23:11:04.786 I (53132) wifi:[ADDBA]RX DELBA, reason:37, delete tid:0, initiator:1(originator)
23:11:13.113 [status] up 61s | mic -33.2 dBFS (peak -17.0) | score max 0.00 | detections 0 | inferences 330 (33.0/s; model 0.88 ms each, paused in quiet 6%; features 1.32 ms per 30 ms) | CPU core0  0.9% core1  8.4% (wake word pipeline 8.21% of one core) | RAM used 176 KB (peak 179 KB, 178 KB free) | wifi OK, server OK | audio lost since boot: i2s 0 net 0
23:11:16.577 I (64924) wifi:[ADDBA]RX DELBA, reason:37, delete tid:0, initiator:1(originator)
23:11:23.151 [status] up 71s | mic -35.6 dBFS (peak -22.8) | score max 0.00 | detections 0 | inferences 282 (28.2/s; model 0.88 ms each, paused in quiet 17%; features 1.36 ms per 30 ms) | CPU core0  0.9% core1  8.0% (wake word pipeline 7.80% of one core) | RAM used 176 KB (peak 179 KB, 178 KB free) | wifi OK, server OK | audio lost since boot: i2s 0 net 0
23:11:23.152 [tasks] % of one core (free stack): main@0=0.37(928) IDLE1@1=93.24(720) IDLE0@0=98.94(728) websocket_task@*=0.15(1052) audio_kws@1=6.69(832) tiT@*=0.10(1452) ipc0@0=0.00(272) ipc1@1=0.00(280) esp_timer@0=0.03(1600) Tmr Svc@*=0.00(856) wifi@0=0.47(3148) sys_evt@0=0.04(432) streamer@0=0.00(2432)
23:11:29.563 I (77913) wifi:[ADDBA]RX DELBA, reason:37, delete tid:0, initiator:1(originator)
23:11:33.133 [status] up 81s | mic -38.8 dBFS (peak -28.5) | score max 0.00 | detections 0 | inferences 169 (16.9/s; model 0.87 ms each, paused in quiet 51%; features 1.34 ms per 30 ms) | CPU core0  1.2% core1  6.9% (wake word pipeline 6.74% of one core) | RAM used 176 KB (peak 179 KB, 178 KB free) | wifi OK, server OK | audio lost since boot: i2s 0 net 0
23:11:43.143 [status] up 91s | mic -39.5 dBFS (peak -27.6) | score max 0.00 | detections 0 | inferences 176 (17.6/s; model 0.87 ms each, paused in quiet 50%; features 1.30 ms per 30 ms) | CPU core0  0.8% core1  7.0% (wake word pipeline 6.79% of one core) | RAM used 177 KB (peak 179 KB, 178 KB free) | wifi OK, server OK | audio lost since boot: i2s 0 net 0
23:11:53.142 [status] up 101s | mic -40.0 dBFS (peak -32.5) | score max 0.00 | detections 0 | inferences 191 (19.1/s; model 0.88 ms each, paused in quiet 44%; features 1.34 ms per 30 ms) | CPU core0  0.7% core1  7.1% (wake word pipeline 6.95% of one core) | RAM used 176 KB (peak 179 KB, 178 KB free) | wifi OK, server OK | audio lost since boot: i2s 0 net 0
23:11:56.854 I (105208) wifi:[ADDBA]RX DELBA, reason:37, delete tid:0, initiator:1(originator)
23:11:59.574 I (107926) wifi:[ADDBA]RX DELBA, reason:37, delete tid:0, initiator:1(originator)
23:12:03.148 [status] up 111s | mic -40.0 dBFS (peak -30.5) | score max 0.00 | detections 0 | inferences 166 (16.6/s; model 0.90 ms each, paused in quiet 53%; features 1.31 ms per 30 ms) | CPU core0  0.9% core1  7.0% (wake word pipeline 6.76% of one core) | RAM used 176 KB (peak 179 KB, 178 KB free) | wifi OK, server OK | audio lost since boot: i2s 0 net 0
23:12:04.349 I (112698) wifi:[ADDBA]RX DELBA, reason:37, delete tid:0, initiator:1(originator)
23:12:07.222 I (115564) wifi:[ADDBA]RX DELBA, reason:37, delete tid:0, initiator:1(originator)
23:12:11.607 I (119955) wifi:[ADDBA]RX DELBA, reason:37, delete tid:0, initiator:1(originator)
23:12:13.154 [status] up 121s | mic -40.5 dBFS (peak -33.0) | score max 0.00 | detections 0 | inferences 169 (16.9/s; model 0.89 ms each, paused in quiet 52%; features 1.31 ms per 30 ms) | CPU core0  1.0% core1  7.0% (wake word pipeline 6.78% of one core) | RAM used 176 KB (peak 179 KB, 178 KB free) | wifi OK, server OK | audio lost since boot: i2s 0 net 0
23:12:15.669 I (123849) kws: >>> WAKE WORD "marvin" DETECTED  (score 0.69, t = 123.49 s)
23:12:15.669 I (124016) stream: first audio sent 164 ms after the detection
23:12:16.027 I (124375) wifi:[ADDBA]RX DELBA, reason:37, delete tid:0, initiator:1(originator)
23:12:16.509 I (124849) wake_word: score event: peak 1.00 over 930 ms -> detected
23:12:18.424 I (126771) stream: stream finished (silence): 1680 ms of audio sent (26 KB)
23:12:20.805 I (129154) wifi:[ADDBA]RX DELBA, reason:37, delete tid:0, initiator:1(originator)
23:12:22.585 I (130935) stream: server: {"type":"response","text":"Turn on the lights.","saved":"20260928_231215_354_e072a1d53274_marvin.wav"}
23:12:23.210 [status] up 131s | mic -36.9 dBFS (peak -23.7) | score max 1.00 | detections 1 | inferences 280 (28.0/s; model 0.97 ms each, paused in quiet 18%; features 1.39 ms per 30 ms) | CPU core0  2.4% core1  8.7% (wake word pipeline 8.16% of one core) | RAM used 176 KB (peak 181 KB, 177 KB free) | wifi OK, server OK | audio lost since boot: i2s 0 net 31
23:12:23.211 [tasks] % of one core (free stack): audio_kws@1=7.17(736) main@0=0.31(928) IDLE1@1=92.72(720) IDLE0@0=98.85(728) websocket_task@*=0.19(1052) tiT@*=0.21(1452) Tmr Svc@*=0.00(856) sys_evt@0=0.00(432) esp_timer@0=0.01(1600) streamer@0=0.11(912) wifi@0=0.40(3148) ipc0@0=0.00(272) ipc1@1=0.00(280)
23:12:24.351 I (132490) kws: >>> WAKE WORD "marvin" DETECTED  (score 0.67, t = 132.13 s)
23:12:24.352 I (132700) stream: first audio sent 207 ms after the detection
23:12:24.806 I (133150) wake_word: score event: peak 0.87 over 780 ms -> detected
23:12:25.416 I (133766) wifi:[ADDBA]RX DELBA, reason:37, delete tid:0, initiator:1(originator)
23:12:28.379 I (136726) stream: stream finished (silence): 1500 ms of audio sent (23 KB)
23:12:31.327 I (139667) wifi:[ADDBA]RX DELBA, reason:37, delete tid:0, initiator:1(originator)
23:12:32.801 I (141140) stream: server: {"type":"response","text":"One. We better check.","saved":"20260928_231224_040_e072a1d53274_marvin.wav"}
23:12:33.192 [status] up 141s | mic -37.3 dBFS (peak -23.0) | score max 0.87 | detections 2 | inferences 286 (28.6/s; model 0.97 ms each, paused in quiet 17%; features 1.39 ms per 30 ms) | CPU core0  2.5% core1  8.8% (wake word pipeline 8.24% of one core) | RAM used 176 KB (peak 181 KB, 177 KB free) | wifi OK, server OK | audio lost since boot: i2s 0 net 130
23:12:34.284 I (142430) kws: >>> WAKE WORD "marvin" DETECTED  (score 0.61, t = 142.07 s)
23:12:34.284 I (142632) stream: first audio sent 200 ms after the detection
23:12:34.860 I (143037) wifi:[ADDBA]RX DELBA, reason:37, delete tid:0, initiator:1(originator)
23:12:34.861 I (143209) wake_word: score event: peak 0.99 over 840 ms -> detected
23:12:37.215 I (145486) wifi:[ADDBA]RX DELBA, reason:37, delete tid:0, initiator:1(originator)
23:12:37.215 I (145562) stream: stream finished (silence): 1500 ms of audio sent (23 KB)
23:12:41.412 I (149749) stream: server: {"type":"response","text":"Please.","saved":"20260928_231233_930_e072a1d53274_marvin.wav"}
23:12:43.427 I (151210) kws: >>> WAKE WORD "marvin" DETECTED  (score 0.62, t = 150.85 s)
23:12:43.428 I (151369) stream: first audio sent 157 ms after the detection
23:12:43.428 [status] up 151s | mic -37.2 dBFS (peak -23.1) | score max 0.99 | detections 4 | inferences 300 (30.0/s; model 0.95 ms each, paused in quiet 17%; features 1.32 ms per 30 ms) | CPU core0  2.4% core1  8.9% (wake word pipeline 8.31% of one core) | RAM used 178 KB (peak 181 KB, 176 KB free) | wifi OK, server OK | audio lost since boot: i2s 0 net 180
23:12:43.428 I (151658) wifi:[ADDBA]RX DELBA, reason:37, delete tid:0, initiator:1(originator)
23:12:43.428 I (151769) wake_word: score event: peak 0.69 over 540 ms -> detected
23:12:45.968 I (154318) stream: stream finished (silence): 1540 ms of audio sent (24 KB)
23:12:50.190 I (158533) stream: server: {"type":"response","text":"Send an alarm for 7.","saved":"20260928_231242_698_e072a1d53274_marvin.wav"}
23:12:51.628 I (159769) kws: >>> WAKE WORD "marvin" DETECTED  (score 0.61, t = 159.41 s)
23:12:51.628 I (159974) stream: first audio sent 202 ms after the detection
23:12:52.047 I (160390) wake_word: score event: peak 0.97 over 570 ms -> detected
23:12:53.214 [status] up 161s | mic -35.5 dBFS (peak -21.4) | score max 0.97 | detections 5 | inferences 284 (28.4/s; model 1.00 ms each, paused in quiet 17%; features 1.40 ms per 30 ms) | CPU core0  2.4% core1  9.0% (wake word pipeline 8.32% of one core) | RAM used 178 KB (peak 181 KB, 176 KB free) | wifi OK, server OK | audio lost since boot: i2s 0 net 241
23:12:54.850 I (163203) stream: stream finished (silence): 1540 ms of audio sent (24 KB)
23:12:55.448 I (163794) wifi:[ADDBA]RX DELBA, reason:37, delete tid:0, initiator:1(originator)
23:12:59.009 I (167360) stream: server: {"type":"response","text":"Call my mother.","saved":"20260928_231251_257_e072a1d53274_marvin.wav"}
23:13:00.631 I (168809) kws: >>> WAKE WORD "marvin" DETECTED  (score 0.69, t = 168.45 s)
23:13:00.632 I (168979) stream: first audio sent 168 ms after the detection
23:13:00.961 I (169309) wake_word: score event: peak 0.74 over 480 ms -> detected
23:13:01.850 I (170201) wifi:[ADDBA]RX DELBA, reason:37, delete tid:0, initiator:1(originator)
23:13:03.224 [status] up 171s | mic -38.1 dBFS (peak -23.7) | score max 0.74 | detections 6 | inferences 258 (25.8/s; model 1.00 ms each, paused in quiet 25%; features 1.40 ms per 30 ms) | CPU core0  2.6% core1  8.7% (wake word pipeline 8.07% of one core) | RAM used 178 KB (peak 181 KB, 176 KB free) | wifi OK, server OK | audio lost since boot: i2s 0 net 326
23:13:03.506 I (171853) stream: stream finished (silence): 1500 ms of audio sent (23 KB)
23:13:07.844 I (176045) stream: server: {"type":"response","text":"Okay, Jordan.","saved":"20260928_231300_322_e072a1d53274_marvin.wav"}
23:13:07.844 I (176187) wifi:[ADDBA]RX DELBA, reason:37, delete tid:0, initiator:1(originator)
23:13:09.064 I (177409) kws: >>> WAKE WORD "marvin" DETECTED  (score 0.71, t = 177.05 s)
23:13:09.344 I (177695) stream: first audio sent 283 ms after the detection
23:13:09.919 I (178269) wake_word: score event: peak 0.97 over 930 ms -> detected
23:13:13.241 [status] up 181s | mic -37.6 dBFS (peak -24.7) | score max 0.97 | detections 7 | inferences 221 (22.1/s; model 0.95 ms each, paused in quiet 37%; features 1.34 ms per 30 ms) | CPU core0  1.9% core1  8.0% (wake word pipeline 7.51% of one core) | RAM used 178 KB (peak 181 KB, 176 KB free) | wifi OK, server OK | audio lost since boot: i2s 0 net 441
23:13:13.929 I (182229) wifi:[ADDBA]RX DELBA, reason:37, delete tid:0, initiator:1(originator)
23:13:13.929 I (182275) stream: stream finished (silence): 1500 ms of audio sent (23 KB)
23:13:17.665 I (186002) stream: server: {"type":"response","text":"Okay, time's up.","saved":"20260928_231308_943_e072a1d53274_marvin.wav"}
23:13:23.274 [status] up 191s | mic -35.6 dBFS (peak -18.9) | score max 0.07 | detections 7 | inferences 130 (13.0/s; model 0.87 ms each, paused in quiet 63%; features 1.31 ms per 30 ms) | CPU core0  1.1% core1  6.7% (wake word pipeline 6.41% of one core) | RAM used 176 KB (peak 181 KB, 177 KB free) | wifi OK, server OK | audio lost since boot: i2s 0 net 461
23:13:23.274 [tasks] % of one core (free stack): main@0=0.31(928) IDLE1@1=91.67(720) IDLE0@0=97.85(728) websocket_task@*=0.26(988) audio_kws@1=7.96(736) tiT@*=0.53(1420) ipc1@1=0.00(280) streamer@0=0.61(912) esp_timer@0=0.01(1600) Tmr Svc@*=0.00(856) wifi@0=0.80(3148) sys_evt@0=0.00(432) ipc0@0=0.00(272)
23:13:24.562 I (192910) kws: >>> WAKE WORD "marvin" DETECTED  (score 0.62, t = 192.55 s)
23:13:24.778 I (193130) stream: first audio sent 217 ms after the detection
23:13:25.040 I (193381) wifi:[ADDBA]RX DELBA, reason:37, delete tid:0, initiator:1(originator)
23:13:25.417 I (193769) wake_word: score event: peak 0.99 over 930 ms -> detected
23:13:27.187 I (195532) wifi:[ADDBA]RX DELBA, reason:37, delete tid:0, initiator:1(originator)
23:13:29.765 I (198121) stream: stream finished (silence): 1500 ms of audio sent (23 KB)
23:13:31.254 I (199605) wifi:[ADDBA]RX DELBA, reason:37, delete tid:0, initiator:1(originator)
23:13:33.266 [status] up 201s | mic -36.6 dBFS (peak -21.3) | score max 0.99 | detections 8 | inferences 149 (14.9/s; model 0.95 ms each, paused in quiet 56%; features 1.37 ms per 30 ms) | CPU core0  2.4% core1  7.3% (wake word pipeline 6.80% of one core) | RAM used 176 KB (peak 181 KB, 177 KB free) | wifi OK, server OK | audio lost since boot: i2s 0 net 608
23:13:34.390 I (202730) stream: server: {"type":"response","text":"Okay. Great. All right.","saved":"20260928_231324_449_e072a1d53274_marvin.wav"}
23:13:35.707 I (204050) kws: >>> WAKE WORD "marvin" DETECTED  (score 0.74, t = 203.69 s)
23:13:36.003 I (204360) stream: first audio sent 308 ms after the detection
23:13:36.600 I (204949) wake_word: score event: peak 1.00 over 960 ms -> detected
23:13:37.678 I (206032) wifi:[ADDBA]RX DELBA, reason:37, delete tid:0, initiator:1(originator)
23:13:40.687 I (209003) wifi:[ADDBA]RX DELBA, reason:37, delete tid:0, initiator:1(originator)
23:13:40.687 I (209037) stream: stream finished (silence): 1500 ms of audio sent (23 KB)
23:13:40.923 I (209268) stream: server: {"type":"response","text":"","saved":"20260928_231335_620_e072a1d53274_marvin.wav"}
23:13:42.075 I (210430) kws: >>> WAKE WORD "marvin" DETECTED  (score 0.77, t = 210.07 s)
23:13:42.294 I (210648) stream: first audio sent 216 ms after the detection
23:13:42.921 I (211165) wifi:[ADDBA]RX DELBA, reason:37, delete tid:0, initiator:1(originator)
23:13:42.921 I (211170) wifi:[ADDBA]RX DELBA, reason:37, delete tid:0, initiator:1(originator)
23:13:42.921 I (211269) wake_word: score event: peak 0.90 over 810 ms -> detected
23:13:43.268 [status] up 211s | mic -35.2 dBFS (peak -20.0) | score max 1.00 | detections 10 | inferences 328 (32.8/s; model 0.98 ms each, paused in quiet 7%; features 1.37 ms per 30 ms) | CPU core0  2.7% core1  9.3% (wake word pipeline 8.73% of one core) | RAM used 178 KB (peak 181 KB, 176 KB free) | wifi OK, server OK | audio lost since boot: i2s 0 net 746
23:13:45.160 I (213506) wifi:[ADDBA]RX DELBA, reason:37, delete tid:0, initiator:1(originator)
23:13:46.854 I (215204) stream: stream finished (silence): 1500 ms of audio sent (23 KB)
23:13:48.104 I (216455) wifi:[ADDBA]RX DELBA, reason:37, delete tid:0, initiator:1(originator)
23:13:53.489 [status] up 221s | mic -39.2 dBFS (peak -31.0) | score max 0.00 | detections 10 | inferences 212 (21.2/s; model 0.92 ms each, paused in quiet 40%; features 1.33 ms per 30 ms) | CPU core0  1.7% core1  7.8% (wake word pipeline 7.32% of one core) | RAM used 176 KB (peak 181 KB, 177 KB free) | wifi OK, server OK | audio lost since boot: i2s 0 net 868
23:13:53.489 I (221837) stream: server: {"type":"response","text":"Journaled.","saved":"20260928_231341_944_e072a1d53274_marvin.wav"}
23:13:54.886 I (223230) kws: >>> WAKE WORD "marvin" DETECTED  (score 0.62, t = 222.87 s)
23:13:55.103 I (223462) stream: first audio sent 230 ms after the detection
23:13:55.381 I (223731) wifi:[ADDBA]RX DELBA, reason:37, delete tid:0, initiator:1(originator)
23:13:55.736 I (224090) wake_word: score event: peak 0.98 over 900 ms -> detected
23:13:58.010 I (226362) wifi:[ADDBA]RX DELBA, reason:37, delete tid:0, initiator:1(originator)
23:14:00.860 I (229218) wifi:[ADDBA]RX DELBA, reason:37, delete tid:0, initiator:1(originator)
23:14:02.470 I (230804) stream: stream finished (silence): 1500 ms of audio sent (23 KB)
23:14:02.471 I (230823) stream: server: {"type":"response","text":"","saved":"20260928_231354_749_e072a1d53274_marvin.wav"}
23:14:03.327 [status] up 231s | mic -36.5 dBFS (peak -22.7) | score max 0.98 | detections 11 | inferences 328 (32.8/s; model 0.96 ms each, paused in quiet 4%; features 1.39 ms per 30 ms) | CPU core0  2.2% core1  9.1% (wake word pipeline 8.57% of one core) | RAM used 176 KB (peak 181 KB, 177 KB free) | wifi OK, server OK | audio lost since boot: i2s 0 net 1138
23:14:03.327 I (231683) wifi:[ADDBA]RX DELBA, reason:37, delete tid:0, initiator:1(originator)
23:14:04.017 I (232369) kws: >>> WAKE WORD "marvin" DETECTED  (score 0.65, t = 232.01 s)
23:14:04.437 I (232669) wake_word: score event: peak 0.65 over 390 ms -> detected
23:14:04.437 I (232795) stream: first audio sent 424 ms after the detection
23:14:05.594 I (233948) wifi:[ADDBA]RX DELBA, reason:37, delete tid:0, initiator:1(originator)
23:14:08.115 I (236471) wifi:[ADDBA]RX DELBA, reason:37, delete tid:0, initiator:1(originator)
23:14:09.685 I (238039) stream: stream finished (silence): 1500 ms of audio sent (23 KB)
23:14:13.291 [status] up 241s | mic -35.5 dBFS (peak -22.9) | score max 0.65 | detections 12 | inferences 286 (28.6/s; model 0.94 ms each, paused in quiet 16%; features 1.40 ms per 30 ms) | CPU core0  2.2% core1  8.7% (wake word pipeline 8.15% of one core) | RAM used 176 KB (peak 181 KB, 177 KB free) | wifi OK, server OK | audio lost since boot: i2s 0 net 1309
23:14:14.660 I (243007) stream: server: {"type":"response","text":"Excuse me.","saved":"20260928_231404_026_e072a1d53274_marvin.wav"}
23:14:16.425 I (244610) kws: >>> WAKE WORD "marvin" DETECTED  (score 0.69, t = 244.25 s)
23:14:16.425 I (244775) stream: first audio sent 163 ms after the detection
23:14:16.813 I (245127) wifi:[ADDBA]RX DELBA, reason:37, delete tid:0, initiator:1(originator)
23:14:16.813 I (245170) wake_word: score event: peak 0.86 over 540 ms -> detected
23:14:19.054 I (247410) wifi:[ADDBA]RX DELBA, reason:37, delete tid:0, initiator:1(originator)
23:14:20.140 I (248492) stream: stream finished (silence): 1540 ms of audio sent (24 KB)
23:14:22.323 I (250677) wifi:[ADDBA]RX DELBA, reason:37, delete tid:0, initiator:1(originator)
23:14:23.327 [status] up 251s | mic -34.7 dBFS (peak -23.0) | score max 0.86 | detections 13 | inferences 334 (33.4/s; model 0.94 ms each, paused in quiet 2%; features 1.40 ms per 30 ms) | CPU core0  2.1% core1  9.1% (wake word pipeline 8.59% of one core) | RAM used 176 KB (peak 181 KB, 177 KB free) | wifi OK, server OK | audio lost since boot: i2s 0 net 1394
23:14:23.327 [tasks] % of one core (free stack): main@0=0.39(928) IDLE1@1=91.44(720) IDLE0@0=97.79(728) websocket_task@*=0.23(988) audio_kws@1=8.17(736) tiT@*=0.52(1420) ipc0@0=0.00(272) streamer@0=0.61(912) esp_timer@0=0.01(1600) ipc1@1=0.00(280) wifi@0=0.85(3148) Tmr Svc@*=0.00(856) sys_evt@0=0.00(432)
23:14:25.332 I (253680) stream: server: {"type":"response","text":"7-1-4-7.","saved":"20260928_231416_101_e072a1d53274_marvin.wav"}
23:14:26.978 I (255150) kws: >>> WAKE WORD "marvin" DETECTED  (score 0.68, t = 254.79 s)
23:14:26.978 I (255330) stream: first audio sent 178 ms after the detection
23:14:27.304 I (255649) wake_word: score event: peak 0.86 over 540 ms -> detected
23:14:27.554 I (255909) wifi:[ADDBA]RX DELBA, reason:37, delete tid:0, initiator:1(originator)
23:14:29.666 I (258010) wifi:[ADDBA]RX DELBA, reason:37, delete tid:0, initiator:1(originator)
23:14:30.807 I (259160) stream: stream finished (silence): 1540 ms of audio sent (24 KB)
23:14:33.323 [status] up 261s | mic -34.6 dBFS (peak -21.4) | score max 0.86 | detections 14 | inferences 333 (33.3/s; model 0.95 ms each, paused in quiet 2%; features 1.40 ms per 30 ms) | CPU core0  2.5% core1  9.2% (wake word pipeline 8.63% of one core) | RAM used 176 KB (peak 181 KB, 177 KB free) | wifi OK, server OK | audio lost since boot: i2s 0 net 1475
23:14:35.087 I (263438) wifi:[ADDBA]RX DELBA, reason:37, delete tid:0, initiator:1(originator)
23:14:35.997 I (264344) stream: server: {"type":"response","text":"Call my mother.","saved":"20260928_231426_640_e072a1d53274_marvin.wav"}
23:14:37.543 I (265690) kws: >>> WAKE WORD "marvin" DETECTED  (score 0.70, t = 265.33 s)
23:14:37.543 I (265890) stream: first audio sent 199 ms after the detection
23:14:38.200 I (266527) wifi:[ADDBA]RX DELBA, reason:37, delete tid:0, initiator:1(originator)
23:14:38.201 I (266549) wake_word: score event: peak 1.00 over 840 ms -> detected
23:14:40.241 I (268581) wifi:[ADDBA]RX DELBA, reason:37, delete tid:0, initiator:1(originator)
23:14:40.241 I (268585) wifi:[ADDBA]RX DELBA, reason:37, delete tid:0, initiator:1(originator)
23:14:42.089 I (270408) stream: stream finished (silence): 1540 ms of audio sent (24 KB)
23:14:42.089 I (270440) stream: server: {"type":"response","text":"","saved":"20260928_231437_185_e072a1d53274_marvin.wav"}
23:14:42.698 I (271047) wifi:[ADDBA]RX DELBA, reason:37, delete tid:0, initiator:1(originator)
23:14:43.324 [status] up 271s | mic -35.0 dBFS (peak -22.5) | score max 1.00 | detections 15 | inferences 333 (33.3/s; model 0.95 ms each, paused in quiet 3%; features 1.39 ms per 30 ms) | CPU core0  2.3% core1  9.2% (wake word pipeline 8.61% of one core) | RAM used 176 KB (peak 182 KB, 177 KB free) | wifi OK, server OK | audio lost since boot: i2s 0 net 1600
23:14:52.885 I (281089) kws: >>> WAKE WORD "marvin" DETECTED  (score 0.61, t = 280.73 s)
23:14:52.886 I (281239) stream: first audio sent 148 ms after the detection
23:14:53.449 [status] up 281s | mic -34.2 dBFS (peak -22.4) | score max 0.97 | detections 16 | inferences 332 (33.2/s; model 0.88 ms each, paused in quiet 3%; features 1.36 ms per 30 ms) | CPU core0  1.0% core1  8.5% (wake word pipeline 8.26% of one core) | RAM used 178 KB (peak 182 KB, 176 KB free) | wifi OK, server OK | audio lost since boot: i2s 0 net 1600
23:14:53.449 I (281784) wifi:[ADDBA]RX DELBA, reason:37, delete tid:0, initiator:1(originator)
23:14:53.449 I (281809) wake_word: score event: peak 0.97 over 660 ms -> detected
23:14:55.587 I (283924) wifi:[ADDBA]RX DELBA, reason:37, delete tid:0, initiator:1(originator)
23:14:55.587 I (283929) wifi:[ADDBA]RX DELBA, reason:37, delete tid:0, initiator:1(originator)
23:14:55.976 I (284327) stream: stream finished (silence): 1680 ms of audio sent (26 KB)
23:15:00.864 I (289208) stream: server: {"type":"response","text":"Increase the volume.","saved":"20260928_231452_581_e072a1d53274_marvin.wav"}
23:15:02.587 I (290769) kws: >>> WAKE WORD "marvin" DETECTED  (score 0.63, t = 290.41 s)
23:15:02.587 I (290941) stream: first audio sent 170 ms after the detection
23:15:03.349 I (291298) wifi:[ADDBA]RX DELBA, reason:37, delete tid:0, initiator:1(originator)
23:15:03.349 I (291489) wake_word: score event: peak 0.90 over 720 ms -> detected
23:15:03.349 [status] up 291s | mic -31.9 dBFS (peak -19.5) | score max 0.96 | detections 17 | inferences 324 (32.4/s; model 0.94 ms each, paused in quiet 6%; features 1.39 ms per 30 ms) | CPU core0  2.4% core1  9.1% (wake word pipeline 8.50% of one core) | RAM used 178 KB (peak 182 KB, 176 KB free) | wifi OK, server OK | audio lost since boot: i2s 0 net 1643
23:15:05.029 I (293386) wifi:[ADDBA]RX DELBA, reason:37, delete tid:0, initiator:1(originator)
23:15:05.670 I (294021) stream: stream finished (silence): 1620 ms of audio sent (25 KB)
23:15:11.480 I (299835) stream: server: {"type":"response","text":"Tell me a joke.","saved":"20260928_231502_275_e072a1d53274_marvin.wav"}
23:15:13.356 [status] up 301s | mic -35.4 dBFS (peak -22.0) | score max 0.02 | detections 17 | inferences 332 (33.2/s; model 0.93 ms each, paused in quiet 2%; features 1.39 ms per 30 ms) | CPU core0  2.0% core1  9.0% (wake word pipeline 8.51% of one core) | RAM used 176 KB (peak 182 KB, 177 KB free) | wifi OK, server OK | audio lost since boot: i2s 0 net 1692
23:15:23.385 [status] up 311s | mic -38.8 dBFS (peak -31.9) | score max 0.01 | detections 17 | inferences 199 (19.9/s; model 0.87 ms each, paused in quiet 43%; features 1.32 ms per 30 ms) | CPU core0  0.8% core1  7.2% (wake word pipeline 6.99% of one core) | RAM used 176 KB (peak 182 KB, 177 KB free) | wifi OK, server OK | audio lost since boot: i2s 0 net 1692
23:15:23.385 [tasks] % of one core (free stack): main@0=0.38(928) IDLE1@1=91.33(720) IDLE0@0=98.17(728) websocket_task@*=0.24(988) audio_kws@1=8.38(736) tiT@*=0.41(1420) streamer@0=0.43(912) sys_evt@0=0.00(432) esp_timer@0=0.01(1600) ipc0@0=0.00(272) wifi@0=0.66(3148) ipc1@1=0.00(280) Tmr Svc@*=0.00(856)
