23:39:12.192 ESP-ROM:esp32s3-20210327
23:39:12.192 Build:Mar 27 2021
23:39:12.192 rst:0x1 (POWERON),boot:0x8 (SPI_FAST_FLASH_BOOT)
23:39:12.192 SPIWP:0xee
23:39:12.192 mode:DIO, clock div:1
23:39:12.192 load:0x3fce2820,len:0x1668
23:39:12.192 load:0x403c8700,len:0xec0
23:39:12.192 load:0x403cb700,len:0x3178
23:39:12.192 entry 0x403c894c
23:39:12.192 I (24) boot: ESP-IDF v5.5.5 2nd stage bootloader
23:39:12.192 I (25) boot: compile time Sep 28 2026 21:09:30
23:39:12.192 I (25) boot: Multicore bootloader
23:39:12.192 I (25) boot: chip revision: v0.2
23:39:12.192 I (28) boot: efuse block revision: v1.4
23:39:12.192 I (31) qio_mode: Enabling default flash chip QIO
23:39:12.193 I (36) boot.esp32s3: Boot SPI Speed : 80MHz
23:39:12.193 I (40) boot.esp32s3: SPI Mode       : QIO
23:39:12.193 I (43) boot.esp32s3: SPI Flash Size : 4MB
23:39:12.193 I (47) boot: Enabling RNG early entropy source...
23:39:12.193 I (52) boot: Partition Table:
23:39:12.193 I (54) boot: ## Label            Usage          Type ST Offset   Length
23:39:12.193 I (60) boot:  0 nvs              WiFi data        01 02 00009000 00006000
23:39:12.193 I (67) boot:  1 phy_init         RF data          01 01 0000f000 00001000
23:39:12.193 I (73) boot:  2 factory          factory app      00 00 00010000 00177000
23:39:12.193 I (80) boot: End of partition table
23:39:12.193 I (83) esp_image: segment 0: paddr=00010020 vaddr=3c0d0020 size=359c0h (219584) map
23:39:12.193 I (125) esp_image: segment 1: paddr=000459e8 vaddr=3fc98400 size=04c28h ( 19496) load
23:39:12.193 I (129) esp_image: segment 2: paddr=0004a618 vaddr=40378000 size=05a00h ( 23040) load
23:39:12.193 I (134) esp_image: segment 3: paddr=00050020 vaddr=42000020 size=ca70ch (829196) map
23:39:12.193 I (264) esp_image: segment 4: paddr=0011a734 vaddr=4037da00 size=0a9d0h ( 43472) load
23:39:12.193 I (273) esp_image: segment 5: paddr=0012510c vaddr=50000000 size=00020h (    32) load
23:39:12.193 I (280) boot: Loaded app from partition at offset 0x10000
23:39:12.193 I (280) boot: Disabling RNG early entropy source...
23:39:12.193 I (291) cpu_start: Multicore app
23:39:12.193 I (299) cpu_start: GPIO 44 and 43 are used as console UART I/O pins
23:39:12.193 I (300) cpu_start: Pro cpu start user code
23:39:12.193 I (300) cpu_start: cpu freq: 240000000 Hz
23:39:12.193 I (302) app_init: Application information:
23:39:12.193 I (305) app_init: Project name:     kws_s3
23:39:12.193 I (309) app_init: App version:      ee80e50-dirty
23:39:12.193 I (314) app_init: Compile time:     Sep 28 2026 23:28:51
23:39:12.193 I (319) app_init: ELF file SHA256:  af1bf4989...
23:39:12.193 I (323) app_init: ESP-IDF:          v5.5.5
23:39:12.193 I (327) efuse_init: Min chip rev:     v0.0
23:39:12.193 I (331) efuse_init: Max chip rev:     v0.99
23:39:12.193 I (335) efuse_init: Chip rev:         v0.2
23:39:12.193 I (339) heap_init: Initializing. RAM available for dynamic allocation:
23:39:12.193 I (345) heap_init: At 3FCA2AE8 len 00046C28 (283 KiB): RAM
23:39:12.193 I (350) heap_init: At 3FCE9710 len 00005724 (21 KiB): RAM
23:39:12.193 I (355) heap_init: At 600FE000 len 00001FE8 (7 KiB): RTCRAM
23:39:12.193 I (361) spi_flash: detected chip: boya
23:39:12.193 I (364) spi_flash: flash io: qio
23:39:12.193 W (367) spi_flash: Detected size(16384k) larger than the size in the binary image header(4096k). Using the size in the binary image header.
23:39:12.193 I (379) sleep_gpio: Configure to isolate all GPIO pins in sleep state
23:39:12.193 I (385) sleep_gpio: Enable automatic switching of GPIO sleep configuration
23:39:12.193 I (392) main_task: Started on CPU0
23:39:12.193 I (410) main_task: Calling app_main()
23:39:12.193 
23:39:12.193 ==================== SIH KWS firmware ====================
23:39:12.193  chip      : esp32s3 rev v0.2, 2 cores, flash 4 MB
23:39:12.194  ESP-IDF   : v5.5.5
23:39:12.194  RAM       : 41 KB static data, 287 KB heap free (code in IRAM: 65 KB, not counted)
23:39:12.194  model     : marvin.tflite (60896 bytes, stored in flash)
23:39:12.194 ===========================================================
23:39:12.194 
23:39:12.194 [heap] start of app_main            294744 B free (of 320308 B)
23:39:12.194 I (465) kws: model ready: wake word "marvin", threshold 0.60 (json), window 5, input 3x40 int8
23:39:12.194 I (470) kws: model RAM: tensor arena 25964 of 26624 bytes used; engine total 38 KB of heap
23:39:12.194 
23:39:12.194 ------------------------ SELF-TEST ------------------------
23:39:12.194  noise only (3 s)   : PASS - stayed quiet  (highest score 0.01, threshold 0.60)
23:39:12.194  wake word recording: skipped - no WAV file in the model folder (optional)
23:39:12.194 -----------------------------------------------------------
23:39:12.194 
23:39:12.194 [heap] model + features + self-test took  40720 B, 254024 B free
23:39:12.194 I (709) audio: I2S running: 16 kHz, 32-bit slots, both channels, SCK=16 WS=15 SD=17, gain x1
23:39:13.051 I (1211) kws: microphones: left (L/R to GND) -20.0 dBFS, right (L/R to 3V3) -17.9 dBFS, similarity 0.28 -> using both (average)
23:39:13.051 [heap] I2S + ring + audio task      took  20772 B, 233252 B free
23:39:13.051 I (1224) kws: listening for "marvin" ...
23:39:13.051 I (1230) pp: pp rom version: e7ae62f
23:39:13.051 I (1232) net80211: net80211 rom version: e7ae62f
23:39:13.051 I (1236) wifi:wifi driver task: 3fcb6fa8, prio:23, stack:6656, core=0
23:39:13.051 I (1244) wifi:wifi firmware version: b9f67df
23:39:13.051 I (1246) wifi:wifi certification version: v7.0
23:39:13.051 I (1249) wifi:config NVS flash: disabled
23:39:13.051 I (1254) wifi:config nano formatting: disabled
23:39:13.051 I (1257) wifi:Init data frame dynamic rx buffer num: 16
23:39:13.051 I (1263) wifi:Init static rx mgmt buffer num: 5
23:39:13.051 I (1268) wifi:Init management short buffer num: 10
23:39:13.051 I (1271) wifi:Init dynamic tx buffer num: 16
23:39:13.051 I (1276) wifi:Init static tx FG buffer num: 2
23:39:13.051 I (1279) wifi:Init static rx buffer size: 1600
23:39:13.051 I (1285) wifi:Init static rx buffer num: 6
23:39:13.051 I (1288) wifi:Init dynamic rx buffer num: 16
23:39:13.051 I (1291) wifi_init: accept mbox: 6
23:39:13.051 I (1296) wifi_init: tcpip mbox: 32
23:39:13.051 I (1299) wifi_init: udp mbox: 6
23:39:13.051 I (1301) wifi_init: tcp mbox: 6
23:39:13.051 I (1304) wifi_init: tcp tx win: 5760
23:39:13.051 I (1307) wifi_init: tcp rx win: 5760
23:39:13.051 I (1310) wifi_init: tcp mss: 1440
23:39:13.051 I (1313) phy_init: phy_version 712,87e8c20e,Apr 13 2026,18:51:10
23:39:13.051 I (1347) wifi:mode : sta (e0:72:a1:d5:32:74)
23:39:13.051 I (1348) wifi:enable tsf
23:39:13.051 I (1350) wifi:Set ps type: 0, coexist: 0
23:39:13.051 
23:39:13.051 I (1355) wifi: connecting to "ARYA 9252" ...
23:39:13.051 [heap] Wi-Fi driver + netif         took  41196 B, 192056 B free
23:39:13.051 I (1408) wifi:state: init -> auth (0xb0)
23:39:13.051 W (1414) stream: cannot reach the server ws://192.168.137.1:3000/ws (is it running? same network?) - retrying every second
23:39:13.051 I (1420) wifi:state: auth -> assoc (0x0)
23:39:13.051 [heap] WebSocket client + streamer  took  13052 B, 179004 B free
23:39:13.051 I (1430) wifi:state: assoc -> run (0x10)
23:39:13.051 I (1490) wifi:connected with ARYA 9252, aid = 1, channel 1, BW20, bssid = 9a:5f:41:45:73:c9
23:39:13.051 I (1495) wifi:security: WPA2-PSK, phy: bgn, rssi: -17, cipher(pairwise:0x3, group:0x3), pmf:0
23:39:13.051 I (1504) wifi:pm start, type: 0
23:39:13.051 
23:39:13.051 I (1506) wifi:dp: 1, bi: 102400, li: 3, scale listen interval from 307200 us to 307200 us
23:39:13.051 I (1515) wifi:set rx beacon pti, rx_bcn_pti: 0, bcn_timeout: 25000, mt_pti: 0, mt_time: 10000
23:39:13.051 I (1567) wifi:AP's beacon interval = 102400 us, DTIM period = 3
23:39:14.064 I (2584) esp_netif_handlers: sta ip: 192.168.137.250, mask: 255.255.255.0, gw: 192.168.137.1
23:39:14.064 I (2588) wifi: connected, IP address 192.168.137.250
23:39:14.938 I (3463) stream: connected to the server ws://192.168.137.1:3000/ws
23:39:17.458 I (5972) wifi:[ADDBA]RX DELBA, reason:37, delete tid:0, initiator:1(originator)
23:39:19.715 I (8238) wifi:[ADDBA]RX DELBA, reason:37, delete tid:0, initiator:1(originator)
23:39:22.973 [status] up 11s | mic -33.7 dBFS (peak -24.8) | score max 0.02 | detections 0 | inferences 308 (30.8/s; model 0.91 ms each, paused in quiet 14%; features 1.34 ms per 30 ms) | CPU core0 -1.0% core1 -1.0% (wake word pipeline 8.27% of one core) | RAM used 180 KB (peak 184 KB, 173 KB free) | wifi OK, server OK | audio lost since boot: i2s 0 net 0
23:39:22.973 [tasks] % of one core (free stack): main@0=-1.00(928) IDLE1@1=-1.00(720) IDLE0@0=-1.00(728) audio_kws@1=-1.00(832) websocket_task@*=-1.00(1012) tiT@*=-1.00(1452) Tmr Svc@*=-1.00(856) streamer@0=-1.00(2444) sys_evt@0=-1.00(432) esp_timer@0=-1.00(1600) wifi@0=-1.00(3212) ipc0@0=-1.00(272) ipc1@1=-1.00(280)
23:39:23.236 I (11759) wifi:[ADDBA]RX DELBA, reason:37, delete tid:0, initiator:1(originator)
23:39:28.423 I (16946) wifi:[ADDBA]RX DELBA, reason:37, delete tid:0, initiator:1(originator)
23:39:32.953 [status] up 21s | mic -35.4 dBFS (peak -27.3) | score max 0.00 | detections 0 | inferences 310 (31.0/s; model 0.90 ms each, paused in quiet 9%; features 1.36 ms per 30 ms) | CPU core0  1.3% core1  8.3% (wake word pipeline 8.12% of one core) | RAM used 180 KB (peak 184 KB, 173 KB free) | wifi OK, server OK | audio lost since boot: i2s 0 net 0
23:39:34.150 I (22671) wifi:[ADDBA]RX DELBA, reason:37, delete tid:0, initiator:1(originator)
23:39:38.852 I (27352) kws: >>> WAKE WORD "marvin" DETECTED  (score 0.68, t = 26.99 s)
23:39:38.852 I (27374) stream: first audio sent 20 ms after the detection
23:39:39.271 I (27740) wifi:[ADDBA]RX DELBA, reason:37, delete tid:0, initiator:1(originator)
23:39:39.272 I (27792) wake_word: score event: peak 0.91 over 540 ms -> detected
23:39:40.438 I (28955) stream: stream finished (silence): 1600 ms of audio sent (25 KB)
23:39:42.092 I (30615) wifi:[ADDBA]RX DELBA, reason:37, delete tid:0, initiator:1(originator)
23:39:42.592 I (31108) stream: server: {"type":"response","text":"Turn on the lights.","saved":"20260928_233938_625_e072a1d53274_marvin.wav"}
23:39:42.965 [status] up 31s | mic -33.2 dBFS (peak -19.8) | score max 0.91 | detections 1 | inferences 333 (33.3/s; model 0.96 ms each, paused in quiet 0%; features 1.44 ms per 30 ms) | CPU core0  3.7% core1  9.2% (wake word pipeline 8.66% of one core) | RAM used 181 KB (peak 192 KB, 172 KB free) | wifi OK, server OK | audio lost since boot: i2s 0 net 0
23:39:52.974 [status] up 41s | mic -30.4 dBFS (peak -18.8) | score max 0.00 | detections 1 | inferences 333 (33.3/s; model 0.87 ms each, paused in quiet 1%; features 1.37 ms per 30 ms) | CPU core0  0.8% core1  8.4% (wake word pipeline 8.19% of one core) | RAM used 181 KB (peak 192 KB, 172 KB free) | wifi OK, server OK | audio lost since boot: i2s 0 net 0
23:40:01.170 I (49693) wifi:[ADDBA]RX DELBA, reason:37, delete tid:0, initiator:1(originator)
23:40:02.976 [status] up 51s | mic -28.8 dBFS (peak -18.5) | score max 0.11 | detections 1 | inferences 334 (33.4/s; model 0.88 ms each, paused in quiet 0%; features 1.39 ms per 30 ms) | CPU core0  0.8% core1  8.4% (wake word pipeline 8.24% of one core) | RAM used 181 KB (peak 192 KB, 172 KB free) | wifi OK, server OK | audio lost since boot: i2s 0 net 0
23:40:12.987 [status] up 61s | mic -28.0 dBFS (peak -19.6) | score max 0.00 | detections 1 | inferences 333 (33.3/s; model 0.87 ms each, paused in quiet 0%; features 1.39 ms per 30 ms) | CPU core0  0.8% core1  8.4% (wake word pipeline 8.19% of one core) | RAM used 181 KB (peak 192 KB, 172 KB free) | wifi OK, server OK | audio lost since boot: i2s 0 net 0
23:40:17.372 I (65892) wifi:[ADDBA]RX DELBA, reason:37, delete tid:0, initiator:1(originator)
23:40:23.011 [status] up 71s | mic -28.9 dBFS (peak -17.7) | score max 0.00 | detections 1 | inferences 333 (33.3/s; model 0.87 ms each, paused in quiet 0%; features 1.39 ms per 30 ms) | CPU core0  0.9% core1  8.4% (wake word pipeline 8.19% of one core) | RAM used 181 KB (peak 192 KB, 172 KB free) | wifi OK, server OK | audio lost since boot: i2s 0 net 0
23:40:23.011 [tasks] % of one core (free stack): audio_kws@1=8.41(832) main@0=0.43(928) IDLE1@1=91.48(720) IDLE0@0=98.61(728) tiT@*=0.24(1452) websocket_task@*=0.19(1012) ipc0@0=0.00(272) ipc1@1=0.00(280) esp_timer@0=0.01(1600) streamer@0=0.22(924) wifi@0=0.45(3212) Tmr Svc@*=0.00(856) sys_evt@0=0.00(432)
23:40:33.006 [status] up 81s | mic -29.8 dBFS (peak -20.7) | score max 0.00 | detections 1 | inferences 325 (32.5/s; model 0.87 ms each, paused in quiet 5%; features 1.35 ms per 30 ms) | CPU core0  1.1% core1  8.3% (wake word pipeline 8.15% of one core) | RAM used 181 KB (peak 192 KB, 172 KB free) | wifi OK, server OK | audio lost since boot: i2s 0 net 0
23:40:43.010 [status] up 91s | mic -29.1 dBFS (peak -19.8) | score max 0.04 | detections 1 | inferences 334 (33.4/s; model 0.88 ms each, paused in quiet 0%; features 1.39 ms per 30 ms) | CPU core0  0.8% core1  8.4% (wake word pipeline 8.24% of one core) | RAM used 181 KB (peak 192 KB, 172 KB free) | wifi OK, server OK | audio lost since boot: i2s 0 net 0
23:40:53.005 [status] up 101s | mic -32.3 dBFS (peak -22.3) | score max 0.04 | detections 1 | inferences 333 (33.3/s; model 0.88 ms each, paused in quiet 0%; features 1.40 ms per 30 ms) | CPU core0  0.8% core1  8.4% (wake word pipeline 8.24% of one core) | RAM used 181 KB (peak 192 KB, 172 KB free) | wifi OK, server OK | audio lost since boot: i2s 0 net 0
23:40:53.950 I (102471) wake_word: score event: peak 0.40 over 240 ms -> not detected (below threshold or in cool-down)
23:41:03.023 [status] up 111s | mic -28.3 dBFS (peak -18.9) | score max 0.40 | detections 1 | inferences 333 (33.3/s; model 0.88 ms each, paused in quiet 0%; features 1.40 ms per 30 ms) | CPU core0  0.6% core1  8.4% (wake word pipeline 8.27% of one core) | RAM used 181 KB (peak 192 KB, 172 KB free) | wifi OK, server OK | audio lost since boot: i2s 0 net 0
23:41:08.059 I (116586) wifi:[ADDBA]RX DELBA, reason:37, delete tid:0, initiator:1(originator)
23:41:13.042 [status] up 121s | mic -31.5 dBFS (peak -20.4) | score max 0.35 | detections 1 | inferences 333 (33.3/s; model 0.88 ms each, paused in quiet 2%; features 1.37 ms per 30 ms) | CPU core0  0.9% core1  8.4% (wake word pipeline 8.23% of one core) | RAM used 181 KB (peak 192 KBI (121532) wake_word: score event: peak 0.35 over 180 ms -> not detected (below threshold or in cool-down)
23:41:13.042 , 172 KB free) | wifi OK, server OK | audio lost since boot: i2s 0 net 0
23:41:16.713 I (125234) wifi:[ADDBA]RX DELBA, reason:37, delete tid:0, initiator:1(originator)
23:41:23.067 [status] up 131s | mic -29.3 dBFS (peak -19.4) | score max 0.02 | detections 1 | inferences 334 (33.4/s; model 0.88 ms each, paused in quiet 0%; features 1.43 ms per 30 ms) | CPU core0  0.8% core1  8.5% (wake word pipeline 8.40% of one core) | RAM used 181 KB (peak 192 KB, 172 KB free) | wifi OK, server OK | audio lost since boot: i2s 0 net 0
23:41:23.068 [tasks] % of one core (free stack): main@0=0.29(928) IDLE1@1=91.58(720) IDLE0@0=99.19(728) audio_kws@1=8.37(736) tiT@*=0.12(1452) websocket_task@*=0.18(1012) streamer@0=0.00(924) Tmr Svc@*=0.00(856) esp_timer@0=0.01(1600) sys_evt@0=0.00(432) wifi@0=0.26(3212) ipc0@0=0.00(272) ipc1@1=0.00(280)
23:41:26.462 I (134984) wifi:[ADDBA]RX DELBA, reason:37, delete tid:0, initiator:1(originator)
