23:15:25.194 ESP-ROM:esp32s3-20210327
23:15:25.194 Build:Mar 27 2021
23:15:25.194 rst:0x1 (POWERON),boot:0x8 (SPI_FAST_FLASH_BOOT)
23:15:25.194 SPIWP:0xee
23:15:25.194 mode:DIO, clock div:1
23:15:25.194 load:0x3fce2820,len:0x1668
23:15:25.194 load:0x403c8700,len:0xec0
23:15:25.194 load:0x403cb700,len:0x3178
23:15:25.194 entry 0x403c894c
23:15:25.194 I (24) boot: ESP-IDF v5.5.5 2nd stage bootloader
23:15:25.194 I (25) boot: compile time Sep 28 2026 21:09:30
23:15:25.194 I (25) boot: Multicore bootloader
23:15:25.194 I (25) boot: chip revision: v0.2
23:15:25.194 I (28) boot: efuse block revision: v1.4
23:15:25.194 I (31) qio_mode: Enabling default flash chip QIO
23:15:25.198 I (36) boot.esp32s3: Boot SPI Speed : 80MHz
23:15:25.198 I (40) boot.esp32s3: SPI Mode       : QIO
23:15:25.198 I (43) boot.esp32s3: SPI Flash Size : 4MB
23:15:25.198 I (47) boot: Enabling RNG early entropy source...
23:15:25.198 I (52) boot: Partition Table:
23:15:25.198 I (54) boot: ## Label            Usage          Type ST Offset   Length
23:15:25.198 I (60) boot:  0 nvs              WiFi data        01 02 00009000 00006000
23:15:25.198 I (67) boot:  1 phy_init         RF data          01 01 0000f000 00001000
23:15:25.198 I (73) boot:  2 factory          factory app      00 00 00010000 00177000
23:15:25.198 I (80) boot: End of partition table
23:15:25.198 I (83) esp_image: segment 0: paddr=00010020 vaddr=3c0d0020 size=359c0h (219584) map
23:15:25.198 I (125) esp_image: segment 1: paddr=000459e8 vaddr=3fc98400 size=04c28h ( 19496) load
23:15:25.198 I (129) esp_image: segment 2: paddr=0004a618 vaddr=40378000 size=05a00h ( 23040) load
23:15:25.198 I (134) esp_image: segment 3: paddr=00050020 vaddr=42000020 size=ca6fch (829180) map
23:15:25.198 I (264) esp_image: segment 4: paddr=0011a724 vaddr=4037da00 size=0a9d0h ( 43472) load
23:15:25.198 I (273) esp_image: segment 5: paddr=001250fc vaddr=50000000 size=00020h (    32) load
23:15:25.198 I (280) boot: Loaded app from partition at offset 0x10000
23:15:25.198 I (280) boot: Disabling RNG early entropy source...
23:15:25.198 I (291) cpu_start: Multicore app
23:15:25.198 I (299) cpu_start: GPIO 44 and 43 are used as console UART I/O pins
23:15:25.198 I (300) cpu_start: Pro cpu start user code
23:15:25.198 I (300) cpu_start: cpu freq: 240000000 Hz
23:15:25.198 I (302) app_init: Application information:
23:15:25.198 I (305) app_init: Project name:     kws_s3
23:15:25.198 I (309) app_init: App version:      ee80e50-dirty
23:15:25.198 I (314) app_init: Compile time:     Sep 28 2026 21:44:57
23:15:25.198 I (319) app_init: ELF file SHA256:  69ffdf84d...
23:15:25.198 I (323) app_init: ESP-IDF:          v5.5.5
23:15:25.198 I (327) efuse_init: Min chip rev:     v0.0
23:15:25.198 I (331) efuse_init: Max chip rev:     v0.99
23:15:25.198 I (335) efuse_init: Chip rev:         v0.2
23:15:25.198 I (339) heap_init: Initializing. RAM available for dynamic allocation:
23:15:25.198 I (345) heap_init: At 3FCA2AE8 len 00046C28 (283 KiB): RAM
23:15:25.198 I (350) heap_init: At 3FCE9710 len 00005724 (21 KiB): RAM
23:15:25.198 I (355) heap_init: At 600FE000 len 00001FE8 (7 KiB): RTCRAM
23:15:25.198 I (361) spi_flash: detected chip: boya
23:15:25.198 I (364) spi_flash: flash io: qio
23:15:25.198 W (367) spi_flash: Detected size(16384k) larger than the size in the binary image header(4096k). Using the size in the binary image header.
23:15:25.198 I (379) sleep_gpio: Configure to isolate all GPIO pins in sleep state
23:15:25.198 I (385) sleep_gpio: Enable automatic switching of GPIO sleep configuration
23:15:25.198 I (392) main_task: Started on CPU0
23:15:25.198 I (410) main_task: Calling app_main()
23:15:25.198 
23:15:25.198 ==================== SIH KWS firmware ====================
23:15:25.198  chip      : esp32s3 rev v0.2, 2 cores, flash 4 MB
23:15:25.198  ESP-IDF   : v5.5.5
23:15:25.198  RAM       : 41 KB static data, 287 KB heap free (code in IRAM: 65 KB, not counted)
23:15:25.198  model     : marvin.tflite (60896 bytes, stored in flash)
23:15:25.198 ===========================================================
23:15:25.198 
23:15:25.198 [heap] start of app_main            294744 B free (of 320308 B)
23:15:25.198 I (465) kws: model ready: wake word "marvin", threshold 0.60 (json), window 5, input 3x40 int8
23:15:25.198 I (470) kws: model RAM: tensor arena 25964 of 26624 bytes used; engine total 38 KB of heap
23:15:25.198 
23:15:25.198 ------------------------ SELF-TEST ------------------------
23:15:25.198  noise only (3 s)   : PASS - stayed quiet  (highest score 0.01, threshold 0.60)
23:15:25.198  wake word recording: skipped - no WAV file in the model folder (optional)
23:15:25.198 -----------------------------------------------------------
23:15:25.198 
23:15:25.198 [heap] model + features + self-test took  40720 B, 254024 B free
23:15:25.198 I (707) audio: I2S running: 16 kHz, 32-bit slots, both channels, SCK=16 WS=15 SD=17, gain x1
23:15:26.010 I (1209) kws: microphones: left (L/R to GND) -22.8 dBFS, right (L/R to 3V3) -18.3 dBFS, similarity 0.09 -> using both (average)
23:15:26.010 [heap] I2S + ring + audio task      took  20772 B, 233252 B free
23:15:26.010 I (1222) kws: listening for "marvin" ...
23:15:26.010 I (1228) pp: pp rom version: e7ae62f
23:15:26.010 I (1230) net80211: net80211 rom version: e7ae62f
23:15:26.010 I (1234) wifi:wifi driver task: 3fcb6fa8, prio:23, stack:6656, core=0
23:15:26.010 I (1241) wifi:wifi firmware version: b9f67df
23:15:26.010 I (1244) wifi:wifi certification version: v7.0
23:15:26.010 I (1247) wifi:config NVS flash: disabled
23:15:26.010 I (1252) wifi:config nano formatting: disabled
23:15:26.010 I (1255) wifi:Init data frame dynamic rx buffer num: 8
23:15:26.010 I (1261) wifi:Init static rx mgmt buffer num: 5
23:15:26.010 I (1266) wifi:Init management short buffer num: 10
23:15:26.010 I (1269) wifi:Init dynamic tx buffer num: 8
23:15:26.010 I (1274) wifi:Init static tx FG buffer num: 2
23:15:26.010 I (1277) wifi:Init static rx buffer size: 1600
23:15:26.010 I (1283) wifi:Init static rx buffer num: 3
23:15:26.010 I (1285) wifi:Init dynamic rx buffer num: 8
23:15:26.010 I (1289) wifi_init: accept mbox: 6
23:15:26.010 I (1291) wifi_init: tcpip mbox: 32
23:15:26.010 I (1296) wifi_init: udp mbox: 6
23:15:26.010 I (1299) wifi_init: tcp mbox: 6
23:15:26.010 I (1302) wifi_init: tcp tx win: 2880
23:15:26.010 I (1305) wifi_init: tcp rx win: 2880
23:15:26.010 I (1308) wifi_init: tcp mss: 1440
23:15:26.010 I (1311) phy_init: phy_version 712,87e8c20e,Apr 13 2026,18:51:10
23:15:26.010 I (1344) wifi:mode : sta (e0:72:a1:d5:32:74)
23:15:26.010 I (1346) wifi:enable tsf
23:15:26.010 I (1347) wifi:Set ps type: 0, coexist: 0
23:15:26.010 
23:15:26.010 I (1353) wifi: connecting to "ARYA 9252" ...
23:15:26.010 [heap] Wi-Fi driver + netif         took  36436 B, 196816 B free
23:15:26.010 I (1407) wifi:state: init -> auth (0xb0)
23:15:26.010 W (1412) stream: cannot reach the server ws://192.168.137.1:3000/ws (is it running? same network?) - retrying every second
23:15:26.010 [heap] WebSocket client + streamer  took  13008 B, 183808 B free
23:15:26.010 I (1422) wifi:state: auth -> assoc (0x0)
23:15:26.010 I (1434) wifi:state: assoc -> run (0x10)
23:15:26.010 I (1460) wifi:connected with ARYA 9252, aid = 8, channel 1, BW20, bssid = 9a:5f:41:45:73:c9
23:15:26.010 I (1466) wifi:security: WPA2-PSK, phy: bgn, rssi: -19, cipher(pairwise:0x3, group:0x3), pmf:0
23:15:26.010 I (1474) wifi:pm start, type: 0
23:15:26.010 
23:15:26.010 I (1477) wifi:dp: 1, bi: 102400, li: 3, scale listen interval from 307200 us to 307200 us
23:15:26.010 I (1485) wifi:set rx beacon pti, rx_bcn_pti: 0, bcn_timeout: 25000, mt_pti: 0, mt_time: 10000
23:15:26.010 I (1526) wifi:AP's beacon interval = 102400 us, DTIM period = 3
23:15:27.106 I (2615) esp_netif_handlers: sta ip: 192.168.137.250, mask: 255.255.255.0, gw: 192.168.137.1
23:15:27.106 I (2619) wifi: connected, IP address 192.168.137.250
23:15:27.902 I (3430) stream: connected to the server ws://192.168.137.1:3000/ws
23:15:29.223 I (4742) wifi:[ADDBA]RX DELBA, reason:37, delete tid:0, initiator:1(originator)
23:15:34.743 I (10254) wifi:[ADDBA]RX DELBA, reason:37, delete tid:0, initiator:1(originator)
23:15:34.743 I (10259) wifi:[ADDBA]RX DELBA, reason:37, delete tid:0, initiator:1(originator)
23:15:35.967 [status] up 11s | mic -39.1 dBFS (peak -32.1) | score max 0.02 | detections 0 | inferences 152 (15.2/s; model 0.91 ms each, paused in quiet 58%; features 1.32 ms per 30 ms) | CPU core0 -1.0% core1 -1.0% (wake word pipeline 6.80% of one core) | RAM used 176 KB (peak 180 KB, 178 KB free) | wifi OK, server OK | audio lost since boot: i2s 0 net 0
23:15:35.967 [tasks] % of one core (free stack): main@0=-1.00(928) IDLE1@1=-1.00(720) IDLE0@0=-1.00(776) audio_kws@1=-1.00(832) tiT@*=-1.00(1452) websocket_task@*=-1.00(952) Tmr Svc@*=-1.00(856) streamer@0=-1.00(2432) sys_evt@0=-1.00(432) esp_timer@0=-1.00(1600) wifi@0=-1.00(3372) ipc0@0=-1.00(272) ipc1@1=-1.00(280)
23:15:45.948 [status] up 21s | mic -38.3 dBFS (peak -31.6) | score max 0.00 | detections 0 | inferences 289 (28.9/s; model 0.88 ms each, paused in quiet 18%; features 1.32 ms per 30 ms) | CPU core0  1.2% core1  8.1% (wake word pipeline 7.86% of one core) | RAM used 176 KB (peak 180 KB, 178 KB free) | wifi OK, server OK | audio lost since boot: i2s 0 net 0
23:15:53.321 I (28669) kws: >>> WAKE WORD "marvin" DETECTED  (score 0.62, t = 28.31 s)
23:15:53.321 I (28847) stream: first audio sent 175 ms after the detection
23:15:53.913 I (29429) wake_word: score event: peak 0.90 over 900 ms -> detected
23:15:54.225 I (29748) wifi:[ADDBA]RX DELBA, reason:37, delete tid:0, initiator:1(originator)
23:15:55.962 [status] up 31s | mic -36.4 dBFS (peak -23.3) | score max 0.90 | detections 1 | inferences 271 (27.1/s; model 0.96 ms each, paused in quiet 21%; features 1.38 ms per 30 ms) | CPU core0  1.9% core1  8.5% (wake word pipeline 8.03% of one core) | RAM used 178 KB (peak 181 KB, 176 KB free) | wifi OK, server OK | audio lost since boot: i2s 0 net 43
23:15:56.291 I (31763) stream: stream finished (silence): 1500 ms of audio sent (23 KB)
23:15:56.291 I (31810) wifi:[ADDBA]RX DELBA, reason:37, delete tid:0, initiator:1(originator)
23:15:58.220 I (33733) stream: server: {"type":"response","text":"Turn on the lights.","saved":"20260928_231553_002_e072a1d53274_marvin.wav"}
23:15:59.670 I (35049) kws: >>> WAKE WORD "marvin" DETECTED  (score 0.61, t = 34.69 s)
23:15:59.671 I (35194) stream: first audio sent 142 ms after the detection
23:16:00.494 I (35949) wake_word: score event: peak 0.98 over 930 ms -> detected
23:16:00.495 I (36016) wifi:[ADDBA]RX DELBA, reason:37, delete tid:0, initiator:1(originator)
23:16:02.443 I (37965) stream: stream finished (silence): 1540 ms of audio sent (24 KB)
23:16:02.677 I (38194) wifi:[ADDBA]RX DELBA, reason:37, delete tid:0, initiator:1(originator)
23:16:04.593 I (40108) stream: server: {"type":"response","text":"What is the letter 10?","saved":"20260928_231559_366_e072a1d53274_marvin.wav"}
23:16:06.247 [status] up 41s | mic -36.0 dBFS (peak -22.9) | score max 0.98 | detections 2 | inferences 275 (27.5/s; model 0.98 ms each, paused in quiet 22%; features 1.36 ms per 30 ms) | CPU core0  2.5% core1  8.7% (wake word pipeline 8.15% of one core) | RAM used 176 KB (peak 181 KB, 177 KB free) | wifi OK, server OK | audio lost since boot: i2s 0 net 83
23:16:06.247 I (41490) kws: >>> WAKE WORD "marvin" DETECTED  (score 0.66, t = 41.13 s)
23:16:06.247 I (41645) stream: first audio sent 151 ms after the detection
23:16:06.247 I (41774) wifi:[ADDBA]RX DELBA, reason:37, delete tid:0, initiator:1(originator)
23:16:06.662 I (42189) wake_word: score event: peak 0.95 over 780 ms -> detected
23:16:09.105 I (44460) wifi:[ADDBA]RX DELBA, reason:37, delete tid:0, initiator:1(originator)
23:16:09.105 I (44626) stream: stream finished (silence): 1500 ms of audio sent (23 KB)
23:16:11.064 I (46523) wifi:[ADDBA]RX DELBA, reason:37, delete tid:0, initiator:1(originator)
23:16:11.064 I (46581) stream: server: {"type":"response","text":"Play some music.","saved":"20260928_231605_818_e072a1d53274_marvin.wav"}
23:16:12.752 I (48268) wake_word: score event: peak 0.34 over 210 ms -> not detected (below threshold or in cool-down)
23:16:15.984 [status] up 51s | mic -34.6 dBFS (peak -22.8) | score max 0.95 | detections 3 | inferences 324 (32.4/s; model 0.94 ms each, paused in quiet 8%; features 1.35 ms per 30 ms) | CPU core0  2.1% core1  9.0% (wake word pipeline 8.49% of one core) | RAM used 176 KB (peak 181 KB, 177 KB free) | wifi OK, server OK | audio lost since boot: i2s 0 net 131
23:16:16.967 I (52484) wifi:[ADDBA]RX DELBA, reason:37, delete tid:0, initiator:1(originator)
23:16:25.983 [status] up 61s | mic -32.9 dBFS (peak -21.3) | score max 0.13 | detections 3 | inferences 334 (33.4/s; model 0.87 ms each, paused in quiet 0%; features 1.39 ms per 30 ms) | CPU core0  0.9% core1  8.4% (wake word pipeline 8.22% of one core) | RAM used 176 KB (peak 181 KB, 177 KB free) | wifi OK, server OK | audio lost since boot: i2s 0 net 131
23:16:36.016 [status] up 71s | mic -27.4 dBFS (peak -15.7) | score max 0.05 | detections 3 | inferences 333 (33.3/s; model 0.87 ms each, paused in quiet 0%; features 1.39 ms per 30 ms) | CPU core0  0.8% core1  8.4% (wake word pipeline 8.20% of one core) | RAM used 176 KB (peak 181 KB, 177 KB free) | wifi OK, server OK | audio lost since boot: i2s 0 net 131
23:16:36.016 [tasks] % of one core (free stack): main@0=0.36(928) IDLE1@1=91.49(720) IDLE0@0=98.44(728) audio_kws@1=8.30(832) tiT@*=0.34(1452) websocket_task@*=0.20(952) ipc0@0=0.00(272) ipc1@1=0.00(280) esp_timer@0=0.01(1600) Tmr Svc@*=0.00(856) wifi@0=0.53(3372) sys_evt@0=0.00(432) streamer@0=0.30(912)
23:16:42.927 I (78449) wake_word: score event: peak 0.59 over 570 ms -> not detected (below threshold or in cool-down)
23:16:46.005 [status] up 81s | mic -34.8 dBFS (peak -20.5) | score max 0.59 | detections 3 | inferences 295 (29.5/s; model 0.87 ms each, paused in quiet 14%; features 1.36 ms per 30 ms) | CPU core0  1.1% core1  8.1% (wake word pipeline 7.91% of one core) | RAM used 176 KB (peak 181 KB, 177 KB free) | wifi OK, server OK | audio lost since boot: i2s 0 net 131
23:16:47.930 I (83449) wake_word: score event: peak 0.22 over 390 ms -> not detected (below threshold or in cool-down)
23:16:52.149 I (87669) wake_word: score event: peak 0.39 over 180 ms -> not detected (below threshold or in cool-down)
23:16:56.000 [status] up 91s | mic -36.3 dBFS (peak -23.4) | score max 0.39 | detections 3 | inferences 287 (28.7/s; model 0.87 ms each, paused in quiet 20%; features 1.29 ms per 30 ms) | CPU core0  0.8% core1  8.0% (wake word pipeline 7.83% of one core) | RAM used 176 KB (peak 181 KB, 177 KB free) | wifi OK, server OK | audio lost since boot: i2s 0 net 131
23:16:56.768 I (92289) kws: >>> WAKE WORD "marvin" DETECTED  (score 0.71, t = 91.93 s)
23:16:57.003 I (92533) stream: first audio sent 241 ms after the detection
23:16:57.624 I (93149) wake_word: score event: peak 1.00 over 960 ms -> detected
23:16:58.491 I (94020) wifi:[ADDBA]RX DELBA, reason:37, delete tid:0, initiator:1(originator)
23:16:59.946 I (95467) stream: stream finished (silence): 1500 ms of audio sent (23 KB)
23:17:00.637 I (96164) wifi:[ADDBA]RX DELBA, reason:37, delete tid:0, initiator:1(originator)
23:17:01.914 I (97426) stream: server: {"type":"response","text":"Please, I'll use it.","saved":"20260928_231656_675_e072a1d53274_marvin.wav"}
23:17:03.533 I (98869) kws: >>> WAKE WORD "marvin" DETECTED  (score 0.67, t = 98.51 s)
23:17:03.533 I (99050) stream: first audio sent 179 ms after the detection
23:17:04.248 I (99769) wake_word: score event: peak 1.00 over 840 ms -> detected
23:17:04.761 I (100284) wifi:[ADDBA]RX DELBA, reason:37, delete tid:0, initiator:1(originator)
23:17:06.017 [status] up 101s | mic -35.4 dBFS (peak -23.0) | score max 1.00 | detections 5 | inferences 223 (22.3/s; model 1.02 ms each, paused in quiet 35%; features 1.41 ms per 30 ms) | CPU core0  3.2% core1  8.6% (wake word pipeline 7.80% of one core) | RAM used 178 KB (peak 181 KB, 176 KB free) | wifi OK, server OK | audio lost since boot: i2s 0 net 214
23:17:06.452 I (101973) stream: stream finished (silence): 1560 ms of audio sent (24 KB)
23:17:08.465 I (103986) stream: server: {"type":"response","text":"Set alarm for study.","saved":"20260928_231703_202_e072a1d53274_marvin.wav"}
23:17:10.240 I (105509) kws: >>> WAKE WORD "marvin" DETECTED  (score 0.68, t = 105.15 s)
23:17:10.241 I (105667) stream: first audio sent 156 ms after the detection
23:17:10.241 I (105765) wifi:[ADDBA]RX DELBA, reason:37, delete tid:0, initiator:1(originator)
23:17:10.566 I (106089) wake_word: score event: peak 0.73 over 540 ms -> detected
23:17:12.739 I (108264) wifi:[ADDBA]RX DELBA, reason:37, delete tid:0, initiator:1(originator)
23:17:13.067 I (108588) stream: stream finished (silence): 1500 ms of audio sent (23 KB)
23:17:14.970 I (110482) stream: server: {"type":"response","text":"Call my mother.","saved":"20260928_231709_837_e072a1d53274_marvin.wav"}
23:17:16.026 [status] up 111s | mic -36.3 dBFS (peak -22.9) | score max 0.73 | detections 6 | inferences 177 (17.7/s; model 0.97 ms each, paused in quiet 50%; features 1.34 ms per 30 ms) | CPU core0  2.4% core1  7.8% (wake word pipeline 7.13% of one core) | RAM used 176 KB (peak 181 KB, 177 KB free) | wifi OK, server OK | audio lost since boot: i2s 0 net 267
23:17:16.727 I (112049) kws: >>> WAKE WORD "marvin" DETECTED  (score 0.61, t = 111.69 s)
23:17:16.727 I (112251) stream: first audio sent 199 ms after the detection
23:17:17.288 I (112809) wake_word: score event: peak 0.83 over 690 ms -> detected
23:17:18.143 I (113671) wifi:[ADDBA]RX DELBA, reason:37, delete tid:0, initiator:1(originator)
23:17:19.512 I (115032) stream: stream finished (silence): 1500 ms of audio sent (23 KB)
23:17:21.329 I (116849) stream: server: {"type":"response","text":"Open the door.","saved":"20260928_231716_404_e072a1d53274_marvin.wav"}
23:17:26.042 [status] up 121s | mic -33.6 dBFS (peak -21.8) | score max 0.83 | detections 7 | inferences 260 (26.0/s; model 0.94 ms each, paused in quiet 25%; features 1.37 ms per 30 ms) | CPU core0  2.1% core1  8.4% (wake word pipeline 7.86% of one core) | RAM used 176 KB (peak 181 KB, 177 KB free) | wifi OK, server OK | audio lost since boot: i2s 0 net 309
23:17:36.061 [status] up 131s | mic -31.2 dBFS (peak -20.0) | score max 0.02 | detections 7 | inferences 333 (33.3/s; model 0.88 ms each, paused in quiet 0%; features 1.39 ms per 30 ms) | CPU core0  0.8% core1  8.4% (wake word pipeline 8.24% of one core) | RAM used 176 KB (peak 181 KB, 177 KB free) | wifi OK, server OK | audio lost since boot: i2s 0 net 309
23:17:36.061 [tasks] % of one core (free stack): main@0=0.39(928) IDLE1@1=91.79(720) IDLE0@0=98.29(728) audio_kws@1=7.94(736) tiT@*=0.39(1452) websocket_task@*=0.25(952) streamer@0=0.40(912) sys_evt@0=0.00(432) esp_timer@0=0.01(1600) ipc0@0=0.00(272) wifi@0=0.58(3372) ipc1@1=0.00(280) Tmr Svc@*=0.00(856)
23:17:46.055 [status] up 141s | mic -31.6 dBFS (peak -17.3) | score max 0.02 | detections 7 | inferences 282 (28.2/s; model 0.88 ms each, paused in quiet 20%; features 1.31 ms per 30 ms) | CPU core0  0.6% core1  8.0% (wake word pipeline 7.77% of one core) | RAM used 176 KB (peak 181 KB, 177 KB free) | wifi OK, server OK | audio lost since boot: i2s 0 net 309
