23:06:05.575 ESP-ROM:esp32s3-20210327
23:06:05.575 Build:Mar 27 2021
23:06:05.575 rst:0x1 (POWERON),boot:0x8 (SPI_FAST_FLASH_BOOT)
23:06:05.575 SPIWP:0xee
23:06:05.575 mode:DIO, clock div:1
23:06:05.575 load:0x3fce2820,len:0x1668
23:06:05.575 load:0x403c8700,len:0xec0
23:06:05.575 load:0x403cb700,len:0x3178
23:06:05.575 entry 0x403c894c
23:06:05.575 I (24) boot: ESP-IDF v5.5.5 2nd stage bootloader
23:06:05.575 I (25) boot: compile time Sep 28 2026 21:09:30
23:06:05.576 I (25) boot: Multicore bootloader
23:06:05.576 I (25) boot: chip revision: v0.2
23:06:05.576 I (28) boot: efuse block revision: v1.4
23:06:05.576 I (31) qio_mode: Enabling default flash chip QIO
23:06:05.576 I (36) boot.esp32s3: Boot SPI Speed : 80MHz
23:06:05.579 I (40) boot.esp32s3: SPI Mode       : QIO
23:06:05.579 I (43) boot.esp32s3: SPI Flash Size : 4MB
23:06:05.579 I (47) boot: Enabling RNG early entropy source...
23:06:05.579 I (52) boot: Partition Table:
23:06:05.579 I (54) boot: ## Label            Usage          Type ST Offset   Length
23:06:05.579 I (60) boot:  0 nvs              WiFi data        01 02 00009000 00006000
23:06:05.579 I (67) boot:  1 phy_init         RF data          01 01 0000f000 00001000
23:06:05.579 I (73) boot:  2 factory          factory app      00 00 00010000 00177000
23:06:05.579 I (80) boot: End of partition table
23:06:05.579 I (83) esp_image: segment 0: paddr=00010020 vaddr=3c0d0020 size=359c0h (219584) map
23:06:05.579 I (125) esp_image: segment 1: paddr=000459e8 vaddr=3fc98400 size=04c28h ( 19496) load
23:06:05.579 I (129) esp_image: segment 2: paddr=0004a618 vaddr=40378000 size=05a00h ( 23040) load
23:06:05.579 I (134) esp_image: segment 3: paddr=00050020 vaddr=42000020 size=ca6fch (829180) map
23:06:05.579 I (264) esp_image: segment 4: paddr=0011a724 vaddr=4037da00 size=0a9d0h ( 43472) load
23:06:05.579 I (273) esp_image: segment 5: paddr=001250fc vaddr=50000000 size=00020h (    32) load
23:06:05.579 I (280) boot: Loaded app from partition at offset 0x10000
23:06:05.579 I (280) boot: Disabling RNG early entropy source...
23:06:05.579 I (291) cpu_start: Multicore app
23:06:05.579 I (299) cpu_start: GPIO 44 and 43 are used as console UART I/O pins
23:06:05.579 I (300) cpu_start: Pro cpu start user code
23:06:05.579 I (300) cpu_start: cpu freq: 240000000 Hz
23:06:05.579 I (302) app_init: Application information:
23:06:05.579 I (305) app_init: Project name:     kws_s3
23:06:05.579 I (309) app_init: App version:      ee80e50-dirty
23:06:05.579 I (314) app_init: Compile time:     Sep 28 2026 21:44:57
23:06:05.579 I (319) app_init: ELF file SHA256:  69ffdf84d...
23:06:05.579 I (323) app_init: ESP-IDF:          v5.5.5
23:06:05.579 I (327) efuse_init: Min chip rev:     v0.0
23:06:05.579 I (331) efuse_init: Max chip rev:     v0.99
23:06:05.579 I (335) efuse_init: Chip rev:         v0.2
23:06:05.579 I (339) heap_init: Initializing. RAM available for dynamic allocation:
23:06:05.579 I (345) heap_init: At 3FCA2AE8 len 00046C28 (283 KiB): RAM
23:06:05.579 I (350) heap_init: At 3FCE9710 len 00005724 (21 KiB): RAM
23:06:05.579 I (355) heap_init: At 600FE000 len 00001FE8 (7 KiB): RTCRAM
23:06:05.579 I (361) spi_flash: detected chip: boya
23:06:05.579 I (364) spi_flash: flash io: qio
23:06:05.579 W (367) spi_flash: Detected size(16384k) larger than the size in the binary image header(4096k). Using the size in the binary image header.
23:06:05.579 I (379) sleep_gpio: Configure to isolate all GPIO pins in sleep state
23:06:05.579 I (385) sleep_gpio: Enable automatic switching of GPIO sleep configuration
23:06:05.579 I (392) main_task: Started on CPU0
23:06:05.579 I (410) main_task: Calling app_main()
23:06:05.579 
23:06:05.579 ==================== SIH KWS firmware ====================
23:06:05.579  chip      : esp32s3 rev v0.2, 2 cores, flash 4 MB
23:06:05.579  ESP-IDF   : v5.5.5
23:06:05.579  RAM       : 41 KB static data, 287 KB heap free (code in IRAM: 65 KB, not counted)
23:06:05.579  model     : marvin.tflite (60896 bytes, stored in flash)
23:06:05.579 ===========================================================
23:06:05.579 
23:06:05.579 [heap] start of app_main            294744 B free (of 320308 B)
23:06:05.579 I (465) kws: model ready: wake word "marvin", threshold 0.60 (json), window 5, input 3x40 int8
23:06:05.579 I (470) kws: model RAM: tensor arena 25964 of 26624 bytes used; engine total 38 KB of heap
23:06:05.579 
23:06:05.579 ------------------------ SELF-TEST ------------------------
23:06:05.579  noise only (3 s)   : PASS - stayed quiet  (highest score 0.01, threshold 0.60)
23:06:05.579  wake word recording: skipped - no WAV file in the model folder (optional)
23:06:05.579 -----------------------------------------------------------
23:06:05.579 
23:06:05.579 [heap] model + features + self-test took  40720 B, 254024 B free
23:06:05.579 I (707) audio: I2S running: 16 kHz, 32-bit slots, both channels, SCK=16 WS=15 SD=17, gain x1
23:06:06.356 I (1209) kws: microphones: left (L/R to GND) -24.6 dBFS, right (L/R to 3V3) -20.8 dBFS, similarity 0.52 -> using both (average)
23:06:06.356 [heap] I2S + ring + audio task      took  20772 B, 233252 B free
23:06:06.356 I (1222) kws: listening for "marvin" ...
23:06:06.356 I (1228) pp: pp rom version: e7ae62f
23:06:06.356 I (1230) net80211: net80211 rom version: e7ae62f
23:06:06.356 I (1234) wifi:wifi driver task: 3fcb6fa8, prio:23, stack:6656, core=0
23:06:06.356 I (1241) wifi:wifi firmware version: b9f67df
23:06:06.357 I (1244) wifi:wifi certification version: v7.0
23:06:06.357 I (1247) wifi:config NVS flash: disabled
23:06:06.357 I (1252) wifi:config nano formatting: disabled
23:06:06.357 I (1255) wifi:Init data frame dynamic rx buffer num: 8
23:06:06.357 I (1261) wifi:Init static rx mgmt buffer num: 5
23:06:06.357 I (1266) wifi:Init management short buffer num: 10
23:06:06.357 I (1269) wifi:Init dynamic tx buffer num: 8
23:06:06.357 I (1274) wifi:Init static tx FG buffer num: 2
23:06:06.357 I (1277) wifi:Init static rx buffer size: 1600
23:06:06.357 I (1283) wifi:Init static rx buffer num: 3
23:06:06.357 I (1285) wifi:Init dynamic rx buffer num: 8
23:06:06.357 I (1289) wifi_init: accept mbox: 6
23:06:06.357 I (1291) wifi_init: tcpip mbox: 32
23:06:06.358 I (1296) wifi_init: udp mbox: 6
23:06:06.358 I (1299) wifi_init: tcp mbox: 6
23:06:06.359 I (1302) wifi_init: tcp tx win: 2880
23:06:06.359 I (1305) wifi_init: tcp rx win: 2880
23:06:06.359 I (1308) wifi_init: tcp mss: 1440
23:06:06.359 I (1311) phy_init: phy_version 712,87e8c20e,Apr 13 2026,18:51:10
23:06:06.359 I (1345) wifi:mode : sta (e0:72:a1:d5:32:74)
23:06:06.359 I (1346) wifi:enable tsf
23:06:06.359 I (1348) wifi:Set ps type: 0, coexist: 0
23:06:06.359 
23:06:06.359 I (1353) wifi: connecting to "ARYA 9252" ...
23:06:06.359 [heap] Wi-Fi driver + netif         took  36252 B, 197000 B free
23:06:06.359 I (1405) wifi:state: init -> auth (0xb0)
23:06:06.359 W (1410) stream: cannot reach the server ws://192.168.137.1:3000/ws (is it running? same network?) - retrying every second
23:06:06.359 I (1412) wifi:state: auth -> assoc (0x0)
23:06:06.359 [heap] WebSocket client + streamer  took  13048 B, 183952 B free
23:06:06.360 I (1427) wifi:state: assoc -> run (0x10)
23:06:06.360 I (1465) wifi:connected with ARYA 9252, aid = 5, channel 1, BW20, bssid = 9a:5f:41:45:73:c9
23:06:06.360 I (1469) wifi:security: WPA2-PSK, phy: bgn, rssi: -18, cipher(pairwise:0x3, group:0x3), pmf:0
23:06:06.360 I (1477) wifi:pm start, type: 0
23:06:06.360 
23:06:06.360 I (1480) wifi:dp: 1, bi: 102400, li: 3, scale listen interval from 307200 us to 307200 us
23:06:06.360 I (1488) wifi:set rx beacon pti, rx_bcn_pti: 0, bcn_timeout: 25000, mt_pti: 0, mt_time: 10000
23:06:06.360 I (1497) wifi:AP's beacon interval = 102400 us, DTIM period = 3
23:06:07.401 I (2539) esp_netif_handlers: sta ip: 192.168.137.250, mask: 255.255.255.0, gw: 192.168.137.1
23:06:07.401 I (2543) wifi: connected, IP address 192.168.137.250
23:06:08.290 I (3427) stream: connected to the server ws://192.168.137.1:3000/ws
23:06:11.102 I (6090) kws: >>> WAKE WORD "marvin" DETECTED  (score 0.60, t = 5.73 s)
23:06:11.102 I (6240) stream: first audio sent 148 ms after the detection
23:06:11.447 I (6589) wake_word: score event: peak 0.60 over 540 ms -> detected
23:06:11.682 I (6815) wifi:[ADDBA]RX DELBA, reason:37, delete tid:0, initiator:1(originator)
23:06:14.643 I (9784) wifi:[ADDBA]RX DELBA, reason:37, delete tid:0, initiator:1(originator)
23:06:15.529 I (10669) wake_word: score event: peak 0.42 over 420 ms -> not detected (below threshold or in cool-down)
23:06:16.344 [status] up 11s | mic -39.4 dBFS (peak -32.1) | score max 0.60 | detections 1 | inferences 211 (21.1/s; model 1.03 ms each, paused in quiet 41%; features 1.39 ms per 30 ms) | CPU core0 -1.0% core1 -1.0% (wake word pipeline 7.83% of one core) | RAM used 178 KB (peak 181 KB, 176 KB free) | wifi OK, server OK | audio lost since boot: i2s 0 net 101
23:06:16.344 [tasks] % of one core (free stack): main@0=-1.00(928) IDLE1@1=-1.00(720) IDLE0@0=-1.00(728) websocket_task@*=-1.00(948) audio_kws@1=-1.00(736) streamer@0=-1.00(1020) tiT@*=-1.00(1548) Tmr Svc@*=-1.00(856) sys_evt@0=-1.00(432) esp_timer@0=-1.00(1600) wifi@0=-1.00(3212) ipc0@0=-1.00(272) ipc1@1=-1.00(280)
23:06:16.749 I (11884) wifi:[ADDBA]RX DELBA, reason:37, delete tid:0, initiator:1(originator)
23:06:18.886 I (14024) wifi:[ADDBA]RX DELBA, reason:37, delete tid:0, initiator:1(originator)
23:06:21.085 I (16224) wifi:[ADDBA]RX DELBA, reason:37, delete tid:0, initiator:1(originator)
23:06:25.989 I (20957) wifi:[ADDBA]RX DELBA, reason:37, delete tid:0, initiator:1(originator)
23:06:25.990 I (20961) wifi:[ADDBA]RX DELBA, reason:37, delete tid:0, initiator:1(originator)
23:06:25.990 I (21134) stream: stream finished (max_length): 8020 ms of audio sent (125 KB)
23:06:26.319 [status] up 21s | mic -38.8 dBFS (peak -31.7) | score max 0.16 | detections 1 | inferences 188 (18.8/s; model 1.05 ms each, paused in quiet 48%; features 1.37 ms per 30 ms) | CPU core0  4.8% core1  8.8% (wake word pipeline 7.63% of one core) | RAM used 176 KB (peak 181 KB, 177 KB free) | wifi OK, server OK | audio lost since boot: i2s 0 net 319
23:06:29.885 I (25015) stream: server: {"type":"response","text":"More. More. Okay.","saved":"20260928_230610_796_e072a1d53274_marvin.wav"}
23:06:30.243 I (25381) wifi:[ADDBA]RX DELBA, reason:37, delete tid:0, initiator:1(originator)
23:06:36.085 I (31223) wifi:[ADDBA]RX DELBA, reason:37, delete tid:0, initiator:1(originator)
23:06:36.335 [status] up 31s | mic -38.7 dBFS (peak -31.2) | score max 0.12 | detections 1 | inferences 280 (28.0/s; model 0.91 ms each, paused in quiet 18%; features 1.37 ms per 30 ms) | CPU core0  1.3% core1  8.1% (wake word pipeline 7.91% of one core) | RAM used 176 KB (peak 181 KB, 177 KB free) | wifi OK, server OK | audio lost since boot: i2s 0 net 319
23:06:46.340 [status] up 41s | mic -39.4 dBFS (peak -31.8) | score max 0.05 | detections 1 | inferences 175 (17.5/s; model 0.88 ms each, paused in quiet 50%; features 1.31 ms per 30 ms) | CPU core0  0.6% core1  7.0% (wake word pipeline 6.82% of one core) | RAM used 176 KB (peak 181 KB, 177 KB free) | wifi OK, server OK | audio lost since boot: i2s 0 net 319
23:06:56.343 [status] up 51s | mic -39.0 dBFS (peak -31.2) | score max 0.01 | detections 1 | inferences 233 (23.3/s; model 0.87 ms each, paused in quiet 35%; features 1.29 ms per 30 ms) | CPU core0  0.8% core1  7.5% (wake word pipeline 7.30% of one core) | RAM used 176 KB (peak 181 KB, 177 KB free) | wifi OK, server OK | audio lost since boot: i2s 0 net 319
23:07:00.466 I (55604) wifi:[ADDBA]RX DELBA, reason:37, delete tid:0, initiator:1(originator)
23:07:03.038 I (58170) kws: >>> WAKE WORD "marvin" DETECTED  (score 0.65, t = 57.81 s)
23:07:03.396 I (58426) stream: first audio sent 254 ms after the detection
23:07:03.397 I (58529) wake_word: score event: peak 0.65 over 330 ms -> detected
23:07:04.939 I (60075) wifi:[ADDBA]RX DELBA, reason:37, delete tid:0, initiator:1(originator)
23:07:06.030 I (61090) stream: stream finished (silence): 1500 ms of audio sent (23 KB)
23:07:06.030 I (61166) stream: server: {"type":"response","text":"","saved":"20260928_230702_958_e072a1d53274_marvin.wav"}
23:07:06.359 [status] up 61s | mic -39.2 dBFS (peak -32.8) | score max 0.65 | detections 2 | inferences 170 (17.0/s; model 0.92 ms each, paused in quiet 51%; features 1.37 ms per 30 ms) | CPU core0  2.0% core1  7.5% (wake word pipeline 6.96% of one core) | RAM used 176 KB (peak 181 KB, 177 KB free) | wifi OK, server OK | audio lost since boot: i2s 0 net 359
23:07:11.308 I (66440) wifi:[ADDBA]RX DELBA, reason:37, delete tid:0, initiator:1(originator)
23:07:16.386 I (71299) wifi:[ADDBA]RX DELBA, reason:37, delete tid:0, initiator:1(originator)
23:07:16.386 [status] up 71s | mic -38.4 dBFS (peak -27.8) | score max 0.05 | detections 2 | inferences 253 (25.3/s; model 0.87 ms each, paused in quiet 28%; features 1.32 ms per 30 ms) | CPU core0  0.9% core1  7.7% (wake word pipeline 7.50% of one core) | RAM used 176 KB (peak 181 KB, 177 KB free) | wifi OK, server OK | audio lost since boot: i2s 0 net 359
23:07:16.387 [tasks] % of one core (free stack): main@0=0.32(928) IDLE1@1=92.24(720) IDLE0@0=98.30(728) audio_kws@1=7.49(736) tiT@*=0.39(1452) websocket_task@*=0.20(948) ipc0@0=0.00(272) streamer@0=0.41(988) esp_timer@0=0.01(1600) wifi@0=0.65(3212) ipc1@1=0.00(280) Tmr Svc@*=0.00(856) sys_evt@0=0.00(432)
23:07:19.449 I (74589) wake_word: score event: peak 0.51 over 300 ms -> not detected (below threshold or in cool-down)
23:07:26.377 [status] up 81s | mic -38.2 dBFS (peak -29.8) | score max 0.51 | detections 2 | inferences 197 (19.7/s; model 0.87 ms each, paused in quiet 44%; features 1.32 ms per 30 ms) | CPU core0  0.6% core1  7.2% (wake word pipeline 7.03% of one core) | RAM used 176 KB (peak 181 KB, 177 KB free) | wifi OK, server OK | audio lost since boot: i2s 0 net 359
23:07:30.982 I (86125) wifi:[ADDBA]RX DELBA, reason:37, delete tid:0, initiator:1(originator)
23:07:36.386 [status] up 91s | mic -38.5 dBFS (peak -32.0) | score max 0.11 | detections 2 | inferences 243 (24.3/s; model 0.88 ms each, paused in quiet 33%; features 1.28 ms per 30 ms) | CPU core0  0.9% core1  7.6% (wake word pipeline 7.41% of one core) | RAM used 176 KB (peak 181 KB, 177 KB free) | wifi OK, server OK | audio lost since boot: i2s 0 net 359
23:07:39.258 I (94389) wake_word: score event: peak 0.32 over 210 ms -> not detected (below threshold or in cool-down)
23:07:46.392 [status] up 101s | mic -39.0 dBFS (peak -33.2) | score max 0.32 | detections 2 | inferences 208 (20.8/s; model 0.88 ms each, paused in quiet 41%; features 1.31 ms per 30 ms) | CPU core0  0.8% core1  7.3% (wake word pipeline 7.11% of one core) | RAM used 176 KB (peak 181 KB, 177 KB free) | wifi OK, server OK | audio lost since boot: i2s 0 net 359
