23:04:12.684 ESP-ROM:esp32s3-20210327
23:04:12.685 Build:Mar 27 2021
23:04:12.685 rst:0x1 (POWERON),boot:0x8 (SPI_FAST_FLASH_BOOT)
23:04:12.685 SPIWP:0xee
23:04:12.685 mode:DIO, clock div:1
23:04:12.686 load:0x3fce2820,len:0x1668
23:04:12.686 load:0x403c8700,len:0xec0
23:04:12.686 load:0x403cb700,len:0x3178
23:04:12.686 entry 0x403c894c
23:04:12.686 I (24) boot: ESP-IDF v5.5.5 2nd stage bootloader
23:04:12.686 I (25) boot: compile time Sep 28 2026 21:09:30
23:04:12.686 I (25) boot: Multicore bootloader
23:04:12.686 I (25) boot: chip revision: v0.2
23:04:12.686 I (28) boot: efuse block revision: v1.4
23:04:12.686 I (31) qio_mode: Enabling default flash chip QIO
23:04:12.686 I (36) boot.esp32s3: Boot SPI Speed : 80MHz
23:04:12.689 I (40) boot.esp32s3: SPI Mode       : QIO
23:04:12.689 I (43) boot.esp32s3: SPI Flash Size : 4MB
23:04:12.689 I (47) boot: Enabling RNG early entropy source...
23:04:12.689 I (52) boot: Partition Table:
23:04:12.689 I (54) boot: ## Label            Usage          Type ST Offset   Length
23:04:12.689 I (60) boot:  0 nvs              WiFi data        01 02 00009000 00006000
23:04:12.689 I (67) boot:  1 phy_init         RF data          01 01 0000f000 00001000
23:04:12.689 I (73) boot:  2 factory          factory app      00 00 00010000 00177000
23:04:12.689 I (80) boot: End of partition table
23:04:12.689 I (83) esp_image: segment 0: paddr=00010020 vaddr=3c0d0020 size=359c0h (219584) map
23:04:12.689 I (125) esp_image: segment 1: paddr=000459e8 vaddr=3fc98400 size=04c28h ( 19496) load
23:04:12.689 I (129) esp_image: segment 2: paddr=0004a618 vaddr=40378000 size=05a00h ( 23040) load
23:04:12.689 I (134) esp_image: segment 3: paddr=00050020 vaddr=42000020 size=ca6fch (829180) map
23:04:12.690 I (264) esp_image: segment 4: paddr=0011a724 vaddr=4037da00 size=0a9d0h ( 43472) load
23:04:12.690 I (273) esp_image: segment 5: paddr=001250fc vaddr=50000000 size=00020h (    32) load
23:04:12.690 I (280) boot: Loaded app from partition at offset 0x10000
23:04:12.690 I (280) boot: Disabling RNG early entropy source...
23:04:12.690 I (291) cpu_start: Multicore app
23:04:12.690 I (299) cpu_start: GPIO 44 and 43 are used as console UART I/O pins
23:04:12.690 I (300) cpu_start: Pro cpu start user code
23:04:12.690 I (300) cpu_start: cpu freq: 240000000 Hz
23:04:12.690 I (302) app_init: Application information:
23:04:12.690 I (305) app_init: Project name:     kws_s3
23:04:12.690 I (309) app_init: App version:      ee80e50-dirty
23:04:12.690 I (314) app_init: Compile time:     Sep 28 2026 21:44:57
23:04:12.690 I (319) app_init: ELF file SHA256:  69ffdf84d...
23:04:12.690 I (323) app_init: ESP-IDF:          v5.5.5
23:04:12.690 I (327) efuse_init: Min chip rev:     v0.0
23:04:12.690 I (331) efuse_init: Max chip rev:     v0.99
23:04:12.690 I (335) efuse_init: Chip rev:         v0.2
23:04:12.690 I (339) heap_init: Initializing. RAM available for dynamic allocation:
23:04:12.690 I (345) heap_init: At 3FCA2AE8 len 00046C28 (283 KiB): RAM
23:04:12.690 I (350) heap_init: At 3FCE9710 len 00005724 (21 KiB): RAM
23:04:12.690 I (355) heap_init: At 600FE000 len 00001FE8 (7 KiB): RTCRAM
23:04:12.690 I (361) spi_flash: detected chip: boya
23:04:12.690 I (364) spi_flash: flash io: qio
23:04:12.690 W (367) spi_flash: Detected size(16384k) larger than the size in the binary image header(4096k). Using the size in the binary image header.
23:04:12.690 I (379) sleep_gpio: Configure to isolate all GPIO pins in sleep state
23:04:12.690 I (385) sleep_gpio: Enable automatic switching of GPIO sleep configuration
23:04:12.690 I (392) main_task: Started on CPU0
23:04:12.690 I (410) main_task: Calling app_main()
23:04:12.690 
23:04:12.690 ==================== SIH KWS firmware ====================
23:04:12.690  chip      : esp32s3 rev v0.2, 2 cores, flash 4 MB
23:04:12.690  ESP-IDF   : v5.5.5
23:04:12.690  RAM       : 41 KB static data, 287 KB heap free (code in IRAM: 65 KB, not counted)
23:04:12.690  model     : marvin.tflite (60896 bytes, stored in flash)
23:04:12.690 ===========================================================
23:04:12.690 
23:04:12.690 [heap] start of app_main            294744 B free (of 320308 B)
23:04:12.691 I (465) kws: model ready: wake word "marvin", threshold 0.60 (json), window 5, input 3x40 int8
23:04:12.691 I (470) kws: model RAM: tensor arena 25964 of 26624 bytes used; engine total 38 KB of heap
23:04:12.691 
23:04:12.691 ------------------------ SELF-TEST ------------------------
23:04:12.691  noise only (3 s)   : PASS - stayed quiet  (highest score 0.01, threshold 0.60)
23:04:12.691  wake word recording: skipped - no WAV file in the model folder (optional)
23:04:12.691 -----------------------------------------------------------
23:04:12.691 
23:04:12.691 [heap] model + features + self-test took  40720 B, 254024 B free
23:04:12.691 I (707) audio: I2S running: 16 kHz, 32-bit slots, both channels, SCK=16 WS=15 SD=17, gain x1
23:04:13.505 I (1209) kws: microphones: left (L/R to GND) -18.8 dBFS, right (L/R to 3V3) -16.1 dBFS, similarity 0.46 -> using both (average)
23:04:13.505 [heap] I2S + ring + audio task      took  20772 B, 233252 B free
23:04:13.505 I (1222) kws: listening for "marvin" ...
23:04:13.505 I (1228) pp: pp rom version: e7ae62f
23:04:13.505 I (1230) net80211: net80211 rom version: e7ae62f
23:04:13.505 I (1234) wifi:wifi driver task: 3fcb6fa8, prio:23, stack:6656, core=0
23:04:13.505 I (1241) wifi:wifi firmware version: b9f67df
23:04:13.505 I (1244) wifi:wifi certification version: v7.0
23:04:13.505 I (1247) wifi:config NVS flash: disabled
23:04:13.506 I (1252) wifi:config nano formatting: disabled
23:04:13.506 I (1255) wifi:Init data frame dynamic rx buffer num: 8
23:04:13.506 I (1261) wifi:Init static rx mgmt buffer num: 5
23:04:13.506 I (1266) wifi:Init management short buffer num: 10
23:04:13.506 I (1269) wifi:Init dynamic tx buffer num: 8
23:04:13.506 I (1274) wifi:Init static tx FG buffer num: 2
23:04:13.506 I (1277) wifi:Init static rx buffer size: 1600
23:04:13.506 I (1283) wifi:Init static rx buffer num: 3
23:04:13.506 I (1285) wifi:Init dynamic rx buffer num: 8
23:04:13.506 I (1289) wifi_init: accept mbox: 6
23:04:13.506 I (1291) wifi_init: tcpip mbox: 32
23:04:13.506 I (1296) wifi_init: udp mbox: 6
23:04:13.506 I (1299) wifi_init: tcp mbox: 6
23:04:13.506 I (1302) wifi_init: tcp tx win: 2880
23:04:13.506 I (1305) wifi_init: tcp rx win: 2880
23:04:13.507 I (1308) wifi_init: tcp mss: 1440
23:04:13.507 I (1311) phy_init: phy_version 712,87e8c20e,Apr 13 2026,18:51:10
23:04:13.507 I (1350) wifi:mode : sta (e0:72:a1:d5:32:74)
23:04:13.507 I (1351) wifi:enable tsf
23:04:13.507 I (1353) wifi:Set ps type: 0, coexist: 0
23:04:13.507 
23:04:13.507 I (1358) wifi: connecting to "ARYA 9252" ...
23:04:13.507 [heap] Wi-Fi driver + netif         took  36252 B, 197000 B free
23:04:13.507 I (1410) wifi:state: init -> auth (0xb0)
23:04:13.507 [heap] WebSocket client + streamer  took  12940 B, 184060 B free
23:04:13.507 I (1419) wifi:W (1415) stream: cannot reach the server ws://192.168.137.1:3000/ws (is it running? same network?) - retrying every second
23:04:13.507 state: auth -> assoc (0x0)
23:04:13.507 I (1438) wifi:state: assoc -> run (0x10)
23:04:13.507 I (1490) wifi:connected with ARYA 9252, aid = 4, channel 1, BW20, bssid = 9a:5f:41:45:73:c9
23:04:13.507 I (1494) wifi:security: WPA2-PSK, phy: bgn, rssi: -19, cipher(pairwise:0x3, group:0x3), pmf:0
23:04:13.507 I (1503) wifi:pm start, type: 0
23:04:13.507 
23:04:13.507 I (1505) wifi:dp: 1, bi: 102400, li: 3, scale listen interval from 307200 us to 307200 us
23:04:13.507 I (1514) wifi:set rx beacon pti, rx_bcn_pti: 0, bcn_timeout: 25000, mt_pti: 0, mt_time: 10000
23:04:13.507 I (1530) wifi:AP's beacon interval = 102400 us, DTIM period = 3
23:04:14.564 I (2592) esp_netif_handlers: sta ip: 192.168.137.250, mask: 255.255.255.0, gw: 192.168.137.1
23:04:14.565 I (2596) wifi: connected, IP address 192.168.137.250
23:04:15.425 I (3448) stream: connected to the server ws://192.168.137.1:3000/ws
23:04:16.348 I (4377) wifi:[ADDBA]RX DELBA, reason:37, delete tid:0, initiator:1(originator)
23:04:20.495 I (8525) wifi:[ADDBA]RX DELBA, reason:37, delete tid:0, initiator:1(originator)
23:04:23.442 [status] up 11s | mic -38.1 dBFS (peak -28.6) | score max 0.10 | detections 0 | inferences 339 (33.9/s; model 0.90 ms each, paused in quiet 0%; features 1.40 ms per 30 ms) | CPU core0 -1.0% core1 -1.0% (wake word pipeline 8.49% of one core) | RAM used 176 KB (peak 179 KB, 178 KB free) | wifi OK, server OK | audio lost since boot: i2s 0 net 0
23:04:23.442 [tasks] % of one core (free stack): audio_kws@1=-1.00(832) main@0=-1.00(928) IDLE1@1=-1.00(720) IDLE0@0=-1.00(728) tiT@*=-1.00(1452) websocket_task@*=-1.00(956) Tmr Svc@*=-1.00(856) streamer@0=-1.00(2436) sys_evt@0=-1.00(432) esp_timer@0=-1.00(1600) wifi@0=-1.00(3212) ipc0@0=-1.00(272) ipc1@1=-1.00(280)
23:04:25.080 I (13110) wifi:[ADDBA]RX DELBA, reason:37, delete tid:0, initiator:1(originator)
23:04:33.438 [status] up 21s | mic -38.3 dBFS (peak -30.5) | score max 0.00 | detections 0 | inferences 267 (26.7/s; model 0.88 ms each, paused in quiet 22%; features 1.35 ms per 30 ms) | CPU core0  1.1% core1  7.8% (wake word pipeline 7.62% of one core) | RAM used 176 KB (peak 179 KB, 178 KB free) | wifi OK, server OK | audio lost since boot: i2s 0 net 0
23:04:43.442 [status] up 31s | mic -38.7 dBFS (peak -30.9) | score max 0.00 | detections 0 | inferences 234 (23.4/s; model 0.92 ms each, paused in quiet 33%; features 1.33 ms per 30 ms) | CPU core0  1.1% core1  7.7% (wake word pipeline 7.50% of one core) | RAM used 176 KB (peak 179 KB, 178 KB free) | wifi OK, server OK | audio lost since boot: i2s 0 net 0
23:04:47.231 I (35251) wifi:[ADDBA]RX DELBA, reason:37, delete tid:0, initiator:1(originator)
23:04:53.448 [status] up 41s | mic -39.4 dBFS (peak -30.0) | score max 0.03 | detections 0 | inferences 201 (20.1/s; model 0.90 ms each, paused in quiet 42%; features 1.34 ms per 30 ms) | CPU core0  1.0% core1  7.3% (wake word pipeline 7.11% of one core) | RAM used 176 KB (peak 179 KB, 178 KB free) | wifi OK, server OK | audio lost since boot: i2s 0 net 0
23:04:54.961 I (42983) wifi:[ADDBA]RX DELBA, reason:37, delete tid:0, initiator:1(originator)
23:05:03.452 [status] up 51s | mic -38.3 dBFS (peak -28.5) | score max 0.00 | detections 0 | inferences 236 (23.6/s; model 0.87 ms each, paused in quiet 35%; features 1.28 ms per 30 ms) | CPU core0  0.8% core1  7.5% (wake word pipeline 7.33% of one core) | RAM used 176 KB (peak 179 KB, 178 KB free) | wifi OK, server OK | audio lost since boot: i2s 0 net 0
23:05:13.450 [status] up 61s | mic -39.2 dBFS (peak -34.4) | score max 0.00 | detections 0 | inferences 101 (10.1/s; model 0.87 ms each, paused in quiet 70%; features 1.33 ms per 30 ms) | CPU core0  0.8% core1  6.3% (wake word pipeline 6.11% of one core) | RAM used 176 KB (peak 179 KB, 178 KB free) | wifi OK, server OK | audio lost since boot: i2s 0 net 0
23:05:23.488 [status] up 71s | mic -38.3 dBFS (peak -31.3) | score max 0.00 | detections 0 | inferences 232 (23.2/s; model 0.87 ms each, paused in quiet 36%; features 1.28 ms per 30 ms) | CPU core0  0.8% core1  7.5% (wake word pipeline 7.30% of one core) | RAM used 176 KB (peak 179 KB, 178 KB free) | wifi OK, server OK | audio lost since boot: i2s 0 net 0
23:05:23.488 [tasks] % of one core (free stack): main@0=0.36(928) IDLE1@1=92.65(720) IDLE0@0=99.10(728) websocket_task@*=0.18(956) audio_kws@1=7.30(832) tiT@*=0.11(1452) sys_evt@0=0.00(432) ipc0@0=0.00(272) esp_timer@0=0.01(1600) ipc1@1=0.00(280) wifi@0=0.31(3212) Tmr Svc@*=0.00(856) streamer@0=0.00(2436)
23:05:33.473 [status] up 81s | mic -38.7 dBFS (peak -29.9) | score max 0.00 | detections 0 | inferences 226 (22.6/s; model 0.88 ms each, paused in quiet 36%; features 1.31 ms per 30 ms) | CPU core0  0.6% core1  7.5% (wake word pipeline 7.26% of one core) | RAM used 176 KB (peak 179 KB, 178 KB free) | wifi OK, server OK | audio lost since boot: i2s 0 net 0
23:05:43.485 [status] up 91s | mic -39.4 dBFS (peak -32.7) | score max 0.00 | detections 0 | inferences 128 (12.8/s; model 0.87 ms each, paused in quiet 64%; features 1.30 ms per 30 ms) | CPU core0  0.8% core1  6.5% (wake word pipeline 6.36% of one core) | RAM used 176 KB (peak 179 KB, 178 KB free) | wifi OK, server OK | audio lost since boot: i2s 0 net 0
23:05:53.494 [status] up 101s | mic -37.5 dBFS (peak -22.6) | score max 0.00 | detections 0 | inferences 146 (14.6/s; model 0.87 ms each, paused in quiet 57%; features 1.34 ms per 30 ms) | CPU core0  0.8% core1  6.7% (wake word pipeline 6.51% of one core) | RAM used 176 KB (peak 179 KB, 178 KB free) | wifi OK, server OK | audio lost since boot: i2s 0 net 0
23:06:03.488 [status] up 111s | mic -38.4 dBFS (peak -27.3) | score max 0.00 | detections 0 | inferences 207 (20.7/s; model 0.87 ms each, paused in quiet 43%; features 1.27 ms per 30 ms) | CPU core0  0.8% core1  7.2% (wake word pipeline 7.05% of one core) | RAM used 176 KB (peak 179 KB, 178 KB free) | wifi OK, server OK | audio lost since boot: i2s 0 net 0
