18:24:51.308 ESP-ROM:esp32s3-20210327
18:24:51.309 Build:Mar 27 2021
18:24:51.309 rst:0x1 (POWERON),boot:0x8 (SPI_FAST_FLASH_BOOT)
18:24:51.309 SPIWP:0xee
18:24:51.309 mode:DIO, clock div:1
18:24:51.309 load:0x3fce2820,len:0x1668
18:24:51.309 load:0x403c8700,len:0xec0
18:24:51.309 load:0x403cb700,len:0x3178
18:24:51.309 entry 0x403c894c
18:24:51.309 I (24) boot: ESP-IDF v5.5.5 2nd stage bootloader
18:24:51.309 I (25) boot: compile time Sep 27 2026 18:23:27
18:24:51.309 I (25) boot: Multicore bootloader
18:24:51.309 I (25) boot: chip revision: v0.2
18:24:51.309 I (28) boot: efuse block revision: v1.4
18:24:51.309 I (31) qio_mode: Enabling default flash chip QIO
18:24:51.309 I (36) boot.esp32s3: Boot SPI Speed : 80MHz
18:24:51.312 I (40) boot.esp32s3: SPI Mode       : QIO
18:24:51.312 I (43) boot.esp32s3: SPI Flash Size : 4MB
18:24:51.312 I (47) boot: Enabling RNG early entropy source...
18:24:51.312 I (52) boot: Partition Table:
18:24:51.313 I (54) boot: ## Label            Usage          Type ST Offset   Length
18:24:51.313 I (60) boot:  0 nvs              WiFi data        01 02 00009000 00006000
18:24:51.313 I (67) boot:  1 phy_init         RF data          01 01 0000f000 00001000
18:24:51.313 I (73) boot:  2 factory          factory app      00 00 00010000 00177000
18:24:51.313 I (80) boot: End of partition table
18:24:51.313 I (83) esp_image: segment 0: paddr=00010020 vaddr=3c0e0020 size=36f50h (225104) map
18:24:51.313 I (126) esp_image: segment 1: paddr=00046f78 vaddr=3fc9ff00 size=050cch ( 20684) load
18:24:51.313 I (130) esp_image: segment 2: paddr=0004c04c vaddr=40378000 size=03fcch ( 16332) load
18:24:51.313 I (133) esp_image: segment 3: paddr=00050020 vaddr=42000020 size=dc114h (901396) map
18:24:51.313 I (276) esp_image: segment 4: paddr=0012c13c vaddr=4037bfcc size=13e30h ( 81456) load
18:24:51.313 I (293) esp_image: segment 5: paddr=0013ff74 vaddr=50000000 size=00020h (    32) load
18:24:51.313 I (302) boot: Loaded app from partition at offset 0x10000
18:24:51.313 I (303) boot: Disabling RNG early entropy source...
18:24:51.313 I (313) cpu_start: Multicore app
18:24:51.313 I (321) cpu_start: GPIO 44 and 43 are used as console UART I/O pins
18:24:51.313 I (321) cpu_start: Pro cpu start user code
18:24:51.313 I (322) cpu_start: cpu freq: 240000000 Hz
18:24:51.313 I (323) app_init: Application information:
18:24:51.313 I (327) app_init: Project name:     kws_s3
18:24:51.313 I (331) app_init: App version:      89b0143-dirty
18:24:51.313 I (335) app_init: Compile time:     Sep 28 2026 18:22:48
18:24:51.313 I (340) app_init: ELF file SHA256:  9d9569cb5...
18:24:51.313 I (345) app_init: ESP-IDF:          v5.5.5
18:24:51.313 I (349) efuse_init: Min chip rev:     v0.0
18:24:51.313 I (352) efuse_init: Max chip rev:     v0.99
18:24:51.313 I (356) efuse_init: Chip rev:         v0.2
18:24:51.313 I (360) heap_init: Initializing. RAM available for dynamic allocation:
18:24:51.313 I (367) heap_init: At 3FCABE58 len 0003D8B8 (246 KiB): RAM
18:24:51.313 I (372) heap_init: At 3FCE9710 len 00005724 (21 KiB): RAM
18:24:51.313 I (377) heap_init: At 600FE000 len 00001FE8 (7 KiB): RTCRAM
18:24:51.313 I (383) spi_flash: detected chip: boya
18:24:51.313 I (386) spi_flash: flash io: qio
18:24:51.313 W (389) spi_flash: Detected size(16384k) larger than the size in the binary image header(4096k). Using the size in the binary image header.
18:24:51.313 I (401) sleep_gpio: Configure to isolate all GPIO pins in sleep state
18:24:51.313 I (407) sleep_gpio: Enable automatic switching of GPIO sleep configuration
18:24:51.313 I (414) main_task: Started on CPU0
18:24:51.313 I (432) main_task: Calling app_main()
18:24:51.313 
18:24:51.313 ==================== SIH KWS firmware ====================
18:24:51.313  chip      : esp32s3 rev v0.2, 2 cores, flash 4 MB
18:24:51.313  ESP-IDF   : v5.5.5
18:24:51.314  RAM       : 47 KB static data, 247 KB heap free (code in IRAM: 95 KB, not counted)
18:24:51.314  model     : marvin.tflite (60896 bytes, stored in flash)
18:24:51.314 ===========================================================
18:24:51.314 
18:24:51.314 [heap] start of app_main            253224 B free (of 282564 B)
18:24:51.314 [heap] NVS                          took   3072 B, 250152 B free
18:24:51.314 I (497) kws: model ready: wake word "marvin", threshold 0.50 (json), window 5, input 3x40 int8
18:24:51.314 I (499) kws: model RAM: tensor arena 25580 of 30000 bytes used; engine total 41 KB of heap
18:24:51.549 
18:24:51.549 ------------------------ SELF-TEST ------------------------
18:24:51.549  noise only (3 s)   : PASS - stayed quiet  (highest score 0.01, threshold 0.50)
18:24:51.549  wake word recording: skipped - no WAV file in the model folder (optional)
18:24:51.549 -----------------------------------------------------------
18:24:51.549 
18:24:51.549 [heap] model + features + self-test took  42836 B, 207316 B free
18:24:51.549 I (743) audio: I2S running: 16 kHz, 32-bit slots, both channels, SCK=16 WS=15 SD=17, gain x1
18:24:52.218 I (1245) kws: microphones: left (L/R to GND) -23.6 dBFS, right (L/R to 3V3) -17.8 dBFS, similarity 0.13 -> using both (average)
18:24:52.219 [heap] I2S + ring + audio task      took  53620 B, 153696 B free
18:24:52.219 I (1256) kws: listening for "marvin" ...
18:24:52.219 I (1258) pp: pp rom version: e7ae62f
18:24:52.219 I (1262) net80211: net80211 rom version: e7ae62f
18:24:52.219 I (1269) wifi:wifi driver task: 3fcca9fc, prio:23, stack:6656, core=0
18:24:52.219 I (1280) wifi:wifi firmware version: b9f67df
18:24:52.219 I (1280) wifi:wifi certification version: v7.0
18:24:52.219 I (1281) wifi:config NVS flash: enabled
18:24:52.219 I (1285) wifi:config nano formatting: disabled
18:24:52.219 I (1286) wifi:Init data frame dynamic rx buffer num: 16
18:24:52.219 I (1291) wifi:Init static rx mgmt buffer num: 5
18:24:52.219 I (1297) wifi:Init management short buffer num: 32
18:24:52.219 I (1302) wifi:Init dynamic tx buffer num: 16
18:24:52.219 I (1308) wifi:Init static tx FG buffer num: 2
18:24:52.219 I (1308) wifi:Init static rx buffer size: 1600
18:24:52.219 I (1313) wifi:Init static rx buffer num: 6
18:24:52.219 I (1319) wifi:Init dynamic rx buffer num: 16
18:24:52.219 I (1325) wifi_init: accept mbox: 6
18:24:52.219 I (1325) wifi_init: tcpip mbox: 32
18:24:52.219 I (1330) wifi_init: udp mbox: 6
18:24:52.219 I (1330) wifi_init: tcp mbox: 6
18:24:52.219 I (1335) wifi_init: tcp tx win: 5760
18:24:52.219 I (1336) wifi_init: tcp rx win: 5760
18:24:52.219 I (1341) wifi_init: tcp mss: 1440
18:24:52.219 I (1341) wifi_init: WiFi IRAM OP enabled
18:24:52.219 I (1347) wifi_init: WiFi RX IRAM OP enabled
18:24:52.219 I (1352) phy_init: phy_version 712,87e8c20e,Apr 13 2026,18:51:10
18:24:52.219 I (1390) wifi:mode : sta (e0:72:a1:d5:32:74)
18:24:52.219 I (1391) wifi:enable tsf
18:24:52.219 I (1393) wifi:Set ps type: 0, coexist: 0
18:24:52.219 
18:24:52.219 I (1394) wifi: connecting to "ARYA 9252" ...
18:24:52.219 [heap] Wi-Fi driver + netif         took  42492 B, 111204 B free
18:24:52.219 W (1405) stream: cannot reach the server ws://192.168.137.1:3000/ws (is it running? same network?) - retrying every second
18:24:52.219 [heap] WebSocket client + streamer  took  13936 B,  97268 B free
18:24:54.609 W (3801) wifi: cannot connect (reason 201). Check the name/password in menuconfig; the ESP32 needs a 2.4 GHz network (201 = network not found, 15/204 = wrong password)
18:25:02.277 [status] up 11s | mic -39.7 dBFS (peak -35.0) | score max 0.01 | detections 0 | inferences 53 (5.3/s; model 1.27 ms each, paused in quiet 84%; features 1.38 ms per 30 ms) | CPU core0 -1.0% core1 -1.0% (wake word pipeline 6.02% of one core) | RAM used 228 KB (peak 229 KB, 95 KB free) | wifi --, server -- | audio lost since boot: i2s 0 net 0
18:25:02.277 [tasks] % of one core (free stack): main@0=-1.00(1936) IDLE1@1=-1.00(720) IDLE0@0=-1.00(728) websocket_task@*=-1.00(1456) audio_kws@1=-1.00(1488) tiT@*=-1.00(2452) ipc1@1=-1.00(536) streamer@0=-1.00(2948) sys_evt@0=-1.00(524) wifi@0=-1.00(4056) esp_timer@0=-1.00(3136) ipc0@0=-1.00(528) Tmr Svc@*=-1.00(1368)
18:25:12.252 [status] up 21s | mic -40.0 dBFS (peak -32.8) | score max 0.01 | detections 0 | inferences 63 (6.3/s; model 1.14 ms each, paused in quiet 82%; features 1.33 ms per 30 ms) | CPU core0  1.0% core1  6.1% (wake word pipeline 5.96% of one core) | RAM used 228 KB (peak 229 KB, 95 KB free) | wifi --, server -- | audio lost since boot: i2s 0 net 0
18:25:18.677 W (27862) wifi: cannot connect (reason 201). Check the name/password in menuconfig; the ESP32 needs a 2.4 GHz network (201 = network not found, 15/204 = wrong password)
18:25:22.257 [status] up 31s | mic -39.5 dBFS (peak -34.4) | score max 0.00 | detections 0 | inferences 0 (0.0/s; model 0.00 ms each, paused in quiet 100%; features 1.36 ms per 30 ms) | CPU core0  0.8% core1  5.4% (wake word pipeline 5.20% of one core) | RAM used 228 KB (peak 229 KB, 95 KB free) | wifi --, server -- | audio lost since boot: i2s 0 net 0
18:25:31.524 I (40725) kws: >>> WAKE WORD "marvin" DETECTED  (score 0.67, t = 40.34 s)
18:25:32.008 I (41204) wake_word: score event: peak 0.71 over 420 ms -> detected
18:25:32.257 [status] up 41s | mic -35.5 dBFS (peak -16.5) | score max 0.71 | detections 1 | inferences 175 (17.5/s; model 1.16 ms each, paused in quiet 50%; features 1.33 ms per 30 ms) | CPU core0  0.8% core1  7.6% (wake word pipeline 7.36% of one core) | RAM used 228 KB (peak 229 KB, 94 KB free) | wifi --, server -- | audio lost since boot: i2s 0 net 0
18:25:32.538 W (41726) stream: no server connection: detection not streamed
18:25:32.538 I (41727) stream: stream finished (no_server): 0 ms of audio sent (0 KB)
18:25:42.262 [status] up 51s | mic -39.9 dBFS (peak -34.5) | score max 0.00 | detections 1 | inferences 43 (4.3/s; model 1.09 ms each, paused in quiet 87%; features 1.33 ms per 30 ms) | CPU core0  0.8% core1  5.9% (wake word pipeline 5.69% of one core) | RAM used 228 KB (peak 229 KB, 94 KB free) | wifi --, server -- | audio lost since boot: i2s 0 net 0
18:25:42.742 W (51928) wifi: cannot connect (reason 201). Check the name/password in menuconfig; the ESP32 needs a 2.4 GHz network (201 = network not found, 15/204 = wrong password)
18:25:52.265 [status] up 61s | mic -39.9 dBFS (peak -32.0) | score max 0.00 | detections 1 | inferences 110 (11.0/s; model 1.17 ms each, paused in quiet 68%; features 1.34 ms per 30 ms) | CPU core0  0.9% core1  6.8% (wake word pipeline 6.57% of one core) | RAM used 228 KB (peak 229 KB, 94 KB free) | wifi --, server -- | audio lost since boot: i2s 0 net 0
18:26:02.293 [status] up 71s | mic -40.0 dBFS (peak -33.7) | score max 0.00 | detections 1 | inferences 144 (14.4/s; model 1.14 ms each, paused in quiet 59%; features 1.31 ms per 30 ms) | CPU core0  0.6% core1  7.1% (wake word pipeline 6.94% of one core) | RAM used 228 KB (peak 229 KB, 94 KB free) | wifi --, server -- | audio lost since boot: i2s 0 net 0
18:26:02.293 [tasks] % of one core (free stack): main@0=0.31(1936) IDLE1@1=93.53(720) IDLE0@0=99.21(728) audio_kws@1=6.43(1328) websocket_task@*=0.09(1456) tiT@*=0.05(2452) Tmr Svc@*=0.00(1368) sys_evt@0=0.02(428) ipc1@1=0.00(536) wifi@0=0.33(4056) esp_timer@0=0.06(3136) streamer@0=0.00(1428) ipc0@0=0.00(528)
18:26:06.802 W (75995) wifi: cannot connect (reason 201). Check the name/password in menuconfig; the ESP32 needs a 2.4 GHz network (201 = network not found, 15/204 = wrong password)
18:26:12.278 [status] up 81s | mic -40.3 dBFS (peak -36.1) | score max 0.00 | detections 1 | inferences 9 (0.9/s; model 1.26 ms each, paused in quiet 97%; features 1.36 ms per 30 ms) | CPU core0  0.7% core1  5.5% (wake word pipeline 5.31% of one core) | RAM used 228 KB (peak 230 KB, 94 KB free) | wifi --, server -- | audio lost since boot: i2s 0 net 0
18:26:22.289 [status] up 91s | mic -40.2 dBFS (peak -34.5) | score max 0.00 | detections 1 | inferences 52 (5.2/s; model 1.15 ms each, paused in quiet 85%; features 1.33 ms per 30 ms) | CPU core0  0.6% core1  6.0% (wake word pipeline 5.83% of one core) | RAM used 228 KB (peak 230 KB, 94 KB free) | wifi --, server -- | audio lost since boot: i2s 0 net 0
18:26:30.872 W (100064) wifi: cannot connect (reason 201). Check the name/password in menuconfig; the ESP32 needs a 2.4 GHz network (201 = network not found, 15/204 = wrong password)
18:26:31.698 [prof] model ops per inference (us @240MHz): VAR_HANDLE=5.6/6 ASSIGN_VARIABLE=21.8/6 CALL_ONCE=4.9/1 RESHAPE=9.1/2 READ_VARIABLE=24.9/6 CONCATENATION=59.4/8 STRIDED_SLICE=137.0/10 CONV_2D=470.6/5 DEPTHWISE_CONV_2D=243.2/6 SPLIT_V=39.6/2 FULLY_CONNECTED=25.6/1 LOGISTIC=17.0/1 QUANTIZE=6.1/1 | total=1064.8
18:26:31.699 [prof] feature stages per 10 ms frame (us): window=59.6 fft=280.0 energy=8.3 filterbank=34.3 sqrt=30.4 noise_red=6.4 pcan=12.5 log=7.3
18:26:32.294 [status] up 101s | mic -31.8 dBFS (peak -19.4) | score max 0.09 | detections 1 | inferences 316 (31.6/s; model 1.14 ms each, paused in quiet 9%; features 1.42 ms per 30 ms) | CPU core0  0.9% core1  9.3% (wake word pipeline 9.26% of one core) | RAM used 228 KB (peak 230 KB, 94 KB free) | wifi --, server -- | audio lost since boot: i2s 0 net 0
18:26:42.284 [status] up 111s | mic -31.7 dBFS (peak -19.1) | score max 0.00 | detections 1 | inferences 334 (33.4/s; model 1.12 ms each, paused in quiet 0%; features 1.40 ms per 30 ms) | CPU core0  0.7% core1  9.3% (wake word pipeline 9.11% of one core) | RAM used 228 KB (peak 230 KB, 94 KB free) | wifi --, server -- | audio lost since boot: i2s 0 net 0
18:26:52.294 [status] up 121s | mic -28.6 dBFS (peak -13.0) | score max 0.00 | detections 1 | inferences 333 (33.3/s; model 1.12 ms each, paused in quiet 0%; features 1.41 ms per 30 ms) | CPU core0  0.7% core1  9.3% (wake word pipeline 9.11% of one core) | RAM used 228 KB (peak 230 KB, 94 KB free) | wifi --, server -- | audio lost since boot: i2s 0 net 0
18:26:54.965 W (124152) wifi: cannot connect (reason 201). Check the name/password in menuconfig; the ESP32 needs a 2.4 GHz network (201 = network not found, 15/204 = wrong password)
18:27:01.702 [prof] model ops per inference (us @240MHz): VAR_HANDLE=5.5/6 ASSIGN_VARIABLE=21.5/6 CALL_ONCE=3.5/1 RESHAPE=9.4/2 READ_VARIABLE=25.5/6 CONCATENATION=59.5/8 STRIDED_SLICE=134.7/10 CONV_2D=467.6/5 DEPTHWISE_CONV_2D=241.1/6 SPLIT_V=38.7/2 FULLY_CONNECTED=24.0/1 LOGISTIC=4.2/1 QUANTIZE=5.8/1 | total=1041.1
18:27:01.702 [prof] feature stages per 10 ms frame (us): window=59.8 fft=282.5 energy=8.7 filterbank=34.5 sqrt=28.9 noise_red=7.1 pcan=13.5 log=8.8
18:27:02.314 [status] up 131s | mic -28.5 dBFS (peak -15.5) | score max 0.00 | detections 1 | inferences 333 (33.3/s; model 1.13 ms each, paused in quiet 0%; features 1.48 ms per 30 ms) | CPU core0  0.8% core1  9.4% (wake word pipeline 9.39% of one core) | RAM used 228 KB (peak 230 KB, 94 KB free) | wifi --, server -- | audio lost since boot: i2s 0 net 0
18:27:02.314 [tasks] % of one core (free stack): main@0=0.16(1936) IDLE1@1=91.85(720) IDLE0@0=99.28(728) audio_kws@1=8.09(1232) websocket_task@*=0.09(1456) tiT@*=0.05(2452) ipc0@0=0.00(528) sys_evt@0=0.02(428) esp_timer@0=0.06(3136) Tmr Svc@*=0.00(1368) wifi@0=0.39(4056) ipc1@1=0.00(536) streamer@0=0.00(1428)
18:27:12.299 [status] up 141s | mic -29.4 dBFS (peak -15.3) | score max 0.00 | detections 1 | inferences 333 (33.3/s; model 1.13 ms each, paused in quiet 0%; features 1.40 ms per 30 ms) | CPU core0  0.8% core1  9.4% (wake word pipeline 9.13% of one core) | RAM used 228 KB (peak 230 KB, 94 KB free) | wifi --, server -- | audio lost since boot: i2s 0 net 0
18:27:19.046 W (148241) wifi: cannot connect (reason 201). Check the name/password in menuconfig; the ESP32 needs a 2.4 GHz network (201 = network not found, 15/204 = wrong password)
18:27:22.315 I (151328) wifi:new:<6,0>, old:<1,0>, ap:<255,255>, sta:<6,0>, prof:1, snd_ch_cfg:0x0
18:27:22.315 I (151330) wifi:state: init -> auth (0xb0)
18:27:22.315 [status] up 151s | mic -31.0 dBFS (peak -17.5) | score max 0.00 | detections 1 | inferences 334 (33.4/s; model 1.13 ms each, paused in quiet 0%; features 1.41 ms per 30 ms) | CPU core0  1.5% core1  9.4% (wake word pipeline 9.15% of one core) | RAM used 228 KB (peak 230 KB, 94 KB free) | wifi --, server -- | audio lost since boot: i2s 0 net 0
18:27:23.122 I (152333) wifi:state: auth -> init (0x200)
18:27:25.488 I (154694) wifi:state: init -> auth (0xb0)
18:27:26.484 I (155695) wifi:state: auth -> init (0x200)
18:27:28.784 I (157990) wifi:state: init -> auth (0xb0)
18:27:29.787 I (158991) wifi:state: auth -> init (0x200)
18:27:31.700 [prof] model ops per inference (us @240MHz): VAR_HANDLE=5.5/6 ASSIGN_VARIABLE=21.6/6 CALL_ONCE=3.4/1 RESHAPE=9.5/2 READ_VARIABLE=25.4/6 CONCATENATION=59.4/8 STRIDED_SLICE=134.9/10 CONV_2D=468.4/5 DEPTHWISE_CONV_2D=241.6/6 SPLIT_V=38.9/2 FULLY_CONNECTED=24.3/1 LOGISTIC=4.1/1 QUANTIZE=5.7/1 | total=1042.8
18:27:31.700 [prof] feature stages per 10 ms frame (us): window=59.8 fft=282.4 energy=8.7 filterbank=34.5 sqrt=28.9 noise_red=7.1 pcan=13.5 log=8.8
18:27:32.322 I (161352) wifi:state: init -> auth (0xb0)
18:27:32.322 [status] up 161s | mic -29.9 dBFS (peak -16.8) | score max 0.00 | detections 1 | inferences 333 (33.3/s; model 1.12 ms each, paused in quiet 0%; features 1.48 ms per 30 ms) | CPU core0  0.8% core1  9.4% (wake word pipeline 9.36% of one core) | RAM used 228 KB (peak 230 KB, 94 KB free) | wifi --, server -- | audio lost since boot: i2s 0 net 0
18:27:33.143 I (162353) wifi:state: auth -> init (0x200)
18:27:35.446 I (164648) wifi:state: init -> auth (0xb0)
18:27:36.444 I (165649) wifi:state: auth -> init (0x200)
18:27:38.800 I (168014) wifi:state: init -> auth (0xb0)
18:27:39.813 I (169015) wifi:state: auth -> init (0x200)
18:27:42.317 I (171311) wifi:state: init -> auth (0xb0)
18:27:42.317 [status] up 171s | mic -33.1 dBFS (peak -23.1) | score max 0.00 | detections 1 | inferences 334 (33.4/s; model 1.12 ms each, paused in quiet 0%; features 1.40 ms per 30 ms) | CPU core0  0.8% core1  9.3% (wake word pipeline 9.12% of one core) | RAM used 228 KB (peak 230 KB, 94 KB free) | wifi --, server -- | audio lost since boot: i2s 0 net 0
18:27:43.098 I (172312) wifi:state: auth -> init (0x200)
18:27:45.451 I (174664) wifi:state: init -> auth (0xb0)
18:27:46.464 I (175665) wifi:state: auth -> init (0x200)
18:27:48.750 I (177960) wifi:state: init -> auth (0xb0)
18:27:49.765 I (178961) wifi:state: auth -> init (0x200)
18:27:49.765 W (178963) wifi: cannot connect (reason 2). Check the name/password in menuconfig; the ESP32 needs a 2.4 GHz network (201 = network not found, 15/204 = wrong password)
18:27:52.321 I (181320) wifi:state: init -> auth (0xb0)
18:27:52.321 [status] up 181s | mic -33.0 dBFS (peak -20.1) | score max 0.00 | detections 1 | inferences 333 (33.3/s; model 1.13 ms each, paused in quiet 0%; features 1.41 ms per 30 ms) | CPU core0  0.8% core1  9.4% (wake word pipeline 9.15% of one core) | RAM used 228 KB (peak 230 KB, 94 KB free) | wifi --, server -- | audio lost since boot: i2s 0 net 0
18:27:53.120 I (182321) wifi:state: auth -> init (0x200)
18:27:55.403 I (184617) wifi:state: init -> auth (0xb0)
18:27:56.418 I (185618) wifi:state: auth -> init (0x200)
18:27:58.776 I (187976) wifi:state: init -> auth (0xb0)
18:27:59.767 I (188978) wifi:state: auth -> init (0x200)
18:28:01.689 [prof] model ops per inference (us @240MHz): VAR_HANDLE=5.3/6 ASSIGN_VARIABLE=21.5/6 CALL_ONCE=3.5/1 RESHAPE=9.5/2 READ_VARIABLE=25.5/6 CONCATENATION=59.1/8 STRIDED_SLICE=134.9/10 CONV_2D=468.3/5 DEPTHWISE_CONV_2D=241.2/6 SPLIT_V=38.8/2 FULLY_CONNECTED=24.7/1 LOGISTIC=4.4/1 QUANTIZE=5.5/1 | total=1042.1
18:28:01.689 [prof] feature stages per 10 ms frame (us): window=59.7 fft=282.3 energy=8.7 filterbank=34.5 sqrt=29.1 noise_red=7.1 pcan=13.5 log=8.8
18:28:02.063 I (191273) wifi:state: init -> auth (0xb0)
18:28:02.341 [status] up 191s | mic -31.6 dBFS (peak -20.0) | score max 0.00 | detections 1 | inferences 333 (33.3/s; model 1.13 ms each, paused in quiet 0%; features 1.49 ms per 30 ms) | CPU core0  0.9% core1  9.4% (wake word pipeline 9.39% of one core) | RAM used 228 KB (peak 230 KB, 94 KB free) | wifi --, server -- | audio lost since boot: i2s 0 net 0
18:28:02.341 [tasks] % of one core (free stack): audio_kws@1=9.31(1232) main@0=0.19(1936) IDLE1@1=90.62(720) IDLE0@0=99.09(728) websocket_task@*=0.10(1456) tiT@*=0.05(2452) streamer@0=0.00(1428) sys_evt@0=0.01(428) esp_timer@0=0.06(3136) wifi@0=0.57(3240) ipc0@0=0.00(528) Tmr Svc@*=0.00(1368) ipc1@1=0.00(536)
18:28:03.074 I (192274) wifi:state: auth -> init (0x200)
18:28:05.427 I (194633) wifi:state: init -> auth (0xb0)
18:28:06.425 I (195635) wifi:state: auth -> init (0x200)
18:28:08.718 I (197930) wifi:state: init -> auth (0xb0)
18:28:09.717 I (198931) wifi:state: auth -> init (0x200)
18:28:12.076 I (201289) wifi:state: init -> auth (0xb0)
18:28:12.324 [status] up 201s | mic -31.5 dBFS (peak -18.2) | score max 0.00 | detections 1 | inferences 334 (33.4/s; model 1.13 ms each, paused in quiet 0%; features 1.41 ms per 30 ms) | CPU core0  0.8% core1  9.4% (wake word pipeline 9.17% of one core) | RAM used 228 KB (peak 230 KB, 94 KB free) | wifi --, server -- | audio lost since boot: i2s 0 net 0
18:28:13.088 I (202291) wifi:state: auth -> init (0x200)
18:28:15.374 I (204586) wifi:state: init -> auth (0xb0)
18:28:16.373 I (205587) wifi:state: auth -> init (0x200)
18:28:18.742 I (207945) wifi:state: init -> auth (0xb0)
18:28:19.739 I (208946) wifi:state: auth -> init (0x200)
18:28:22.445 W (211356) wifi: cannot connect (reason 201). Check the name/password in menuconfig; the ESP32 needs a 2.4 GHz network (201 = network not found, 15/204 = wrong password)
18:28:22.446 I (211506) wifi:new:<1,0>, old:<6,0>, ap:<255,255>, sta:<1,0>, prof:1, snd_ch_cfg:0x0
18:28:22.447 I (211508) wifi:state: init -> auth (0xb0)
18:28:22.447 [status] up 211s | mic -31.9 dBFS (peak -19.2) | score max 0.00 | detections 1 | inferences 333 (33.3/s; model 1.13 ms each, paused in quiet 0%; features 1.41 ms per 30 ms) | CPU core0  0.8% core1  9.4% (wake word pipeline 9.16% of one core) | RAM used 229 KB (peak 230 KBI (211515) wifi:state: auth -> assoc (0x0)
18:28:22.447 , 94 KB free) | wifi --, server -- | audio lost since boot: i2s 0 net 0
18:28:22.447 I (211544) wifi:state: assoc -> run (0x10)
18:28:22.447 I (211608) wifi:connected with ARYA 9252, aid = 1, channel 1, BW20, bssid = 9a:5f:41:45:73:c9
18:28:22.447 I (211610) wifi:security: WPA2-PSK, phy: bgn, rssi: -20, cipher(pairwise:0x3, group:0x3), pmf:0
18:28:22.447 I (211619) wifi:pm start, type: 0
18:28:22.447 
18:28:22.447 I (211619) wifi:dp: 1, bi: 102400, li: 3, scale listen interval from 307200 us to 307200 us
18:28:22.447 I (211630) wifi:set rx beacon pti, rx_bcn_pti: 0, bcn_timeout: 25000, mt_pti: 0, mt_time: 10000
18:28:22.447 I (211636) wifi:AP's beacon interval = 102400 us, DTIM period = 3
18:28:31.686 [prof] model ops per inference (us @240MHz): VAR_HANDLE=5.2/6 ASSIGN_VARIABLE=21.5/6 CALL_ONCE=3.4/1 RESHAPE=9.4/2 READ_VARIABLE=25.2/6 CONCATENATION=58.3/8 STRIDED_SLICE=134.0/10 CONV_2D=466.7/5 DEPTHWISE_CONV_2D=240.3/6 SPLIT_V=38.7/2 FULLY_CONNECTED=24.4/1 LOGISTIC=5.9/1 QUANTIZE=5.4/1 | total=1038.5
18:28:31.687 [prof] feature stages per 10 ms frame (us): window=59.7 fft=282.2 energy=8.7 filterbank=34.5 sqrt=29.8 noise_red=7.1 pcan=13.5 log=9.0
18:28:32.341 [status] up 221s | mic -31.9 dBFS (peak -18.7) | score max 0.00 | detections 1 | inferences 333 (33.3/s; model 1.11 ms each, paused in quiet 0%; features 1.48 ms per 30 ms) | CPU core0  0.6% core1  9.3% (wake word pipeline 9.31% of one core) | RAM used 229 KB (peak 233 KB, 93 KB free) | wifi --, server -- | audio lost since boot: i2s 0 net 0
18:28:42.343 [status] up 231s | mic -31.0 dBFS (peak -16.7) | score max 0.00 | detections 1 | inferences 334 (33.4/s; model 1.10 ms each, paused in quiet 0%; features 1.40 ms per 30 ms) | CPU core0  0.4% core1  9.2% (wake word pipeline 9.03% of one core) | RAM used 229 KB (peak 233 KB, 93 KB free) | wifi --, server -- | audio lost since boot: i2s 0 net 0
18:28:43.376 I (232575) wifi:[ADDBA]RX DELBA, reason:37, delete tid:0, initiator:1(originator)
18:28:44.478 I (233572) esp_netif_handlers: sta ip: 192.168.137.145, mask: 255.255.255.0, gw: 192.168.137.1
18:28:44.478 I (233574) wifi: connected, IP address 192.168.137.145
18:28:44.478 I (233681) stream: connected to the server ws://192.168.137.1:3000/ws
18:28:52.353 [status] up 241s | mic -30.5 dBFS (peak -18.9) | score max 0.00 | detections 1 | inferences 333 (33.3/s; model 1.11 ms each, paused in quiet 2%; features 1.38 ms per 30 ms) | CPU core0  0.6% core1  9.3% (wake word pipeline 9.09% of one core) | RAM used 230 KB (peak 233 KB, 93 KB free) | wifi OK, server OK | audio lost since boot: i2s 0 net 0
18:28:54.582 I (243784) wifi:[ADDBA]RX DELBA, reason:37, delete tid:0, initiator:1(originator)
18:29:01.685 [prof] model ops per inference (us @240MHz): VAR_HANDLE=5.2/6 ASSIGN_VARIABLE=21.1/6 CALL_ONCE=2.9/1 RESHAPE=9.3/2 READ_VARIABLE=25.1/6 CONCATENATION=57.4/8 STRIDED_SLICE=131.8/10 CONV_2D=463.4/5 DEPTHWISE_CONV_2D=238.8/6 SPLIT_V=38.7/2 FULLY_CONNECTED=24.3/1 LOGISTIC=4.5/1 QUANTIZE=5.1/1 | total=1027.6
18:29:01.686 [prof] feature stages per 10 ms frame (us): window=59.6 fft=281.6 energy=8.6 filterbank=34.5 sqrt=29.7 noise_red=7.1 pcan=13.5 log=9.1
18:29:02.375 [status] up 251s | mic -31.7 dBFS (peak -19.5) | score max 0.00 | detections 1 | inferences 333 (33.3/s; model 1.12 ms each, paused in quiet 0%; features 1.49 ms per 30 ms) | CPU core0  0.6% core1  9.3% (wake word pipeline 9.37% of one core) | RAM used 230 KB (peak 233 KB, 93 KB free) | wifi OK, server OK | audio lost since boot: i2s 0 net 0
18:29:02.376 [tasks] % of one core (free stack): main@0=0.13(1936) IDLE1@1=90.66(720) IDLE0@0=99.37(728) audio_kws@1=9.28(1232) tiT@*=0.08(1956) websocket_task@*=0.12(1456) sys_evt@0=0.02(428) ipc1@1=0.00(536) esp_timer@0=0.03(3136) streamer@0=0.00(1428) wifi@0=0.32(3208) ipc0@0=0.00(528) Tmr Svc@*=0.00(1368)
18:29:04.302 I (253505) wake_word: score event: peak 0.49 over 210 ms -> not detected (below threshold or in cool-down)
18:29:05.904 I (254945) kws: >>> WAKE WORD "marvin" DETECTED  (score 0.52, t = 254.56 s)
18:29:05.904 I (254965) stream: first audio sent 18 ms after the detection
18:29:05.905 I (255102) wifi:[ADDBA]RX DELBA, reason:37, delete tid:0, initiator:1(originator)
18:29:05.905 I (255103) wifi:[ADDBA]RX DELBA, reason:37, delete tid:0, initiator:1(originator)
18:29:06.459 I (255665) wake_word: score event: peak 0.86 over 690 ms -> detected
18:29:07.237 I (256450) stream: stream finished (silence): 1500 ms of audio sent (23 KB)
18:29:10.022 I (259216) stream: server: {"type":"response","text":"Okay, go ahead. Okay, go ahead. Okay, go ahead. Okay, go ahead. Okay, go ahead. Okay, go ahead.","saved":"20260928_182905_579_e072a1d53274_marvin.wav"}
18:29:12.364 [status] up 261s | mic -27.0 dBFS (peak  -9.2) | score max 0.86 | detections 2 | inferences 334 (33.4/s; model 1.22 ms each, paused in quiet 0%; features 1.45 ms per 30 ms) | CPU core0  2.7% core1 10.0% (wake word pipeline 9.62% of one core) | RAM used 230 KB (peak 244 KB, 92 KB free) | wifi OK, server OK | audio lost since boot: i2s 0 net 0
18:29:22.372 [status] up 271s | mic -32.3 dBFS (peak -19.6) | score max 0.00 | detections 2 | inferences 332 (33.2/s; model 1.11 ms each, paused in quiet 2%; features 1.39 ms per 30 ms) | CPU core0  0.5% core1  9.2% (wake word pipeline 9.06% of one core) | RAM used 230 KB (peak 244 KB, 92 KB free) | wifi OK, server OK | audio lost since boot: i2s 0 net 0
18:29:31.734 [prof] model ops per inference (us @240MHz): VAR_HANDLE=5.7/6 ASSIGN_VARIABLE=22.0/6 CALL_ONCE=3.9/1 RESHAPE=10.4/2 READ_VARIABLE=25.7/6 CONCATENATION=60.7/8 STRIDED_SLICE=137.8/10 CONV_2D=473.0/5 DEPTHWISE_CONV_2D=245.9/6 SPLIT_V=40.6/2 FULLY_CONNECTED=28.3/1 LOGISTIC=9.7/1 QUANTIZE=6.3/1 | total=1070.0
18:29:31.735 [prof] feature stages per 10 ms frame (us): window=59.9 fft=282.9 energy=8.8 filterbank=34.8 sqrt=30.0 noise_red=7.3 pcan=13.8 log=9.4
18:29:32.371 [status] up 281s | mic -32.1 dBFS (peak -20.2) | score max 0.00 | detections 2 | inferences 333 (33.3/s; model 1.13 ms each, paused in quiet 0%; features 1.49 ms per 30 ms) | CPU core0  0.7% core1  9.4% (wake word pipeline 9.41% of one core) | RAM used 230 KB (peak 244 KB, 92 KB free) | wifi OK, server OK | audio lost since boot: i2s 0 net 0
18:29:42.371 [status] up 291s | mic -31.4 dBFS (peak -18.1) | score max 0.00 | detections 2 | inferences 334 (33.4/s; model 1.12 ms each, paused in quiet 0%; features 1.40 ms per 30 ms) | CPU core0  0.6% core1  9.3% (wake word pipeline 9.10% of one core) | RAM used 230 KB (peak 244 KB, 92 KB free) | wifi OK, server OK | audio lost since boot: i2s 0 net 0
18:29:44.604 I (293812) wifi:[ADDBA]RX DELBA, reason:37, delete tid:0, initiator:1(originator)
18:29:52.371 [status] up 301s | mic -32.1 dBFS (peak -17.6) | score max 0.00 | detections 2 | inferences 332 (33.3/s; model 1.11 ms each, paused in quiet 0%; features 1.40 ms per 30 ms) | CPU core0  0.6% core1  9.2% (wake word pipeline 9.04% of one core) | RAM used 230 KB (peak 244 KB, 92 KB free) | wifi OK, server OK | audio lost since boot: i2s 0 net 0
18:30:01.729 [prof] model ops per inference (us @240MHz): VAR_HANDLE=5.2/6 ASSIGN_VARIABLE=21.2/6 CALL_ONCE=2.8/1 RESHAPE=9.5/2 READ_VARIABLE=24.8/6 CONCATENATION=57.3/8 STRIDED_SLICE=131.8/10 CONV_2D=463.3/5 DEPTHWISE_CONV_2D=238.9/6 SPLIT_V=38.7/2 FULLY_CONNECTED=24.2/1 LOGISTIC=3.5/1 QUANTIZE=5.1/1 | total=1026.5
18:30:01.730 [prof] feature stages per 10 ms frame (us): window=59.6 fft=281.6 energy=8.6 filterbank=34.5 sqrt=28.9 noise_red=7.1 pcan=13.5 log=9.1
18:30:02.413 [status] up 311s | mic -32.1 dBFS (peak -20.4) | score max 0.00 | detections 2 | inferences 334 (33.4/s; model 1.10 ms each, paused in quiet 0%; features 1.48 ms per 30 ms) | CPU core0  0.6% core1  9.3% (wake word pipeline 9.30% of one core) | RAM used 230 KB (peak 244 KB, 92 KB free) | wifi OK, server OK | audio lost since boot: i2s 0 net 0
18:30:02.414 [tasks] % of one core (free stack): main@0=0.13(1936) IDLE1@1=90.61(720) IDLE0@0=99.02(728) audio_kws@1=9.34(1232) tiT@*=0.18(1956) websocket_task@*=0.16(1456) ipc0@0=0.00(528) streamer@0=0.17(1428) esp_timer@0=0.01(3136) Tmr Svc@*=0.00(1368) wifi@0=0.33(3208) sys_evt@0=0.00(428) ipc1@1=0.00(536)
18:30:12.395 [status] up 321s | mic -31.1 dBFS (peak -17.9) | score max 0.00 | detections 2 | inferences 334 (33.4/s; model 1.11 ms each, paused in quiet 0%; features 1.40 ms per 30 ms) | CPU core0  1.0% core1  9.2% (wake word pipeline 9.05% of one core) | RAM used 230 KB (peak 244 KB, 92 KB free) | wifi OK, server OK | audio lost since boot: i2s 0 net 0
18:30:22.383 [status] up 331s | mic -32.2 dBFS (peak -20.1) | score max 0.00 | detections 2 | inferences 333 (33.3/s; model 1.11 ms each, paused in quiet 0%; features 1.40 ms per 30 ms) | CPU core0  0.6% core1  9.2% (wake word pipeline 9.05% of one core) | RAM used 230 KB (peak 244 KB, 92 KB free) | wifi OK, server OK | audio lost since boot: i2s 0 net 0
