[6:50:05 PM] Server running on port 3000: device URI ws://<this PC's IP>:3000/ws, recordings in D:\Personal Projects\SIH\TinyML on Edge devices\kws_s3_firmware\cloudServer\server\recordings
[6:50:06 PM] client connected from 192.168.137.145
[6:51:17 PM] client connected from 192.168.137.145
[6:51:47 PM] registered: e072a1d53274
[6:51:47 PM] e072a1d53274: wake word "marvin" (score 0.516)
[6:52:06 PM] heartbeat timeout: 192.168.137.145
[6:52:06 PM] disconnected: 192.168.137.145
[6:52:09 PM] speech-to-text unavailable (ws://127.0.0.1:8000/stream); saving audio only. Start stt-services/main.py.
[6:52:09 PM] e072a1d53274: saved 20260928_185147_738_e072a1d53274_marvin.wav (1.62 s, silence, rms -31.8 dBFS)
[6:52:13 PM] e072a1d53274: wake word "marvin" (score 0.517)
[6:52:35 PM] e072a1d53274: saved 20260928_185213_443_e072a1d53274_marvin.wav (1.88 s, silence, rms -34.1 dBFS)
[6:52:40 PM] e072a1d53274: wake word "marvin" (score 0.605)
[6:53:01 PM] e072a1d53274: saved 20260928_185240_384_e072a1d53274_marvin.wav (1.5 s, silence, rms -34.8 dBFS)
[6:53:06 PM] e072a1d53274: wake word "marvin" (score 0.555)
[6:53:28 PM] e072a1d53274: "Set an alarm for 7." (19562 ms after the end)
[6:53:28 PM] e072a1d53274: saved 20260928_185306_661_e072a1d53274_marvin.wav (2.12 s, silence, rms -32.2 dBFS)
[6:53:31 PM] e072a1d53274: wake word "marvin" (score 0.518)
[6:53:49 PM] e072a1d53274: "Call my mother." (17278 ms after the end)
[6:53:49 PM] e072a1d53274: saved 20260928_185331_131_e072a1d53274_marvin.wav (1.5 s, silence, rms -30.8 dBFS)
[6:53:52 PM] e072a1d53274: wake word "marvin" (score 0.505)
[6:54:10 PM] e072a1d53274: "Open the door." (16520 ms after the end)
[6:54:10 PM] e072a1d53274: saved 20260928_185352_359_e072a1d53274_marvin.wav (1.5 s, silence, rms -36 dBFS)
[6:54:39 PM] e072a1d53274: wake word "marvin" (score 0.624)
[6:55:00 PM] speech-to-text unavailable (ws://127.0.0.1:8000/stream); saving audio only. Start stt-services/main.py.
[6:55:00 PM] e072a1d53274: saved 20260928_185439_426_e072a1d53274_marvin.wav (1.5 s, silence, rms -32.4 dBFS)
[6:55:04 PM] e072a1d53274: wake word "marvin" (score 0.545)
[6:55:26 PM] e072a1d53274: saved 20260928_185504_961_e072a1d53274_marvin.wav (1.78 s, silence, rms -34.6 dBFS)
[6:55:31 PM] e072a1d53274: wake word "marvin" (score 0.655)
[6:55:52 PM] e072a1d53274: saved 20260928_185531_301_e072a1d53274_marvin.wav (1.5 s, silence, rms -34.3 dBFS)
[6:55:57 PM] e072a1d53274: wake word "marvin" (score 0.505)
[6:56:10 PM] e072a1d53274: "Set an alarm for 7." (10353 ms after the end)
[6:56:10 PM] e072a1d53274: saved 20260928_185557_302_e072a1d53274_marvin.wav (2.34 s, silence, rms -31.7 dBFS)
[6:56:11 PM] e072a1d53274: wake word "marvin" (score 0.579)
[6:56:15 PM] e072a1d53274: "Call my mother." (2451 ms after the end)
[6:56:15 PM] e072a1d53274: saved 20260928_185611_490_e072a1d53274_marvin.wav (1.5 s, silence, rms -30.4 dBFS)
[6:56:17 PM] e072a1d53274: wake word "marvin" (score 0.681)
[6:56:21 PM] e072a1d53274: "Open the door." (2482 ms after the end)
[6:56:21 PM] e072a1d53274: saved 20260928_185617_033_e072a1d53274_marvin.wav (1.5 s, silence, rms -34.5 dBFS)
[6:56:31 PM] e072a1d53274: wake word "marvin" (score 0.517)
[6:56:35 PM] e072a1d53274: "Increase the volume." (2250 ms after the end)
[6:56:35 PM] e072a1d53274: saved 20260928_185631_612_e072a1d53274_marvin.wav (1.98 s, silence, rms -30.3 dBFS)
[6:56:37 PM] e072a1d53274: wake word "marvin" (score 0.545)
[6:56:42 PM] e072a1d53274: "Tell me a joke." (2554 ms after the end)
[6:56:42 PM] e072a1d53274: saved 20260928_185637_496_e072a1d53274_marvin.wav (1.98 s, silence, rms -30 dBFS)
[6:59:13 PM] client connected from 192.168.137.145
[6:59:39 PM] registered: e072a1d53274
[6:59:39 PM] e072a1d53274: wake word "marvin" (score 0.532)
[6:59:42 PM] e072a1d53274: "Turn on the lights." (1864 ms after the end)
[6:59:42 PM] e072a1d53274: saved 20260928_185939_323_e072a1d53274_marvin.wav (1.6 s, silence, rms -33 dBFS)
[6:59:44 PM] e072a1d53274: wake word "marvin" (score 0.562)
[6:59:48 PM] e072a1d53274: "What is the weather today?" (2042 ms after the end)
[6:59:48 PM] e072a1d53274: saved 20260928_185944_283_e072a1d53274_marvin.wav (1.8 s, silence, rms -35 dBFS)
[6:59:48 PM] heartbeat timeout: e072a1d53274
[6:59:48 PM] disconnected: e072a1d53274
[6:59:49 PM] e072a1d53274: wake word "marvin" (score 0.565)
[6:59:53 PM] e072a1d53274: "Play some music." (1935 ms after the end)
[6:59:53 PM] e072a1d53274: saved 20260928_185949_746_e072a1d53274_marvin.wav (1.5 s, silence, rms -35.6 dBFS)
[6:59:54 PM] e072a1d53274: wake word "marvin" (score 0.641)
[6:59:58 PM] e072a1d53274: "He sent an alarm for seven." (1885 ms after the end)
[6:59:58 PM] e072a1d53274: saved 20260928_185954_669_e072a1d53274_marvin.wav (2 s, silence, rms -33 dBFS)
[7:00:08 PM] e072a1d53274: wake word "marvin" (score 0.632)
[7:00:12 PM] e072a1d53274: "What time is it?" (1861 ms after the end)
[7:00:12 PM] e072a1d53274: saved 20260928_190008_702_e072a1d53274_marvin.wav (1.5 s, silence, rms -34 dBFS)
[7:00:13 PM] e072a1d53274: wake word "marvin" (score 0.554)
[7:00:17 PM] e072a1d53274: "Stop the music." (1865 ms after the end)
[7:00:17 PM] e072a1d53274: saved 20260928_190013_862_e072a1d53274_marvin.wav (1.56 s, silence, rms -30.4 dBFS)
[7:00:19 PM] e072a1d53274: wake word "marvin" (score 0.557)
[7:00:22 PM] e072a1d53274: "Okay, go ahead and increase the volume." (1947 ms after the end)
[7:00:22 PM] e072a1d53274: saved 20260928_190019_183_e072a1d53274_marvin.wav (1.84 s, silence, rms -30.8 dBFS)
[7:00:24 PM] e072a1d53274: wake word "marvin" (score 0.516)
[7:00:28 PM] e072a1d53274: "Tell me a joke." (1837 ms after the end)
[7:00:28 PM] e072a1d53274: saved 20260928_190024_442_e072a1d53274_marvin.wav (1.82 s, silence, rms -30.3 dBFS)
[7:00:29 PM] e072a1d53274: wake word "marvin" (score 0.54)
[7:00:32 PM] e072a1d53274: "Turn on the light." (1830 ms after the end)
[7:00:32 PM] e072a1d53274: saved 20260928_190029_482_e072a1d53274_marvin.wav (1.5 s, silence, rms -33 dBFS)
[7:00:39 PM] e072a1d53274: wake word "marvin" (score 0.573)
[7:00:42 PM] e072a1d53274: "Play some music." (1883 ms after the end)
[7:00:42 PM] e072a1d53274: saved 20260928_190039_001_e072a1d53274_marvin.wav (1.5 s, silence, rms -34.1 dBFS)
[7:00:44 PM] e072a1d53274: wake word "marvin" (score 0.516)
[7:00:48 PM] e072a1d53274: "Send an alarm for 7." (2082 ms after the end)
[7:00:48 PM] e072a1d53274: saved 20260928_190044_202_e072a1d53274_marvin.wav (2.32 s, silence, rms -31.9 dBFS)
[7:00:50 PM] e072a1d53274: wake word "marvin" (score 0.519)
[7:00:53 PM] e072a1d53274: "Call my mother." (1818 ms after the end)
[7:00:53 PM] e072a1d53274: saved 20260928_190050_044_e072a1d53274_marvin.wav (1.5 s, silence, rms -29.2 dBFS)
[7:00:54 PM] e072a1d53274: wake word "marvin" (score 0.622)
[7:00:56 PM] e072a1d53274: "" (4 ms after the end)
[7:00:56 PM] e072a1d53274: saved 20260928_190054_781_e072a1d53274_marvin.wav (1.58 s, silence, rms -33.8 dBFS)
[7:00:59 PM] e072a1d53274: wake word "marvin" (score 0.524)
[7:01:02 PM] e072a1d53274: "What time is it?" (1871 ms after the end)
[7:01:02 PM] e072a1d53274: saved 20260928_190059_480_e072a1d53274_marvin.wav (1.5 s, silence, rms -34.2 dBFS)
[7:01:04 PM] e072a1d53274: wake word "marvin" (score 0.527)
[7:01:07 PM] e072a1d53274: "Stop the music." (1965 ms after the end)
[7:01:07 PM] e072a1d53274: saved 20260928_190104_200_e072a1d53274_marvin.wav (1.5 s, silence, rms -34 dBFS)
[7:01:09 PM] e072a1d53274: wake word "marvin" (score 0.615)
[7:01:13 PM] e072a1d53274: "Increase the volume." (1826 ms after the end)
[7:01:13 PM] e072a1d53274: saved 20260928_190109_282_e072a1d53274_marvin.wav (1.9 s, silence, rms -28.2 dBFS)
[7:01:14 PM] e072a1d53274: wake word "marvin" (score 0.603)
[7:01:18 PM] e072a1d53274: "Tell me a joke." (1850 ms after the end)
[7:01:18 PM] e072a1d53274: saved 20260928_190114_760_e072a1d53274_marvin.wav (2.02 s, silence, rms -27.8 dBFS)
[7:01:36 PM] client connected from 192.168.137.145
[7:02:43 PM] heartbeat timeout: e072a1d53274
[7:02:43 PM] disconnected: e072a1d53274
[7:03:01 PM] registered: e072a1d53274
[7:03:01 PM] e072a1d53274: wake word "marvin" (score 0.57)
[7:03:05 PM] e072a1d53274: "Turn on the lights." (1837 ms after the end)
[7:03:05 PM] e072a1d53274: saved 20260928_190301_950_e072a1d53274_marvin.wav (1.62 s, silence, rms -31.1 dBFS)
[7:03:07 PM] e072a1d53274: wake word "marvin" (score 0.632)
[7:03:10 PM] e072a1d53274: "What is the weather today?" (1853 ms after the end)
[7:03:10 PM] e072a1d53274: saved 20260928_190307_004_e072a1d53274_marvin.wav (1.72 s, silence, rms -33.4 dBFS)
[7:03:12 PM] e072a1d53274: wake word "marvin" (score 0.621)
[7:03:15 PM] e072a1d53274: "Let's play some music." (1850 ms after the end)
[7:03:15 PM] e072a1d53274: saved 20260928_190312_427_e072a1d53274_marvin.wav (1.5 s, silence, rms -34.3 dBFS)
[7:03:17 PM] e072a1d53274: wake word "marvin" (score 0.572)
[7:03:21 PM] e072a1d53274: "Send an alarm for 7." (1852 ms after the end)
[7:03:21 PM] e072a1d53274: saved 20260928_190317_544_e072a1d53274_marvin.wav (1.96 s, silence, rms -31.5 dBFS)
[7:03:22 PM] e072a1d53274: wake word "marvin" (score 0.586)
[7:03:25 PM] e072a1d53274: "Call my mother." (1821 ms after the end)
[7:03:25 PM] e072a1d53274: saved 20260928_190322_663_e072a1d53274_marvin.wav (1.5 s, silence, rms -29.5 dBFS)
[7:03:27 PM] e072a1d53274: wake word "marvin" (score 0.595)
[7:03:30 PM] e072a1d53274: "Open the door." (1816 ms after the end)
[7:03:30 PM] e072a1d53274: saved 20260928_190327_423_e072a1d53274_marvin.wav (1.5 s, silence, rms -34.3 dBFS)
[7:03:32 PM] e072a1d53274: wake word "marvin" (score 0.571)
[7:03:35 PM] e072a1d53274: "What time is it?" (1826 ms after the end)
[7:03:35 PM] e072a1d53274: saved 20260928_190332_263_e072a1d53274_marvin.wav (1.5 s, silence, rms -33 dBFS)
[7:03:37 PM] e072a1d53274: wake word "marvin" (score 0.509)
[7:03:40 PM] e072a1d53274: "Stop the music." (1839 ms after the end)
[7:03:40 PM] e072a1d53274: saved 20260928_190337_103_e072a1d53274_marvin.wav (1.78 s, silence, rms -28.8 dBFS)
[7:03:42 PM] e072a1d53274: wake word "marvin" (score 0.609)
[7:03:46 PM] e072a1d53274: "Increase the volume." (1806 ms after the end)
[7:03:46 PM] e072a1d53274: saved 20260928_190342_703_e072a1d53274_marvin.wav (1.74 s, silence, rms -28.7 dBFS)
[7:03:48 PM] e072a1d53274: wake word "marvin" (score 0.526)
[7:03:51 PM] e072a1d53274: "Tell me a joke." (1823 ms after the end)
[7:03:51 PM] e072a1d53274: saved 20260928_190348_062_e072a1d53274_marvin.wav (1.6 s, silence, rms -28.1 dBFS)
[7:03:57 PM] e072a1d53274: wake word "marvin" (score 0.575)
[7:04:01 PM] e072a1d53274: "What is the weather today?" (1840 ms after the end)
[7:04:01 PM] e072a1d53274: saved 20260928_190357_526_e072a1d53274_marvin.wav (1.74 s, silence, rms -33 dBFS)
[7:04:02 PM] e072a1d53274: wake word "marvin" (score 0.531)
[7:04:05 PM] e072a1d53274: "Let's play some music." (1869 ms after the end)
[7:04:05 PM] e072a1d53274: saved 20260928_190402_522_e072a1d53274_marvin.wav (1.5 s, silence, rms -33.5 dBFS)
[7:04:07 PM] e072a1d53274: wake word "marvin" (score 0.563)
[7:04:11 PM] e072a1d53274: "Set an alarm for seven." (1854 ms after the end)
[7:04:11 PM] e072a1d53274: saved 20260928_190407_443_e072a1d53274_marvin.wav (2.34 s, silence, rms -31.4 dBFS)
[7:04:13 PM] e072a1d53274: wake word "marvin" (score 0.6)
[7:04:16 PM] e072a1d53274: "Call my mother." (1813 ms after the end)
[7:04:16 PM] e072a1d53274: saved 20260928_190413_082_e072a1d53274_marvin.wav (1.5 s, silence, rms -28.5 dBFS)
[7:04:17 PM] e072a1d53274: wake word "marvin" (score 0.555)
[7:04:21 PM] e072a1d53274: "Open the door." (1853 ms after the end)
[7:04:21 PM] e072a1d53274: saved 20260928_190417_643_e072a1d53274_marvin.wav (1.76 s, silence, rms -33.7 dBFS)
[7:04:26 PM] e072a1d53274: wake word "marvin" (score 0.598)
[7:04:30 PM] e072a1d53274: "Stop the music." (1820 ms after the end)
[7:04:30 PM] e072a1d53274: saved 20260928_190426_984_e072a1d53274_marvin.wav (1.5 s, silence, rms -32.3 dBFS)
[7:04:32 PM] e072a1d53274: wake word "marvin" (score 0.603)
[7:04:35 PM] e072a1d53274: "Increase the volume." (1827 ms after the end)
[7:04:35 PM] e072a1d53274: saved 20260928_190432_102_e072a1d53274_marvin.wav (1.86 s, silence, rms -28.2 dBFS)
[7:04:37 PM] e072a1d53274: wake word "marvin" (score 0.566)
[7:04:41 PM] e072a1d53274: "Tell me a joke." (1822 ms after the end)
[7:04:41 PM] e072a1d53274: saved 20260928_190437_725_e072a1d53274_marvin.wav (1.84 s, silence, rms -28 dBFS)
[7:04:59 PM] client connected from 192.168.137.145
[7:06:06 PM] heartbeat timeout: e072a1d53274
[7:06:06 PM] disconnected: e072a1d53274
[7:06:29 PM] registered: e072a1d53274
[7:06:29 PM] e072a1d53274: wake word "marvin" (score 0.596)
[7:06:30 PM] e072a1d53274: "" (5 ms after the end)
[7:06:30 PM] e072a1d53274: saved 20260928_190629_188_e072a1d53274_marvin.wav (1.5 s, silence, rms -36.9 dBFS)
[7:06:47 PM] e072a1d53274: wake word "marvin" (score 0.665)
[7:06:49 PM] e072a1d53274: "" (5 ms after the end)
[7:06:49 PM] e072a1d53274: saved 20260928_190647_784_e072a1d53274_marvin.wav (1.9 s, silence, rms -35.2 dBFS)
[7:06:53 PM] e072a1d53274: wake word "marvin" (score 0.514)
[7:06:55 PM] e072a1d53274: "" (3 ms after the end)
[7:06:55 PM] e072a1d53274: saved 20260928_190653_788_e072a1d53274_marvin.wav (1.5 s, silence, rms -38.5 dBFS)
[7:06:58 PM] e072a1d53274: wake word "marvin" (score 0.558)
[7:07:00 PM] e072a1d53274: "" (6 ms after the end)
[7:07:00 PM] e072a1d53274: saved 20260928_190658_684_e072a1d53274_marvin.wav (1.5 s, silence, rms -39.7 dBFS)
[7:07:03 PM] e072a1d53274: wake word "marvin" (score 0.592)
[7:07:05 PM] e072a1d53274: "" (4 ms after the end)
[7:07:05 PM] e072a1d53274: saved 20260928_190703_564_e072a1d53274_marvin.wav (1.5 s, silence, rms -38.2 dBFS)
[7:07:06 PM] e072a1d53274: wake word "marvin" (score 0.504)
[7:07:07 PM] e072a1d53274: "" (4 ms after the end)
[7:07:07 PM] e072a1d53274: saved 20260928_190706_263_e072a1d53274_marvin.wav (1.5 s, silence, rms -37.8 dBFS)
[7:07:10 PM] e072a1d53274: wake word "marvin" (score 0.563)
[7:07:12 PM] e072a1d53274: "" (4 ms after the end)
[7:07:12 PM] e072a1d53274: saved 20260928_190710_824_e072a1d53274_marvin.wav (1.5 s, silence, rms -37.8 dBFS)
[7:07:15 PM] e072a1d53274: wake word "marvin" (score 0.65)
[7:07:17 PM] e072a1d53274: "" (4 ms after the end)
[7:07:17 PM] e072a1d53274: saved 20260928_190715_804_e072a1d53274_marvin.wav (1.5 s, silence, rms -37 dBFS)
[7:07:23 PM] e072a1d53274: wake word "marvin" (score 0.577)
[7:07:25 PM] e072a1d53274: "" (4 ms after the end)
[7:07:25 PM] e072a1d53274: saved 20260928_190723_623_e072a1d53274_marvin.wav (1.5 s, silence, rms -36.1 dBFS)
[7:07:29 PM] e072a1d53274: wake word "marvin" (score 0.504)
[7:07:30 PM] e072a1d53274: "" (7 ms after the end)
[7:07:30 PM] e072a1d53274: saved 20260928_190729_352_e072a1d53274_marvin.wav (1.5 s, silence, rms -35.3 dBFS)
[7:07:33 PM] e072a1d53274: wake word "marvin" (score 0.668)
[7:07:35 PM] e072a1d53274: "" (4 ms after the end)
[7:07:35 PM] e072a1d53274: saved 20260928_190733_743_e072a1d53274_marvin.wav (1.5 s, silence, rms -36.7 dBFS)
[7:07:38 PM] e072a1d53274: wake word "marvin" (score 0.563)
[7:07:40 PM] e072a1d53274: "" (4 ms after the end)
[7:07:40 PM] e072a1d53274: saved 20260928_190738_646_e072a1d53274_marvin.wav (1.5 s, silence, rms -35.4 dBFS)
[7:07:43 PM] e072a1d53274: wake word "marvin" (score 0.643)
[7:07:45 PM] e072a1d53274: "" (4 ms after the end)
[7:07:45 PM] e072a1d53274: saved 20260928_190743_505_e072a1d53274_marvin.wav (1.5 s, silence, rms -37.3 dBFS)
[7:08:05 PM] e072a1d53274: wake word "marvin" (score 0.583)
[7:08:06 PM] e072a1d53274: "" (4 ms after the end)
[7:08:06 PM] e072a1d53274: saved 20260928_190805_143_e072a1d53274_marvin.wav (1.5 s, silence, rms -36.8 dBFS)
[7:08:09 PM] e072a1d53274: wake word "marvin" (score 0.54)
[7:08:13 PM] e072a1d53274: "Okay. Okay. All right." (2002 ms after the end)
[7:08:13 PM] e072a1d53274: saved 20260928_190809_923_e072a1d53274_marvin.wav (1.94 s, silence, rms -29.6 dBFS)
[7:08:15 PM] e072a1d53274: wake word "marvin" (score 0.51)
[7:08:27 PM] e072a1d53274: "Okay. Okay. Okay. Okay. Okay. Okay. Okay. Okay. Okay. Okay. Okay. Okay. Okay. Okay. Okay. Okay. Okay. Okay. Okay. Okay. Okay. Okay. Okay. Okay. Okay. Okay. Okay. Okay. Okay. Okay. Okay. Okay. Okay. Okay. Okay. Okay. Okay. Okay. Okay. Okay. Okay. Okay. Okay. Okay. Okay. Okay. Okay. Okay. Okay. Okay. Okay. Okay. Okay. Okay. Okay. Okay. Okay. Okay. Okay. Okay. Okay. Okay. Okay. Okay. Okay. Okay. Okay. Okay. Okay. Okay. Okay. Okay. Okay. Okay. Okay. Okay. Okay. Okay. Okay. Okay. Okay. Okay. Okay. Okay. Okay. Okay. Okay. Okay. Okay. Okay. Okay. Okay. Okay. Okay. Okay. Okay. Okay. Okay. Okay. Okay. Okay. Okay. Okay. Okay. Okay. Okay. Okay. Okay. Okay. Okay. Okay. Okay." (10884 ms after the end)
[7:08:27 PM] e072a1d53274: saved 20260928_190815_002_e072a1d53274_marvin.wav (1.88 s, silence, rms -37.4 dBFS)
[7:08:48 PM] e072a1d53274: wake word "marvin" (score 0.518)
[7:08:52 PM] e072a1d53274: "Whatever, you know." (1960 ms after the end)
[7:08:52 PM] e072a1d53274: saved 20260928_190848_410_e072a1d53274_marvin.wav (1.68 s, silence, rms -32.3 dBFS)
[7:09:16 PM] e072a1d53274: wake word "marvin" (score 0.541)
[7:09:17 PM] e072a1d53274: "" (9 ms after the end)
[7:09:17 PM] e072a1d53274: saved 20260928_190916_284_e072a1d53274_marvin.wav (1.5 s, silence, rms -33.1 dBFS)
[7:09:21 PM] e072a1d53274: wake word "marvin" (score 0.666)
[7:09:22 PM] e072a1d53274: "" (8 ms after the end)
[7:09:22 PM] e072a1d53274: saved 20260928_190921_363_e072a1d53274_marvin.wav (1.5 s, silence, rms -37.7 dBFS)
[7:09:26 PM] e072a1d53274: wake word "marvin" (score 0.521)
[7:09:29 PM] e072a1d53274: "I'm getting happy." (1991 ms after the end)
[7:09:29 PM] e072a1d53274: saved 20260928_190926_105_e072a1d53274_marvin.wav (1.5 s, silence, rms -35.4 dBFS)
[7:09:35 PM] e072a1d53274: wake word "marvin" (score 0.522)
[7:09:37 PM] e072a1d53274: "" (11 ms after the end)
[7:09:37 PM] e072a1d53274: saved 20260928_190935_862_e072a1d53274_marvin.wav (1.5 s, silence, rms -37.6 dBFS)
[7:09:40 PM] e072a1d53274: wake word "marvin" (score 0.517)
[7:09:42 PM] e072a1d53274: "" (10 ms after the end)
[7:09:42 PM] e072a1d53274: saved 20260928_190940_599_e072a1d53274_marvin.wav (1.5 s, silence, rms -37.3 dBFS)
[7:09:50 PM] e072a1d53274: wake word "marvin" (score 0.57)
[7:09:51 PM] e072a1d53274: "" (10 ms after the end)
[7:09:51 PM] e072a1d53274: saved 20260928_190950_081_e072a1d53274_marvin.wav (1.5 s, silence, rms -37.2 dBFS)
[7:10:02 PM] e072a1d53274: wake word "marvin" (score 0.659)
[7:10:05 PM] e072a1d53274: "I'll see you in the bedroom." (2022 ms after the end)
[7:10:05 PM] e072a1d53274: saved 20260928_191002_020_e072a1d53274_marvin.wav (1.5 s, silence, rms -30.8 dBFS)
[7:10:11 PM] e072a1d53274: wake word "marvin" (score 0.61)
[7:10:15 PM] e072a1d53274: "Can I listen?" (1931 ms after the end)
[7:10:15 PM] e072a1d53274: saved 20260928_191011_539_e072a1d53274_marvin.wav (1.58 s, silence, rms -37.2 dBFS)
[7:10:17 PM] e072a1d53274: wake word "marvin" (score 0.546)
[7:10:18 PM] e072a1d53274: "" (16 ms after the end)
[7:10:18 PM] e072a1d53274: saved 20260928_191017_138_e072a1d53274_marvin.wav (1.5 s, silence, rms -39.9 dBFS)
[7:15:55 PM] client connected from 192.168.137.145
[7:16:29 PM] heartbeat timeout: e072a1d53274
[7:16:29 PM] disconnected: e072a1d53274
[7:23:12 PM] client connected from 192.168.137.145
[7:24:25 PM] heartbeat timeout: 192.168.137.145
[7:24:25 PM] disconnected: 192.168.137.145
[7:28:33 PM] registered: e072a1d53274
[7:28:33 PM] e072a1d53274: wake word "marvin" (score 0.518)
[7:28:39 PM] speech-to-text unavailable (ws://127.0.0.1:8000/stream); saving audio only. Start stt-services/main.py.
[7:28:39 PM] e072a1d53274: saved 20260928_192833_271_e072a1d53274_marvin.wav (5.84 s, silence, rms -33.9 dBFS)
[7:34:25 PM] e072a1d53274: wake word "marvin" (score 0.518)
[7:34:26 PM] e072a1d53274: saved 20260928_193425_196_e072a1d53274_marvin.wav (1.5 s, silence, rms -38.6 dBFS)
[7:34:33 PM] e072a1d53274: wake word "marvin" (score 0.503)
[7:34:35 PM] e072a1d53274: saved 20260928_193433_657_e072a1d53274_marvin.wav (1.66 s, silence, rms -31.1 dBFS)
[7:34:42 PM] e072a1d53274: wake word "marvin" (score 0.539)
[7:34:44 PM] e072a1d53274: saved 20260928_193442_296_e072a1d53274_marvin.wav (2.42 s, silence, rms -29.2 dBFS)
[7:36:12 PM] heartbeat timeout: e072a1d53274
[7:36:34 PM] disconnected: e072a1d53274
[10:19:29 PM] client connected from 192.168.137.107
[10:19:43 PM] client connected from 192.168.137.107
[10:20:59 PM] heartbeat timeout: 192.168.137.107
[10:20:59 PM] disconnected: 192.168.137.107
[10:27:04 PM] client connected from 192.168.137.107
[10:27:28 PM] registered: e072a1d53274
[10:27:28 PM] e072a1d53274: wake word "marvin" (score 0.716)
[10:27:34 PM] e072a1d53274: saved 20260928_222728_318_e072a1d53274_marvin.wav (1.5 s, silence, rms -38.1 dBFS)
[10:27:36 PM] e072a1d53274: wake word "marvin" (score 0.709)
[10:27:42 PM] e072a1d53274: saved 20260928_222736_418_e072a1d53274_marvin.wav (1.5 s, silence, rms -38.7 dBFS)
[10:27:44 PM] e072a1d53274: wake word "marvin" (score 0.602)
[10:27:50 PM] e072a1d53274: saved 20260928_222744_285_e072a1d53274_marvin.wav (1.5 s, silence, rms -37.4 dBFS)
[10:27:51 PM] e072a1d53274: wake word "marvin" (score 0.728)
[10:27:53 PM] e072a1d53274: connection lost mid-utterance, waiting 30 s for a resume
[10:27:53 PM] disconnected: e072a1d53274
[10:27:54 PM] client connected from 192.168.137.107
[10:28:13 PM] heartbeat timeout: 192.168.137.107
[10:28:13 PM] disconnected: 192.168.137.107
[10:28:23 PM] e072a1d53274: saved 20260928_222751_863_e072a1d53274_marvin.wav (0.06 s, connection_lost, rms -40.8 dBFS)
[10:28:24 PM] registered: e072a1d53274
[10:28:24 PM] e072a1d53274: wake word "marvin" (score 0.69)
[10:28:30 PM] e072a1d53274: saved 20260928_222824_735_e072a1d53274_marvin.wav (1.5 s, silence, rms -30.3 dBFS)
[10:28:31 PM] e072a1d53274: wake word "marvin" (score 0.616)
[10:28:37 PM] e072a1d53274: saved 20260928_222831_990_e072a1d53274_marvin.wav (1.5 s, silence, rms -35.1 dBFS)
[10:28:39 PM] e072a1d53274: wake word "marvin" (score 0.624)
[10:28:45 PM] e072a1d53274: saved 20260928_222839_464_e072a1d53274_marvin.wav (1.5 s, silence, rms -34.4 dBFS)
[10:28:46 PM] e072a1d53274: wake word "marvin" (score 0.624)
[10:28:53 PM] e072a1d53274: saved 20260928_222846_737_e072a1d53274_marvin.wav (1.5 s, silence, rms -38.7 dBFS)
[10:28:59 PM] e072a1d53274: wake word "marvin" (score 0.692)
[10:29:05 PM] e072a1d53274: connection lost mid-utterance, waiting 30 s for a resume
[10:29:05 PM] disconnected: e072a1d53274
[10:29:06 PM] client connected from 192.168.137.107
[10:29:35 PM] e072a1d53274: saved 20260928_222859_668_e072a1d53274_marvin.wav (1.32 s, connection_lost, rms -32.4 dBFS)
[10:29:37 PM] registered: e072a1d53274
[10:29:37 PM] e072a1d53274: wake word "marvin" (score 0.635)
[10:29:42 PM] e072a1d53274: connection lost mid-utterance, waiting 30 s for a resume
[10:29:42 PM] disconnected: e072a1d53274
[10:29:42 PM] client connected from 192.168.137.107
[10:30:12 PM] e072a1d53274: saved 20260928_222937_374_e072a1d53274_marvin.wav (0.78 s, connection_lost, rms -37.8 dBFS)
[10:30:14 PM] registered: e072a1d53274
[10:30:14 PM] e072a1d53274: wake word "marvin" (score 0.68)
[10:30:16 PM] e072a1d53274: connection lost mid-utterance, waiting 30 s for a resume
[10:30:16 PM] disconnected: e072a1d53274
[10:30:22 PM] client connected from 192.168.137.107
[10:30:41 PM] disconnected: 192.168.137.107
[10:30:46 PM] e072a1d53274: saved 20260928_223014_199_e072a1d53274_marvin.wav (0.18 s, connection_lost, rms -39.4 dBFS)
