23:47:34.000 ESP-ROM:esp32s3-20210327
23:47:34.000 Build:Mar 27 2021
23:47:34.000 rst:0x1 (POWERON),boot:0x8 (SPI_FAST_FLASH_BOOT)
23:47:34.000 SPIWP:0xee
23:47:34.000 mode:DIO, clock div:1
23:47:34.000 load:0x3fce2820,len:0x1668
23:47:34.000 load:0x403c8700,len:0xec0
23:47:34.000 load:0x403cb700,len:0x3178
23:47:34.000 entry 0x403c894c
23:47:34.000 I (24) boot: ESP-IDF v5.5.5 2nd stage bootloader
23:47:34.000 I (25) boot: compile time Sep 28 2026 21:09:30
23:47:34.000 I (25) boot: Multicore bootloader
23:47:34.000 I (25) boot: chip revision: v0.2
23:47:34.000 I (28) boot: efuse block revision: v1.4
23:47:34.000 I (31) qio_mode: Enabling default flash chip QIO
23:47:34.004 I (36) boot.esp32s3: Boot SPI Speed : 80MHz
23:47:34.004 I (40) boot.esp32s3: SPI Mode       : QIO
23:47:34.004 I (43) boot.esp32s3: SPI Flash Size : 4MB
23:47:34.004 I (47) boot: Enabling RNG early entropy source...
23:47:34.004 I (52) boot: Partition Table:
23:47:34.004 I (54) boot: ## Label            Usage          Type ST Offset   Length
23:47:34.004 I (60) boot:  0 nvs              WiFi data        01 02 00009000 00006000
23:47:34.004 I (67) boot:  1 phy_init         RF data          01 01 0000f000 00001000
23:47:34.004 I (73) boot:  2 factory          factory app      00 00 00010000 00177000
23:47:34.004 I (80) boot: End of partition table
23:47:34.004 I (83) esp_image: segment 0: paddr=00010020 vaddr=3c0d0020 size=359c0h (219584) map
23:47:34.004 I (125) esp_image: segment 1: paddr=000459e8 vaddr=3fc98400 size=04c28h ( 19496) load
23:47:34.004 I (129) esp_image: segment 2: paddr=0004a618 vaddr=40378000 size=05a00h ( 23040) load
23:47:34.004 I (134) esp_image: segment 3: paddr=00050020 vaddr=42000020 size=ca704h (829188) map
23:47:34.004 I (264) esp_image: segment 4: paddr=0011a72c vaddr=4037da00 size=0a9d0h ( 43472) load
23:47:34.004 I (273) esp_image: segment 5: paddr=00125104 vaddr=50000000 size=00020h (    32) load
23:47:34.004 I (280) boot: Loaded app from partition at offset 0x10000
23:47:34.004 I (280) boot: Disabling RNG early entropy source...
23:47:34.004 I (291) cpu_start: Multicore app
23:47:34.004 I (299) cpu_start: GPIO 44 and 43 are used as console UART I/O pins
23:47:34.004 I (300) cpu_start: Pro cpu start user code
23:47:34.004 I (300) cpu_start: cpu freq: 240000000 Hz
23:47:34.004 I (302) app_init: Application information:
23:47:34.004 I (305) app_init: Project name:     kws_s3
23:47:34.004 I (309) app_init: App version:      ee80e50-dirty
23:47:34.004 I (314) app_init: Compile time:     Sep 28 2026 23:45:55
23:47:34.004 I (319) app_init: ELF file SHA256:  73ebbe729...
23:47:34.004 I (323) app_init: ESP-IDF:          v5.5.5
23:47:34.004 I (327) efuse_init: Min chip rev:     v0.0
23:47:34.004 I (331) efuse_init: Max chip rev:     v0.99
23:47:34.004 I (335) efuse_init: Chip rev:         v0.2
23:47:34.004 I (339) heap_init: Initializing. RAM available for dynamic allocation:
23:47:34.004 I (345) heap_init: At 3FCA2AE8 len 00046C28 (283 KiB): RAM
23:47:34.004 I (350) heap_init: At 3FCE9710 len 00005724 (21 KiB): RAM
23:47:34.004 I (355) heap_init: At 600FE000 len 00001FE8 (7 KiB): RTCRAM
23:47:34.004 I (361) spi_flash: detected chip: boya
23:47:34.004 I (364) spi_flash: flash io: qio
23:47:34.004 W (367) spi_flash: Detected size(16384k) larger than the size in the binary image header(4096k). Using the size in the binary image header.
23:47:34.004 I (379) sleep_gpio: Configure to isolate all GPIO pins in sleep state
23:47:34.004 I (385) sleep_gpio: Enable automatic switching of GPIO sleep configuration
23:47:34.004 I (392) main_task: Started on CPU0
23:47:34.004 I (410) main_task: Calling app_main()
23:47:34.004 
23:47:34.004 ==================== SIH KWS firmware ====================
23:47:34.004  chip      : esp32s3 rev v0.2, 2 cores, flash 4 MB
23:47:34.004  ESP-IDF   : v5.5.5
23:47:34.004  RAM       : 41 KB static data, 287 KB heap free (code in IRAM: 65 KB, not counted)
23:47:34.004  model     : marvin.tflite (60896 bytes, stored in flash)
23:47:34.004 ===========================================================
23:47:34.004 
23:47:34.004 [heap] start of app_main            294744 B free (of 320308 B)
23:47:34.004 I (465) kws: model ready: wake word "marvin", threshold 0.60 (json), window 5, input 3x40 int8
23:47:34.004 I (470) kws: model RAM: tensor arena 25964 of 26624 bytes used; engine total 38 KB of heap
23:47:34.004 
23:47:34.004 ------------------------ SELF-TEST ------------------------
23:47:34.004  noise only (3 s)   : PASS - stayed quiet  (highest score 0.01, threshold 0.60)
23:47:34.004  wake word recording: skipped - no WAV file in the model folder (optional)
23:47:34.004 -----------------------------------------------------------
23:47:34.004 
23:47:34.004 [heap] model + features + self-test took  40720 B, 254024 B free
23:47:34.004 I (707) audio: I2S running: 16 kHz, 32-bit slots, both channels, SCK=16 WS=15 SD=17, gain x1
23:47:34.812 I (1209) kws: microphones: left (L/R to GND) -21.8 dBFS, right (L/R to 3V3) -20.1 dBFS, similarity 0.13 -> using both (average)
23:47:34.812 [heap] I2S + ring + audio task      took  20772 B, 233252 B free
23:47:34.812 I (1221) kws: listening for "marvin" ...
23:47:34.812 I (1228) pp: pp rom version: e7ae62f
23:47:34.812 I (1230) net80211: net80211 rom version: e7ae62f
23:47:34.812 I (1234) wifi:wifi driver task: 3fcb6fa8, prio:23, stack:6656, core=0
23:47:34.812 I (1241) wifi:wifi firmware version: b9f67df
23:47:34.812 I (1243) wifi:wifi certification version: v7.0
23:47:34.812 I (1246) wifi:config NVS flash: disabled
23:47:34.812 I (1252) wifi:config nano formatting: disabled
23:47:34.812 I (1255) wifi:Init data frame dynamic rx buffer num: 16
23:47:34.812 I (1260) wifi:Init static rx mgmt buffer num: 5
23:47:34.812 I (1266) wifi:Init management short buffer num: 10
23:47:34.813 I (1269) wifi:Init dynamic tx buffer num: 8
23:47:34.813 I (1274) wifi:Init static tx FG buffer num: 2
23:47:34.813 I (1277) wifi:Init static rx buffer size: 1600
23:47:34.813 I (1282) wifi:Init static rx buffer num: 6
23:47:34.813 I (1285) wifi:Init dynamic rx buffer num: 16
23:47:34.813 I (1289) wifi_init: accept mbox: 6
23:47:34.813 I (1293) wifi_init: tcpip mbox: 32
23:47:34.813 I (1296) wifi_init: udp mbox: 6
23:47:34.813 I (1299) wifi_init: tcp mbox: 6
23:47:34.813 I (1302) wifi_init: tcp tx win: 2880
23:47:34.813 I (1305) wifi_init: tcp rx win: 2880
23:47:34.813 I (1307) wifi_init: tcp mss: 1440
23:47:34.813 I (1311) phy_init: phy_version 712,87e8c20e,Apr 13 2026,18:51:10
23:47:34.813 I (1345) wifi:mode : sta (e0:72:a1:d5:32:74)
23:47:34.813 I (1347) wifi:enable tsf
23:47:34.813 I (1348) wifi:Set ps type: 0, coexist: 0
23:47:34.813 
23:47:34.813 I (1354) wifi: connecting to "ARYA 9252" ...
23:47:34.813 [heap] Wi-Fi driver + netif         took  41196 B, 192056 B free
23:47:34.813 W (1364) stream: cannot reach the server ws://192.168.137.1:3000/ws (is it running? same network?) - retrying every second
23:47:34.813 I (1414) wifi:state: init -> auth (0xb0)
23:47:34.813 [heap] WebSocket client + streamer  took  12908 B, 179148 B free
23:47:34.813 I (1425) wifi:state: auth -> assoc (0x0)
23:47:34.813 I (1437) wifi:state: assoc -> run (0x10)
23:47:34.813 I (1460) wifi:connected with ARYA 9252, aid = 3, channel 1, BW20, bssid = 9a:5f:41:45:73:c9
23:47:34.813 I (1464) wifi:security: WPA2-PSK, phy: bgn, rssi: -19, cipher(pairwise:0x3, group:0x3), pmf:0
23:47:34.813 I (1473) wifi:pm start, type: 0
23:47:34.813 
23:47:34.813 I (1475) wifi:dp: 1, bi: 102400, li: 3, scale listen interval from 307200 us to 307200 us
23:47:34.813 I (1484) wifi:set rx beacon pti, rx_bcn_pti: 0, bcn_timeout: 25000, mt_pti: 0, mt_time: 10000
23:47:34.813 I (1523) wifi:AP's beacon interval = 102400 us, DTIM period = 3
23:47:35.831 I (2533) esp_netif_handlers: sta ip: 192.168.137.250, mask: 255.255.255.0, gw: 192.168.137.1
23:47:35.831 I (2537) wifi: connected, IP address 192.168.137.250
23:47:36.665 I (3378) stream: connected to the server ws://192.168.137.1:3000/ws
23:47:37.994 I (4700) wifi:[ADDBA]RX DELBA, reason:37, delete tid:0, initiator:1(originator)
23:47:40.751 I (7465) wifi:[ADDBA]RX DELBA, reason:37, delete tid:0, initiator:1(originator)
23:47:44.769 [status] up 11s | mic -38.9 dBFS (peak -29.6) | score max 0.01 | detections 0 | inferences 238 (23.8/s; model 0.92 ms each, paused in quiet 33%; features 1.33 ms per 30 ms) | CPU core0 -1.0% core1 -1.0% (wake word pipeline 7.62% of one core) | RAM used 180 KB (peak 184 KB, 173 KB free) | wifi OK, server OK | audio lost since boot: i2s 0 net 0
23:47:44.769 [tasks] % of one core (free stack): main@0=-1.00(928) IDLE1@1=-1.00(720) IDLE0@0=-1.00(728) audio_kws@1=-1.00(832) tiT@*=-1.00(1452) websocket_task@*=-1.00(948) Tmr Svc@*=-1.00(856) streamer@0=-1.00(2444) sys_evt@0=-1.00(432) esp_timer@0=-1.00(1600) wifi@0=-1.00(3308) ipc0@0=-1.00(272) ipc1@1=-1.00(280)
23:47:53.771 I (20491) wifi:[ADDBA]RX DELBA, reason:37, delete tid:0, initiator:1(originator)
23:47:54.752 [status] up 21s | mic -38.3 dBFS (peak -32.0) | score max 0.00 | detections 0 | inferences 265 (26.5/s; model 0.89 ms each, paused in quiet 27%; features 1.28 ms per 30 ms) | CPU core0  1.2% core1  7.9% (wake word pipeline 7.68% of one core) | RAM used 180 KB (peak 184 KB, 173 KB free) | wifi OK, server OK | audio lost since boot: i2s 0 net 0
23:47:58.009 I (24721) wifi:[ADDBA]RX DELBA, reason:37, delete tid:0, initiator:1(originator)
23:47:59.875 I (26589) kws: >>> WAKE WORD "marvin" DETECTED  (score 0.66, t = 26.23 s)
23:48:00.110 I (26831) stream: first audio sent 239 ms after the detection
23:48:01.055 I (27669) wake_word: score event: peak 1.00 over 1020 ms -> detected
23:48:01.055 I (27770) wifi:[ADDBA]RX DELBA, reason:37, delete tid:0, initiator:1(originator)
23:48:03.172 I (29867) stream: stream finished (silence): 1500 ms of audio sent (23 KB)
23:48:03.172 I (29880) stream: server: {"type":"response","text":"","saved":"20260928_234759_767_e072a1d53274_marvin.wav"}
23:48:04.512 I (30989) kws: >>> WAKE WORD "marvin" DETECTED  (score 0.63, t = 30.63 s)
23:48:04.512 I (31133) wifi:[ADDBA]RX DELBA, reason:37, delete tid:0, initiator:1(originator)
23:48:04.512 I (31137) wifi:[ADDBA]RX DELBA, reason:37, delete tid:0, initiator:1(originator)
23:48:04.512 I (31234) stream: first audio sent 242 ms after the detection
23:48:04.868 [status] up 31s | mic -33.8 dBFS (peak -18.5) | score max 1.00 | detections 2 | inferences 257 (25.7/s; model 0.98 ms each, paused in quiet 29%; features 1.31 ms per 30 ms) | CPU core0  2.2% core1  8.7% (wake word pipeline 7.94% of one core) | RAM used 183 KB (peak 186 KB, 171 KB free) | wifi OK, server OK | audio lost since boot: i2s 0 net 58
23:48:04.868 I (31589) wake_word: score event: peak 0.83 over 570 ms -> detected
23:48:07.313 I (34032) wifi:[ADDBA]RX DELBA, reason:37, delete tid:0, initiator:1(originator)
23:48:08.013 I (34726) stream: stream finished (silence): 1960 ms of audio sent (30 KB)
23:48:10.088 I (36802) stream: server: {"type":"response","text":"Ready? Sound back?","saved":"20260928_234804_110_e072a1d53274_marvin.wav"}
23:48:11.054 I (37589) kws: >>> WAKE WORD "marvin" DETECTED  (score 0.65, t = 37.23 s)
23:48:11.054 I (37722) wifi:[ADDBA]RX DELBA, reason:37, delete tid:0, initiator:1(originator)
23:48:11.054 I (37766) stream: first audio sent 174 ms after the detection
23:48:11.303 I (38009) wake_word: score event: peak 0.79 over 360 ms -> detected
23:48:13.289 I (40007) wifi:[ADDBA]RX DELBA, reason:37, delete tid:0, initiator:1(originator)
23:48:14.762 I (41287) stream: stream finished (silence): 1860 ms of audio sent (29 KB)
23:48:14.762 [status] up 41s | mic -34.2 dBFS (peak -19.8) | score max 0.79 | detections 3 | inferences 316 (31.6/s; model 1.02 ms each, paused in quiet 10%; features 1.41 ms per 30 ms) | CPU core0  3.5% core1 10.1% (wake word pipeline 8.88% of one core) | RAM used 181 KB (peak 186 KB, 173 KB free) | wifi OK, server OK | audio lost since boot: i2s 0 net 176
23:48:16.639 I (43352) stream: server: {"type":"response","text":"Okay, go ahead.","saved":"20260928_234810_745_e072a1d53274_marvin.wav"}
23:48:17.886 I (44450) kws: >>> WAKE WORD "marvin" DETECTED  (score 0.76, t = 44.09 s)
23:48:17.886 I (44600) stream: first audio sent 148 ms after the detection
23:48:18.354 I (45008) wifi:[ADDBA]RX DELBA, reason:37, delete tid:0, initiator:1(originator)
23:48:18.354 I (45069) wake_word: score event: peak 0.94 over 600 ms -> detected
23:48:20.856 I (47569) wifi:[ADDBA]RX DELBA, reason:37, delete tid:0, initiator:1(originator)
23:48:21.139 I (47851) stream: stream finished (silence): 1500 ms of audio sent (23 KB)
23:48:22.953 I (49660) stream: server: {"type":"response","text":"Yeah.","saved":"20260928_234817_578_e072a1d53274_marvin.wav"}
23:48:23.788 I (50509) kws: >>> WAKE WORD "marvin" DETECTED  (score 0.60, t = 50.15 s)
23:48:24.020 I (50736) stream: first audio sent 224 ms after the detection
23:48:24.852 I (51294) wifi:[ADDBA]RX DELBA, reason:37, delete tid:0, initiator:1(originator)
23:48:24.853 [status] up 51s | mic -31.8 dBFS (peak -18.8) | score max 1.00 | detections 5 | inferences 277 (27.7/s; model 0.94 ms each, paused in quiet 21%; features 1.36 ms per 30 ms) | CPU core0  2.2% core1  8.8% (wake word pipeline 8.08% of one core) | RAM used 183 KB (peak 186 KB, 171 KB free) | wifi OK, server OK | audio lost since boot: i2s 0 net 238
23:48:24.853 I (51568) wake_word: score event: peak 1.00 over 1020 ms -> detected
23:48:26.723 I (53437) wifi:[ADDBA]RX DELBA, reason:37, delete tid:0, initiator:1(originator)
23:48:29.148 I (55861) stream: stream finished (silence): 2700 ms of audio sent (42 KB)
23:48:31.014 I (57669) wifi:[ADDBA]RX DELBA, reason:37, delete tid:0, initiator:1(originator)
23:48:31.014 I (57731) stream: server: {"type":"response","text":"Okay, go ahead.","saved":"20260928_234823_668_e072a1d53274_marvin.wav"}
23:48:34.773 [status] up 61s | mic -30.1 dBFS (peak -18.6) | score max 0.01 | detections 5 | inferences 333 (33.3/s; model 0.97 ms each, paused in quiet 0%; features 1.45 ms per 30 ms) | CPU core0  2.5% core1  9.6% (wake word pipeline 8.76% of one core) | RAM used 181 KB (peak 186 KB, 173 KB free) | wifi OK, server OK | audio lost since boot: i2s 0 net 331
23:48:35.771 I (62489) wake_word: score event: peak 0.31 over 180 ms -> not detected (below threshold or in cool-down)
23:48:39.487 I (66049) kws: >>> WAKE WORD "marvin" DETECTED  (score 0.63, t = 65.69 s)
23:48:39.487 I (66201) stream: first audio sent 149 ms after the detection
23:48:40.199 I (66829) wake_word: score event: peak 0.95 over 720 ms -> detected
23:48:40.199 I (66916) wifi:[ADDBA]RX DELBA, reason:37, delete tid:0, initiator:1(originator)
23:48:42.400 I (69112) stream: stream finished (silence): 1560 ms of audio sent (24 KB)
23:48:44.808 I (71192) wifi:[ADDBA]RX DELBA, reason:37, delete tid:0, initiator:1(originator)
23:48:44.808 I (71350) stream: server: {"type":"response","text":"Ah, why do you do that, huh?","saved":"20260928_234839_179_e072a1d53274_marvin.wav"}
23:48:44.808 [status] up 71s | mic -29.5 dBFS (peak -17.4) | score max 0.95 | detections 6 | inferences 247 (24.7/s; model 0.97 ms each, paused in quiet 26%; features 1.44 ms per 30 ms) | CPU core0  2.0% core1  8.5% (wake word pipeline 7.88% of one core) | RAM used 181 KB (peak 186 KB, 173 KB free) | wifi OK, server OK | audio lost since boot: i2s 0 net 368
23:48:44.808 [tasks] % of one core (free stack): main@0=0.33(928) IDLE1@1=91.06(720) IDLE0@0=97.76(728) audio_kws@1=8.32(736) tiT@*=0.63(1452) websocket_task@*=0.24(948) ipc1@1=0.00(280) streamer@0=0.71(924) esp_timer@0=0.01(1600) Tmr Svc@*=0.00(856) wifi@0=0.95(3308) sys_evt@0=0.00(432) ipc0@0=0.00(272)
23:48:45.997 I (72709) wake_word: score event: peak 0.45 over 300 ms -> not detected (below threshold or in cool-down)
23:48:49.021 I (75589) kws: >>> WAKE WORD "marvin" DETECTED  (score 0.73, t = 75.23 s)
23:48:49.021 I (75736) stream: first audio sent 144 ms after the detection
23:48:49.767 I (76368) wake_word: score event: peak 0.97 over 960 ms -> detected
23:48:49.767 I (76474) wifi:[ADDBA]RX DELBA, reason:37, delete tid:0, initiator:1(originator)
23:48:51.817 I (78496) stream: stream finished (silence): 1540 ms of audio sent (24 KB)
23:48:51.817 I (78516) wifi:[ADDBA]RX DELBA, reason:37, delete tid:0, initiator:1(originator)
23:48:51.817 I (78517) stream: server: {"type":"response","text":"","saved":"20260928_234848_712_e072a1d53274_marvin.wav"}
23:48:53.061 I (79609) kws: >>> WAKE WORD "marvin" DETECTED  (score 0.67, t = 79.25 s)
23:48:53.062 I (79780) stream: first audio sent 168 ms after the detection
23:48:53.776 I (80489) wake_word: score event: peak 0.99 over 840 ms -> detected
23:48:54.120 I (80833) wifi:[ADDBA]RX DELBA, reason:37, delete tid:0, initiator:1(originator)
23:48:54.787 [status] up 81s | mic -32.6 dBFS (peak -18.8) | score max 0.99 | detections 8 | inferences 292 (29.2/s; model 0.99 ms each, paused in quiet 19%; features 1.35 ms per 30 ms) | CPU core0  2.5% core1  9.4% (wake word pipeline 8.45% of one core) | RAM used 183 KB (peak 186 KB, 171 KB free) | wifi OK, server OK | audio lost since boot: i2s 0 net 424
23:48:56.052 I (82735) stream: stream finished (silence): 1500 ms of audio sent (23 KB)
23:48:56.052 I (82757) stream: server: {"type":"response","text":"","saved":"20260928_234852_745_e072a1d53274_marvin.wav"}
23:48:57.141 I (83554) wifi:[ADDBA]RX DELBA, reason:37, delete tid:0, initiator:1(originator)
23:48:57.141 I (83689) kws: >>> WAKE WORD "marvin" DETECTED  (score 0.63, t = 83.33 s)
23:48:57.141 I (83859) stream: first audio sent 168 ms after the detection
23:48:57.376 I (84089) wake_word: score event: peak 0.63 over 330 ms -> detected
23:48:58.900 I (85607) wifi:[ADDBA]RX DELBA, reason:37, delete tid:0, initiator:1(originator)
23:49:00.260 I (86959) stream: stream finished (silence): 1500 ms of audio sent (23 KB)
23:49:00.261 I (86976) stream: server: {"type":"response","text":"","saved":"20260928_234856_826_e072a1d53274_marvin.wav"}
23:49:01.550 I (88089) kws: >>> WAKE WORD "marvin" DETECTED  (score 0.66, t = 87.73 s)
23:49:01.551 I (88261) stream: first audio sent 169 ms after the detection
23:49:02.215 I (88929) wake_word: score event: peak 1.00 over 930 ms -> detected
23:49:02.466 I (89182) wifi:[ADDBA]RX DELBA, reason:37, delete tid:0, initiator:1(originator)
23:49:04.804 I (91316) stream: stream finished (silence): 1540 ms of audio sent (24 KB)
23:49:04.804 I (91351) stream: server: {"type":"response","text":"","saved":"20260928_234901_212_e072a1d53274_marvin.wav"}
23:49:04.804 [status] up 91s | mic -33.8 dBFS (peak -18.5) | score max 1.00 | detections 10 | inferences 211 (21.1/s; model 1.02 ms each, paused in quiet 38%; features 1.44 ms per 30 ms) | CPU core0  3.5% core1  9.0% (wake word pipeline 7.79% of one core) | RAM used 181 KB (peak 186 KB, 173 KB free) | wifi OK, server OK | audio lost since boot: i2s 0 net 562
23:49:11.102 I (97819) wifi:[ADDBA]RX DELBA, reason:37, delete tid:0, initiator:1(originator)
23:49:14.803 [status] up 101s | mic -28.9 dBFS (peak -18.6) | score max 0.12 | detections 10 | inferences 317 (31.7/s; model 0.87 ms each, paused in quiet 10%; features 1.32 ms per 30 ms) | CPU core0  0.8% core1  8.2% (wake word pipeline 8.05% of one core) | RAM used 181 KB (peak 186 KB, 173 KB free) | wifi OK, server OK | audio lost since boot: i2s 0 net 562
