23:42:35.865 ESP-ROM:esp32s3-20210327
23:42:35.865 Build:Mar 27 2021
23:42:35.865 rst:0x1 (POWERON),boot:0x8 (SPI_FAST_FLASH_BOOT)
23:42:35.865 SPIWP:0xee
23:42:35.865 mode:DIO, clock div:1
23:42:35.865 load:0x3fce2820,len:0x1668
23:42:35.865 load:0x403c8700,len:0xec0
23:42:35.865 load:0x403cb700,len:0x3178
23:42:35.865 entry 0x403c894c
23:42:35.865 I (24) boot: ESP-IDF v5.5.5 2nd stage bootloader
23:42:35.865 I (25) boot: compile time Sep 28 2026 21:09:30
23:42:35.865 I (25) boot: Multicore bootloader
23:42:35.865 I (25) boot: chip revision: v0.2
23:42:35.865 I (28) boot: efuse block revision: v1.4
23:42:35.865 I (31) qio_mode: Enabling default flash chip QIO
23:42:35.869 I (36) boot.esp32s3: Boot SPI Speed : 80MHz
23:42:35.869 I (40) boot.esp32s3: SPI Mode       : QIO
23:42:35.869 I (43) boot.esp32s3: SPI Flash Size : 4MB
23:42:35.869 I (47) boot: Enabling RNG early entropy source...
23:42:35.869 I (52) boot: Partition Table:
23:42:35.869 I (54) boot: ## Label            Usage          Type ST Offset   Length
23:42:35.869 I (60) boot:  0 nvs              WiFi data        01 02 00009000 00006000
23:42:35.869 I (67) boot:  1 phy_init         RF data          01 01 0000f000 00001000
23:42:35.869 I (73) boot:  2 factory          factory app      00 00 00010000 00177000
23:42:35.869 I (80) boot: End of partition table
23:42:35.869 I (83) esp_image: segment 0: paddr=00010020 vaddr=3c0d0020 size=359c0h (219584) map
23:42:35.869 I (125) esp_image: segment 1: paddr=000459e8 vaddr=3fc98400 size=04c28h ( 19496) load
23:42:35.869 I (129) esp_image: segment 2: paddr=0004a618 vaddr=40378000 size=05a00h ( 23040) load
23:42:35.869 I (134) esp_image: segment 3: paddr=00050020 vaddr=42000020 size=ca70ch (829196) map
23:42:35.869 I (264) esp_image: segment 4: paddr=0011a734 vaddr=4037da00 size=0a9d0h ( 43472) load
23:42:35.869 I (273) esp_image: segment 5: paddr=0012510c vaddr=50000000 size=00020h (    32) load
23:42:35.869 I (280) boot: Loaded app from partition at offset 0x10000
23:42:35.869 I (280) boot: Disabling RNG early entropy source...
23:42:35.869 I (291) cpu_start: Multicore app
23:42:35.869 I (299) cpu_start: GPIO 44 and 43 are used as console UART I/O pins
23:42:35.869 I (300) cpu_start: Pro cpu start user code
23:42:35.869 I (300) cpu_start: cpu freq: 240000000 Hz
23:42:35.869 I (302) app_init: Application information:
23:42:35.869 I (305) app_init: Project name:     kws_s3
23:42:35.869 I (309) app_init: App version:      ee80e50-dirty
23:42:35.869 I (314) app_init: Compile time:     Sep 28 2026 23:28:51
23:42:35.869 I (319) app_init: ELF file SHA256:  af1bf4989...
23:42:35.869 I (323) app_init: ESP-IDF:          v5.5.5
23:42:35.869 I (327) efuse_init: Min chip rev:     v0.0
23:42:35.869 I (331) efuse_init: Max chip rev:     v0.99
23:42:35.869 I (335) efuse_init: Chip rev:         v0.2
23:42:35.869 I (339) heap_init: Initializing. RAM available for dynamic allocation:
23:42:35.869 I (345) heap_init: At 3FCA2AE8 len 00046C28 (283 KiB): RAM
23:42:35.869 I (350) heap_init: At 3FCE9710 len 00005724 (21 KiB): RAM
23:42:35.869 I (355) heap_init: At 600FE000 len 00001FE8 (7 KiB): RTCRAM
23:42:35.869 I (361) spi_flash: detected chip: boya
23:42:35.869 I (364) spi_flash: flash io: qio
23:42:35.869 W (367) spi_flash: Detected size(16384k) larger than the size in the binary image header(4096k). Using the size in the binary image header.
23:42:35.869 I (379) sleep_gpio: Configure to isolate all GPIO pins in sleep state
23:42:35.869 I (385) sleep_gpio: Enable automatic switching of GPIO sleep configuration
23:42:35.869 I (392) main_task: Started on CPU0
23:42:35.869 I (410) main_task: Calling app_main()
23:42:35.869 
23:42:35.869 ==================== SIH KWS firmware ====================
23:42:35.869  chip      : esp32s3 rev v0.2, 2 cores, flash 4 MB
23:42:35.869  ESP-IDF   : v5.5.5
23:42:35.869  RAM       : 41 KB static data, 287 KB heap free (code in IRAM: 65 KB, not counted)
23:42:35.869  model     : marvin.tflite (60896 bytes, stored in flash)
23:42:35.869 ===========================================================
23:42:35.869 
23:42:35.869 [heap] start of app_main            294744 B free (of 320308 B)
23:42:35.869 I (465) kws: model ready: wake word "marvin", threshold 0.60 (json), window 5, input 3x40 int8
23:42:35.869 I (470) kws: model RAM: tensor arena 25964 of 26624 bytes used; engine total 38 KB of heap
23:42:35.869 
23:42:35.869 ------------------------ SELF-TEST ------------------------
23:42:35.869  noise only (3 s)   : PASS - stayed quiet  (highest score 0.01, threshold 0.60)
23:42:35.869  wake word recording: skipped - no WAV file in the model folder (optional)
23:42:35.869 -----------------------------------------------------------
23:42:35.869 
23:42:35.869 [heap] model + features + self-test took  40720 B, 254024 B free
23:42:35.869 I (709) audio: I2S running: 16 kHz, 32-bit slots, both channels, SCK=16 WS=15 SD=17, gain x1
23:42:36.716 I (1211) kws: microphones: left (L/R to GND) -24.8 dBFS, right (L/R to 3V3) -18.6 dBFS, similarity 0.24 -> using both (average)
23:42:36.716 [heap] I2S + ring + audio task      took  20772 B, 233252 B free
23:42:36.716 I (1224) kws: listening for "marvin" ...
23:42:36.716 I (1230) pp: pp rom version: e7ae62f
23:42:36.716 I (1232) net80211: net80211 rom version: e7ae62f
23:42:36.716 I (1236) wifi:wifi driver task: 3fcb6fa8, prio:23, stack:6656, core=0
23:42:36.716 I (1244) wifi:wifi firmware version: b9f67df
23:42:36.716 I (1246) wifi:wifi certification version: v7.0
23:42:36.716 I (1249) wifi:config NVS flash: disabled
23:42:36.716 I (1254) wifi:config nano formatting: disabled
23:42:36.716 I (1257) wifi:Init data frame dynamic rx buffer num: 16
23:42:36.716 I (1263) wifi:Init static rx mgmt buffer num: 5
23:42:36.716 I (1268) wifi:Init management short buffer num: 10
23:42:36.716 I (1271) wifi:Init dynamic tx buffer num: 16
23:42:36.716 I (1276) wifi:Init static tx FG buffer num: 2
23:42:36.716 I (1279) wifi:Init static rx buffer size: 1600
23:42:36.716 I (1285) wifi:Init static rx buffer num: 6
23:42:36.716 I (1288) wifi:Init dynamic rx buffer num: 16
23:42:36.716 I (1291) wifi_init: accept mbox: 6
23:42:36.716 I (1296) wifi_init: tcpip mbox: 32
23:42:36.716 I (1299) wifi_init: udp mbox: 6
23:42:36.716 I (1301) wifi_init: tcp mbox: 6
23:42:36.716 I (1304) wifi_init: tcp tx win: 5760
23:42:36.716 I (1307) wifi_init: tcp rx win: 5760
23:42:36.716 I (1310) wifi_init: tcp mss: 1440
23:42:36.716 I (1313) phy_init: phy_version 712,87e8c20e,Apr 13 2026,18:51:10
23:42:36.716 I (1346) wifi:mode : sta (e0:72:a1:d5:32:74)
23:42:36.716 I (1348) wifi:enable tsf
23:42:36.716 I (1349) wifi:Set ps type: 0, coexist: 0
23:42:36.716 
23:42:36.716 I (1355) wifi: connecting to "ARYA 9252" ...
23:42:36.716 [heap] Wi-Fi driver + netif         took  41380 B, 191872 B free
23:42:36.716 I (1409) wifi:state: init -> auth (0xb0)
23:42:36.716 [heap] WebSocket client + streamer  took  12640 B, 179232 B free
23:42:36.716 I (1415) wifi:W (1415) stream: cannot reach the server ws://192.168.137.1:3000/ws (is it running? same network?) - retrying every second
23:42:36.716 state: auth -> assoc (0x0)
23:42:36.716 I (1436) wifi:state: assoc -> run (0x10)
23:42:36.716 I (1478) wifi:connected with ARYA 9252, aid = 2, channel 1, BW20, bssid = 9a:5f:41:45:73:c9
23:42:36.716 I (1482) wifi:security: WPA2-PSK, phy: bgn, rssi: -21, cipher(pairwise:0x3, group:0x3), pmf:0
23:42:36.717 I (1491) wifi:pm start, type: 0
23:42:36.717 
23:42:36.717 I (1494) wifi:dp: 1, bi: 102400, li: 3, scale listen interval from 307200 us to 307200 us
23:42:36.717 I (1502) wifi:set rx beacon pti, rx_bcn_pti: 0, bcn_timeout: 25000, mt_pti: 0, mt_time: 10000
23:42:36.717 I (1569) wifi:AP's beacon interval = 102400 us, DTIM period = 3
23:42:37.699 I (2537) esp_netif_handlers: sta ip: 192.168.137.250, mask: 255.255.255.0, gw: 192.168.137.1
23:42:37.699 I (2541) wifi: connected, IP address 192.168.137.250
23:42:38.680 I (3528) stream: connected to the server ws://192.168.137.1:3000/ws
23:42:42.932 I (7776) wifi:[ADDBA]RX DELBA, reason:37, delete tid:0, initiator:1(originator)
23:42:46.277 I (11129) wifi:[ADDBA]RX DELBA, reason:37, delete tid:0, initiator:1(originator)
23:42:46.633 [status] up 11s | mic -36.6 dBFS (peak -26.6) | score max 0.02 | detections 0 | inferences 153 (15.3/s; model 0.93 ms each, paused in quiet 57%; features 1.32 ms per 30 ms) | CPU core0 -1.0% core1 -1.0% (wake word pipeline 6.82% of one core) | RAM used 180 KB (peak 184 KB, 173 KB free) | wifi OK, server OK | audio lost since boot: i2s 0 net 0
23:42:46.634 [tasks] % of one core (free stack): main@0=-1.00(928) IDLE1@1=-1.00(768) IDLE0@0=-1.00(728) audio_kws@1=-1.00(736) websocket_task@*=-1.00(956) tiT@*=-1.00(1452) Tmr Svc@*=-1.00(856) streamer@0=-1.00(2444) sys_evt@0=-1.00(480) esp_timer@0=-1.00(1600) wifi@0=-1.00(3212) ipc0@0=-1.00(272) ipc1@1=-1.00(280)
23:42:52.682 I (17525) wifi:[ADDBA]RX DELBA, reason:37, delete tid:0, initiator:1(originator)
23:42:56.621 [status] up 21s | mic -37.5 dBFS (peak -31.1) | score max 0.00 | detections 0 | inferences 248 (24.8/s; model 0.90 ms each, paused in quiet 30%; features 1.32 ms per 30 ms) | CPU core0  1.2% core1  7.8% (wake word pipeline 7.54% of one core) | RAM used 180 KB (peak 184 KB, 173 KB free) | wifi OK, server OK | audio lost since boot: i2s 0 net 0
23:42:57.904 I (22746) wifi:[ADDBA]RX DELBA, reason:37, delete tid:0, initiator:1(originator)
23:43:00.197 I (25046) wifi:[ADDBA]RX DELBA, reason:37, delete tid:0, initiator:1(originator)
23:43:02.269 I (27092) kws: >>> WAKE WORD "marvin" DETECTED  (score 0.64, t = 26.73 s)
23:43:02.269 I (27114) stream: first audio sent 19 ms after the detection
23:43:03.125 I (27792) wifi:[ADDBA]RX DELBA, reason:37, delete tid:0, initiator:1(originator)
23:43:03.125 I (27971) wake_word: score event: peak 1.00 over 810 ms -> detected
23:43:03.883 I (28598) stream: stream finished (silence): 1500 ms of audio sent (23 KB)
23:43:03.884 I (28722) stream: server: {"type":"response","text":"","saved":"20260928_234302_036_e072a1d53274_marvin.wav"}
23:43:05.911 I (30732) kws: >>> WAKE WORD "marvin" DETECTED  (score 0.68, t = 30.37 s)
23:43:05.911 I (30753) stream: first audio sent 19 ms after the detection
23:43:06.267 I (31092) wake_word: score event: peak 0.68 over 330 ms -> detected
23:43:06.267 I (31116) wifi:[ADDBA]RX DELBA, reason:37, delete tid:0, initiator:1(originator)
23:43:06.643 [status] up 31s | mic -31.8 dBFS (peak -15.3) | score max 1.00 | detections 2 | inferences 227 (22.7/s; model 1.04 ms each, paused in quiet 36%; features 1.38 ms per 30 ms) | CPU core0  4.2% core1  8.4% (wake word pipeline 7.89% of one core) | RAM used 181 KB (peak 197 KB, 172 KB free) | wifi OK, server OK | audio lost since boot: i2s 0 net 0
23:43:07.485 I (32239) stream: stream finished (silence): 1500 ms of audio sent (23 KB)
23:43:07.485 I (32337) stream: server: {"type":"response","text":"","saved":"20260928_234305_674_e072a1d53274_marvin.wav"}
23:43:13.069 I (37892) kws: >>> WAKE WORD "marvin" DETECTED  (score 0.68, t = 37.53 s)
23:43:13.069 I (37913) stream: first audio sent 19 ms after the detection
23:43:13.491 I (38338) wifi:[ADDBA]RX DELBA, reason:37, delete tid:0, initiator:1(originator)
23:43:13.801 I (38651) wake_word: score event: peak 0.97 over 720 ms -> detected
23:43:14.583 I (39399) stream: stream finished (silence): 1500 ms of audio sent (23 KB)
23:43:14.583 I (39422) stream: server: {"type":"response","text":"","saved":"20260928_234312_837_e072a1d53274_marvin.wav"}
23:43:16.642 [status] up 41s | mic -33.9 dBFS (peak -18.7) | score max 0.97 | detections 3 | inferences 270 (27.0/s; model 1.02 ms each, paused in quiet 19%; features 1.45 ms per 30 ms) | CPU core0  4.7% core1  8.9% (wake word pipeline 8.27% of one core) | RAM used 181 KB (peak 198 KB, 172 KB free) | wifi OK, server OK | audio lost since boot: i2s 0 net 0
23:43:17.078 I (41912) kws: >>> WAKE WORD "marvin" DETECTED  (score 0.71, t = 41.55 s)
23:43:17.078 I (41934) stream: first audio sent 20 ms after the detection
23:43:17.916 I (42772) wake_word: score event: peak 1.00 over 840 ms -> detected
23:43:18.604 I (43416) stream: stream finished (silence): 1500 ms of audio sent (23 KB)
23:43:18.605 I (43446) stream: server: {"type":"response","text":"","saved":"20260928_234316_854_e072a1d53274_marvin.wav"}
23:43:20.828 I (45652) kws: >>> WAKE WORD "marvin" DETECTED  (score 0.62, t = 45.29 s)
23:43:20.829 I (45673) stream: first audio sent 19 ms after the detection
23:43:21.343 I (46192) wake_word: score event: peak 0.62 over 600 ms -> detected
23:43:22.335 I (47156) stream: stream finished (silence): 1500 ms of audio sent (23 KB)
23:43:22.336 I (47184) stream: server: {"type":"response","text":"","saved":"20260928_234320_601_e072a1d53274_marvin.wav"}
23:43:23.100 I (47950) wifi:[ADDBA]RX DELBA, reason:37, delete tid:0, initiator:1(originator)
23:43:26.663 [status] up 51s | mic -31.0 dBFS (peak -18.5) | score max 1.00 | detections 5 | inferences 318 (31.8/s; model 1.03 ms each, paused in quiet 10%; features 1.41 ms per 30 ms) | CPU core0  5.9% core1  9.7% (wake word pipeline 8.92% of one core) | RAM used 181 KB (peak 198 KB, 172 KB free) | wifi OK, server OK | audio lost since boot: i2s 0 net 0
23:43:35.083 I (59931) wake_word: score event: peak 0.21 over 90 ms -> not detected (below threshold or in cool-down)
23:43:36.661 [status] up 61s | mic -31.3 dBFS (peak -18.4) | score max 0.21 | detections 5 | inferences 299 (29.9/s; model 0.88 ms each, paused in quiet 13%; features 1.35 ms per 30 ms) | CPU core0  0.8% core1  8.1% (wake word pipeline 7.92% of one core) | RAM used 181 KB (peak 198 KB, 172 KB free) | wifi OK, server OK | audio lost since boot: i2s 0 net 0
23:43:38.912 I (63732) kws: >>> WAKE WORD "marvin" DETECTED  (score 0.70, t = 63.37 s)
23:43:38.912 I (63754) stream: first audio sent 20 ms after the detection
23:43:39.629 I (64472) wake_word: score event: peak 0.98 over 720 ms -> detected
23:43:40.423 I (65236) stream: stream finished (silence): 1500 ms of audio sent (23 KB)
23:43:40.423 I (65269) stream: server: {"type":"response","text":"","saved":"20260928_234338_674_e072a1d53274_marvin.wav"}
23:43:43.042 I (67891) wake_word: score event: peak 0.34 over 540 ms -> not detected (below threshold or in cool-down)
23:43:44.941 I (69786) wifi:[ADDBA]RX DELBA, reason:37, delete tid:0, initiator:1(originator)
23:43:46.704 [status] up 71s | mic -29.7 dBFS (peak -17.5) | score max 0.98 | detections 6 | inferences 213 (21.3/s; model 0.99 ms each, paused in quiet 41%; features 1.32 ms per 30 ms) | CPU core0  3.4% core1  8.0% (wake word pipeline 7.57% of one core) | RAM used 181 KB (peak 198 KB, 172 KB free) | wifi OK, server OK | audio lost since boot: i2s 0 net 0
23:43:46.704 [tasks] % of one core (free stack): main@0=0.39(928) IDLE1@1=91.51(720) IDLE0@0=96.63(728) websocket_task@*=0.23(956) audio_kws@1=8.19(736) tiT@*=0.79(1420) ipc1@1=0.00(280) streamer@0=1.22(924) esp_timer@0=0.01(1600) Tmr Svc@*=0.00(856) wifi@0=1.06(3212) sys_evt@0=0.00(480) ipc0@0=0.00(272)
23:43:53.648 I (78491) wake_word: score event: peak 0.56 over 420 ms -> not detected (below threshold or in cool-down)
23:43:56.688 [status] up 81s | mic -30.3 dBFS (peak -16.7) | score max 0.56 | detections 6 | inferences 306 (30.6/s; model 0.88 ms each, paused in quiet 11%; features 1.36 ms per 30 ms) | CPU core0  1.1% core1  8.2% (wake word pipeline 8.00% of one core) | RAM used 181 KB (peak 198 KB, 172 KB free) | wifi OK, server OK | audio lost since boot: i2s 0 net 0
23:44:00.644 I (85472) kws: >>> WAKE WORD "marvin" DETECTED  (score 0.71, t = 85.11 s)
23:44:00.644 I (85494) stream: first audio sent 20 ms after the detection
23:44:01.203 I (86052) wake_word: score event: peak 0.71 over 540 ms -> detected
23:44:01.796 I (86646) wifi:[ADDBA]RX DELBA, reason:37, delete tid:0, initiator:1(originator)
23:44:05.436 I (90279) stream: stream finished (silence): 4800 ms of audio sent (75 KB)
23:44:06.704 [status] up 91s | mic -29.8 dBFS (peak -18.6) | score max 0.71 | detections 7 | inferences 334 (33.4/s; model 1.11 ms each, paused in quiet 0%; features 1.52 ms per 30 ms) | CPU core0  8.3% core1 10.6% (wake word pipeline 9.47% of one core) | RAM used 181 KB (peak 199 KB, 172 KB free) | wifi OK, server OK | audio lost since boot: i2s 0 net 0
23:44:07.393 I (92245) wifi:[ADDBA]RX DELBA, reason:37, delete tid:0, initiator:1(originator)
23:44:07.719 I (92568) stream: server: {"type":"response","text":"","saved":"20260928_234400_413_e072a1d53274_marvin.wav"}
23:44:16.704 [status] up 101s | mic -31.1 dBFS (peak -18.4) | score max 0.00 | detections 7 | inferences 245 (24.5/s; model 0.88 ms each, paused in quiet 30%; features 1.31 ms per 30 ms) | CPU core0  0.9% core1  7.6% (wake word pipeline 7.44% of one core) | RAM used 181 KB (peak 199 KB, 172 KB free) | wifi OK, server OK | audio lost since boot: i2s 0 net 0
