00:54:31.078 ESP-ROM:esp32s3-20210327
00:54:31.079 Build:Mar 27 2021
00:54:31.079 rst:0x1 (POWERON),boot:0x8 (SPI_FAST_FLASH_BOOT)
00:54:31.079 SPIWP:0xee
00:54:31.080 mode:DIO, clock div:1
00:54:31.080 load:0x3fce2820,len:0x1668
00:54:31.081 load:0x403c8700,len:0xec0
00:54:31.081 load:0x403cb700,len:0x3178
00:54:31.081 entry 0x403c894c
00:54:31.081 I (24) boot: ESP-IDF v5.5.5 2nd stage bootloader
00:54:31.081 I (25) boot: compile time Sep 29 2026 00:37:58
00:54:31.082 I (25) boot: Multicore bootloader
00:54:31.082 I (25) boot: chip revision: v0.2
00:54:31.082 I (28) boot: efuse block revision: v1.4
00:54:31.082 I (31) qio_mode: Enabling default flash chip QIO
00:54:31.082 I (36) boot.esp32s3: Boot SPI Speed : 80MHz
00:54:31.085 I (40) boot.esp32s3: SPI Mode       : QIO
00:54:31.086 I (43) boot.esp32s3: SPI Flash Size : 4MB
00:54:31.086 I (47) boot: Enabling RNG early entropy source...
00:54:31.086 I (52) boot: Partition Table:
00:54:31.086 I (54) boot: ## Label            Usage          Type ST Offset   Length
00:54:31.086 I (60) boot:  0 nvs              WiFi data        01 02 00009000 00006000
00:54:31.086 I (67) boot:  1 phy_init         RF data          01 01 0000f000 00001000
00:54:31.086 I (73) boot:  2 factory          factory app      00 00 00010000 00177000
00:54:31.086 I (80) boot: End of partition table
00:54:31.086 I (83) esp_image: segment 0: paddr=00010020 vaddr=3c0d0020 size=35ae0h (219872) map
00:54:31.086 I (125) esp_image: segment 1: paddr=00045b08 vaddr=3fc95800 size=04c28h ( 19496) load
00:54:31.086 I (129) esp_image: segment 2: paddr=0004a738 vaddr=40378000 size=058e0h ( 22752) load
00:54:31.086 I (134) esp_image: segment 3: paddr=00050020 vaddr=42000020 size=cd594h (841108) map
00:54:31.086 I (266) esp_image: segment 4: paddr=0011d5bc vaddr=4037d8e0 size=07e18h ( 32280) load
00:54:31.086 I (273) esp_image: segment 5: paddr=001253dc vaddr=50000000 size=00020h (    32) load
00:54:31.086 I (279) boot: Loaded app from partition at offset 0x10000
00:54:31.086 I (279) boot: Disabling RNG early entropy source...
00:54:31.086 I (291) cpu_start: Multicore app
00:54:31.086 I (300) cpu_start: GPIO 44 and 43 are used as console UART I/O pins
00:54:31.086 I (300) cpu_start: Pro cpu start user code
00:54:31.086 I (300) cpu_start: cpu freq: 240000000 Hz
00:54:31.086 I (302) app_init: Application information:
00:54:31.086 I (306) app_init: Project name:     kws_s3
00:54:31.086 I (310) app_init: App version:      d22d07e-dirty
00:54:31.087 I (314) app_init: Compile time:     Sep 29 2026 00:38:47
00:54:31.087 I (319) app_init: ELF file SHA256:  b2b308d3b...
00:54:31.087 I (324) app_init: ESP-IDF:          v5.5.5
00:54:31.087 I (327) efuse_init: Min chip rev:     v0.0
00:54:31.087 I (331) efuse_init: Max chip rev:     v0.99
00:54:31.087 I (335) efuse_init: Chip rev:         v0.2
00:54:31.087 I (339) heap_init: Initializing. RAM available for dynamic allocation:
00:54:31.087 I (345) heap_init: At 3FC9F9E8 len 00049D28 (295 KiB): RAM
00:54:31.087 I (350) heap_init: At 3FCE9710 len 00005724 (21 KiB): RAM
00:54:31.087 I (356) heap_init: At 600FE000 len 00001FE8 (7 KiB): RTCRAM
00:54:31.087 I (362) spi_flash: detected chip: boya
00:54:31.087 I (364) spi_flash: flash io: qio
00:54:31.087 W (367) spi_flash: Detected size(16384k) larger than the size in the binary image header(4096k). Using the size in the binary image header.
00:54:31.087 I (380) sleep_gpio: Configure to isolate all GPIO pins in sleep state
00:54:31.087 I (386) sleep_gpio: Enable automatic switching of GPIO sleep configuration
00:54:31.087 I (393) main_task: Started on CPU0
00:54:31.087 I (411) main_task: Calling app_main()
00:54:31.087 W (412) kws: RAM limit test: 163 KB reserved, the firmware has 202 KB (static data + heap) + 54 KB IRAM code = 256 KB to work with
00:54:31.087 
00:54:31.087 ==================== SIH KWS firmware ====================
00:54:31.087  chip      : esp32s3 rev v0.2, 2 cores, flash 4 MB
00:54:31.087  ESP-IDF   : v5.5.5
00:54:31.087  RAM       : 40 KB static data, 136 KB heap free (code in IRAM: 54 KB, counted in the SIH total)
00:54:31.088  model     : marvin.tflite (60896 bytes, stored in flash)
00:54:31.088 ===========================================================
00:54:31.088 
00:54:31.088 [heap] start of app_main            139348 B free (of 332852 B)
00:54:31.088 I (480) kws: model ready: wake word "marvin", threshold 0.60 (json), window 5, input 3x40 int8
00:54:31.088 I (486) kws: model RAM: tensor arena 25964 of 26624 bytes used; engine total 38 KB of heap
00:54:31.088 
00:54:31.088 ------------------------ SELF-TEST ------------------------
00:54:31.088  noise only (3 s)   : PASS - stayed quiet  (highest score 0.01, threshold 0.60)
00:54:31.088  wake word recording: skipped - no WAV file in the model folder (optional)
00:54:31.088 -----------------------------------------------------------
00:54:31.088 
00:54:31.088 [heap] model + features + self-test took  40720 B,  98628 B free
00:54:31.303 I (721) audio: I2S running: 16 kHz, 32-bit slots, left channel only, SCK=16 WS=15 SD=17, gain x1
00:54:32.127 I (1222) kws: microphones: left (L/R to GND) -19.5 dBFS, right (L/R to 3V3) -120.0 dBFS (not used), similarity 0.00 -> using left
00:54:32.127 [heap] I2S + ring + audio task      took  16932 B,  81696 B free
00:54:32.128 I (1234) kws: listening for "marvin" ...
00:54:32.128 I (1241) pp: pp rom version: e7ae62f
00:54:32.128 I (1243) net80211: net80211 rom version: e7ae62f
00:54:32.128 I (1247) wifi:wifi driver task: 3fcdbfa4, prio:23, stack:6656, core=0
00:54:32.128 I (1254) wifi:wifi firmware version: b9f67df
00:54:32.128 I (1257) wifi:wifi certification version: v7.0
00:54:32.128 I (1262) wifi:config NVS flash: disabled
00:54:32.128 I (1265) wifi:config nano formatting: disabled
00:54:32.128 I (1268) wifi:Init data frame dynamic rx buffer num: 16
00:54:32.128 I (1273) wifi:Init static rx mgmt buffer num: 5
00:54:32.128 I (1279) wifi:Init management short buffer num: 10
00:54:32.128 I (1282) wifi:Init dynamic tx buffer num: 16
00:54:32.128 I (1287) wifi:Init static tx FG buffer num: 2
00:54:32.128 I (1290) wifi:Init static rx buffer size: 1600
00:54:32.129 I (1295) wifi:Init static rx buffer num: 4
00:54:32.129 I (1298) wifi:Init dynamic rx buffer num: 16
00:54:32.129 I (1304) wifi_init: accept mbox: 6
00:54:32.129 I (1306) wifi_init: tcpip mbox: 32
00:54:32.129 I (1309) wifi_init: udp mbox: 6
00:54:32.129 I (1312) wifi_init: tcp mbox: 6
00:54:32.129 I (1315) wifi_init: tcp tx win: 5760
00:54:32.129 I (1318) wifi_init: tcp rx win: 5760
00:54:32.129 I (1320) wifi_init: tcp mss: 1440
00:54:32.129 I (1324) phy_init: phy_version 712,87e8c20e,Apr 13 2026,18:51:10
00:54:32.129 I (1358) wifi:mode : sta (e0:72:a1:d5:32:74)
00:54:32.129 I (1360) wifi:enable tsf
00:54:32.129 I (1363) wifi:Set ps type: 0, coexist: 0
00:54:32.129 
00:54:32.129 I (1366) wifi: connecting to "ARYA 9252" ...
00:54:32.130 [heap] Wi-Fi driver + netif         took  37892 B,  43804 B free
00:54:32.130 I (1418) wifi:state: init -> auth (0xb0)
00:54:32.130 W (1423) stream: cannot reach the server ws://192.168.137.1:3000/ws (is it running? same network?) - retrying every second
00:54:32.130 [heap] WebSocket client + streamer  took  13192 B,  30612 B free
00:54:32.130 I (1431) wifi:state: auth -> assoc (0x0)
00:54:32.130 I (1448) wifi:state: assoc -> run (0x10)
00:54:32.130 I (1523) wifi:connected with ARYA 9252, aid = 9, channel 1, BW20, bssid = 9a:5f:41:45:73:c9
00:54:32.130 I (1528) wifi:security: WPA2-PSK, phy: bgn, rssi: -16, cipher(pairwise:0x3, group:0x3), pmf:0
00:54:32.130 I (1537) wifi:pm start, type: 0
00:54:32.130 
00:54:32.130 I (1540) wifi:dp: 1, bi: 102400, li: 3, scale listen interval from 307200 us to 307200 us
00:54:32.130 I (1548) wifi:set rx beacon pti, rx_bcn_pti: 0, bcn_timeout: 25000, mt_pti: 0, mt_time: 10000
00:54:32.130 I (1557) wifi:AP's beacon interval = 102400 us, DTIM period = 3
00:54:33.201 I (2621) esp_netif_handlers: sta ip: 192.168.137.25, mask: 255.255.255.0, gw: 192.168.137.1
00:54:33.202 I (2625) wifi: connected, IP address 192.168.137.25
00:54:34.012 I (3440) stream: connected to the server ws://192.168.137.1:3000/ws
00:54:35.227 I (4666) wifi:[ADDBA]RX DELBA, reason:37, delete tid:0, initiator:1(originator)
00:54:39.090 I (8526) wifi:[ADDBA]RX DELBA, reason:37, delete tid:0, initiator:1(originator)
00:54:42.069 [status] up 11s | mic -37.3 dBFS (peak -28.9) | score max 0.01 | detections 0 | inferences 283 (28.3/s; model 0.94 ms each, paused in quiet 22%; features 1.31 ms per 30 ms) | CPU core0 -1.0% core1 -1.0% (wake word pipeline 8.06% of one core) | RAM used 173 KB (peak 176 KB; peak + IRAM code 230 KB of the 256 KB limit, 28 KB free) | wifi OK, server OK | audio lost since boot: i2s 0 net 0
00:54:42.070 [tasks] % of one core (free stack): main@0=-1.00(928) IDLE1@1=-1.00(720) IDLE0@0=-1.00(728) audio_kws@1=-1.00(740) websocket_task@*=-1.00(944) tiT@*=-1.00(1360) Tmr Svc@*=-1.00(856) streamer@0=-1.00(2444) sys_evt@0=-1.00(436) esp_timer@0=-1.00(1600) wifi@0=-1.00(3200) ipc0@0=-1.00(272) ipc1@1=-1.00(280)
00:54:42.363 I (11803) wifi:[ADDBA]RX DELBA, reason:37, delete tid:0, initiator:1(originator)
00:54:49.150 I (18580) wifi:[ADDBA]RX DELBA, reason:37, delete tid:0, initiator:1(originator)
00:54:52.069 [status] up 21s | mic -36.0 dBFS (peak -26.3) | score max 0.00 | detections 0 | inferences 333 (33.3/s; model 0.93 ms each, paused in quiet 0%; features 1.40 ms per 30 ms) | CPU core0  0.9% core1  8.6% (wake word pipeline 8.37% of one core) | RAM used 173 KB (peak 176 KB; peak + IRAM code 230 KB of the 256 KB limit, 28 KB free) | wifi OK, server OK | audio lost since boot: i2s 0 net 0
00:54:54.233 I (23670) wifi:[ADDBA]RX DELBA, reason:37, delete tid:0, initiator:1(originator)
00:54:57.754 I (27164) kws: >>> WAKE WORD "marvin" DETECTED  (score 0.62, t = 26.80 s)
00:54:57.754 I (27187) stream: first audio sent 20 ms after the detection
00:54:58.080 I (27508) wifi:[ADDBA]RX DELBA, reason:37, delete tid:0, initiator:1(originator)
00:54:58.391 I (27823) wake_word: score event: peak 0.98 over 810 ms -> detected
00:55:00.308 I (29665) wifi:[ADDBA]RX DELBA, reason:37, delete tid:0, initiator:1(originator)
00:55:00.308 I (29671) stream: stream finished (silence): 2500 ms of audio sent (39 KB)
00:55:00.308 I (29735) stream: server: {"type":"response","text":"","saved":"20260929_005457_523_e072a1d53274_marvin.wav"}
00:55:01.475 I (30884) kws: >>> WAKE WORD "marvin" DETECTED  (score 0.69, t = 30.52 s)
00:55:01.475 I (30906) stream: first audio sent 20 ms after the detection
00:55:02.079 [status] up 31s | mic -32.5 dBFS (peak -17.5) | score max 0.99 | detections 2 | inferences 333 (33.3/s; model 1.05 ms each, paused in quiet 2%; features 1.45 ms per 30 ms) | CPU core0  6.7% core1 10.0% (wake word pipeline 9.07% of one core) | RAM used 173 KB (peak 182 KB; peak + IRAM code 236 KB of the 256 KB limit, 28 KB free) | wifi OK, server OK | audio lost since boot: i2s 0 net 0
00:55:02.404 I (31843) wake_word: score event: peak 0.99 over 930 ms -> detected
00:55:02.621 I (32052) wifi:[ADDBA]RX DELBA, reason:37, delete tid:0, initiator:1(originator)
00:55:03.011 I (32389) stream: stream finished (silence): 1500 ms of audio sent (23 KB)
00:55:03.012 I (32441) stream: server: {"type":"response","text":"","saved":"20260929_005501_238_e072a1d53274_marvin.wav"}
00:55:05.315 I (34750) wifi:[ADDBA]RX DELBA, reason:37, delete tid:0, initiator:1(originator)
00:55:05.535 I (34963) wake_word: score event: peak 0.31 over 240 ms -> not detected (below threshold or in cool-down)
00:55:08.678 I (38084) kws: >>> WAKE WORD "marvin" DETECTED  (score 0.67, t = 37.72 s)
00:55:08.679 I (38107) stream: first audio sent 20 ms after the detection
00:55:09.361 I (38803) wake_word: score event: peak 0.97 over 690 ms -> detected
00:55:10.207 I (39592) stream: stream finished (silence): 1500 ms of audio sent (23 KB)
00:55:10.207 I (39645) stream: server: {"type":"response","text":"","saved":"20260929_005508_441_e072a1d53274_marvin.wav"}
00:55:12.086 [status] up 41s | mic -32.4 dBFS (peak -17.5) | score max 0.97 | detections 3 | inferences 334 (33.3/s; model 1.02 ms each, paused in quiet 0%; features 1.47 ms per 30 ms) | CPU core0  5.6% core1  9.7% (wake word pipeline 8.96% of one core) | RAM used 173 KB (peak 182 KB; peak + IRAM code 236 KB of the 256 KB limit, 28 KB free) | wifi OK, server OK | audio lost since boot: i2s 0 net 0
00:55:12.786 I (42184) kws: >>> WAKE WORD "marvin" DETECTED  (score 0.61, t = 41.82 s)
00:55:12.786 I (42207) stream: first audio sent 21 ms after the detection
00:55:12.786 I (42221) wifi:[ADDBA]RX DELBA, reason:37, delete tid:0, initiator:1(originator)
00:55:13.655 I (43084) wake_word: score event: peak 1.00 over 870 ms -> detected
00:55:14.293 I (43690) stream: stream finished (silence): 1500 ms of audio sent (23 KB)
00:55:14.293 I (43722) stream: server: {"type":"response","text":"","saved":"20260929_005512_539_e072a1d53274_marvin.wav"}
00:55:16.488 I (45904) kws: >>> WAKE WORD "marvin" DETECTED  (score 0.71, t = 45.54 s)
00:55:16.488 I (45926) stream: first audio sent 20 ms after the detection
00:55:17.122 I (46564) wake_word: score event: peak 0.71 over 630 ms -> detected
00:55:17.709 I (47148) wifi:[ADDBA]RX DELBA, reason:37, delete tid:0, initiator:1(originator)
00:55:18.023 I (47411) stream: stream finished (silence): 1500 ms of audio sent (23 KB)
00:55:18.024 I (47457) stream: server: {"type":"response","text":"","saved":"20260929_005516_258_e072a1d53274_marvin.wav"}
00:55:19.753 I (49164) kws: >>> WAKE WORD "marvin" DETECTED  (score 0.61, t = 48.80 s)
00:55:19.753 I (49186) stream: first audio sent 20 ms after the detection
00:55:20.754 I (50184) wake_word: score event: peak 1.00 over 960 ms -> detected
00:55:21.239 I (50518) wifi:[ADDBA]RX DELBA, reason:37, delete tid:0, initiator:1(originator)
00:55:21.239 I (50670) stream: stream finished (silence): 1500 ms of audio sent (23 KB)
00:55:22.101 [status] up 51s | mic -32.0 dBFS (peak -17.2) | score max 1.00 | detections 6 | inferences 324 (32.4/s; model 1.12 ms each, paused in quiet 7%; features 1.46 ms per 30 ms) | CPU core0  9.3% core1 10.6% (wake word pipeline 9.37% of one core) | RAM used 173 KB (peak 186 KB; peak + IRAM code 240 KB of the 256 KB limit, 28 KB free) | wifi OK, server OK | audio lost since boot: i2s 0 net 0
00:55:23.279 I (52704) stream: server: {"type":"response","text":"Okay.","saved":"20260929_005519_518_e072a1d53274_marvin.wav"}
00:55:24.294 I (53544) kws: >>> WAKE WORD "marvin" DETECTED  (score 0.61, t = 53.18 s)
00:55:24.294 I (53566) stream: first audio sent 20 ms after the detection
00:55:24.294 I (53725) wifi:[ADDBA]RX DELBA, reason:37, delete tid:0, initiator:1(originator)
00:55:25.132 I (54564) wake_word: score event: peak 1.00 over 960 ms -> detected
00:55:25.625 I (55051) stream: stream finished (silence): 1500 ms of audio sent (23 KB)
00:55:25.626 I (55063) stream: server: {"type":"response","text":"","saved":"20260929_005523_898_e072a1d53274_marvin.wav"}
00:55:27.850 I (57264) kws: >>> WAKE WORD "marvin" DETECTED  (score 0.69, t = 56.90 s)
00:55:27.850 I (57286) stream: first audio sent 20 ms after the detection
00:55:28.285 I (57724) wake_word: score event: peak 0.81 over 420 ms -> detected
00:55:28.581 I (58016) wifi:[ADDBA]RX DELBA, reason:37, delete tid:0, initiator:1(originator)
00:55:29.374 I (58772) stream: stream finished (silence): 1500 ms of audio sent (23 KB)
00:55:29.375 I (58807) stream: server: {"type":"response","text":"","saved":"20260929_005527_619_e072a1d53274_marvin.wav"}
00:55:31.316 I (60724) kws: >>> WAKE WORD "marvin" DETECTED  (score 0.69, t = 60.36 s)
00:55:31.317 I (60746) stream: first audio sent 20 ms after the detection
00:55:32.152 I (61504) wake_word: score event: peak 0.92 over 750 ms -> detected
00:55:32.153 [status] up 61s | mic -32.0 dBFS (peak -17.8) | score max 1.00 | detections 9 | inferences 309 (30.9/s; model 1.11 ms each, paused in quiet 10%; features 1.47 ms per 30 ms) | CPU core0  8.0% core1 10.2% (wake word pipeline 9.10% of one core) | RAM used 174 KB (peak 186 KB; peak + IRAM code 240 KB of the 256 KB limit, 27 KB free) | wifi OK, server OK | audio lost since boot: i2s 0 net 0
00:55:32.153 I (61591) wifi:[ADDBA]RX DELBA, reason:37, delete tid:0, initiator:1(originator)
00:55:32.854 I (62232) stream: stream finished (silence): 1500 ms of audio sent (23 KB)
00:55:32.854 I (62279) stream: server: {"type":"response","text":"","saved":"20260929_005531_077_e072a1d53274_marvin.wav"}
00:55:35.372 I (64784) kws: >>> WAKE WORD "marvin" DETECTED  (score 0.65, t = 64.42 s)
00:55:35.372 I (64807) stream: first audio sent 20 ms after the detection
00:55:36.261 I (65704) wake_word: score event: peak 1.00 over 1020 ms -> detected
00:55:36.900 I (66292) stream: stream finished (silence): 1500 ms of audio sent (23 KB)
00:55:36.900 I (66333) stream: server: {"type":"response","text":"","saved":"20260929_005535_142_e072a1d53274_marvin.wav"}
00:55:37.213 I (66649) wifi:[ADDBA]RX DELBA, reason:37, delete tid:0, initiator:1(originator)
00:55:39.111 I (68524) kws: >>> WAKE WORD "marvin" DETECTED  (score 0.71, t = 68.16 s)
00:55:39.111 I (68546) stream: first audio sent 20 ms after the detection
00:55:39.562 I (68997) wifi:[ADDBA]RX DELBA, reason:37, delete tid:0, initiator:1(originator)
00:55:39.967 I (69403) wake_word: score event: peak 0.99 over 930 ms -> detected
00:55:40.636 I (70032) stream: stream finished (silence): 1500 ms of audio sent (23 KB)
00:55:40.637 I (70074) stream: server: {"type":"response","text":"","saved":"20260929_005538_878_e072a1d53274_marvin.wav"}
00:55:42.158 [status] up 71s | mic -32.8 dBFS (peak -17.2) | score max 1.00 | detections 11 | inferences 333 (33.3/s; model 1.10 ms each, paused in quiet 0%; features 1.52 ms per 30 ms) | CPU core0  8.2% core1 10.5% (wake word pipeline 9.35% of one core) | RAM used 174 KB (peak 186 KB; peak + IRAM code 240 KB of the 256 KB limit, 27 KB free) | wifi OK, server OK | audio lost since boot: i2s 0 net 0
00:55:42.159 [tasks] % of one core (free stack): main@0=0.27(928) IDLE1@1=90.06(720) IDLE0@0=93.55(728) audio_kws@1=9.29(740) tiT@*=1.69(1360) websocket_task@*=0.27(944) ipc1@1=0.00(280) streamer@0=2.64(924) esp_timer@0=0.01(1600) Tmr Svc@*=0.00(856) wifi@0=2.22(3200) sys_evt@0=0.00(436) ipc0@0=0.00(272)
00:55:42.515 I (71924) kws: >>> WAKE WORD "marvin" DETECTED  (score 0.60, t = 71.56 s)
00:55:42.515 I (71947) stream: first audio sent 20 ms after the detection
00:55:43.475 I (72844) wake_word: score event: peak 0.99 over 960 ms -> detected
00:55:43.476 I (72905) wifi:[ADDBA]RX DELBA, reason:37, delete tid:0, initiator:1(originator)
00:55:44.017 I (73429) stream: stream finished (silence): 1500 ms of audio sent (23 KB)
00:55:44.018 I (73447) stream: server: {"type":"response","text":"","saved":"20260929_005542_279_e072a1d53274_marvin.wav"}
00:55:46.715 I (76124) kws: >>> WAKE WORD "marvin" DETECTED  (score 0.65, t = 75.76 s)
00:55:46.715 I (76146) stream: first audio sent 20 ms after the detection
00:55:47.306 I (76577) wifi:[ADDBA]RX DELBA, reason:37, delete tid:0, initiator:1(originator)
00:55:47.306 I (76744) wake_word: score event: peak 0.90 over 780 ms -> detected
00:55:48.239 I (77632) stream: stream finished (silence): 1500 ms of audio sent (23 KB)
00:55:48.240 I (77666) stream: server: {"type":"response","text":"","saved":"20260929_005546_476_e072a1d53274_marvin.wav"}
00:55:50.170 I (79584) kws: >>> WAKE WORD "marvin" DETECTED  (score 0.61, t = 79.22 s)
00:55:50.170 I (79607) stream: first audio sent 20 ms after the detection
00:55:50.571 I (80003) wake_word: score event: peak 0.61 over 360 ms -> detected
00:55:51.692 I (81021) wifi:[ADDBA]RX DELBA, reason:37, delete tid:0, initiator:1(originator)
00:55:51.692 I (81089) stream: stream finished (silence): 1500 ms of audio sent (23 KB)
00:55:51.692 I (81122) stream: server: {"type":"response","text":"","saved":"20260929_005549_937_e072a1d53274_marvin.wav"}
00:55:52.130 [status] up 81s | mic -32.8 dBFS (peak -17.6) | score max 0.99 | detections 14 | inferences 312 (31.2/s; model 1.12 ms each, paused in quiet 12%; features 1.43 ms per 30 ms) | CPU core0  9.4% core1 10.5% (wake word pipeline 9.22% of one core) | RAM used 174 KB (peak 186 KB; peak + IRAM code 240 KB of the 256 KB limit, 27 KB free) | wifi OK, server OK | audio lost since boot: i2s 0 net 0
00:55:53.592 I (83004) kws: >>> WAKE WORD "marvin" DETECTED  (score 0.75, t = 82.64 s)
00:55:53.593 I (83027) stream: first audio sent 21 ms after the detection
00:55:54.427 I (83864) wake_word: score event: peak 1.00 over 840 ms -> detected
00:55:55.314 I (84512) stream: stream finished (silence): 1500 ms of audio sent (23 KB)
00:55:55.315 I (84559) stream: server: {"type":"response","text":"","saved":"20260929_005553_356_e072a1d53274_marvin.wav"}
00:55:55.315 I (84753) wifi:[ADDBA]RX DELBA, reason:37, delete tid:0, initiator:1(originator)
00:55:57.543 I (86964) kws: >>> WAKE WORD "marvin" DETECTED  (score 0.71, t = 86.60 s)
00:55:57.543 I (86986) stream: first audio sent 20 ms after the detection
00:55:58.587 I (88023) wake_word: score event: peak 1.00 over 990 ms -> detected
00:55:59.073 I (88470) stream: stream finished (silence): 1500 ms of audio sent (23 KB)
00:55:59.074 I (88506) stream: server: {"type":"response","text":"","saved":"20260929_005557_316_e072a1d53274_marvin.wav"}
00:56:00.741 I (90178) wifi:[ADDBA]RX DELBA, reason:37, delete tid:0, initiator:1(originator)
00:56:01.472 I (90884) kws: >>> WAKE WORD "marvin" DETECTED  (score 0.71, t = 90.52 s)
00:56:01.472 I (90907) stream: first audio sent 21 ms after the detection
00:56:02.139 [status] up 91s | mic -31.4 dBFS (peak -17.3) | score max 1.00 | detections 17 | inferences 261 (26.1/s; model 1.12 ms each, paused in quiet 28%; features 1.38 ms per 30 ms) | CPU core0  7.5% core1  9.6% (wake word pipeline 8.53% of one core) | RAM used 174 KB (peak 186 KB; peak + IRAM code 240 KB of the 256 KB limit, 27 KB free) | wifi OK, server OK | audio lost since boot: i2s 0 net 0
00:56:02.140 I (91564) wake_word: score event: peak 0.79 over 630 ms -> detected
00:56:02.985 I (92390) stream: stream finished (silence): 1500 ms of audio sent (23 KB)
00:56:02.986 I (92421) stream: server: {"type":"response","text":"","saved":"20260929_005601_236_e072a1d53274_marvin.wav"}
00:56:07.484 I (96922) wifi:[ADDBA]RX DELBA, reason:37, delete tid:0, initiator:1(originator)
00:56:12.144 [status] up 101s | mic -37.2 dBFS (peak -26.6) | score max 0.08 | detections 17 | inferences 305 (30.5/s; model 0.95 ms each, paused in quiet 16%; features 1.32 ms per 30 ms) | CPU core0  2.6% core1  8.7% (wake word pipeline 8.29% of one core) | RAM used 174 KB (peak 186 KB; peak + IRAM code 240 KB of the 256 KB limit, 27 KB free) | wifi OK, server OK | audio lost since boot: i2s 0 net 0
