board 192.168.137.145, ping RTT {'median': 12.0, 'min': 2.0, 'max': 68.0, 'n': 20}
[1/20] lat_00_David_r-2_g150.wav label=1 det=1 lat=676.1 text=None
[2/20] lat_01_David_r-2_g350.wav label=1 det=1 lat=1.3 text=None
[3/20] lat_02_David_r0_g150.wav label=1 det=1 lat=275.8 text=None
[4/20] lat_03_David_r0_g350.wav label=1 det=1 lat=174.1 text='Set an alarm for 7.'
[5/20] lat_04_David_r2_g150.wav label=1 det=1 lat=315.0 text='Call my mother.'
[6/20] lat_05_David_r2_g350.wav label=1 det=1 lat=283.1 text='Open the door.'
[7/20] lat_06_Zira_r-2_g150.wav label=1 det=0 lat=None text=None
[8/20] lat_07_Zira_r-2_g350.wav label=1 det=0 lat=None text=None
[9/20] lat_08_Zira_r0_g150.wav label=1 det=0 lat=None text=None
[10/20] lat_09_Zira_r0_g350.wav label=1 det=0 lat=None text=None
[11/20] lat_10_Zira_r2_g150.wav label=1 det=1 lat=186.6 text=None
[12/20] lat_11_Zira_r2_g350.wav label=1 det=1 lat=181.0 text=None
[13/20] lat_12_David_r-2_g150.wav label=1 det=1 lat=180.3 text=None
[14/20] lat_13_David_r-2_g350.wav label=1 det=1 lat=222.5 text='Set an alarm for 7.'
[15/20] lat_14_David_r0_g150.wav label=1 det=1 lat=144.2 text='Call my mother.'
[16/20] lat_15_David_r0_g350.wav label=1 det=1 lat=255.8 text='Open the door.'
[17/20] lat_16_David_r2_g150.wav label=1 det=0 lat=None text=None
[18/20] lat_17_David_r2_g350.wav label=1 det=0 lat=None text=None
[19/20] lat_18_Zira_r-2_g150.wav label=1 det=1 lat=-44.3 text='Increase the volume.'
[20/20] lat_19_Zira_r-2_g350.wav label=1 det=1 lat=-21.7 text='Tell me a joke.'
{
 "evidence": "DEVICE-ACOUSTIC (recordings replayed through PC speakers)",
 "positives": 20,
 "detected": 14,
 "tpr": 0.7,
 "negatives": 0,
 "false_accepts": 0,
 "false_accept_rate": null,
 "negative_audio_s": 0,
 "latency_ms": {
  "n": 14,
  "median": 181.0,
  "p95": 315.0,
  "min": -44.3,
  "max": 676.1
 },
 "decomposition_ms": {
  "device_detect_to_first_send_median": 19.0,
  "network_one_way_est": 6.0,
  "detection_delay_est_median": 156.0,
  "serial_detect_after_kw_median(biased +UART)": 1353.2
 },
 "ping_rtt_ms": {
  "median": 12.0,
  "min": 2.0,
  "max": 68.0,
  "n": 20
 },
 "board_ip": "192.168.137.145",
 "transcripts_nonempty": 8,
 "status": {
  "windows_10s": 35,
  "minutes": 5.8,
  "cpu_core0": {
   "mean": 5.46,
   "p95": 7.5,
   "max": 7.8,
   "min": 4.0
  },
  "cpu_core1": {
   "mean": 7.24,
   "p95": 9.6,
   "max": 9.6,
   "min": 5.5
  },
  "cpu_sum_both_cores": {
   "mean": 12.69,
   "p95": 16.2,
   "max": 16.5
  },
  "pipeline_pct_one_core": {
   "mean": 6.94,
   "p95": 9.37,
   "max": 9.4,
   "min": 5.27
  },
  "model_ms": {
   "mean": 1.07,
   "p95": 1.46,
   "max": 1.47,
   "min": 0.0
  },
  "features_ms_per_30ms": {
   "mean": 1.48,
   "p95": 1.54,
   "max": 1.56,
   "min": 1.37
  },
  "paused_in_quiet_pct": {
   "mean": 62.94,
   "p95": 100.0,
   "max": 100.0,
   "min": 0.0
  },
  "mic_dbfs": {
   "mean": -37.91,
   "p95": -33.6,
   "max": -31.7,
   "min": -40.9
  },
  "ram_used_kb": {
   "mean": 229.83,
   "p95": 230.0,
   "max": 234.0,
   "min": 227.0
  },
  "ram_peak_since_boot_kb": 248.0,
  "heap_free_kb_min": 85.0,
  "wifi_ok_share": 0.914,
  "server_ok_share": 0.914,
  "detections_during": 14,
  "audio_lost_i2s": 0,
  "audio_lost_net": 0
 }
}
