22:49:19.022 ESP-ROM:esp32s3-20210327
22:49:19.023 Build:Mar 27 2021
22:49:19.024 rst:0x1 (POWERON),boot:0x8 (SPI_FAST_FLASH_BOOT)
22:49:19.025 SPIWP:0xee
22:49:19.025 mode:DIO, clock div:1
22:49:19.025 load:0x3fce2820,len:0x1668
22:49:19.025 load:0x403c8700,len:0xec0
22:49:19.025 load:0x403cb700,len:0x3178
22:49:19.025 entry 0x403c894c
22:49:19.025 I (24) boot: ESP-IDF v5.5.5 2nd stage bootloader
22:49:19.025 I (25) boot: compile time Sep 28 2026 21:09:30
22:49:19.026 I (25) boot: Multicore bootloader
22:49:19.026 I (25) boot: chip revision: v0.2
22:49:19.026 I (28) boot: efuse block revision: v1.4
22:49:19.026 I (31) qio_mode: Enabling default flash chip QIO
22:49:19.029 I (36) boot.esp32s3: Boot SPI Speed : 80MHz
22:49:19.030 I (40) boot.esp32s3: SPI Mode       : QIO
22:49:19.030 I (43) boot.esp32s3: SPI Flash Size : 4MB
22:49:19.030 I (47) boot: Enabling RNG early entropy source...
22:49:19.030 I (52) boot: Partition Table:
22:49:19.030 I (54) boot: ## Label            Usage          Type ST Offset   Length
22:49:19.030 I (60) boot:  0 nvs              WiFi data        01 02 00009000 00006000
22:49:19.030 I (67) boot:  1 phy_init         RF data          01 01 0000f000 00001000
22:49:19.030 I (73) boot:  2 factory          factory app      00 00 00010000 00177000
22:49:19.030 I (80) boot: End of partition table
22:49:19.030 I (83) esp_image: segment 0: paddr=00010020 vaddr=3c0d0020 size=359c0h (219584) map
22:49:19.030 I (125) esp_image: segment 1: paddr=000459e8 vaddr=3fc98400 size=04c28h ( 19496) load
22:49:19.030 I (129) esp_image: segment 2: paddr=0004a618 vaddr=40378000 size=05a00h ( 23040) load
22:49:19.030 I (134) esp_image: segment 3: paddr=00050020 vaddr=42000020 size=ca6fch (829180) map
22:49:19.030 I (264) esp_image: segment 4: paddr=0011a724 vaddr=4037da00 size=0a9d0h ( 43472) load
22:49:19.030 I (273) esp_image: segment 5: paddr=001250fc vaddr=50000000 size=00020h (    32) load
22:49:19.030 I (280) boot: Loaded app from partition at offset 0x10000
22:49:19.030 I (280) boot: Disabling RNG early entropy source...
22:49:19.030 I (291) cpu_start: Multicore app
22:49:19.030 I (299) cpu_start: GPIO 44 and 43 are used as console UART I/O pins
22:49:19.030 I (300) cpu_start: Pro cpu start user code
22:49:19.030 I (300) cpu_start: cpu freq: 240000000 Hz
22:49:19.030 I (302) app_init: Application information:
22:49:19.030 I (305) app_init: Project name:     kws_s3
22:49:19.031 I (309) app_init: App version:      ee80e50-dirty
22:49:19.031 I (314) app_init: Compile time:     Sep 28 2026 21:44:57
22:49:19.031 I (319) app_init: ELF file SHA256:  69ffdf84d...
22:49:19.031 I (323) app_init: ESP-IDF:          v5.5.5
22:49:19.031 I (327) efuse_init: Min chip rev:     v0.0
22:49:19.031 I (331) efuse_init: Max chip rev:     v0.99
22:49:19.031 I (335) efuse_init: Chip rev:         v0.2
22:49:19.031 I (339) heap_init: Initializing. RAM available for dynamic allocation:
22:49:19.031 I (345) heap_init: At 3FCA2AE8 len 00046C28 (283 KiB): RAM
22:49:19.031 I (350) heap_init: At 3FCE9710 len 00005724 (21 KiB): RAM
22:49:19.031 I (355) heap_init: At 600FE000 len 00001FE8 (7 KiB): RTCRAM
22:49:19.031 I (361) spi_flash: detected chip: boya
22:49:19.031 I (364) spi_flash: flash io: qio
22:49:19.031 W (367) spi_flash: Detected size(16384k) larger than the size in the binary image header(4096k). Using the size in the binary image header.
22:49:19.031 I (379) sleep_gpio: Configure to isolate all GPIO pins in sleep state
22:49:19.031 I (385) sleep_gpio: Enable automatic switching of GPIO sleep configuration
22:49:19.031 I (392) main_task: Started on CPU0
22:49:19.031 I (410) main_task: Calling app_main()
22:49:19.031 
22:49:19.032 ==================== SIH KWS firmware ====================
22:49:19.032  chip      : esp32s3 rev v0.2, 2 cores, flash 4 MB
22:49:19.032  ESP-IDF   : v5.5.5
22:49:19.032  RAM       : 41 KB static data, 287 KB heap free (code in IRAM: 65 KB, not counted)
22:49:19.032  model     : marvin.tflite (60896 bytes, stored in flash)
22:49:19.032 ===========================================================
22:49:19.032 
22:49:19.032 [heap] start of app_main            294744 B free (of 320308 B)
22:49:19.033 I (465) kws: model ready: wake word "marvin", threshold 0.60 (json), window 5, input 3x40 int8
22:49:19.033 I (470) kws: model RAM: tensor arena 25964 of 26624 bytes used; engine total 38 KB of heap
22:49:19.272 
22:49:19.273 ------------------------ SELF-TEST ------------------------
22:49:19.273  noise only (3 s)   : PASS - stayed quiet  (highest score 0.01, threshold 0.60)
22:49:19.273  wake word recording: skipped - no WAV file in the model folder (optional)
22:49:19.273 -----------------------------------------------------------
22:49:19.273 
22:49:19.273 [heap] model + features + self-test took  40720 B, 254024 B free
22:49:19.273 I (707) audio: I2S running: 16 kHz, 32-bit slots, both channels, SCK=16 WS=15 SD=17, gain x1
22:49:19.927 I (1209) kws: microphones: left (L/R to GND) -23.2 dBFS, right (L/R to 3V3) -19.5 dBFS, similarity 0.53 -> using both (average)
22:49:19.928 [heap] I2S + ring + audio task      took  20772 B, 233252 B free
22:49:19.928 I (1222) kws: listening for "marvin" ...
22:49:19.928 I (1228) pp: pp rom version: e7ae62f
22:49:19.928 I (1230) net80211: net80211 rom version: e7ae62f
22:49:19.928 I (1234) wifi:wifi driver task: 3fcb6fa8, prio:23, stack:6656, core=0
22:49:19.928 I (1241) wifi:wifi firmware version: b9f67df
22:49:19.928 I (1244) wifi:wifi certification version: v7.0
22:49:19.928 I (1247) wifi:config NVS flash: disabled
22:49:19.928 I (1252) wifi:config nano formatting: disabled
22:49:19.928 I (1255) wifi:Init data frame dynamic rx buffer num: 8
22:49:19.928 I (1261) wifi:Init static rx mgmt buffer num: 5
22:49:19.928 I (1266) wifi:Init management short buffer num: 10
22:49:19.928 I (1269) wifi:Init dynamic tx buffer num: 8
22:49:19.928 I (1274) wifi:Init static tx FG buffer num: 2
22:49:19.928 I (1277) wifi:Init static rx buffer size: 1600
22:49:19.928 I (1283) wifi:Init static rx buffer num: 3
22:49:19.929 I (1285) wifi:Init dynamic rx buffer num: 8
22:49:19.929 I (1289) wifi_init: accept mbox: 6
22:49:19.929 I (1291) wifi_init: tcpip mbox: 32
22:49:19.929 I (1296) wifi_init: udp mbox: 6
22:49:19.929 I (1299) wifi_init: tcp mbox: 6
22:49:19.929 I (1302) wifi_init: tcp tx win: 2880
22:49:19.929 I (1305) wifi_init: tcp rx win: 2880
22:49:19.929 I (1308) wifi_init: tcp mss: 1440
22:49:19.929 I (1311) phy_init: phy_version 712,87e8c20e,Apr 13 2026,18:51:10
22:49:19.929 I (1346) wifi:mode : sta (e0:72:a1:d5:32:74)
22:49:19.929 I (1347) wifi:enable tsf
22:49:19.929 I (1349) wifi:Set ps type: 0, coexist: 0
22:49:19.929 
22:49:19.929 I (1354) wifi: connecting to "ARYA 9252" ...
22:49:19.930 [heap] Wi-Fi driver + netif         took  36436 B, 196816 B free
22:49:19.930 [heap] WebSocket client + streamer  took  12860 B, 183956 B free
22:49:19.930 W (1363) stream: cannot reach the server ws://192.168.137.1:3000/ws (is it running? same network?) - retrying every second
22:49:20.568 I (2009) wifi:new:<6,0>, old:<1,0>, ap:<255,255>, sta:<6,0>, prof:1, snd_ch_cfg:0x0
22:49:20.569 I (2014) wifi:state: init -> auth (0xb0)
22:49:21.576 I (3017) wifi:state: auth -> init (0x200)
22:49:21.576 W (3019) wifi: cannot connect (reason 2). Check the name/password in menuconfig; the ESP32 needs a 2.4 GHz network (201 = network not found, 15/204 = wrong password)
22:49:23.934 I (5387) wifi:state: init -> auth (0xb0)
22:49:24.936 I (6389) wifi:state: auth -> init (0x200)
22:49:27.238 I (8686) wifi:state: init -> auth (0xb0)
22:49:28.244 I (9687) wifi:state: auth -> init (0x200)
22:49:30.000 [status] up 11s | mic -25.0 dBFS (peak -10.8) | score max 0.01 | detections 0 | inferences 338 (33.7/s; model 0.91 ms each, paused in quiet 4%; features 1.35 ms per 30 ms) | CPU core0 -1.0% core1 -1.0% (wake word pipeline 8.50% of one core) | RAM used 174 KB (peak 175 KB, 179 KB free) | wifi --, server -- | audio lost since boot: i2s 0 net 0
22:49:30.001 [tasks] % of one core (free stack): main@0=-1.00(928) IDLE1@1=-1.00(720) IDLE0@0=-1.00(824) audio_kws@1=-1.00(832) tiT@*=-1.00(2172) websocket_task@*=-1.00(1108) Tmr Svc@*=-1.00(856) streamer@0=-1.00(2444) sys_evt@0=-1.00(512) wifi@0=-1.00(3148) esp_timer@0=-1.00(1600) ipc0@0=-1.00(272) ipc1@1=-1.00(280)
22:49:30.597 I (12043) wifi:state: init -> auth (0xb0)
22:49:31.587 I (13045) wifi:state: auth -> init (0x200)
22:49:33.898 I (15346) wifi:state: init -> auth (0xb0)
22:49:34.904 I (16348) wifi:state: auth -> init (0x200)
22:49:37.248 I (18699) wifi:state: init -> auth (0xb0)
22:49:38.253 I (19701) wifi:state: auth -> init (0x200)
22:49:39.967 [status] up 21s | mic -20.8 dBFS (peak  -9.2) | score max 0.00 | detections 0 | inferences 333 (33.3/s; model 0.90 ms each, paused in quiet 0%; features 1.39 ms per 30 ms) | CPU core0  1.5% core1  8.4% (wake word pipeline 8.29% of one core) | RAM used 174 KB (peak 175 KB, 179 KB free) | wifi --, server -- | audio lost since boot: i2s 0 net 0
22:49:40.549 I (21999) wifi:state: init -> auth (0xb0)
22:49:41.555 I (23000) wifi:state: auth -> init (0x200)
22:49:43.910 I (25356) wifi:state: init -> auth (0xb0)
22:49:44.912 I (26357) wifi:state: auth -> init (0x200)
22:49:47.198 I (28656) wifi:state: init -> auth (0xb0)
22:49:48.205 I (29657) wifi:state: auth -> init (0x200)
22:49:49.982 [status] up 31s | mic -19.5 dBFS (peak  -9.8) | score max 0.00 | detections 0 | inferences 333 (33.3/s; model 0.90 ms each, paused in quiet 0%; features 1.39 ms per 30 ms) | CPU core0  1.2% core1  8.4% (wake word pipeline 8.29% of one core) | RAM used 175 KB (peak 175 KB, 179 KB free) | wifi --, server -- | audio lost since boot: i2s 0 net 0
22:49:50.561 I (32012) wifi:state: init -> auth (0xb0)
22:49:51.557 I (33013) wifi:state: auth -> init (0x200)
22:49:53.861 I (35314) wifi:state: init -> auth (0xb0)
22:49:54.886 I (36316) wifi:state: auth -> init (0x200)
22:49:54.886 W (36318) wifi: cannot connect (reason 2). Check the name/password in menuconfig; the ESP32 needs a 2.4 GHz network (201 = network not found, 15/204 = wrong password)
22:49:57.210 I (38668) wifi:state: init -> auth (0xb0)
22:49:58.226 I (39670) wifi:state: auth -> init (0x200)
22:49:59.999 [status] up 41s | mic -20.2 dBFS (peak  -9.8) | score max 0.01 | detections 0 | inferences 333 (33.3/s; model 0.90 ms each, paused in quiet 0%; features 1.39 ms per 30 ms) | CPU core0  1.1% core1  8.5% (wake word pipeline 8.32% of one core) | RAM used 174 KB (peak 175 KB, 179 KB free) | wifi --, server -- | audio lost since boot: i2s 0 net 0
22:50:00.517 I (41966) wifi:state: init -> auth (0xb0)
22:50:01.520 I (42968) wifi:state: auth -> init (0x200)
22:50:03.872 I (45324) wifi:state: init -> auth (0xb0)
22:50:04.875 I (46326) wifi:state: auth -> init (0x200)
22:50:07.244 I (48703) wifi:state: init -> auth (0xb0)
22:50:08.249 I (49704) wifi:state: auth -> init (0x200)
22:50:09.997 [status] up 51s | mic -21.9 dBFS (peak  -8.1) | score max 0.00 | detections 0 | inferences 334 (33.4/s; model 0.89 ms each, paused in quiet 0%; features 1.39 ms per 30 ms) | CPU core0  1.0% core1  8.4% (wake word pipeline 8.27% of one core) | RAM used 174 KB (peak 175 KB, 179 KB free) | wifi --, server -- | audio lost since boot: i2s 0 net 0
22:50:10.553 I (52001) wifi:state: init -> auth (0xb0)
22:50:11.551 I (53003) wifi:state: auth -> init (0x200)
22:50:14.079 I (55357) wifi:state: init -> auth (0xb0)
22:50:14.080 I (55429) wifi:state: auth -> assoc (0x0)
22:50:14.080 I (55437) wifi:state: assoc -> run (0x10)
22:50:14.080 I (55497) wifi:connected with ARYA 9252, aid = 3, channel 6, BW20, bssid = 9a:5f:41:45:73:c9
22:50:14.080 I (55501) wifi:security: WPA2-PSK, phy: bgn, rssi: -15, cipher(pairwise:0x3, group:0x3), pmf:0
22:50:14.081 I (55510) wifi:pm start, type: 0
22:50:14.081 
22:50:14.081 I (55512) wifi:dp: 1, bi: 102400, li: 3, scale listen interval from 307200 us to 307200 us
22:50:14.081 I (55521) wifi:set rx beacon pti, rx_bcn_pti: 0, bcn_timeout: 25000, mt_pti: 0, mt_time: 10000
22:50:14.081 I (55530) wifi:AP's beacon interval = 102400 us, DTIM period = 3
22:50:15.218 I (56657) esp_netif_handlers: sta ip: 192.168.137.250, mask: 255.255.255.0, gw: 192.168.137.1
22:50:15.218 I (56661) wifi: connected, IP address 192.168.137.250
22:50:18.890 I (60248) stream: connected to the server ws://192.168.137.1:3000/ws
22:50:18.891 I (60341) wifi:[ADDBA]RX DELBA, reason:37, delete tid:0, initiator:1(originator)
22:50:20.013 [status] up 61s | mic -24.5 dBFS (peak  -8.6) | score max 0.00 | detections 0 | inferences 256 (25.6/s; model 0.88 ms each, paused in quiet 27%; features 1.31 ms per 30 ms) | CPU core0  1.4% core1  7.8% (wake word pipeline 7.56% of one core) | RAM used 176 KB (peak 179 KB, 178 KB free) | wifi OK, server OK | audio lost since boot: i2s 0 net 0
22:50:22.365 I (63820) wifi:[ADDBA]RX DELBA, reason:37, delete tid:0, initiator:1(originator)
22:50:26.269 I (67712) wifi:[ADDBA]RX DELBA, reason:37, delete tid:0, initiator:1(originator)
22:50:30.042 [status] up 71s | mic -20.7 dBFS (peak  -9.3) | score max 0.00 | detections 0 | inferences 332 (33.2/s; model 0.90 ms each, paused in quiet 0%; features 1.39 ms per 30 ms) | CPU core0  1.0% core1  8.5% (wake word pipeline 8.26% of one core) | RAM used 176 KB (peak 179 KB, 178 KB free) | wifi OK, server OK | audio lost since boot: i2s 0 net 0
22:50:30.042 [tasks] % of one core (free stack): websocket_task@*=0.12(1108) main@0=0.32(928) IDLE1@1=91.66(720) IDLE0@0=98.79(728) audio_kws@1=8.31(832) tiT@*=0.08(1452) sys_evt@0=0.04(432) ipc1@1=0.00(280) esp_timer@0=0.06(1600) Tmr Svc@*=0.00(856) wifi@0=0.66(3148) streamer@0=0.00(2444) ipc0@0=0.00(272)
22:50:34.253 I (75697) wifi:[ADDBA]RX DELBA, reason:37, delete tid:0, initiator:1(originator)
22:50:37.436 I (78879) wifi:[ADDBA]RX DELBA, reason:37, delete tid:0, initiator:1(originator)
22:50:40.024 [status] up 81s | mic -24.3 dBFS (peak  -9.1) | score max 0.01 | detections 0 | inferences 334 (33.4/s; model 0.88 ms each, paused in quiet 0%; features 1.39 ms per 30 ms) | CPU core0  1.1% core1  8.5% (wake word pipeline 8.26% of one core) | RAM used 176 KB (peak 179 KB, 178 KB free) | wifi OK, server OK | audio lost since boot: i2s 0 net 0
22:50:48.848 I (90289) wake_word: score event: peak 0.32 over 180 ms -> not detected (below threshold or in cool-down)
22:50:50.040 [status] up 91s | mic -23.7 dBFS (peak  -8.5) | score max 0.32 | detections 0 | inferences 333 (33.3/s; model 0.88 ms each, paused in quiet 0%; features 1.39 ms per 30 ms) | CPU core0  0.9% core1  8.4% (wake word pipeline 8.24% of one core) | RAM used 176 KB (peak 179 KB, 178 KB free) | wifi OK, server OK | audio lost since boot: i2s 0 net 0
22:51:00.040 [status] up 101s | mic -26.0 dBFS (peak  -8.9) | score max 0.00 | detections 0 | inferences 305 (30.5/s; model 0.87 ms each, paused in quiet 11%; features 1.35 ms per 30 ms) | CPU core0  0.9% core1  8.1% (wake word pipeline 7.94% of one core) | RAM used 176 KB (peak 179 KB, 178 KB free) | wifi OK, server OK | audio lost since boot: i2s 0 net 0
22:51:10.054 [status] up 111s | mic -22.6 dBFS (peak  -9.8) | score max 0.00 | detections 0 | inferences 333 (33.3/s; model 0.88 ms each, paused in quiet 0%; features 1.38 ms per 30 ms) | CPU core0  0.9% core1  8.4% (wake word pipeline 8.21% of one core) | RAM used 176 KB (peak 179 KB, 178 KB free) | wifi OK, server OK | audio lost since boot: i2s 0 net 0
22:51:20.059 [status] up 121s | mic -23.6 dBFS (peak  -9.4) | score max 0.00 | detections 0 | inferences 333 (33.3/s; model 0.88 ms each, paused in quiet 0%; features 1.39 ms per 30 ms) | CPU core0  0.9% core1  8.4% (wake word pipeline 8.22% of one core) | RAM used 176 KB (peak 179 KB, 178 KB free) | wifi OK, server OK | audio lost since boot: i2s 0 net 0
22:51:25.681 I (127129) kws: >>> WAKE WORD "marvin" DETECTED  (score 0.66, t = 126.77 s)
22:51:26.064 I (127509) wake_word: score event: peak 0.66 over 360 ms -> detected
22:51:26.297 I (127753) wifi:[ADDBA]RX DELBA, reason:37, delete tid:0, initiator:1(originator)
22:51:26.862 W (128291) stream: connection broke: esp_transport_write() returned 0, transport_error=ESP_OK, tls_error_code=0, tls_flags=0, errno=0
22:51:26.862 W (128299) stream: server disconnected (error type 1, errno 0, close code 0), retrying...
22:51:26.862 I (128306) stream: first audio sent 1174 ms after the detection
22:51:26.862 I (128312) stream: stream finished (disconnected): 60 ms of audio sent (0 KB)
22:51:27.855 I (129314) stream: connected to the server ws://192.168.137.1:3000/ws
22:51:28.964 I (130416) wifi:[ADDBA]RX DELBA, reason:37, delete tid:0, initiator:1(originator)
22:51:30.103 [status] up 131s | mic -28.3 dBFS (peak  -8.6) | score max 0.66 | detections 1 | inferences 333 (33.3/s; model 0.89 ms each, paused in quiet 4%; features 1.35 ms per 30 ms) | CPU core0  1.3% core1  8.6% (wake word pipeline 8.32% of one core) | RAM used 176 KB (peak 181 KB, 177 KB free) | wifi OK, server OK | audio lost since boot: i2s 0 net 0
22:51:30.104 [tasks] % of one core (free stack): audio_kws@1=8.33(832) main@0=0.26(928) IDLE1@1=91.60(720) IDLE0@0=99.00(728) websocket_task@*=0.18(1108) tiT@*=0.14(1452) Tmr Svc@*=0.00(856) streamer@0=0.05(572) esp_timer@0=0.01(1600) ipc0@0=0.00(272) wifi@0=0.38(3148) sys_evt@0=0.00(432) ipc1@1=0.00(280)
22:51:40.091 [status] up 141s | mic -26.1 dBFS (peak  -7.5) | score max 0.06 | detections 1 | inferences 334 (33.4/s; model 0.88 ms each, paused in quiet 1%; features 1.38 ms per 30 ms) | CPU core0  1.1% core1  8.4% (wake word pipeline 8.23% of one core) | RAM used 176 KB (peak 181 KB, 177 KB free) | wifi OK, server OK | audio lost since boot: i2s 0 net 0
22:51:50.083 [status] up 151s | mic -25.1 dBFS (peak  -7.2) | score max 0.00 | detections 1 | inferences 301 (30.1/s; model 0.87 ms each, paused in quiet 12%; features 1.34 ms per 30 ms) | CPU core0  0.9% core1  8.1% (wake word pipeline 7.88% of one core) | RAM used 176 KB (peak 181 KB, 177 KB free) | wifi OK, server OK | audio lost since boot: i2s 0 net 0
22:51:56.312 I (157762) wifi:[ADDBA]RX DELBA, reason:37, delete tid:0, initiator:1(originator)
22:52:00.098 [status] up 161s | mic -24.2 dBFS (peak  -9.4) | score max 0.02 | detections 1 | inferences 331 (33.1/s; model 0.88 ms each, paused in quiet 0%; features 1.39 ms per 30 ms) | CPU core0  0.9% core1  8.4% (wake word pipeline 8.20% of one core) | RAM used 176 KB (peak 181 KB, 177 KB free) | wifi OK, server OK | audio lost since boot: i2s 0 net 0
22:52:10.100 [status] up 171s | mic -34.2 dBFS (peak -11.1) | score max 0.00 | detections 1 | inferences 67 (6.7/s; model 0.86 ms each, paused in quiet 80%; features 1.33 ms per 30 ms) | CPU core0  0.8% core1  6.0% (wake word pipeline 5.80% of one core) | RAM used 176 KB (peak 181 KB, 177 KB free) | wifi OK, server OK | audio lost since boot: i2s 0 net 0
22:52:20.113 [status] up 181s | mic -22.4 dBFS (peak  -9.4) | score max 0.01 | detections 1 | inferences 301 (30.1/s; model 0.87 ms each, paused in quiet 14%; features 1.32 ms per 30 ms) | CPU core0  0.8% core1  8.1% (wake word pipeline 7.89% of one core) | RAM used 176 KB (peak 181 KB, 177 KB free) | wifi OK, server OK | audio lost since boot: i2s 0 net 0
22:52:30.136 [status] up 191s | mic -17.3 dBFS (peak -10.3) | score max 0.06 | detections 1 | inferences 333 (33.3/s; model 0.90 ms each, paused in quiet 0%; features 1.39 ms per 30 ms) | CPU core0  1.0% core1  8.5% (wake word pipeline 8.30% of one core) | RAM used 176 KB (peak 181 KB, 177 KB free) | wifi OK, server OK | audio lost since boot: i2s 0 net 0
22:52:30.137 [tasks] % of one core (free stack): main@0=0.41(928) IDLE1@1=92.09(720) IDLE0@0=99.08(728) websocket_task@*=0.17(1108) audio_kws@1=7.86(832) tiT@*=0.12(1452) ipc0@0=0.00(272) sys_evt@0=0.00(432) esp_timer@0=0.01(1600) ipc1@1=0.00(280) wifi@0=0.29(3148) Tmr Svc@*=0.00(856) streamer@0=0.00(572)
22:52:32.155 I (193615) wifi:sta rx csa, newchan=1, old=6
22:52:32.873 I (194317) wifi:switch to channel 1
22:52:32.873 I (194318) wifi:new:<1,0>, old:<6,0>, ap:<255,255>, sta:<1,0>, prof:1, snd_ch_cfg:0x0
22:52:40.120 [status] up 201s | mic -25.1 dBFS (peak  -8.3) | score max 0.00 | detections 1 | inferences 91 (9.1/s; model 0.92 ms each, paused in quiet 73%; features 1.37 ms per 30 ms) | CPU core0  1.2% core1  6.3% (wake word pipeline 6.08% of one core) | RAM used 176 KB (peak 181 KB, 177 KB free) | wifi OK, server OK | audio lost since boot: i2s 0 net 0
22:52:44.797 I (206250) kws: >>> WAKE WORD "marvin" DETECTED  (score 0.70, t = 205.89 s)
22:52:45.108 I (206554) stream: first audio sent 302 ms after the detection
22:52:45.109 I (206557) wifi:[ADDBA]RX DELBA, reason:37, delete tid:0, initiator:1(originator)
22:52:45.670 I (207129) wake_word: score event: peak 0.98 over 810 ms -> detected
22:52:47.995 I (209448) stream: stream finished (silence): 1500 ms of audio sent (23 KB)
22:52:49.104 I (210550) wifi:[ADDBA]RX DELBA, reason:37, delete tid:0, initiator:1(originator)
22:52:50.143 I (211393) stream: server: {"type":"response","text":"Turn on the light.","saved":"20260928_225244_649_e072a1d53274_marvin.wav"}
22:52:50.144 [status] up 211s | mic -35.1 dBFS (peak -18.0) | score max 0.98 | detections 2 | inferences 164 (16.4/s; model 0.97 ms each, paused in quiet 53%; features 1.34 ms per 30 ms) | CPU core0  2.0% core1  7.5% (wake word pipeline 6.98% of one core) | RAM used 176 KB (peak 181 KB, 177 KB free) | wifi OK, server OK | audio lost since boot: i2s 0 net 53
22:53:00.148 [status] up 221s | mic -39.1 dBFS (peak -32.5) | score max 0.00 | detections 2 | inferences 63 (6.3/s; model 0.85 ms each, paused in quiet 82%; features 1.33 ms per 30 ms) | CPU core0  0.6% core1  5.9% (wake word pipeline 5.76% of one core) | RAM used 176 KB (peak 181 KB, 177 KB free) | wifi OK, server OK | audio lost since boot: i2s 0 net 53
22:53:10.151 [status] up 231s | mic -38.5 dBFS (peak -33.1) | score max 0.00 | detections 2 | inferences 63 (6.3/s; model 0.89 ms each, paused in quiet 82%; features 1.33 ms per 30 ms) | CPU core0  0.8% core1  5.9% (wake word pipeline 5.78% of one core) | RAM used 176 KB (peak 181 KB, 177 KB free) | wifi OK, server OK | audio lost since boot: i2s 0 net 53
22:53:20.163 [status] up 241s | mic -31.2 dBFS (peak -11.4) | score max 0.01 | detections 2 | inferences 225 (22.5/s; model 0.87 ms each, paused in quiet 38%; features 1.28 ms per 30 ms) | CPU core0  0.8% core1  7.4% (wake word pipeline 7.24% of one core) | RAM used 176 KB (peak 181 KB, 177 KB free) | wifi OK, server OK | audio lost since boot: i2s 0 net 53
22:53:30.186 [status] up 251s | mic -35.2 dBFS (peak -11.0) | score max 0.00 | detections 2 | inferences 137 (13.7/s; model 0.87 ms each, paused in quiet 60%; features 1.33 ms per 30 ms) | CPU core0  0.7% core1  6.6% (wake word pipeline 6.41% of one core) | RAM used 176 KB (peak 181 KB, 177 KB free) | wifi OK, server OK | audio lost since boot: i2s 0 net 53
22:53:30.186 [tasks] % of one core (free stack): main@0=0.29(928) IDLE1@1=93.41(720) IDLE0@0=98.98(728) tiT@*=0.17(1452) audio_kws@1=6.49(736) websocket_task@*=0.19(1076) Tmr Svc@*=0.00(856) sys_evt@0=0.00(432) esp_timer@0=0.01(1600) streamer@0=0.10(572) wifi@0=0.32(3148) ipc0@0=0.00(272) ipc1@1=0.00(280)
22:53:40.177 [status] up 261s | mic -35.1 dBFS (peak -13.3) | score max 0.00 | detections 2 | inferences 110 (11.0/s; model 0.90 ms each, paused in quiet 68%; features 1.34 ms per 30 ms) | CPU core0  1.2% core1  6.4% (wake word pipeline 6.24% of one core) | RAM used 176 KB (peak 181 KB, 177 KB free) | wifi OK, server OK | audio lost since boot: i2s 0 net 53
22:53:46.549 I (267850) kws: >>> WAKE WORD "marvin" DETECTED  (score 0.65, t = 267.49 s)
22:53:46.550 I (268006) stream: first audio sent 154 ms after the detection
22:53:47.414 I (268784) wifi:[ADDBA]RX DELBA, reason:37, delete tid:0, initiator:1(originator)
22:53:47.414 I (268869) wake_word: score event: peak 1.00 over 960 ms -> detected
22:53:49.244 I (270698) stream: stream finished (silence): 1540 ms of audio sent (24 KB)
22:53:49.888 I (271348) wifi:[ADDBA]RX DELBA, reason:37, delete tid:0, initiator:1(originator)
22:53:50.186 [status] up 271s | mic -35.5 dBFS (peak -19.4) | score max 1.00 | detections 3 | inferences 182 (18.2/s; model 1.00 ms each, paused in quiet 48%; features 1.35 ms per 30 ms) | CPU core0  2.1% core1  7.8% (wake word pipeline 7.25% of one core) | RAM used 176 KB (peak 181 KB, 177 KB free) | wifi OK, server OK | audio lost since boot: i2s 0 net 88
22:53:51.240 I (272685) stream: server: {"type":"response","text":"Play some music.","saved":"20260928_225346_231_e072a1d53274_marvin.wav"}
22:54:00.187 [status] up 281s | mic -37.0 dBFS (peak -16.5) | score max 0.02 | detections 3 | inferences 117 (11.7/s; model 0.87 ms each, paused in quiet 67%; features 1.30 ms per 30 ms) | CPU core0  0.9% core1  6.4% (wake word pipeline 6.25% of one core) | RAM used 176 KB (peak 181 KB, 177 KB free) | wifi OK, server OK | audio lost since boot: i2s 0 net 88
22:54:00.451 I (281908) wifi:[ADDBA]RX DELBA, reason:37, delete tid:0, initiator:1(originator)
22:54:10.192 [status] up 291s | mic -32.8 dBFS (peak -11.6) | score max 0.00 | detections 3 | inferences 186 (18.6/s; model 0.87 ms each, paused in quiet 46%; features 1.34 ms per 30 ms) | CPU core0  0.8% core1  7.0% (wake word pipeline 6.87% of one core) | RAM used 176 KB (peak 181 KB, 177 KB free) | wifi OK, server OK | audio lost since boot: i2s 0 net 88
22:54:10.659 I (292112) wifi:[ADDBA]RX DELBA, reason:37, delete tid:0, initiator:1(originator)
22:54:17.412 I (298870) wifi:[ADDBA]RX DELBA, reason:37, delete tid:0, initiator:1(originator)
22:54:20.195 [status] up 301s | mic -25.9 dBFS (peak  -7.1) | score max 0.14 | detections 3 | inferences 291 (29.1/s; model 0.87 ms each, paused in quiet 15%; features 1.34 ms per 30 ms) | CPU core0  0.7% core1  8.0% (wake word pipeline 7.80% of one core) | RAM used 176 KB (peak 181 KB, 177 KB free) | wifi OK, server OK | audio lost since boot: i2s 0 net 88
22:54:30.230 [status] up 311s | mic -24.8 dBFS (peak  -8.3) | score max 0.00 | detections 3 | inferences 332 (33.2/s; model 0.86 ms each, paused in quiet 2%; features 1.36 ms per 30 ms) | CPU core0  0.8% core1  8.3% (wake word pipeline 8.12% of one core) | RAM used 176 KB (peak 181 KB, 177 KB free) | wifi OK, server OK | audio lost since boot: i2s 0 net 88
22:54:30.231 [tasks] % of one core (free stack): audio_kws@1=7.24(736) main@0=0.30(928) IDLE1@1=92.66(720) IDLE0@0=98.93(728) websocket_task@*=0.19(1076) tiT@*=0.18(1452) ipc0@0=0.00(272) ipc1@1=0.00(280) esp_timer@0=0.01(1600) streamer@0=0.11(572) wifi@0=0.38(3148) Tmr Svc@*=0.00(856) sys_evt@0=0.00(432)
22:54:30.744 I (312205) wifi:[ADDBA]RX DELBA, reason:37, delete tid:0, initiator:1(originator)
22:54:40.222 [status] up 321s | mic -35.7 dBFS (peak -12.6) | score max 0.00 | detections 3 | inferences 117 (11.7/s; model 0.86 ms each, paused in quiet 66%; features 1.33 ms per 30 ms) | CPU core0  1.0% core1  6.4% (wake word pipeline 6.24% of one core) | RAM used 176 KB (peak 181 KB, 177 KB free) | wifi OK, server OK | audio lost since boot: i2s 0 net 88
22:54:41.206 I (322659) wifi:[ADDBA]RX DELBA, reason:37, delete tid:0, initiator:1(originator)
22:54:48.617 I (329930) kws: >>> WAKE WORD "marvin" DETECTED  (score 0.69, t = 329.57 s)
22:54:48.617 I (330075) stream: first audio sent 143 ms after the detection
22:54:49.426 I (330888) wake_word: score event: peak 1.00 over 900 ms -> detected
22:54:50.221 [status] up 331s | mic -33.9 dBFS (peak -18.2) | score max 1.00 | detections 4 | inferences 133 (13.3/s; model 0.95 ms each, paused in quiet 62%; features 1.32 ms per 30 ms) | CPU core0  1.4% core1  6.9% (wake word pipeline 6.57% of one core) | RAM used 178 KB (peak 181 KB, 176 KB free) | wifi OK, server OK | audio lost since boot: i2s 0 net 97
22:54:51.595 I (333052) stream: stream finished (silence): 1540 ms of audio sent (24 KB)
22:54:53.521 I (334980) stream: server: {"type":"response","text":"Call my mother.","saved":"20260928_225448_311_e072a1d53274_marvin.wav"}
22:55:00.228 [status] up 341s | mic -30.1 dBFS (peak -10.7) | score max 0.00 | detections 4 | inferences 253 (25.3/s; model 0.88 ms each, paused in quiet 30%; features 1.30 ms per 30 ms) | CPU core0  1.5% core1  7.9% (wake word pipeline 7.57% of one core) | RAM used 176 KB (peak 181 KB, 177 KB free) | wifi OK, server OK | audio lost since boot: i2s 0 net 133
22:55:10.237 [status] up 351s | mic -27.7 dBFS (peak  -9.1) | score max 0.00 | detections 4 | inferences 290 (29.0/s; model 0.87 ms each, paused in quiet 13%; features 1.39 ms per 30 ms) | CPU core0  0.8% core1  8.0% (wake word pipeline 7.79% of one core) | RAM used 176 KB (peak 181 KB, 177 KB free) | wifi OK, server OK | audio lost since boot: i2s 0 net 133
22:55:13.908 I (355361) wifi:[ADDBA]RX DELBA, reason:37, delete tid:0, initiator:1(originator)
22:55:20.249 [status] up 361s | mic -27.7 dBFS (peak -10.9) | score max 0.00 | detections 4 | inferences 326 (32.6/s; model 0.87 ms each, paused in quiet 7%; features 1.31 ms per 30 ms) | CPU core0  0.9% core1  8.3% (wake word pipeline 8.11% of one core) | RAM used 176 KB (peak 181 KB, 177 KB free) | wifi OK, server OK | audio lost since boot: i2s 0 net 133
22:55:21.184 I (362638) wifi:[ADDBA]RX DELBA, reason:37, delete tid:0, initiator:1(originator)
22:55:30.286 [status] up 371s | mic -25.4 dBFS (peak  -8.2) | score max 0.08 | detections 4 | inferences 328 (32.8/s; model 0.87 ms each, paused in quiet 6%; features 1.33 ms per 30 ms) | CPU core0  0.9% core1  8.4% (wake word pipeline 8.16% of one core) | RAM used 176 KB (peak 181 KB, 177 KB free) | wifi OK, server OK | audio lost since boot: i2s 0 net 133
22:55:30.287 [tasks] % of one core (free stack): main@0=0.38(928) IDLE1@1=92.36(720) IDLE0@0=98.90(728) websocket_task@*=0.19(1076) audio_kws@1=7.54(736) tiT@*=0.18(1452) Tmr Svc@*=0.00(856) sys_evt@0=0.00(432) esp_timer@0=0.01(1600) ipc0@0=0.00(272) wifi@0=0.34(3148) streamer@0=0.11(572) ipc1@1=0.00(280)
22:55:40.272 [status] up 381s | mic -26.7 dBFS (peak  -9.5) | score max 0.00 | detections 4 | inferences 331 (33.1/s; model 0.89 ms each, paused in quiet 3%; features 1.36 ms per 30 ms) | CPU core0  1.3% core1  8.4% (wake word pipeline 8.25% of one core) | RAM used 176 KB (peak 181 KB, 177 KB free) | wifi OK, server OK | audio lost since boot: i2s 0 net 133
22:55:50.272 [status] up 391s | mic -30.1 dBFS (peak -10.0) | score max 0.07 | detections 4 | inferences 223 (22.3/s; model 0.86 ms each, paused in quiet 37%; features 1.30 ms per 30 ms) | CPU core0  0.8% core1  7.4% (wake word pipeline 7.18% of one core) | RAM used 176 KB (peak 181 KB, 177 KB free) | wifi OK, server OK | audio lost since boot: i2s 0 net 133
22:56:00.280 [status] up 401s | mic -24.8 dBFS (peak  -9.0) | score max 0.01 | detections 4 | inferences 333 (33.3/s; model 0.87 ms each, paused in quiet 0%; features 1.38 ms per 30 ms) | CPU core0  0.8% core1  8.3% (wake word pipeline 8.14% of one core) | RAM used 176 KB (peak 181 KB, 177 KB free) | wifi OK, server OK | audio lost since boot: i2s 0 net 133
22:56:10.280 [status] up 411s | mic -27.7 dBFS (peak  -9.3) | score max 0.00 | detections 4 | inferences 274 (27.4/s; model 0.87 ms each, paused in quiet 20%; features 1.34 ms per 30 ms) | CPU core0  0.8% core1  7.8% (wake word pipeline 7.65% of one core) | RAM used 176 KB (peak 181 KB, 177 KB free) | wifi OK, server OK | audio lost since boot: i2s 0 net 133
22:56:20.300 [status] up 421s | mic -30.5 dBFS (peak -12.1) | score max 0.06 | detections 4 | inferences 278 (27.8/s; model 0.87 ms each, paused in quiet 21%; features 1.31 ms per 30 ms) | CPU core0  0.8% core1  7.9% (wake word pipeline 7.70% of one core) | RAM used 176 KB (peak 181 KB, 177 KB free) | wifi OK, server OK | audio lost since boot: i2s 0 net 133
22:56:23.501 I (424957) wifi:[ADDBA]RX DELBA, reason:37, delete tid:0, initiator:1(originator)
22:56:30.327 [status] up 431s | mic -25.3 dBFS (peak  -8.7) | score max 0.00 | detections 4 | inferences 333 (33.3/s; model 0.86 ms each, paused in quiet 0%; features 1.38 ms per 30 ms) | CPU core0  0.9% core1  8.3% (wake word pipeline 8.13% of one core) | RAM used 176 KB (peak 181 KB, 177 KB free) | wifi OK, server OK | audio lost since boot: i2s 0 net 133
22:56:30.328 [tasks] % of one core (free stack): main@0=0.36(928) IDLE1@1=91.97(720) IDLE0@0=99.11(728) websocket_task@*=0.18(1076) audio_kws@1=7.98(736) tiT@*=0.12(1452) ipc0@0=0.00(272) streamer@0=0.00(572) esp_timer@0=0.01(1600) ipc1@1=0.00(280) wifi@0=0.26(3148) Tmr Svc@*=0.00(856) sys_evt@0=0.00(432)
22:56:40.305 [status] up 441s | mic -25.0 dBFS (peak -10.6) | score max 0.00 | detections 4 | inferences 333 (33.3/s; model 0.87 ms each, paused in quiet 0%; features 1.38 ms per 30 ms) | CPU core0  1.1% core1  8.4% (wake word pipeline 8.17% of one core) | RAM used 176 KB (peak 181 KB, 177 KB free) | wifi OK, server OK | audio lost since boot: i2s 0 net 133
22:56:44.308 I (445772) wifi:[ADDBA]RX DELBA, reason:37, delete tid:0, initiator:1(originator)
22:56:50.325 [status] up 451s | mic -21.6 dBFS (peak  -7.2) | score max 0.03 | detections 4 | inferences 334 (33.4/s; model 0.87 ms each, paused in quiet 0%; features 1.38 ms per 30 ms) | CPU core0  0.7% core1  8.4% (wake word pipeline 8.19% of one core) | RAM used 176 KB (peak 181 KB, 177 KB free) | wifi OK, server OK | audio lost since boot: i2s 0 net 133
22:56:54.601 I (456062) wifi:[ADDBA]RX DELBA, reason:37, delete tid:0, initiator:1(originator)
22:56:59.767 I (461235) wifi:[ADDBA]RX DELBA, reason:37, delete tid:0, initiator:1(originator)
22:57:00.331 [status] up 461s | mic -19.8 dBFS (peak  -9.3) | score max 0.00 | detections 4 | inferences 332 (33.2/s; model 0.88 ms each, paused in quiet 0%; features 1.38 ms per 30 ms) | CPU core0  0.9% core1  8.4% (wake word pipeline 8.21% of one core) | RAM used 176 KB (peak 181 KB, 177 KB free) | wifi OK, server OK | audio lost since boot: i2s 0 net 133
22:57:10.335 [status] up 471s | mic -18.4 dBFS (peak  -9.4) | score max 0.00 | detections 4 | inferences 334 (33.4/s; model 0.88 ms each, paused in quiet 0%; features 1.38 ms per 30 ms) | CPU core0  0.6% core1  8.4% (wake word pipeline 8.24% of one core) | RAM used 176 KB (peak 181 KB, 177 KB free) | wifi OK, server OK | audio lost since boot: i2s 0 net 133
22:57:20.335 [status] up 481s | mic -18.3 dBFS (peak  -8.6) | score max 0.01 | detections 4 | inferences 333 (33.3/s; model 0.89 ms each, paused in quiet 0%; features 1.38 ms per 30 ms) | CPU core0  0.8% core1  8.4% (wake word pipeline 8.24% of one core) | RAM used 176 KB (peak 181 KB, 177 KB free) | wifi OK, server OK | audio lost since boot: i2s 0 net 133
22:57:30.369 [status] up 491s | mic -17.8 dBFS (peak  -9.2) | score max 0.00 | detections 4 | inferences 333 (33.3/s; model 0.88 ms each, paused in quiet 0%; features 1.38 ms per 30 ms) | CPU core0  0.8% core1  8.4% (wake word pipeline 8.20% of one core) | RAM used 176 KB (peak 181 KB, 177 KB free) | wifi OK, server OK | audio lost since boot: i2s 0 net 133
22:57:30.369 [tasks] % of one core (free stack): main@0=0.35(928) IDLE1@1=91.60(720) IDLE0@0=99.16(728) websocket_task@*=0.18(1076) audio_kws@1=8.35(736) tiT@*=0.12(1452) ipc1@1=0.00(280) Tmr Svc@*=0.00(856) esp_timer@0=0.01(1600) sys_evt@0=0.00(432) wifi@0=0.27(3148) ipc0@0=0.00(272) streamer@0=0.00(572)
